
Allocating common symbols
Common symbol       size              file

NVIC_InitStructure  0x4               build/machines/cortex/armv7em/stm32f407/stm32f4discovery/stm32f4_discovery.c.o

Discarded input sections

 .text          0x0000000000000000        0x0 build/os/tpl_os_kernel.c.o
 .data          0x0000000000000000        0x0 build/os/tpl_os_kernel.c.o
 .bss           0x0000000000000000        0x0 build/os/tpl_os_kernel.c.o
 .osVar         0x0000000000000000        0x3 build/os/tpl_os_kernel.c.o
 .text          0x0000000000000000        0x0 build/os/tpl_os_timeobj_kernel.c.o
 .data          0x0000000000000000        0x0 build/os/tpl_os_timeobj_kernel.c.o
 .bss           0x0000000000000000        0x0 build/os/tpl_os_timeobj_kernel.c.o
 .text          0x0000000000000000        0x0 build/os/tpl_os_action.c.o
 .data          0x0000000000000000        0x0 build/os/tpl_os_action.c.o
 .bss           0x0000000000000000        0x0 build/os/tpl_os_action.c.o
 .text          0x0000000000000000        0x0 build/os/tpl_os_error.c.o
 .data          0x0000000000000000        0x0 build/os/tpl_os_error.c.o
 .bss           0x0000000000000000        0x0 build/os/tpl_os_error.c.o
 .debug_info    0x0000000000000000       0x92 build/os/tpl_os_error.c.o
 .debug_abbrev  0x0000000000000000       0x4b build/os/tpl_os_error.c.o
 .debug_aranges
                0x0000000000000000       0x18 build/os/tpl_os_error.c.o
 .debug_line    0x0000000000000000      0x12f build/os/tpl_os_error.c.o
 .debug_str     0x0000000000000000      0x1e6 build/os/tpl_os_error.c.o
 .comment       0x0000000000000000       0x71 build/os/tpl_os_error.c.o
 .ARM.attributes
                0x0000000000000000       0x33 build/os/tpl_os_error.c.o
 .text          0x0000000000000000        0x0 build/os/tpl_os_os_kernel.c.o
 .data          0x0000000000000000        0x0 build/os/tpl_os_os_kernel.c.o
 .bss           0x0000000000000000        0x0 build/os/tpl_os_os_kernel.c.o
 .text          0x0000000000000000        0x0 build/os/tpl_os_os.c.o
 .data          0x0000000000000000        0x0 build/os/tpl_os_os.c.o
 .bss           0x0000000000000000        0x0 build/os/tpl_os_os.c.o
 .text          0x0000000000000000        0x0 build/os/tpl_os_interrupt_kernel.c.o
 .data          0x0000000000000000        0x0 build/os/tpl_os_interrupt_kernel.c.o
 .bss           0x0000000000000000        0x0 build/os/tpl_os_interrupt_kernel.c.o
 .text          0x0000000000000000        0x0 build/os/tpl_os_task_kernel.c.o
 .data          0x0000000000000000        0x0 build/os/tpl_os_task_kernel.c.o
 .bss           0x0000000000000000        0x0 build/os/tpl_os_task_kernel.c.o
 .text          0x0000000000000000        0x0 build/os/tpl_os_resource_kernel.c.o
 .data          0x0000000000000000        0x0 build/os/tpl_os_resource_kernel.c.o
 .bss           0x0000000000000000        0x0 build/os/tpl_os_resource_kernel.c.o
 .osConst       0x0000000000000000        0x2 build/os/tpl_os_resource_kernel.c.o
 .text          0x0000000000000000        0x0 build/os/tpl_os_event_kernel.c.o
 .data          0x0000000000000000        0x0 build/os/tpl_os_event_kernel.c.o
 .bss           0x0000000000000000        0x0 build/os/tpl_os_event_kernel.c.o
 .text          0x0000000000000000        0x0 build/os/tpl_os_alarm_kernel.c.o
 .data          0x0000000000000000        0x0 build/os/tpl_os_alarm_kernel.c.o
 .bss           0x0000000000000000        0x0 build/os/tpl_os_alarm_kernel.c.o
 .osConst       0x0000000000000000        0x1 build/os/tpl_os_alarm_kernel.c.o
 .text          0x0000000000000000        0x0 build/appli_base.c.o
 .data          0x0000000000000000        0x0 build/appli_base.c.o
 .bss           0x0000000000000000        0x0 build/appli_base.c.o
 .bss.test      0x0000000000000000        0x4 build/appli_base.c.o
 .bss.led       0x0000000000000000        0x4 build/appli_base.c.o
 .text          0x0000000000000000        0x0 build/appli_base/tpl_app_config.c.o
 .data          0x0000000000000000        0x0 build/appli_base/tpl_app_config.c.o
 .bss           0x0000000000000000        0x0 build/appli_base/tpl_app_config.c.o
 .rodata.std    0x0000000000000000        0x1 build/appli_base/tpl_app_config.c.o
 .text          0x0000000000000000        0x0 build/appli_base/tpl_dispatch_table.c.o
 .data          0x0000000000000000        0x0 build/appli_base/tpl_dispatch_table.c.o
 .bss           0x0000000000000000        0x0 build/appli_base/tpl_dispatch_table.c.o
 .text          0x0000000000000000        0x0 build/appli_base/tpl_invoque.S.o
 .data          0x0000000000000000        0x0 build/appli_base/tpl_invoque.S.o
 .bss           0x0000000000000000        0x0 build/appli_base/tpl_invoque.S.o
 .text          0x0000000000000000        0x0 build/appli_base/tpl_primary_irq.S.o
 .data          0x0000000000000000        0x0 build/appli_base/tpl_primary_irq.S.o
 .bss           0x0000000000000000        0x0 build/appli_base/tpl_primary_irq.S.o
 .osVar         0x0000000000000000        0x0 build/appli_base/tpl_primary_irq.S.o
 .text          0x0000000000000000        0x0 build/appli_base/tpl_vectors.c.o
 .data          0x0000000000000000        0x0 build/appli_base/tpl_vectors.c.o
 .bss           0x0000000000000000        0x0 build/appli_base/tpl_vectors.c.o
 .text          0x0000000000000000        0x0 build/appli_base/tpl_external_interrupts.c.o
 .data          0x0000000000000000        0x0 build/appli_base/tpl_external_interrupts.c.o
 .bss           0x0000000000000000        0x0 build/appli_base/tpl_external_interrupts.c.o
 .text          0x0000000000000000        0x0 build/appli_base/tpl_app_interrupts.c.o
 .data          0x0000000000000000        0x0 build/appli_base/tpl_app_interrupts.c.o
 .bss           0x0000000000000000        0x0 build/appli_base/tpl_app_interrupts.c.o
 .text          0x0000000000000000        0x0 build/machines/cortex/tpl_machine_cortex.c.o
 .data          0x0000000000000000        0x0 build/machines/cortex/tpl_machine_cortex.c.o
 .bss           0x0000000000000000        0x0 build/machines/cortex/tpl_machine_cortex.c.o
 .bss.tpl_isr2_disabled
                0x0000000000000000        0x1 build/machines/cortex/tpl_machine_cortex.c.o
 .text          0x0000000000000000        0x0 build/machines/cortex/tpl_sc_handler.S.o
 .data          0x0000000000000000        0x0 build/machines/cortex/tpl_sc_handler.S.o
 .bss           0x0000000000000000        0x0 build/machines/cortex/tpl_sc_handler.S.o
 .osVar         0x0000000000000000        0x0 build/machines/cortex/tpl_sc_handler.S.o
 .osConst       0x0000000000000000        0x0 build/machines/cortex/tpl_sc_handler.S.o
 .text          0x0000000000000000        0x0 build/machines/cortex/tpl_startup.S.o
 .data          0x0000000000000000        0x0 build/machines/cortex/tpl_startup.S.o
 .bss           0x0000000000000000        0x0 build/machines/cortex/tpl_startup.S.o
 .text          0x0000000000000000        0x0 build/machines/cortex/armv7em/tpl_ctx_switch.S.o
 .data          0x0000000000000000        0x0 build/machines/cortex/armv7em/tpl_ctx_switch.S.o
 .bss           0x0000000000000000        0x0 build/machines/cortex/armv7em/tpl_ctx_switch.S.o
 .text          0x0000000000000000        0x0 build/machines/cortex/armv7em/tpl_ctx_switch_under_it.S.o
 .data          0x0000000000000000        0x0 build/machines/cortex/armv7em/tpl_ctx_switch_under_it.S.o
 .bss           0x0000000000000000        0x0 build/machines/cortex/armv7em/tpl_ctx_switch_under_it.S.o
 .text          0x0000000000000000        0x0 build/machines/cortex/armv7em/tpl_interrupts.S.o
 .data          0x0000000000000000        0x0 build/machines/cortex/armv7em/tpl_interrupts.S.o
 .bss           0x0000000000000000        0x0 build/machines/cortex/armv7em/tpl_interrupts.S.o
 .text          0x0000000000000000        0x0 build/machines/cortex/armv7em/stm32f407/tpl_memory_protection.c.o
 .data          0x0000000000000000        0x0 build/machines/cortex/armv7em/stm32f407/tpl_memory_protection.c.o
 .bss           0x0000000000000000        0x0 build/machines/cortex/armv7em/stm32f407/tpl_memory_protection.c.o
 .debug_info    0x0000000000000000       0x92 build/machines/cortex/armv7em/stm32f407/tpl_memory_protection.c.o
 .debug_abbrev  0x0000000000000000       0x4b build/machines/cortex/armv7em/stm32f407/tpl_memory_protection.c.o
 .debug_aranges
                0x0000000000000000       0x18 build/machines/cortex/armv7em/stm32f407/tpl_memory_protection.c.o
 .debug_line    0x0000000000000000      0x12f build/machines/cortex/armv7em/stm32f407/tpl_memory_protection.c.o
 .debug_str     0x0000000000000000      0x20e build/machines/cortex/armv7em/stm32f407/tpl_memory_protection.c.o
 .comment       0x0000000000000000       0x71 build/machines/cortex/armv7em/stm32f407/tpl_memory_protection.c.o
 .ARM.attributes
                0x0000000000000000       0x33 build/machines/cortex/armv7em/stm32f407/tpl_memory_protection.c.o
 .text          0x0000000000000000        0x0 build/machines/cortex/armv7em/stm32f407/tpl_machine_stm32f407.c.o
 .data          0x0000000000000000        0x0 build/machines/cortex/armv7em/stm32f407/tpl_machine_stm32f407.c.o
 .bss           0x0000000000000000        0x0 build/machines/cortex/armv7em/stm32f407/tpl_machine_stm32f407.c.o
 .text          0x0000000000000000        0x0 build/machines/cortex/armv7em/stm32f407/startup_stm32f4xx.c.o
 .data          0x0000000000000000        0x0 build/machines/cortex/armv7em/stm32f407/startup_stm32f4xx.c.o
 .bss           0x0000000000000000        0x0 build/machines/cortex/armv7em/stm32f407/startup_stm32f4xx.c.o
 .text.data_init
                0x0000000000000000       0x34 build/machines/cortex/armv7em/stm32f407/startup_stm32f4xx.c.o
 .text.bss_init
                0x0000000000000000       0x2c build/machines/cortex/armv7em/stm32f407/startup_stm32f4xx.c.o
 .text          0x0000000000000000        0x0 build/machines/cortex/armv7em/stm32f407/system_stm32f4xx.c.o
 .data          0x0000000000000000        0x0 build/machines/cortex/armv7em/stm32f407/system_stm32f4xx.c.o
 .bss           0x0000000000000000        0x0 build/machines/cortex/armv7em/stm32f407/system_stm32f4xx.c.o
 .data.AHBPrescTable
                0x0000000000000000       0x10 build/machines/cortex/armv7em/stm32f407/system_stm32f4xx.c.o
 .text.SystemCoreClockUpdate
                0x0000000000000000       0xf8 build/machines/cortex/armv7em/stm32f407/system_stm32f4xx.c.o
 .text          0x0000000000000000        0x0 build/machines/cortex/armv7em/stm32f407/handlers_stm32f4xx.c.o
 .data          0x0000000000000000        0x0 build/machines/cortex/armv7em/stm32f407/handlers_stm32f4xx.c.o
 .bss           0x0000000000000000        0x0 build/machines/cortex/armv7em/stm32f407/handlers_stm32f4xx.c.o
 .text.PendSV_Handler
                0x0000000000000000        0x8 build/machines/cortex/armv7em/stm32f407/handlers_stm32f4xx.c.o
 .text.SysTick_ClearFlag
                0x0000000000000000        0xc build/machines/cortex/armv7em/stm32f407/handlers_stm32f4xx.c.o
 .text.TIM2_IRQ_ClearFlag
                0x0000000000000000       0x20 build/machines/cortex/armv7em/stm32f407/handlers_stm32f4xx.c.o
 .text          0x0000000000000000        0x0 build/machines/cortex/armv7em/stm32f407/lib/pinAccess.c.o
 .data          0x0000000000000000        0x0 build/machines/cortex/armv7em/stm32f407/lib/pinAccess.c.o
 .bss           0x0000000000000000        0x0 build/machines/cortex/armv7em/stm32f407/lib/pinAccess.c.o
 .text.clockForGpio
                0x0000000000000000      0x134 build/machines/cortex/armv7em/stm32f407/lib/pinAccess.c.o
 .text.pinMode  0x0000000000000000      0x1b8 build/machines/cortex/armv7em/stm32f407/lib/pinAccess.c.o
 .text.digitalWrite
                0x0000000000000000       0xcc build/machines/cortex/armv7em/stm32f407/lib/pinAccess.c.o
 .text.digitalToggle
                0x0000000000000000       0xd4 build/machines/cortex/armv7em/stm32f407/lib/pinAccess.c.o
 .text.digitalRead
                0x0000000000000000       0xc4 build/machines/cortex/armv7em/stm32f407/lib/pinAccess.c.o
 .text.pinAlt   0x0000000000000000      0x148 build/machines/cortex/armv7em/stm32f407/lib/pinAccess.c.o
 .text.pinAnalog
                0x0000000000000000       0xdc build/machines/cortex/armv7em/stm32f407/lib/pinAccess.c.o
 .debug_info    0x0000000000000000      0x54e build/machines/cortex/armv7em/stm32f407/lib/pinAccess.c.o
 .debug_abbrev  0x0000000000000000      0x135 build/machines/cortex/armv7em/stm32f407/lib/pinAccess.c.o
 .debug_aranges
                0x0000000000000000       0x50 build/machines/cortex/armv7em/stm32f407/lib/pinAccess.c.o
 .debug_ranges  0x0000000000000000       0x40 build/machines/cortex/armv7em/stm32f407/lib/pinAccess.c.o
 .debug_line    0x0000000000000000      0x4a8 build/machines/cortex/armv7em/stm32f407/lib/pinAccess.c.o
 .debug_str     0x0000000000000000      0x403 build/machines/cortex/armv7em/stm32f407/lib/pinAccess.c.o
 .comment       0x0000000000000000       0x71 build/machines/cortex/armv7em/stm32f407/lib/pinAccess.c.o
 .debug_frame   0x0000000000000000      0x11c build/machines/cortex/armv7em/stm32f407/lib/pinAccess.c.o
 .ARM.attributes
                0x0000000000000000       0x33 build/machines/cortex/armv7em/stm32f407/lib/pinAccess.c.o
 .text          0x0000000000000000        0x0 build/machines/cortex/armv7em/stm32f407/STM32F4xx_StdPeriph_Driver/stm32f4xx_gpio.c.o
 .data          0x0000000000000000        0x0 build/machines/cortex/armv7em/stm32f407/STM32F4xx_StdPeriph_Driver/stm32f4xx_gpio.c.o
 .bss           0x0000000000000000        0x0 build/machines/cortex/armv7em/stm32f407/STM32F4xx_StdPeriph_Driver/stm32f4xx_gpio.c.o
 .text.GPIO_DeInit
                0x0000000000000000      0x1c8 build/machines/cortex/armv7em/stm32f407/STM32F4xx_StdPeriph_Driver/stm32f4xx_gpio.c.o
 .text.GPIO_StructInit
                0x0000000000000000       0x34 build/machines/cortex/armv7em/stm32f407/STM32F4xx_StdPeriph_Driver/stm32f4xx_gpio.c.o
 .text.GPIO_PinLockConfig
                0x0000000000000000       0xe0 build/machines/cortex/armv7em/stm32f407/STM32F4xx_StdPeriph_Driver/stm32f4xx_gpio.c.o
 .text.GPIO_ReadInputData
                0x0000000000000000       0xa8 build/machines/cortex/armv7em/stm32f407/STM32F4xx_StdPeriph_Driver/stm32f4xx_gpio.c.o
 .text.GPIO_ReadOutputDataBit
                0x0000000000000000      0x13c build/machines/cortex/armv7em/stm32f407/STM32F4xx_StdPeriph_Driver/stm32f4xx_gpio.c.o
 .text.GPIO_ReadOutputData
                0x0000000000000000       0xa8 build/machines/cortex/armv7em/stm32f407/STM32F4xx_StdPeriph_Driver/stm32f4xx_gpio.c.o
 .text.GPIO_SetBits
                0x0000000000000000       0xbc build/machines/cortex/armv7em/stm32f407/STM32F4xx_StdPeriph_Driver/stm32f4xx_gpio.c.o
 .text.GPIO_ResetBits
                0x0000000000000000       0xbc build/machines/cortex/armv7em/stm32f407/STM32F4xx_StdPeriph_Driver/stm32f4xx_gpio.c.o
 .text.GPIO_WriteBit
                0x0000000000000000      0x14c build/machines/cortex/armv7em/stm32f407/STM32F4xx_StdPeriph_Driver/stm32f4xx_gpio.c.o
 .text.GPIO_Write
                0x0000000000000000       0xac build/machines/cortex/armv7em/stm32f407/STM32F4xx_StdPeriph_Driver/stm32f4xx_gpio.c.o
 .text.GPIO_ToggleBits
                0x0000000000000000       0xb0 build/machines/cortex/armv7em/stm32f407/STM32F4xx_StdPeriph_Driver/stm32f4xx_gpio.c.o
 .text.GPIO_PinAFConfig
                0x0000000000000000      0x268 build/machines/cortex/armv7em/stm32f407/STM32F4xx_StdPeriph_Driver/stm32f4xx_gpio.c.o
 .text          0x0000000000000000        0x0 build/machines/cortex/armv7em/stm32f407/STM32F4xx_StdPeriph_Driver/stm32f4xx_rcc.c.o
 .data          0x0000000000000000        0x0 build/machines/cortex/armv7em/stm32f407/STM32F4xx_StdPeriph_Driver/stm32f4xx_rcc.c.o
 .bss           0x0000000000000000        0x0 build/machines/cortex/armv7em/stm32f407/STM32F4xx_StdPeriph_Driver/stm32f4xx_rcc.c.o
 .data.APBAHBPrescTable
                0x0000000000000000       0x10 build/machines/cortex/armv7em/stm32f407/STM32F4xx_StdPeriph_Driver/stm32f4xx_rcc.c.o
 .text.RCC_DeInit
                0x0000000000000000       0x70 build/machines/cortex/armv7em/stm32f407/STM32F4xx_StdPeriph_Driver/stm32f4xx_rcc.c.o
 .text.RCC_HSEConfig
                0x0000000000000000       0x40 build/machines/cortex/armv7em/stm32f407/STM32F4xx_StdPeriph_Driver/stm32f4xx_rcc.c.o
 .text.RCC_WaitForHSEStartUp
                0x0000000000000000       0x50 build/machines/cortex/armv7em/stm32f407/STM32F4xx_StdPeriph_Driver/stm32f4xx_rcc.c.o
 .text.RCC_AdjustHSICalibrationValue
                0x0000000000000000       0x4c build/machines/cortex/armv7em/stm32f407/STM32F4xx_StdPeriph_Driver/stm32f4xx_rcc.c.o
 .text.RCC_HSICmd
                0x0000000000000000       0x34 build/machines/cortex/armv7em/stm32f407/STM32F4xx_StdPeriph_Driver/stm32f4xx_rcc.c.o
 .text.RCC_LSEConfig
                0x0000000000000000       0x5c build/machines/cortex/armv7em/stm32f407/STM32F4xx_StdPeriph_Driver/stm32f4xx_rcc.c.o
 .text.RCC_LSICmd
                0x0000000000000000       0x34 build/machines/cortex/armv7em/stm32f407/STM32F4xx_StdPeriph_Driver/stm32f4xx_rcc.c.o
 .text.RCC_PLLConfig
                0x0000000000000000       0xb4 build/machines/cortex/armv7em/stm32f407/STM32F4xx_StdPeriph_Driver/stm32f4xx_rcc.c.o
 .text.RCC_PLLCmd
                0x0000000000000000       0x34 build/machines/cortex/armv7em/stm32f407/STM32F4xx_StdPeriph_Driver/stm32f4xx_rcc.c.o
 .text.RCC_PLLI2SConfig
                0x0000000000000000       0x58 build/machines/cortex/armv7em/stm32f407/STM32F4xx_StdPeriph_Driver/stm32f4xx_rcc.c.o
 .text.RCC_PLLI2SCmd
                0x0000000000000000       0x34 build/machines/cortex/armv7em/stm32f407/STM32F4xx_StdPeriph_Driver/stm32f4xx_rcc.c.o
 .text.RCC_PLLSAIConfig
                0x0000000000000000       0x74 build/machines/cortex/armv7em/stm32f407/STM32F4xx_StdPeriph_Driver/stm32f4xx_rcc.c.o
 .text.RCC_PLLSAICmd
                0x0000000000000000       0x34 build/machines/cortex/armv7em/stm32f407/STM32F4xx_StdPeriph_Driver/stm32f4xx_rcc.c.o
 .text.RCC_ClockSecuritySystemCmd
                0x0000000000000000       0x34 build/machines/cortex/armv7em/stm32f407/STM32F4xx_StdPeriph_Driver/stm32f4xx_rcc.c.o
 .text.RCC_MCO1Config
                0x0000000000000000       0x94 build/machines/cortex/armv7em/stm32f407/STM32F4xx_StdPeriph_Driver/stm32f4xx_rcc.c.o
 .text.RCC_MCO2Config
                0x0000000000000000       0x94 build/machines/cortex/armv7em/stm32f407/STM32F4xx_StdPeriph_Driver/stm32f4xx_rcc.c.o
 .text.RCC_SYSCLKConfig
                0x0000000000000000       0x54 build/machines/cortex/armv7em/stm32f407/STM32F4xx_StdPeriph_Driver/stm32f4xx_rcc.c.o
 .text.RCC_GetSYSCLKSource
                0x0000000000000000       0x20 build/machines/cortex/armv7em/stm32f407/STM32F4xx_StdPeriph_Driver/stm32f4xx_rcc.c.o
 .text.RCC_HCLKConfig
                0x0000000000000000       0x78 build/machines/cortex/armv7em/stm32f407/STM32F4xx_StdPeriph_Driver/stm32f4xx_rcc.c.o
 .text.RCC_PCLK1Config
                0x0000000000000000       0x68 build/machines/cortex/armv7em/stm32f407/STM32F4xx_StdPeriph_Driver/stm32f4xx_rcc.c.o
 .text.RCC_PCLK2Config
                0x0000000000000000       0x68 build/machines/cortex/armv7em/stm32f407/STM32F4xx_StdPeriph_Driver/stm32f4xx_rcc.c.o
 .text.RCC_GetClocksFreq
                0x0000000000000000      0x154 build/machines/cortex/armv7em/stm32f407/STM32F4xx_StdPeriph_Driver/stm32f4xx_rcc.c.o
 .text.RCC_RTCCLKConfig
                0x0000000000000000      0x1e0 build/machines/cortex/armv7em/stm32f407/STM32F4xx_StdPeriph_Driver/stm32f4xx_rcc.c.o
 .text.RCC_RTCCLKCmd
                0x0000000000000000       0x34 build/machines/cortex/armv7em/stm32f407/STM32F4xx_StdPeriph_Driver/stm32f4xx_rcc.c.o
 .text.RCC_BackupResetCmd
                0x0000000000000000       0x34 build/machines/cortex/armv7em/stm32f407/STM32F4xx_StdPeriph_Driver/stm32f4xx_rcc.c.o
 .text.RCC_I2SCLKConfig
                0x0000000000000000       0x34 build/machines/cortex/armv7em/stm32f407/STM32F4xx_StdPeriph_Driver/stm32f4xx_rcc.c.o
 .text.RCC_SAIBlockACLKConfig
                0x0000000000000000       0x5c build/machines/cortex/armv7em/stm32f407/STM32F4xx_StdPeriph_Driver/stm32f4xx_rcc.c.o
 .text.RCC_SAIBlockBCLKConfig
                0x0000000000000000       0x5c build/machines/cortex/armv7em/stm32f407/STM32F4xx_StdPeriph_Driver/stm32f4xx_rcc.c.o
 .text.RCC_SAIPLLI2SClkDivConfig
                0x0000000000000000       0x54 build/machines/cortex/armv7em/stm32f407/STM32F4xx_StdPeriph_Driver/stm32f4xx_rcc.c.o
 .text.RCC_SAIPLLSAIClkDivConfig
                0x0000000000000000       0x54 build/machines/cortex/armv7em/stm32f407/STM32F4xx_StdPeriph_Driver/stm32f4xx_rcc.c.o
 .text.RCC_LTDCCLKDivConfig
                0x0000000000000000       0x64 build/machines/cortex/armv7em/stm32f407/STM32F4xx_StdPeriph_Driver/stm32f4xx_rcc.c.o
 .text.RCC_TIMCLKPresConfig
                0x0000000000000000       0x34 build/machines/cortex/armv7em/stm32f407/STM32F4xx_StdPeriph_Driver/stm32f4xx_rcc.c.o
 .text.RCC_AHB2PeriphClockCmd
                0x0000000000000000       0x6c build/machines/cortex/armv7em/stm32f407/STM32F4xx_StdPeriph_Driver/stm32f4xx_rcc.c.o
 .text.RCC_AHB3PeriphClockCmd
                0x0000000000000000       0x6c build/machines/cortex/armv7em/stm32f407/STM32F4xx_StdPeriph_Driver/stm32f4xx_rcc.c.o
 .text.RCC_APB1PeriphClockCmd
                0x0000000000000000       0x6c build/machines/cortex/armv7em/stm32f407/STM32F4xx_StdPeriph_Driver/stm32f4xx_rcc.c.o
 .text.RCC_AHB1PeriphResetCmd
                0x0000000000000000       0x70 build/machines/cortex/armv7em/stm32f407/STM32F4xx_StdPeriph_Driver/stm32f4xx_rcc.c.o
 .text.RCC_AHB2PeriphResetCmd
                0x0000000000000000       0x6c build/machines/cortex/armv7em/stm32f407/STM32F4xx_StdPeriph_Driver/stm32f4xx_rcc.c.o
 .text.RCC_AHB3PeriphResetCmd
                0x0000000000000000       0x6c build/machines/cortex/armv7em/stm32f407/STM32F4xx_StdPeriph_Driver/stm32f4xx_rcc.c.o
 .text.RCC_APB1PeriphResetCmd
                0x0000000000000000       0x6c build/machines/cortex/armv7em/stm32f407/STM32F4xx_StdPeriph_Driver/stm32f4xx_rcc.c.o
 .text.RCC_APB2PeriphResetCmd
                0x0000000000000000       0x70 build/machines/cortex/armv7em/stm32f407/STM32F4xx_StdPeriph_Driver/stm32f4xx_rcc.c.o
 .text.RCC_AHB1PeriphClockLPModeCmd
                0x0000000000000000       0x70 build/machines/cortex/armv7em/stm32f407/STM32F4xx_StdPeriph_Driver/stm32f4xx_rcc.c.o
 .text.RCC_AHB2PeriphClockLPModeCmd
                0x0000000000000000       0x6c build/machines/cortex/armv7em/stm32f407/STM32F4xx_StdPeriph_Driver/stm32f4xx_rcc.c.o
 .text.RCC_AHB3PeriphClockLPModeCmd
                0x0000000000000000       0x6c build/machines/cortex/armv7em/stm32f407/STM32F4xx_StdPeriph_Driver/stm32f4xx_rcc.c.o
 .text.RCC_APB1PeriphClockLPModeCmd
                0x0000000000000000       0x6c build/machines/cortex/armv7em/stm32f407/STM32F4xx_StdPeriph_Driver/stm32f4xx_rcc.c.o
 .text.RCC_APB2PeriphClockLPModeCmd
                0x0000000000000000       0x70 build/machines/cortex/armv7em/stm32f407/STM32F4xx_StdPeriph_Driver/stm32f4xx_rcc.c.o
 .text.RCC_LSEModeConfig
                0x0000000000000000       0x50 build/machines/cortex/armv7em/stm32f407/STM32F4xx_StdPeriph_Driver/stm32f4xx_rcc.c.o
 .text.RCC_ITConfig
                0x0000000000000000       0x78 build/machines/cortex/armv7em/stm32f407/STM32F4xx_StdPeriph_Driver/stm32f4xx_rcc.c.o
 .text.RCC_GetFlagStatus
                0x0000000000000000       0xd4 build/machines/cortex/armv7em/stm32f407/STM32F4xx_StdPeriph_Driver/stm32f4xx_rcc.c.o
 .text.RCC_ClearFlag
                0x0000000000000000       0x1c build/machines/cortex/armv7em/stm32f407/STM32F4xx_StdPeriph_Driver/stm32f4xx_rcc.c.o
 .text.RCC_GetITStatus
                0x0000000000000000       0x70 build/machines/cortex/armv7em/stm32f407/STM32F4xx_StdPeriph_Driver/stm32f4xx_rcc.c.o
 .text.RCC_ClearITPendingBit
                0x0000000000000000       0x30 build/machines/cortex/armv7em/stm32f407/STM32F4xx_StdPeriph_Driver/stm32f4xx_rcc.c.o
 .text          0x0000000000000000        0x0 build/machines/cortex/armv7em/stm32f407/STM32F4xx_StdPeriph_Driver/stm32f4xx_exti.c.o
 .data          0x0000000000000000        0x0 build/machines/cortex/armv7em/stm32f407/STM32F4xx_StdPeriph_Driver/stm32f4xx_exti.c.o
 .bss           0x0000000000000000        0x0 build/machines/cortex/armv7em/stm32f407/STM32F4xx_StdPeriph_Driver/stm32f4xx_exti.c.o
 .text.EXTI_DeInit
                0x0000000000000000       0x34 build/machines/cortex/armv7em/stm32f407/STM32F4xx_StdPeriph_Driver/stm32f4xx_exti.c.o
 .text.EXTI_StructInit
                0x0000000000000000       0x2c build/machines/cortex/armv7em/stm32f407/STM32F4xx_StdPeriph_Driver/stm32f4xx_exti.c.o
 .text.EXTI_GenerateSWInterrupt
                0x0000000000000000       0x3c build/machines/cortex/armv7em/stm32f407/STM32F4xx_StdPeriph_Driver/stm32f4xx_exti.c.o
 .text.EXTI_GetFlagStatus
                0x0000000000000000       0xec build/machines/cortex/armv7em/stm32f407/STM32F4xx_StdPeriph_Driver/stm32f4xx_exti.c.o
 .text.EXTI_ClearFlag
                0x0000000000000000       0x34 build/machines/cortex/armv7em/stm32f407/STM32F4xx_StdPeriph_Driver/stm32f4xx_exti.c.o
 .text.EXTI_GetITStatus
                0x0000000000000000       0xf0 build/machines/cortex/armv7em/stm32f407/STM32F4xx_StdPeriph_Driver/stm32f4xx_exti.c.o
 .text.EXTI_ClearITPendingBit
                0x0000000000000000       0x38 build/machines/cortex/armv7em/stm32f407/STM32F4xx_StdPeriph_Driver/stm32f4xx_exti.c.o
 .text          0x0000000000000000        0x0 build/machines/cortex/armv7em/stm32f407/STM32F4xx_StdPeriph_Driver/stm32f4xx_syscfg.c.o
 .data          0x0000000000000000        0x0 build/machines/cortex/armv7em/stm32f407/STM32F4xx_StdPeriph_Driver/stm32f4xx_syscfg.c.o
 .bss           0x0000000000000000        0x0 build/machines/cortex/armv7em/stm32f407/STM32F4xx_StdPeriph_Driver/stm32f4xx_syscfg.c.o
 .text.SYSCFG_DeInit
                0x0000000000000000       0x1c build/machines/cortex/armv7em/stm32f407/STM32F4xx_StdPeriph_Driver/stm32f4xx_syscfg.c.o
 .text.SYSCFG_MemoryRemapConfig
                0x0000000000000000       0x40 build/machines/cortex/armv7em/stm32f407/STM32F4xx_StdPeriph_Driver/stm32f4xx_syscfg.c.o
 .text.SYSCFG_MemorySwappingBank
                0x0000000000000000       0x34 build/machines/cortex/armv7em/stm32f407/STM32F4xx_StdPeriph_Driver/stm32f4xx_syscfg.c.o
 .text.SYSCFG_ETH_MediaInterfaceConfig
                0x0000000000000000       0x30 build/machines/cortex/armv7em/stm32f407/STM32F4xx_StdPeriph_Driver/stm32f4xx_syscfg.c.o
 .text.SYSCFG_CompensationCellCmd
                0x0000000000000000       0x34 build/machines/cortex/armv7em/stm32f407/STM32F4xx_StdPeriph_Driver/stm32f4xx_syscfg.c.o
 .text.SYSCFG_GetCompensationCellStatus
                0x0000000000000000       0x34 build/machines/cortex/armv7em/stm32f407/STM32F4xx_StdPeriph_Driver/stm32f4xx_syscfg.c.o
 .text          0x0000000000000000        0x0 build/machines/cortex/armv7em/stm32f407/STM32F4xx_StdPeriph_Driver/misc.c.o
 .data          0x0000000000000000        0x0 build/machines/cortex/armv7em/stm32f407/STM32F4xx_StdPeriph_Driver/misc.c.o
 .bss           0x0000000000000000        0x0 build/machines/cortex/armv7em/stm32f407/STM32F4xx_StdPeriph_Driver/misc.c.o
 .text.NVIC_PriorityGroupConfig
                0x0000000000000000       0x54 build/machines/cortex/armv7em/stm32f407/STM32F4xx_StdPeriph_Driver/misc.c.o
 .text.NVIC_SetVectorTable
                0x0000000000000000       0x58 build/machines/cortex/armv7em/stm32f407/STM32F4xx_StdPeriph_Driver/misc.c.o
 .text.NVIC_SystemLPConfig
                0x0000000000000000       0x70 build/machines/cortex/armv7em/stm32f407/STM32F4xx_StdPeriph_Driver/misc.c.o
 .text.SysTick_CLKSourceConfig
                0x0000000000000000       0x4c build/machines/cortex/armv7em/stm32f407/STM32F4xx_StdPeriph_Driver/misc.c.o
 .text          0x0000000000000000        0x0 build/machines/cortex/armv7em/stm32f407/stm32f4discovery/stm32f4_discovery.c.o
 .data          0x0000000000000000        0x0 build/machines/cortex/armv7em/stm32f407/stm32f4discovery/stm32f4_discovery.c.o
 .bss           0x0000000000000000        0x0 build/machines/cortex/armv7em/stm32f407/stm32f4discovery/stm32f4_discovery.c.o
 .rodata.BUTTON_PIN
                0x0000000000000000        0x2 build/machines/cortex/armv7em/stm32f407/stm32f4discovery/stm32f4_discovery.c.o
 .rodata.BUTTON_CLK
                0x0000000000000000        0x4 build/machines/cortex/armv7em/stm32f407/stm32f4discovery/stm32f4_discovery.c.o
 .rodata.BUTTON_EXTI_LINE
                0x0000000000000000        0x2 build/machines/cortex/armv7em/stm32f407/stm32f4discovery/stm32f4_discovery.c.o
 .rodata.BUTTON_PORT_SOURCE
                0x0000000000000000        0x1 build/machines/cortex/armv7em/stm32f407/stm32f4discovery/stm32f4_discovery.c.o
 .rodata.BUTTON_PIN_SOURCE
                0x0000000000000000        0x1 build/machines/cortex/armv7em/stm32f407/stm32f4discovery/stm32f4_discovery.c.o
 .rodata.BUTTON_IRQn
                0x0000000000000000        0x1 build/machines/cortex/armv7em/stm32f407/stm32f4discovery/stm32f4_discovery.c.o
 COMMON         0x0000000000000000        0x4 build/machines/cortex/armv7em/stm32f407/stm32f4discovery/stm32f4_discovery.c.o
 .text          0x0000000000000000        0x0 build/machines/cortex/armv7em/stm32f407/stm32f4discovery/tp.c.o
 .data          0x0000000000000000        0x0 build/machines/cortex/armv7em/stm32f407/stm32f4discovery/tp.c.o
 .bss           0x0000000000000000        0x0 build/machines/cortex/armv7em/stm32f407/stm32f4discovery/tp.c.o

Memory Configuration

Name             Origin             Length             Attributes
VECTOR           0x0000000008000000 0x0000000000000188 xr
FLASH            0x0000000008000188 0x000000000000fe78 xr
RAM              0x0000000020000000 0x0000000000020000 xrw
MEMORY_B1        0x0000000060000000 0x0000000000000000 xr
*default*        0x0000000000000000 0xffffffffffffffff

Linker script and memory map

LOAD build/os/tpl_os_kernel.c.o
LOAD build/os/tpl_os_timeobj_kernel.c.o
LOAD build/os/tpl_os_action.c.o
LOAD build/os/tpl_os_error.c.o
LOAD build/os/tpl_os_os_kernel.c.o
LOAD build/os/tpl_os_os.c.o
LOAD build/os/tpl_os_interrupt_kernel.c.o
LOAD build/os/tpl_os_task_kernel.c.o
LOAD build/os/tpl_os_resource_kernel.c.o
LOAD build/os/tpl_os_event_kernel.c.o
LOAD build/os/tpl_os_alarm_kernel.c.o
LOAD build/appli_base.c.o
LOAD build/appli_base/tpl_app_config.c.o
LOAD build/appli_base/tpl_dispatch_table.c.o
LOAD build/appli_base/tpl_invoque.S.o
LOAD build/appli_base/tpl_primary_irq.S.o
LOAD build/appli_base/tpl_vectors.c.o
LOAD build/appli_base/tpl_external_interrupts.c.o
LOAD build/appli_base/tpl_app_interrupts.c.o
LOAD build/machines/cortex/tpl_machine_cortex.c.o
LOAD build/machines/cortex/tpl_sc_handler.S.o
LOAD build/machines/cortex/tpl_startup.S.o
LOAD build/machines/cortex/armv7em/tpl_ctx_switch.S.o
LOAD build/machines/cortex/armv7em/tpl_ctx_switch_under_it.S.o
LOAD build/machines/cortex/armv7em/tpl_interrupts.S.o
LOAD build/machines/cortex/armv7em/stm32f407/tpl_memory_protection.c.o
LOAD build/machines/cortex/armv7em/stm32f407/tpl_machine_stm32f407.c.o
LOAD build/machines/cortex/armv7em/stm32f407/startup_stm32f4xx.c.o
LOAD build/machines/cortex/armv7em/stm32f407/system_stm32f4xx.c.o
LOAD build/machines/cortex/armv7em/stm32f407/handlers_stm32f4xx.c.o
LOAD build/machines/cortex/armv7em/stm32f407/lib/pinAccess.c.o
LOAD build/machines/cortex/armv7em/stm32f407/STM32F4xx_StdPeriph_Driver/stm32f4xx_gpio.c.o
LOAD build/machines/cortex/armv7em/stm32f407/STM32F4xx_StdPeriph_Driver/stm32f4xx_rcc.c.o
LOAD build/machines/cortex/armv7em/stm32f407/STM32F4xx_StdPeriph_Driver/stm32f4xx_exti.c.o
LOAD build/machines/cortex/armv7em/stm32f407/STM32F4xx_StdPeriph_Driver/stm32f4xx_syscfg.c.o
LOAD build/machines/cortex/armv7em/stm32f407/STM32F4xx_StdPeriph_Driver/misc.c.o
LOAD build/machines/cortex/armv7em/stm32f407/stm32f4discovery/stm32f4_discovery.c.o
LOAD build/machines/cortex/armv7em/stm32f407/stm32f4discovery/tp.c.o
                0x0000000020020000                _estack = 0x20020000
                0x0000000000000000                _Min_Heap_Size = 0x0
                0x0000000000000400                _Min_Stack_Size = 0x400

.isr_vector     0x0000000008000000      0x188
                0x0000000008000000                . = ALIGN (0x4)
 *(.isr_vector)
 .isr_vector    0x0000000008000000      0x188 build/appli_base/tpl_vectors.c.o
                0x0000000008000000                tpl_it_vectors
                0x0000000008000188                . = ALIGN (0x4)
                0x0000000008000188                . = ALIGN (0x4)

ostext          0x0000000008000188     0x2068
 *(.SC_handler)
 *(.EI_handler)
 *(.osCode)
 .osCode        0x0000000008000188      0x918 build/os/tpl_os_kernel.c.o
                0x0000000008000188                tpl_compare_entries
                0x000000000800021c                tpl_bubble_up
                0x000000000800029c                tpl_bubble_down
                0x0000000008000354                tpl_put_new_proc
                0x00000000080003e0                tpl_put_preempted_proc
                0x000000000800043c                tpl_front_proc
                0x000000000800046c                tpl_remove_front_proc
                0x00000000080004d0                tpl_current_os_state
                0x0000000008000524                tpl_get_internal_resource
                0x00000000080005b0                tpl_release_internal_resource
                0x0000000008000600                tpl_preempt
                0x000000000800062c                tpl_run_elected
                0x00000000080006a8                tpl_start
                0x0000000008000714                tpl_schedule_from_running
                0x000000000800075c                tpl_terminate
                0x00000000080007bc                tpl_block
                0x00000000080007e8                tpl_start_scheduling
                0x00000000080007fc                tpl_activate_task
                0x0000000008000898                tpl_release
                0x00000000080008d4                tpl_set_event
                0x0000000008000954                tpl_init_proc
                0x0000000008000984                tpl_init_os
                0x0000000008000a24                tpl_call_terminate_task_service
                0x0000000008000a58                tpl_call_terminate_isr2_service
 .osCode        0x0000000008000aa0      0x2f8 build/os/tpl_os_timeobj_kernel.c.o
                0x0000000008000aa0                tpl_enable_counters
                0x0000000008000ab8                tpl_insert_time_obj
                0x0000000008000b98                tpl_remove_time_obj
                0x0000000008000cbc                tpl_counter_tick
 .osCode        0x0000000008000d98       0x60 build/os/tpl_os_action.c.o
                0x0000000008000d98                tpl_action_callback
                0x0000000008000dac                tpl_action_activate_task
                0x0000000008000dd0                tpl_action_setevent
 .osCode        0x0000000008000df8       0xa8 build/os/tpl_os_os_kernel.c.o
                0x0000000008000df8                tpl_get_active_application_mode_service
                0x0000000008000e28                tpl_start_os_service
                0x0000000008000e74                tpl_call_shutdown_os
                0x0000000008000e88                tpl_shutdown_os_service
 .osCode        0x0000000008000ea0      0x1e0 build/os/tpl_os_interrupt_kernel.c.o
                0x0000000008000ea0                tpl_get_interrupt_lock_status
                0x0000000008000ee4                tpl_reset_interrupt_lock_status
                0x0000000008000f20                tpl_suspend_all_interrupts_service
                0x0000000008000f48                tpl_resume_all_interrupts_service
                0x0000000008000f80                tpl_disable_all_interrupts_service
                0x0000000008000fac                tpl_enable_all_interrupts_service
                0x0000000008000fc8                tpl_suspend_os_interrupts_service
                0x0000000008000ff0                tpl_resume_os_interrupts_service
                0x0000000008001028                tpl_terminate_isr2_service
                0x000000000800106c                tpl_null_it
 .osCode        0x0000000008001080      0x2b8 build/os/tpl_os_task_kernel.c.o
                0x0000000008001080                tpl_activate_task_service
                0x00000000080010e4                tpl_terminate_task_service
                0x0000000008001154                tpl_chain_task_service
                0x0000000008001204                tpl_schedule_service
                0x0000000008001284                tpl_get_task_id_service
                0x00000000080012d4                tpl_get_task_state_service
 .osCode        0x0000000008001338      0x208 build/os/tpl_os_resource_kernel.c.o
                0x0000000008001338                tpl_release_all_resources
                0x0000000008001394                tpl_get_resource_service
                0x0000000008001490                tpl_release_resource_service
 .osCode        0x0000000008001540      0x260 build/os/tpl_os_event_kernel.c.o
                0x0000000008001540                tpl_set_event_service
                0x00000000080015f0                tpl_clear_event_service
                0x0000000008001674                tpl_get_event_service
                0x000000000800170c                tpl_wait_event_service
 .osCode        0x00000000080017a0      0x344 build/os/tpl_os_alarm_kernel.c.o
                0x00000000080017a0                tpl_raise_alarm
                0x00000000080017c4                tpl_get_alarm_base_service
                0x0000000008001834                tpl_get_alarm_service
                0x00000000080018c0                tpl_set_rel_alarm_service
                0x00000000080019b4                tpl_set_abs_alarm_service
                0x0000000008001a80                tpl_cancel_alarm_service
 .osCode        0x0000000008001ae4       0x40 build/appli_base/tpl_app_config.c.o
                0x0000000008001ae4                tpl_tick_SysTick
                0x0000000008001b18                SysTick_Handler
 .osCode        0x0000000008001b24       0x30 build/appli_base/tpl_primary_irq.S.o
                0x0000000008001b24                tpl_primary_irq_handler_SysTick
 .osCode        0x0000000008001b54       0x20 build/appli_base/tpl_external_interrupts.c.o
                0x0000000008001b54                tpl_init_external_interrupts
 .osCode        0x0000000008001b74       0x24 build/appli_base/tpl_app_interrupts.c.o
                0x0000000008001b74                tpl_init_it_priority
                0x0000000008001b80                tpl_disable_os_interrupts
                0x0000000008001b8c                tpl_enable_os_interrupts
 .osCode        0x0000000008001b98       0xe0 build/machines/cortex/tpl_machine_cortex.c.o
                0x0000000008001b98                tpl_init_machine_generic
                0x0000000008001ba4                tpl_init_machine_specific
                0x0000000008001bd4                tpl_init_context
                0x0000000008001c40                tpl_check_stack_footprint
                0x0000000008001c5c                tpl_init_machine
                0x0000000008001c6c                tpl_shutdown
 .osCode        0x0000000008001c78       0x6c build/machines/cortex/tpl_sc_handler.S.o
                0x0000000008001c78                tpl_sc_handler
 .osCode        0x0000000008001ce4       0x1c build/machines/cortex/tpl_startup.S.o
                0x0000000008001ce4                tpl_reset_handler
 .osCode        0x0000000008001d00       0x4c build/machines/cortex/armv7em/tpl_ctx_switch.S.o
                0x0000000008001d00                tpl_save_context
                0x0000000008001d26                tpl_load_context
 .osCode        0x0000000008001d4c       0x44 build/machines/cortex/armv7em/tpl_ctx_switch_under_it.S.o
                0x0000000008001d4c                tpl_save_context_under_it
                0x0000000008001d6e                tpl_load_context_under_it
 .osCode        0x0000000008001d90       0x30 build/machines/cortex/armv7em/tpl_interrupts.S.o
                0x0000000008001d90                tpl_disable_interrupts
                0x0000000008001da2                tpl_enable_interrupts
 .osCode        0x0000000008001dc0       0x7c build/machines/cortex/armv7em/stm32f407/tpl_machine_stm32f407.c.o
                0x0000000008001e10                tpl_set_systick_timer
 .osCode        0x0000000008001e3c      0x104 build/machines/cortex/armv7em/stm32f407/stm32f4discovery/tp.c.o
                0x0000000008001e3c                initBoard
                0x0000000008001e64                ledOn
                0x0000000008001e84                ledOff
                0x0000000008001ea4                ledToggle
                0x0000000008001ec4                readButton
                0x0000000008001f14                delay
 *(.osApiCode)
 .osApiCode     0x0000000008001f40       0x28 build/os/tpl_os_os.c.o
                0x0000000008001f40                StartOS
 .osApiCode     0x0000000008001f68      0x288 build/appli_base/tpl_invoque.S.o
                0x0000000008001f68                GetActiveApplicationMode
                0x0000000008001f7e                tpl_start_os
                0x0000000008001f94                ShutdownOS
                0x0000000008001faa                EnableAllInterrupts
                0x0000000008001fc4                DisableAllInterrupts
                0x0000000008001fde                ResumeAllInterrupts
                0x0000000008001ff8                SuspendAllInterrupts
                0x0000000008002012                ResumeOSInterrupts
                0x000000000800202c                SuspendOSInterrupts
                0x0000000008002046                CallTerminateISR2
                0x0000000008002060                ActivateTask
                0x0000000008002076                TerminateTask
                0x000000000800208c                ChainTask
                0x00000000080020a2                Schedule
                0x00000000080020b8                GetTaskID
                0x00000000080020ce                GetTaskState
                0x00000000080020e4                CallTerminateTask
                0x00000000080020fe                GetResource
                0x0000000008002114                ReleaseResource
                0x000000000800212a                SetEvent
                0x0000000008002140                ClearEvent
                0x0000000008002156                GetEvent
                0x000000000800216c                WaitEvent
                0x0000000008002182                GetAlarmBase
                0x0000000008002198                GetAlarm
                0x00000000080021ae                SetRelAlarm
                0x00000000080021c4                SetAbsAlarm
                0x00000000080021da                CancelAlarm
 *(.appCommonCode)
                0x00000000080021f0                . = ALIGN (0x4)

osconst         0x00000000080021f0       0xec
 *(.osConst)
 .osConst       0x00000000080021f0        0x2 build/os/tpl_os_kernel.c.o
                0x00000000080021f0                INVALID_PROC
                0x00000000080021f1                INVALID_TASK
 *fill*         0x00000000080021f2        0x2 
 .osConst       0x00000000080021f4       0x60 build/appli_base/tpl_app_config.c.o
                0x00000000080021f4                tpl_resource_table
                0x00000000080021f8                IDLE_TASK_task_stat_desc
                0x0000000008002210                T_blink_task_stat_desc
                0x0000000008002228                tpl_stat_proc_table
                0x0000000008002230                tpl_dyn_proc_table
                0x0000000008002238                tpl_task_events_table
                0x000000000800223c                alarm_1_action
                0x0000000008002244                alarm_1_static
                0x0000000008002250                tpl_alarm_table
 .osConst       0x0000000008002254       0x70 build/appli_base/tpl_dispatch_table.c.o
                0x0000000008002254                tpl_dispatch_table
 *(.osApiConst)
 .osApiConst    0x00000000080022c4       0x18 build/appli_base/tpl_app_config.c.o
                0x00000000080022c4                ev1
                0x00000000080022c5                T_blink
                0x00000000080022c6                alarm_1
                0x00000000080022c8                OSTICKSPERBASE
                0x00000000080022cc                OSMAXALLOWEDVALUE
                0x00000000080022d0                OSMINCYCLE
                0x00000000080022d4                proc_name_table
                0x00000000080022dc                . = ALIGN (0x4)

apptext         0x00000000080022dc        0x0
                0x00000000080022dc                __PROGCONST_SECTION_START = .
                0x00000000080022dc                __SEG_START_APP_CODE_CONST_RGN = .
                0x00000000080022dc                . = ALIGN (0x4)
 *(.Task_T_blinkCode)
                0x00000000080022dc                . = ALIGN (0x4)

appconst        0x00000000080022dc      0x278
 *(.rodata)
 .rodata        0x00000000080022dc        0xf build/appli_base/tpl_app_config.c.o
 *fill*         0x00000000080022eb        0x1 
 .rodata        0x00000000080022ec       0x75 build/machines/cortex/armv7em/stm32f407/STM32F4xx_StdPeriph_Driver/stm32f4xx_gpio.c.o
 *fill*         0x0000000008002361        0x3 
 .rodata        0x0000000008002364       0x74 build/machines/cortex/armv7em/stm32f407/STM32F4xx_StdPeriph_Driver/stm32f4xx_rcc.c.o
 .rodata        0x00000000080023d8       0x75 build/machines/cortex/armv7em/stm32f407/STM32F4xx_StdPeriph_Driver/stm32f4xx_exti.c.o
 *fill*         0x000000000800244d        0x3 
 .rodata        0x0000000008002450       0x77 build/machines/cortex/armv7em/stm32f407/STM32F4xx_StdPeriph_Driver/stm32f4xx_syscfg.c.o
 *fill*         0x00000000080024c7        0x1 
 .rodata        0x00000000080024c8       0x6b build/machines/cortex/armv7em/stm32f407/STM32F4xx_StdPeriph_Driver/misc.c.o
 *(.rodata*)
 .rodata.OSDEFAULTAPPMODE
                0x0000000008002533        0x1 build/appli_base/tpl_app_config.c.o
                0x0000000008002533                OSDEFAULTAPPMODE
 .rodata.tpl_task_app_mode
                0x0000000008002534        0x1 build/appli_base/tpl_app_config.c.o
                0x0000000008002534                tpl_task_app_mode
 *fill*         0x0000000008002535        0x3 
 .rodata.tpl_alarm_app_mode
                0x0000000008002538        0x1 build/appli_base/tpl_app_config.c.o
                0x0000000008002538                tpl_alarm_app_mode
 *fill*         0x0000000008002539        0x3 
 .rodata.GPIO_PIN
                0x000000000800253c        0x8 build/machines/cortex/armv7em/stm32f407/stm32f4discovery/stm32f4_discovery.c.o
                0x000000000800253c                GPIO_PIN
 .rodata.GPIO_CLK
                0x0000000008002544       0x10 build/machines/cortex/armv7em/stm32f407/stm32f4discovery/stm32f4_discovery.c.o
                0x0000000008002544                GPIO_CLK
                0x0000000008002554                . = ALIGN (0x4)

procconst       0x0000000008002554        0x0
 *(.Task_T_blink_SEC_CONST_32BIT)
 *(.Task_T_blink_SEC_CALIB_32BIT)
 *(.Task_T_blink_SEC_CARTO_32BIT)
 *(.Task_T_blink_SEC_CONFIG_DATA_32BIT)
 *(.Task_T_blink_SEC_CONST_16BIT)
 *(.Task_T_blink_SEC_CALIB_16BIT)
 *(.Task_T_blink_SEC_CARTO_16BIT)
 *(.Task_T_blink_SEC_CONFIG_DATA_16BIT)
 *(.Task_T_blink_SEC_CONST_8BIT)
 *(.Task_T_blink_SEC_CALIB_8BIT)
 *(.Task_T_blink_SEC_CARTO_8BIT)
 *(.Task_T_blink_SEC_CONFIG_DATA_8BIT)
 *(.Task_T_blink_SEC_CONST_BOOLEAN)
 *(.Task_T_blink_SEC_CALIB_BOOLEAN)
 *(.Task_T_blink_SEC_CARTO_BOOLEAN)
 *(.Task_T_blink_SEC_CONFIG_DATA_BOOLEAN)
 *(.Task_T_blink_SEC_CONST_UNSPECIFIED)
 *(.Task_T_blink_SEC_CALIB_UNSPECIFIED)
 *(.Task_T_blink_SEC_CARTO_UNSPECIFIED)
 *(.Task_T_blink_SEC_CONFIG_DATA_UNSPECIFIED)
                0x0000000008002554                . = ALIGN (0x4)
                0x0000000008002553                __SEG_STOP_APP_CODE_CONST_RGN = (. - 0x1)
                0x0000000008002553                __PROGCONST_SECTION_STOP = (. - 0x1)

.text           0x0000000008002554      0xd44
                0x0000000008002554                . = ALIGN (0x4)
 *(.text)
 *(.text*)
 .text.main     0x0000000008002554       0x44 build/appli_base.c.o
                0x0000000008002554                main
 .text.T_blink_function
                0x0000000008002598       0x24 build/appli_base.c.o
                0x0000000008002598                T_blink_function
 .text.assert_failed
                0x00000000080025bc       0x14 build/appli_base.c.o
                0x00000000080025bc                assert_failed
 .text.NVIC_SetPriority
                0x00000000080025d0       0x54 build/machines/cortex/tpl_machine_cortex.c.o
 .text.idle_function
                0x0000000008002624        0x8 build/machines/cortex/tpl_machine_cortex.c.o
                0x0000000008002624                idle_function
 .text.NVIC_SetPriority
                0x000000000800262c       0x54 build/machines/cortex/armv7em/stm32f407/tpl_machine_stm32f407.c.o
 .text.__libc_init_array
                0x0000000008002680       0x6c build/machines/cortex/armv7em/stm32f407/startup_stm32f4xx.c.o
                0x0000000008002680                __libc_init_array
 .text.__libc_fini_array
                0x00000000080026ec       0x3c build/machines/cortex/armv7em/stm32f407/startup_stm32f4xx.c.o
                0x00000000080026ec                __libc_fini_array
 .text.SystemInit
                0x0000000008002728       0x58 build/machines/cortex/armv7em/stm32f407/system_stm32f4xx.c.o
                0x0000000008002728                SystemInit
 .text.SetSysClock
                0x0000000008002780       0xf4 build/machines/cortex/armv7em/stm32f407/system_stm32f4xx.c.o
 .text.NMI_Handler
                0x0000000008002874        0x8 build/machines/cortex/armv7em/stm32f407/handlers_stm32f4xx.c.o
                0x0000000008002874                NMI_Handler
 .text.HardFault_Handler
                0x000000000800287c       0x64 build/machines/cortex/armv7em/stm32f407/handlers_stm32f4xx.c.o
                0x000000000800287c                HardFault_Handler
 .text.MemManage_Handler
                0x00000000080028e0        0x8 build/machines/cortex/armv7em/stm32f407/handlers_stm32f4xx.c.o
                0x00000000080028e0                MemManage_Handler
 .text.BusFault_Handler
                0x00000000080028e8        0x8 build/machines/cortex/armv7em/stm32f407/handlers_stm32f4xx.c.o
                0x00000000080028e8                BusFault_Handler
 .text.UsageFault_Handler
                0x00000000080028f0        0x8 build/machines/cortex/armv7em/stm32f407/handlers_stm32f4xx.c.o
                0x00000000080028f0                UsageFault_Handler
 .text.DebugMonitor_Handler
                0x00000000080028f8        0x8 build/machines/cortex/armv7em/stm32f407/handlers_stm32f4xx.c.o
                0x00000000080028f8                DebugMonitor_Handler
 .text.GPIO_Init
                0x0000000008002900      0x244 build/machines/cortex/armv7em/stm32f407/STM32F4xx_StdPeriph_Driver/stm32f4xx_gpio.c.o
                0x0000000008002900                GPIO_Init
 .text.GPIO_ReadInputDataBit
                0x0000000008002b44      0x13c build/machines/cortex/armv7em/stm32f407/STM32F4xx_StdPeriph_Driver/stm32f4xx_gpio.c.o
                0x0000000008002b44                GPIO_ReadInputDataBit
 .text.RCC_AHB1PeriphClockCmd
                0x0000000008002c80       0x70 build/machines/cortex/armv7em/stm32f407/STM32F4xx_StdPeriph_Driver/stm32f4xx_rcc.c.o
                0x0000000008002c80                RCC_AHB1PeriphClockCmd
 .text.RCC_APB2PeriphClockCmd
                0x0000000008002cf0       0x70 build/machines/cortex/armv7em/stm32f407/STM32F4xx_StdPeriph_Driver/stm32f4xx_rcc.c.o
                0x0000000008002cf0                RCC_APB2PeriphClockCmd
 .text.EXTI_Init
                0x0000000008002d60      0x150 build/machines/cortex/armv7em/stm32f407/STM32F4xx_StdPeriph_Driver/stm32f4xx_exti.c.o
                0x0000000008002d60                EXTI_Init
 .text.SYSCFG_EXTILineConfig
                0x0000000008002eb0      0x138 build/machines/cortex/armv7em/stm32f407/STM32F4xx_StdPeriph_Driver/stm32f4xx_syscfg.c.o
                0x0000000008002eb0                SYSCFG_EXTILineConfig
 .text.NVIC_Init
                0x0000000008002fe8       0xf8 build/machines/cortex/armv7em/stm32f407/STM32F4xx_StdPeriph_Driver/misc.c.o
                0x0000000008002fe8                NVIC_Init
 .text.STM_EVAL_LEDInit
                0x00000000080030e0       0x5c build/machines/cortex/armv7em/stm32f407/stm32f4discovery/stm32f4_discovery.c.o
                0x00000000080030e0                STM_EVAL_LEDInit
 .text.STM_EVAL_LEDOn
                0x000000000800313c       0x30 build/machines/cortex/armv7em/stm32f407/stm32f4discovery/stm32f4_discovery.c.o
                0x000000000800313c                STM_EVAL_LEDOn
 .text.STM_EVAL_LEDOff
                0x000000000800316c       0x30 build/machines/cortex/armv7em/stm32f407/stm32f4discovery/stm32f4_discovery.c.o
                0x000000000800316c                STM_EVAL_LEDOff
 .text.STM_EVAL_LEDToggle
                0x000000000800319c       0x3c build/machines/cortex/armv7em/stm32f407/stm32f4discovery/stm32f4_discovery.c.o
                0x000000000800319c                STM_EVAL_LEDToggle
 .text.STM_EVAL_PBInit
                0x00000000080031d8       0x94 build/machines/cortex/armv7em/stm32f407/stm32f4discovery/stm32f4_discovery.c.o
                0x00000000080031d8                STM_EVAL_PBInit
 .text.STM_EVAL_PBGetState
                0x000000000800326c       0x2c build/machines/cortex/armv7em/stm32f407/stm32f4discovery/stm32f4_discovery.c.o
                0x000000000800326c                STM_EVAL_PBGetState
 *(.glue_7)
 .glue_7        0x0000000000000000        0x0 linker stubs
 *(.glue_7t)
 .glue_7t       0x0000000000000000        0x0 linker stubs
 *(.eh_frame)
 *(.init)
 *(.fini)
                0x0000000008003298                . = ALIGN (0x4)
                0x0000000008003298                _etext = .
                0x0000000008003298                _exit = .

.vfp11_veneer   0x0000000008003298        0x0
 .vfp11_veneer  0x0000000000000000        0x0 linker stubs

.v4_bx          0x0000000008003298        0x0
 .v4_bx         0x0000000000000000        0x0 linker stubs

.iplt           0x0000000008003298        0x0
 .iplt          0x0000000000000000        0x0 build/os/tpl_os_kernel.c.o

.after_vectors  0x0000000008003298       0x90
 .after_vectors
                0x0000000008003298       0x90 build/machines/cortex/armv7em/stm32f407/startup_stm32f4xx.c.o
                0x0000000008003298                tpl_continue_reset_handler
                0x00000000080032e0                system_init

.rel.dyn        0x0000000008003328        0x0
 .rel.iplt      0x0000000000000000        0x0 build/os/tpl_os_kernel.c.o

.ARM.extab
 *(.ARM.extab* .gnu.linkonce.armextab.*)

.ARM            0x0000000008003328        0x0
                0x0000000008003328                __exidx_start = .
 *(.ARM.exidx*)
                0x0000000008003328                __exidx_end = .

.preinit_array  0x0000000008003328        0x4
                0x0000000008003328                PROVIDE (__preinit_array_start, .)
 *(.preinit_array*)
 .preinit_array_sysinit
                0x0000000008003328        0x4 build/machines/cortex/armv7em/stm32f407/startup_stm32f4xx.c.o
                0x0000000008003328                p_system_init
                0x000000000800332c                PROVIDE (__preinit_array_end, .)

.init_array     0x000000000800332c        0x0
                0x000000000800332c                PROVIDE (__init_array_start, .)
 *(SORT(.init_array.*))
 *(.init_array*)
                0x000000000800332c                PROVIDE (__init_array_end, .)

.fini_array     0x000000000800332c        0x0
                0x000000000800332c                PROVIDE (__fini_array_start, .)
 *(.fini_array*)
 *(SORT(.fini_array.*))
                0x000000000800332c                PROVIDE (__fini_array_end, .)
                0x000000000800332c                _sidata = .

.data           0x0000000020000000       0xf4 load address 0x000000000800332c
                0x0000000020000000                . = ALIGN (0x4)
                0x0000000020000000                _sdata = .
 *(.data)
 *(.data*)
 .data.SystemCoreClock
                0x0000000020000000        0x4 build/machines/cortex/armv7em/stm32f407/system_stm32f4xx.c.o
                0x0000000020000000                SystemCoreClock
 .data.GPIO_PORT
                0x0000000020000004       0x10 build/machines/cortex/armv7em/stm32f407/stm32f4discovery/stm32f4_discovery.c.o
                0x0000000020000004                GPIO_PORT
 .data.BUTTON_PORT
                0x0000000020000014        0x4 build/machines/cortex/armv7em/stm32f407/stm32f4discovery/stm32f4_discovery.c.o
                0x0000000020000014                BUTTON_PORT
 .data.previousState.5518
                0x0000000020000018        0x1 build/machines/cortex/armv7em/stm32f407/stm32f4discovery/tp.c.o
 *(.osVar)
 .osVar         0x0000000020000019        0x1 build/os/tpl_os_timeobj_kernel.c.o
 .osVar         0x000000002000001a        0x1 build/os/tpl_os_os_kernel.c.o
 *fill*         0x000000002000001b        0x1 
 .osVar         0x000000002000001c       0x14 build/os/tpl_os_interrupt_kernel.c.o
                0x000000002000001c                tpl_locking_depth
                0x0000000020000020                tpl_user_task_lock
                0x0000000020000024                tpl_cpt_user_task_lock_All
                0x0000000020000028                tpl_cpt_user_task_lock_OS
                0x000000002000002c                tpl_cpt_os_task_lock
 .osVar         0x0000000020000030       0xc4 build/appli_base/tpl_app_config.c.o
                0x0000000020000030                res_sched_rez_desc
                0x0000000020000038                SystemCounter_counter_desc
                0x0000000020000054                tpl_time_counter
                0x0000000020000058                IDLE_TASK_int_context
                0x000000002000007c                IDLE_TASK_task_desc
                0x0000000020000084                T_blink_int_context
                0x00000000200000a8                T_blink_task_desc
                0x00000000200000b0                T_blink_task_evts
                0x00000000200000b4                alarm_1_alarm_desc
                0x00000000200000cc                tpl_ready_list
                0x00000000200000d4                tpl_tail_for_prio
                0x00000000200000d8                tpl_kern
 *(.Task_T_blink_SEC_VAR_POWER_ON_INIT_32BIT)
 *(.Task_T_blink_SEC_VAR_POWER_ON_INIT_16BIT)
 *(.Task_T_blink_SEC_VAR_POWER_ON_INIT_8BIT)
 *(.Task_T_blink_SEC_VAR_POWER_ON_INIT_BOOLEAN)
 *(.Task_T_blink_SEC_VAR_POWER_ON_INIT_UNSPECIFIED)
                0x00000000200000f4                . = ALIGN (0x4)
                0x00000000200000f4                _edata = .

.igot.plt       0x00000000200000f4        0x0 load address 0x0000000008003420
 .igot.plt      0x0000000000000000        0x0 build/os/tpl_os_kernel.c.o

.Task_IDLE_TASKStack
                0x00000000200000f4      0x12c load address 0x0000000008003420
 .Task_IDLE_TASKStack
                0x00000000200000f4      0x12c build/appli_base/tpl_app_config.c.o
                0x00000000200000f4                IDLE_TASK_stack_zone

.Task_T_blink_SEC_VAR
                0x0000000020000220        0x0
                0x0000000020000220                . = ALIGN (__SEG_ALIGN_Task_T_blink_VAR_RGN)
                0x0000000020000220                __SEG_START_Task_T_blink_VAR_RGN = .
 *(.Task_T_blink_SEC_VAR_NOINIT_32BIT)
 *(.Task_T_blink_SEC_VAR_FAST_32BIT)
 *(.Task_T_blink_SEC_VAR_32BIT)
 *(.Task_T_blink_SEC_VAR_NOINIT_16BIT)
 *(.Task_T_blink_SEC_VAR_FAST_16BIT)
 *(.Task_T_blink_SEC_VAR_16BIT)
 *(.Task_T_blink_SEC_VAR_NOINIT_8BIT)
 *(.Task_T_blink_SEC_VAR_FAST_8BIT)
 *(.Task_T_blink_SEC_VAR_8BIT)
 *(.Task_T_blink_SEC_VAR_NOINIT_BOOLEAN)
 *(.Task_T_blink_SEC_VAR_FAST_BOOLEAN)
 *(.Task_T_blink_SEC_VAR_BOOLEAN)
 *(.Task_T_blink_SEC_VAR_NOINIT_UNSPECIFIED)
 *(.Task_T_blink_SEC_VAR_FAST_UNSPECIFIED)
 *(.Task_T_blink_SEC_VAR_UNSPECIFIED)
                0x0000000020000220                __SEG_END_Task_T_blink_VAR_RGN = .
                0x0000000000001000                __SEG_SIZE_Task_T_blink_VAR_RGN = ((__SEG_END_Task_T_blink_VAR_RGN - __SEG_START_Task_T_blink_VAR_RGN) < 0x1000)?0x1000:__SEG_SIZE_Task_T_blink_VAR_RGN
                0x0000000000000400                __SEG_SIZE_Task_T_blink_VAR_RGN = ((__SEG_END_Task_T_blink_VAR_RGN - __SEG_START_Task_T_blink_VAR_RGN) < 0x400)?0x400:__SEG_SIZE_Task_T_blink_VAR_RGN
                0x0000000000000200                __SEG_SIZE_Task_T_blink_VAR_RGN = ((__SEG_END_Task_T_blink_VAR_RGN - __SEG_START_Task_T_blink_VAR_RGN) < 0x200)?0x200:__SEG_SIZE_Task_T_blink_VAR_RGN
                0x0000000000000100                __SEG_SIZE_Task_T_blink_VAR_RGN = ((__SEG_END_Task_T_blink_VAR_RGN - __SEG_START_Task_T_blink_VAR_RGN) < 0x100)?0x100:__SEG_SIZE_Task_T_blink_VAR_RGN
                0x0000000000000080                __SEG_SIZE_Task_T_blink_VAR_RGN = ((__SEG_END_Task_T_blink_VAR_RGN - __SEG_START_Task_T_blink_VAR_RGN) < 0x80)?0x80:__SEG_SIZE_Task_T_blink_VAR_RGN
                0x0000000000000040                __SEG_SIZE_Task_T_blink_VAR_RGN = ((__SEG_END_Task_T_blink_VAR_RGN - __SEG_START_Task_T_blink_VAR_RGN) < 0x40)?0x40:__SEG_SIZE_Task_T_blink_VAR_RGN
                0x0000000000000020                __SEG_SIZE_Task_T_blink_VAR_RGN = ((__SEG_END_Task_T_blink_VAR_RGN - __SEG_START_Task_T_blink_VAR_RGN) < 0x20)?0x20:__SEG_SIZE_Task_T_blink_VAR_RGN
                0x0000000020000240                __SEG_ALIGN_Task_T_blink_VAR_RGN = __SEG_SIZE_Task_T_blink_VAR_RGN

.Task_T_blink_SEC_STACK
                0x0000000020000220      0x30c load address 0x000000000800354c
                0x0000000020000400                . = ALIGN (__SEG_ALIGN_Task_T_blink_STACK_RGN)
 *fill*         0x0000000020000220      0x1e0 
                0x0000000020000400                __SEG_START_Task_T_blink_STACK_RGN = .
 *(.Task_T_blinkStack)
 .Task_T_blinkStack
                0x0000000020000400      0x12c build/appli_base/tpl_app_config.c.o
                0x0000000020000400                T_blink_stack_zone
                0x000000002000052c                . = ALIGN (0x4)
                0x000000002000052c                __SEG_END_Task_T_blink_STACK_RGN = .
                0x0000000000001000                __SEG_SIZE_Task_T_blink_STACK_RGN = ((__SEG_END_Task_T_blink_STACK_RGN - __SEG_START_Task_T_blink_STACK_RGN) < 0x1000)?0x1000:__SEG_SIZE_Task_T_blink_STACK_RGN
                0x0000000000000400                __SEG_SIZE_Task_T_blink_STACK_RGN = ((__SEG_END_Task_T_blink_STACK_RGN - __SEG_START_Task_T_blink_STACK_RGN) < 0x400)?0x400:__SEG_SIZE_Task_T_blink_STACK_RGN
                0x0000000000000200                __SEG_SIZE_Task_T_blink_STACK_RGN = ((__SEG_END_Task_T_blink_STACK_RGN - __SEG_START_Task_T_blink_STACK_RGN) < 0x200)?0x200:__SEG_SIZE_Task_T_blink_STACK_RGN
                [0x0000000020000420]                __SEG_SIZE_Task_T_blink_STACK_RGN = ((__SEG_END_Task_T_blink_STACK_RGN - __SEG_START_Task_T_blink_STACK_RGN) < 0x100)?0x100:__SEG_SIZE_Task_T_blink_STACK_RGN
                [0x0000000020000420]                __SEG_SIZE_Task_T_blink_STACK_RGN = ((__SEG_END_Task_T_blink_STACK_RGN - __SEG_START_Task_T_blink_STACK_RGN) < 0x80)?0x80:__SEG_SIZE_Task_T_blink_STACK_RGN
                [0x0000000020000420]                __SEG_SIZE_Task_T_blink_STACK_RGN = ((__SEG_END_Task_T_blink_STACK_RGN - __SEG_START_Task_T_blink_STACK_RGN) < 0x40)?0x40:__SEG_SIZE_Task_T_blink_STACK_RGN
                [0x0000000020000420]                __SEG_SIZE_Task_T_blink_STACK_RGN = ((__SEG_END_Task_T_blink_STACK_RGN - __SEG_START_Task_T_blink_STACK_RGN) < 0x20)?0x20:__SEG_SIZE_Task_T_blink_STACK_RGN
                0x0000000020000420                __SEG_ALIGN_Task_T_blink_STACK_RGN = __SEG_SIZE_Task_T_blink_STACK_RGN

appvars
                0x000000002000052c                . = ALIGN (0x4)

.bss            0x000000002000052c        0x0
                0x000000002000052c                _sbss = .
                0x000000002000052c                __bss_start__ = _sbss
 *(.bss)
 *(.bss*)
 *(COMMON)
                0x000000002000052c                . = ALIGN (0x4)
                0x000000002000052c                _ebss = .
                0x000000002000052c                __bss_end__ = _ebss

._user_heap_stack
                0x000000002000052c      0x400 load address 0x0000000008003858
                0x000000002000052c                . = ALIGN (0x4)
                0x000000002000052c                __heap_start__ = .
                0x000000002000052c                PROVIDE (end, .)
                0x000000002000052c                PROVIDE (_end, .)
                0x000000002000052c                . = (. + _Min_Heap_Size)
                0x000000002000092c                . = (. + _Min_Stack_Size)
 *fill*         0x000000002000052c      0x400 
                0x000000002000092c                . = ALIGN (0x4)

.memory_b1_text
 *(.mb1text)
 *(.mb1text*)
 *(.mb1rodata)
 *(.mb1rodata*)

/DISCARD/
 libc.a(*)
 libm.a(*)
 libgcc.a(*)

.ARM.attributes
                0x0000000000000000       0x35
 *(.ARM.attributes)
 .ARM.attributes
                0x0000000000000000       0x33 build/os/tpl_os_kernel.c.o
 .ARM.attributes
                0x0000000000000033       0x33 build/os/tpl_os_timeobj_kernel.c.o
 .ARM.attributes
                0x0000000000000066       0x33 build/os/tpl_os_action.c.o
 .ARM.attributes
                0x0000000000000099       0x33 build/os/tpl_os_os_kernel.c.o
 .ARM.attributes
                0x00000000000000cc       0x33 build/os/tpl_os_os.c.o
 .ARM.attributes
                0x00000000000000ff       0x33 build/os/tpl_os_interrupt_kernel.c.o
 .ARM.attributes
                0x0000000000000132       0x33 build/os/tpl_os_task_kernel.c.o
 .ARM.attributes
                0x0000000000000165       0x33 build/os/tpl_os_resource_kernel.c.o
 .ARM.attributes
                0x0000000000000198       0x33 build/os/tpl_os_event_kernel.c.o
 .ARM.attributes
                0x00000000000001cb       0x33 build/os/tpl_os_alarm_kernel.c.o
 .ARM.attributes
                0x00000000000001fe       0x33 build/appli_base.c.o
 .ARM.attributes
                0x0000000000000231       0x33 build/appli_base/tpl_app_config.c.o
 .ARM.attributes
                0x0000000000000264       0x33 build/appli_base/tpl_dispatch_table.c.o
 .ARM.attributes
                0x0000000000000297       0x25 build/appli_base/tpl_invoque.S.o
 .ARM.attributes
                0x00000000000002bc       0x25 build/appli_base/tpl_primary_irq.S.o
 .ARM.attributes
                0x00000000000002e1       0x33 build/appli_base/tpl_vectors.c.o
 .ARM.attributes
                0x0000000000000314       0x33 build/appli_base/tpl_external_interrupts.c.o
 .ARM.attributes
                0x0000000000000347       0x33 build/appli_base/tpl_app_interrupts.c.o
 .ARM.attributes
                0x000000000000037a       0x33 build/machines/cortex/tpl_machine_cortex.c.o
 .ARM.attributes
                0x00000000000003ad       0x25 build/machines/cortex/tpl_sc_handler.S.o
 .ARM.attributes
                0x00000000000003d2       0x25 build/machines/cortex/tpl_startup.S.o
 .ARM.attributes
                0x00000000000003f7       0x25 build/machines/cortex/armv7em/tpl_ctx_switch.S.o
 .ARM.attributes
                0x000000000000041c       0x25 build/machines/cortex/armv7em/tpl_ctx_switch_under_it.S.o
 .ARM.attributes
                0x0000000000000441       0x25 build/machines/cortex/armv7em/tpl_interrupts.S.o
 .ARM.attributes
                0x0000000000000466       0x33 build/machines/cortex/armv7em/stm32f407/tpl_machine_stm32f407.c.o
 .ARM.attributes
                0x0000000000000499       0x33 build/machines/cortex/armv7em/stm32f407/startup_stm32f4xx.c.o
 .ARM.attributes
                0x00000000000004cc       0x33 build/machines/cortex/armv7em/stm32f407/system_stm32f4xx.c.o
 .ARM.attributes
                0x00000000000004ff       0x33 build/machines/cortex/armv7em/stm32f407/handlers_stm32f4xx.c.o
 .ARM.attributes
                0x0000000000000532       0x33 build/machines/cortex/armv7em/stm32f407/STM32F4xx_StdPeriph_Driver/stm32f4xx_gpio.c.o
 .ARM.attributes
                0x0000000000000565       0x33 build/machines/cortex/armv7em/stm32f407/STM32F4xx_StdPeriph_Driver/stm32f4xx_rcc.c.o
 .ARM.attributes
                0x0000000000000598       0x33 build/machines/cortex/armv7em/stm32f407/STM32F4xx_StdPeriph_Driver/stm32f4xx_exti.c.o
 .ARM.attributes
                0x00000000000005cb       0x33 build/machines/cortex/armv7em/stm32f407/STM32F4xx_StdPeriph_Driver/stm32f4xx_syscfg.c.o
 .ARM.attributes
                0x00000000000005fe       0x33 build/machines/cortex/armv7em/stm32f407/STM32F4xx_StdPeriph_Driver/misc.c.o
 .ARM.attributes
                0x0000000000000631       0x33 build/machines/cortex/armv7em/stm32f407/stm32f4discovery/stm32f4_discovery.c.o
 .ARM.attributes
                0x0000000000000664       0x33 build/machines/cortex/armv7em/stm32f407/stm32f4discovery/tp.c.o
LOAD /opt/homebrew/Cellar/gcc-arm-none-eabi-49/20150925/bin/../lib/gcc/arm-none-eabi/4.9.3/../../../../arm-none-eabi/lib/libc.a
LOAD /opt/homebrew/Cellar/gcc-arm-none-eabi-49/20150925/bin/../lib/gcc/arm-none-eabi/4.9.3/libgcc.a
OUTPUT(appli_base_exe elf32-littlearm)

.debug_info     0x0000000000000000     0x930d
 .debug_info    0x0000000000000000      0xcf6 build/os/tpl_os_kernel.c.o
 .debug_info    0x0000000000000cf6      0x3d1 build/os/tpl_os_timeobj_kernel.c.o
 .debug_info    0x00000000000010c7      0x273 build/os/tpl_os_action.c.o
 .debug_info    0x000000000000133a      0x19c build/os/tpl_os_os_kernel.c.o
 .debug_info    0x00000000000014d6       0xe4 build/os/tpl_os_os.c.o
 .debug_info    0x00000000000015ba      0x50e build/os/tpl_os_interrupt_kernel.c.o
 .debug_info    0x0000000000001ac8      0x55a build/os/tpl_os_task_kernel.c.o
 .debug_info    0x0000000000002022      0x585 build/os/tpl_os_resource_kernel.c.o
 .debug_info    0x00000000000025a7      0x585 build/os/tpl_os_event_kernel.c.o
 .debug_info    0x0000000000002b2c      0x565 build/os/tpl_os_alarm_kernel.c.o
 .debug_info    0x0000000000003091      0x5b6 build/appli_base.c.o
 .debug_info    0x0000000000003647      0xa3e build/appli_base/tpl_app_config.c.o
 .debug_info    0x0000000000004085       0xca build/appli_base/tpl_dispatch_table.c.o
 .debug_info    0x000000000000414f       0x76 build/appli_base/tpl_invoque.S.o
 .debug_info    0x00000000000041c5       0x7a build/appli_base/tpl_primary_irq.S.o
 .debug_info    0x000000000000423f       0xe6 build/appli_base/tpl_vectors.c.o
 .debug_info    0x0000000000004325      0x2a5 build/appli_base/tpl_external_interrupts.c.o
 .debug_info    0x00000000000045ca       0xcd build/appli_base/tpl_app_interrupts.c.o
 .debug_info    0x0000000000004697      0x9e0 build/machines/cortex/tpl_machine_cortex.c.o
 .debug_info    0x0000000000005077       0xa5 build/machines/cortex/tpl_sc_handler.S.o
 .debug_info    0x000000000000511c       0xa2 build/machines/cortex/tpl_startup.S.o
 .debug_info    0x00000000000051be       0xad build/machines/cortex/armv7em/tpl_ctx_switch.S.o
 .debug_info    0x000000000000526b       0xb6 build/machines/cortex/armv7em/tpl_ctx_switch_under_it.S.o
 .debug_info    0x0000000000005321       0xad build/machines/cortex/armv7em/tpl_interrupts.S.o
 .debug_info    0x00000000000053ce      0x6b9 build/machines/cortex/armv7em/stm32f407/tpl_machine_stm32f407.c.o
 .debug_info    0x0000000000005a87      0x2ec build/machines/cortex/armv7em/stm32f407/startup_stm32f4xx.c.o
 .debug_info    0x0000000000005d73      0x5d6 build/machines/cortex/armv7em/stm32f407/system_stm32f4xx.c.o
 .debug_info    0x0000000000006349      0x57b build/machines/cortex/armv7em/stm32f407/handlers_stm32f4xx.c.o
 .debug_info    0x00000000000068c4      0x605 build/machines/cortex/armv7em/stm32f407/STM32F4xx_StdPeriph_Driver/stm32f4xx_gpio.c.o
 .debug_info    0x0000000000006ec9      0xe42 build/machines/cortex/armv7em/stm32f407/STM32F4xx_StdPeriph_Driver/stm32f4xx_rcc.c.o
 .debug_info    0x0000000000007d0b      0x364 build/machines/cortex/armv7em/stm32f407/STM32F4xx_StdPeriph_Driver/stm32f4xx_exti.c.o
 .debug_info    0x000000000000806f      0x290 build/machines/cortex/armv7em/stm32f407/STM32F4xx_StdPeriph_Driver/stm32f4xx_syscfg.c.o
 .debug_info    0x00000000000082ff      0x53d build/machines/cortex/armv7em/stm32f407/STM32F4xx_StdPeriph_Driver/misc.c.o
 .debug_info    0x000000000000883c      0x894 build/machines/cortex/armv7em/stm32f407/stm32f4discovery/stm32f4_discovery.c.o
 .debug_info    0x00000000000090d0      0x23d build/machines/cortex/armv7em/stm32f407/stm32f4discovery/tp.c.o

.debug_abbrev   0x0000000000000000     0x2357
 .debug_abbrev  0x0000000000000000      0x22f build/os/tpl_os_kernel.c.o
 .debug_abbrev  0x000000000000022f      0x138 build/os/tpl_os_timeobj_kernel.c.o
 .debug_abbrev  0x0000000000000367       0xcc build/os/tpl_os_action.c.o
 .debug_abbrev  0x0000000000000433       0xaa build/os/tpl_os_os_kernel.c.o
 .debug_abbrev  0x00000000000004dd       0x7f build/os/tpl_os_os.c.o
 .debug_abbrev  0x000000000000055c      0x17b build/os/tpl_os_interrupt_kernel.c.o
 .debug_abbrev  0x00000000000006d7      0x15c build/os/tpl_os_task_kernel.c.o
 .debug_abbrev  0x0000000000000833      0x161 build/os/tpl_os_resource_kernel.c.o
 .debug_abbrev  0x0000000000000994      0x122 build/os/tpl_os_event_kernel.c.o
 .debug_abbrev  0x0000000000000ab6      0x167 build/os/tpl_os_alarm_kernel.c.o
 .debug_abbrev  0x0000000000000c1d      0x15e build/appli_base.c.o
 .debug_abbrev  0x0000000000000d7b      0x15f build/appli_base/tpl_app_config.c.o
 .debug_abbrev  0x0000000000000eda       0x85 build/appli_base/tpl_dispatch_table.c.o
 .debug_abbrev  0x0000000000000f5f       0x14 build/appli_base/tpl_invoque.S.o
 .debug_abbrev  0x0000000000000f73       0x14 build/appli_base/tpl_primary_irq.S.o
 .debug_abbrev  0x0000000000000f87       0xa4 build/appli_base/tpl_vectors.c.o
 .debug_abbrev  0x000000000000102b       0xaf build/appli_base/tpl_external_interrupts.c.o
 .debug_abbrev  0x00000000000010da       0x67 build/appli_base/tpl_app_interrupts.c.o
 .debug_abbrev  0x0000000000001141      0x289 build/machines/cortex/tpl_machine_cortex.c.o
 .debug_abbrev  0x00000000000013ca       0x14 build/machines/cortex/tpl_sc_handler.S.o
 .debug_abbrev  0x00000000000013de       0x14 build/machines/cortex/tpl_startup.S.o
 .debug_abbrev  0x00000000000013f2       0x14 build/machines/cortex/armv7em/tpl_ctx_switch.S.o
 .debug_abbrev  0x0000000000001406       0x14 build/machines/cortex/armv7em/tpl_ctx_switch_under_it.S.o
 .debug_abbrev  0x000000000000141a       0x14 build/machines/cortex/armv7em/tpl_interrupts.S.o
 .debug_abbrev  0x000000000000142e      0x163 build/machines/cortex/armv7em/stm32f407/tpl_machine_stm32f407.c.o
 .debug_abbrev  0x0000000000001591      0x135 build/machines/cortex/armv7em/stm32f407/startup_stm32f4xx.c.o
 .debug_abbrev  0x00000000000016c6      0x136 build/machines/cortex/armv7em/stm32f407/system_stm32f4xx.c.o
 .debug_abbrev  0x00000000000017fc      0x129 build/machines/cortex/armv7em/stm32f407/handlers_stm32f4xx.c.o
 .debug_abbrev  0x0000000000001925      0x1a3 build/machines/cortex/armv7em/stm32f407/STM32F4xx_StdPeriph_Driver/stm32f4xx_gpio.c.o
 .debug_abbrev  0x0000000000001ac8      0x1b8 build/machines/cortex/armv7em/stm32f407/STM32F4xx_StdPeriph_Driver/stm32f4xx_rcc.c.o
 .debug_abbrev  0x0000000000001c80      0x1bf build/machines/cortex/armv7em/stm32f407/STM32F4xx_StdPeriph_Driver/stm32f4xx_exti.c.o
 .debug_abbrev  0x0000000000001e3f      0x131 build/machines/cortex/armv7em/stm32f407/STM32F4xx_StdPeriph_Driver/stm32f4xx_syscfg.c.o
 .debug_abbrev  0x0000000000001f70      0x145 build/machines/cortex/armv7em/stm32f407/STM32F4xx_StdPeriph_Driver/misc.c.o
 .debug_abbrev  0x00000000000020b5      0x194 build/machines/cortex/armv7em/stm32f407/stm32f4discovery/stm32f4_discovery.c.o
 .debug_abbrev  0x0000000000002249      0x10e build/machines/cortex/armv7em/stm32f407/stm32f4discovery/tp.c.o

.debug_aranges  0x0000000000000000      0x9d8
 .debug_aranges
                0x0000000000000000       0xd8 build/os/tpl_os_kernel.c.o
 .debug_aranges
                0x00000000000000d8       0x40 build/os/tpl_os_timeobj_kernel.c.o
 .debug_aranges
                0x0000000000000118       0x30 build/os/tpl_os_action.c.o
 .debug_aranges
                0x0000000000000148       0x38 build/os/tpl_os_os_kernel.c.o
 .debug_aranges
                0x0000000000000180       0x20 build/os/tpl_os_os.c.o
 .debug_aranges
                0x00000000000001a0       0x68 build/os/tpl_os_interrupt_kernel.c.o
 .debug_aranges
                0x0000000000000208       0x48 build/os/tpl_os_task_kernel.c.o
 .debug_aranges
                0x0000000000000250       0x30 build/os/tpl_os_resource_kernel.c.o
 .debug_aranges
                0x0000000000000280       0x38 build/os/tpl_os_event_kernel.c.o
 .debug_aranges
                0x00000000000002b8       0x48 build/os/tpl_os_alarm_kernel.c.o
 .debug_aranges
                0x0000000000000300       0x30 build/appli_base.c.o
 .debug_aranges
                0x0000000000000330       0x28 build/appli_base/tpl_app_config.c.o
 .debug_aranges
                0x0000000000000358       0x18 build/appli_base/tpl_dispatch_table.c.o
 .debug_aranges
                0x0000000000000370       0x20 build/appli_base/tpl_invoque.S.o
 .debug_aranges
                0x0000000000000390       0x20 build/appli_base/tpl_primary_irq.S.o
 .debug_aranges
                0x00000000000003b0       0x18 build/appli_base/tpl_vectors.c.o
 .debug_aranges
                0x00000000000003c8       0x20 build/appli_base/tpl_external_interrupts.c.o
 .debug_aranges
                0x00000000000003e8       0x30 build/appli_base/tpl_app_interrupts.c.o
 .debug_aranges
                0x0000000000000418       0x58 build/machines/cortex/tpl_machine_cortex.c.o
 .debug_aranges
                0x0000000000000470       0x20 build/machines/cortex/tpl_sc_handler.S.o
 .debug_aranges
                0x0000000000000490       0x20 build/machines/cortex/tpl_startup.S.o
 .debug_aranges
                0x00000000000004b0       0x20 build/machines/cortex/armv7em/tpl_ctx_switch.S.o
 .debug_aranges
                0x00000000000004d0       0x20 build/machines/cortex/armv7em/tpl_ctx_switch_under_it.S.o
 .debug_aranges
                0x00000000000004f0       0x20 build/machines/cortex/armv7em/tpl_interrupts.S.o
 .debug_aranges
                0x0000000000000510       0x30 build/machines/cortex/armv7em/stm32f407/tpl_machine_stm32f407.c.o
 .debug_aranges
                0x0000000000000540       0x48 build/machines/cortex/armv7em/stm32f407/startup_stm32f4xx.c.o
 .debug_aranges
                0x0000000000000588       0x30 build/machines/cortex/armv7em/stm32f407/system_stm32f4xx.c.o
 .debug_aranges
                0x00000000000005b8       0x60 build/machines/cortex/armv7em/stm32f407/handlers_stm32f4xx.c.o
 .debug_aranges
                0x0000000000000618       0x88 build/machines/cortex/armv7em/stm32f407/STM32F4xx_StdPeriph_Driver/stm32f4xx_gpio.c.o
 .debug_aranges
                0x00000000000006a0      0x1c0 build/machines/cortex/armv7em/stm32f407/STM32F4xx_StdPeriph_Driver/stm32f4xx_rcc.c.o
 .debug_aranges
                0x0000000000000860       0x58 build/machines/cortex/armv7em/stm32f407/STM32F4xx_StdPeriph_Driver/stm32f4xx_exti.c.o
 .debug_aranges
                0x00000000000008b8       0x50 build/machines/cortex/armv7em/stm32f407/STM32F4xx_StdPeriph_Driver/stm32f4xx_syscfg.c.o
 .debug_aranges
                0x0000000000000908       0x40 build/machines/cortex/armv7em/stm32f407/STM32F4xx_StdPeriph_Driver/misc.c.o
 .debug_aranges
                0x0000000000000948       0x48 build/machines/cortex/armv7em/stm32f407/stm32f4discovery/stm32f4_discovery.c.o
 .debug_aranges
                0x0000000000000990       0x48 build/machines/cortex/armv7em/stm32f407/stm32f4discovery/tp.c.o

.debug_ranges   0x0000000000000000      0x728
 .debug_ranges  0x0000000000000000       0xc8 build/os/tpl_os_kernel.c.o
 .debug_ranges  0x00000000000000c8       0x30 build/os/tpl_os_timeobj_kernel.c.o
 .debug_ranges  0x00000000000000f8       0x20 build/os/tpl_os_action.c.o
 .debug_ranges  0x0000000000000118       0x28 build/os/tpl_os_os_kernel.c.o
 .debug_ranges  0x0000000000000140       0x10 build/os/tpl_os_os.c.o
 .debug_ranges  0x0000000000000150       0x58 build/os/tpl_os_interrupt_kernel.c.o
 .debug_ranges  0x00000000000001a8       0x38 build/os/tpl_os_task_kernel.c.o
 .debug_ranges  0x00000000000001e0       0x20 build/os/tpl_os_resource_kernel.c.o
 .debug_ranges  0x0000000000000200       0x28 build/os/tpl_os_event_kernel.c.o
 .debug_ranges  0x0000000000000228       0x38 build/os/tpl_os_alarm_kernel.c.o
 .debug_ranges  0x0000000000000260       0x20 build/appli_base.c.o
 .debug_ranges  0x0000000000000280       0x18 build/appli_base/tpl_app_config.c.o
 .debug_ranges  0x0000000000000298       0x10 build/appli_base/tpl_external_interrupts.c.o
 .debug_ranges  0x00000000000002a8       0x20 build/appli_base/tpl_app_interrupts.c.o
 .debug_ranges  0x00000000000002c8       0x48 build/machines/cortex/tpl_machine_cortex.c.o
 .debug_ranges  0x0000000000000310       0x20 build/machines/cortex/armv7em/stm32f407/tpl_machine_stm32f407.c.o
 .debug_ranges  0x0000000000000330       0x38 build/machines/cortex/armv7em/stm32f407/startup_stm32f4xx.c.o
 .debug_ranges  0x0000000000000368       0x20 build/machines/cortex/armv7em/stm32f407/system_stm32f4xx.c.o
 .debug_ranges  0x0000000000000388       0x50 build/machines/cortex/armv7em/stm32f407/handlers_stm32f4xx.c.o
 .debug_ranges  0x00000000000003d8       0x78 build/machines/cortex/armv7em/stm32f407/STM32F4xx_StdPeriph_Driver/stm32f4xx_gpio.c.o
 .debug_ranges  0x0000000000000450      0x1b0 build/machines/cortex/armv7em/stm32f407/STM32F4xx_StdPeriph_Driver/stm32f4xx_rcc.c.o
 .debug_ranges  0x0000000000000600       0x48 build/machines/cortex/armv7em/stm32f407/STM32F4xx_StdPeriph_Driver/stm32f4xx_exti.c.o
 .debug_ranges  0x0000000000000648       0x40 build/machines/cortex/armv7em/stm32f407/STM32F4xx_StdPeriph_Driver/stm32f4xx_syscfg.c.o
 .debug_ranges  0x0000000000000688       0x30 build/machines/cortex/armv7em/stm32f407/STM32F4xx_StdPeriph_Driver/misc.c.o
 .debug_ranges  0x00000000000006b8       0x38 build/machines/cortex/armv7em/stm32f407/stm32f4discovery/stm32f4_discovery.c.o
 .debug_ranges  0x00000000000006f0       0x38 build/machines/cortex/armv7em/stm32f407/stm32f4discovery/tp.c.o

.debug_line     0x0000000000000000     0x62a6
 .debug_line    0x0000000000000000      0x465 build/os/tpl_os_kernel.c.o
 .debug_line    0x0000000000000465      0x2d2 build/os/tpl_os_timeobj_kernel.c.o
 .debug_line    0x0000000000000737      0x23d build/os/tpl_os_action.c.o
 .debug_line    0x0000000000000974      0x21a build/os/tpl_os_os_kernel.c.o
 .debug_line    0x0000000000000b8e      0x1f4 build/os/tpl_os_os.c.o
 .debug_line    0x0000000000000d82      0x2b9 build/os/tpl_os_interrupt_kernel.c.o
 .debug_line    0x000000000000103b      0x350 build/os/tpl_os_task_kernel.c.o
 .debug_line    0x000000000000138b      0x30d build/os/tpl_os_resource_kernel.c.o
 .debug_line    0x0000000000001698      0x347 build/os/tpl_os_event_kernel.c.o
 .debug_line    0x00000000000019df      0x362 build/os/tpl_os_alarm_kernel.c.o
 .debug_line    0x0000000000001d41      0x357 build/appli_base.c.o
 .debug_line    0x0000000000002098      0x303 build/appli_base/tpl_app_config.c.o
 .debug_line    0x000000000000239b      0x194 build/appli_base/tpl_dispatch_table.c.o
 .debug_line    0x000000000000252f      0x189 build/appli_base/tpl_invoque.S.o
 .debug_line    0x00000000000026b8       0x61 build/appli_base/tpl_primary_irq.S.o
 .debug_line    0x0000000000002719      0x1da build/appli_base/tpl_vectors.c.o
 .debug_line    0x00000000000028f3      0x1e8 build/appli_base/tpl_external_interrupts.c.o
 .debug_line    0x0000000000002adb      0x166 build/appli_base/tpl_app_interrupts.c.o
 .debug_line    0x0000000000002c41      0x35b build/machines/cortex/tpl_machine_cortex.c.o
 .debug_line    0x0000000000002f9c       0xad build/machines/cortex/tpl_sc_handler.S.o
 .debug_line    0x0000000000003049       0x7b build/machines/cortex/tpl_startup.S.o
 .debug_line    0x00000000000030c4       0x9d build/machines/cortex/armv7em/tpl_ctx_switch.S.o
 .debug_line    0x0000000000003161       0xa2 build/machines/cortex/armv7em/tpl_ctx_switch_under_it.S.o
 .debug_line    0x0000000000003203       0x98 build/machines/cortex/armv7em/tpl_interrupts.S.o
 .debug_line    0x000000000000329b      0x2b6 build/machines/cortex/armv7em/stm32f407/tpl_machine_stm32f407.c.o
 .debug_line    0x0000000000003551      0x18c build/machines/cortex/armv7em/stm32f407/startup_stm32f4xx.c.o
 .debug_line    0x00000000000036dd      0x297 build/machines/cortex/armv7em/stm32f407/system_stm32f4xx.c.o
 .debug_line    0x0000000000003974      0x392 build/machines/cortex/armv7em/stm32f407/handlers_stm32f4xx.c.o
 .debug_line    0x0000000000003d06      0x901 build/machines/cortex/armv7em/stm32f407/STM32F4xx_StdPeriph_Driver/stm32f4xx_gpio.c.o
 .debug_line    0x0000000000004607      0xbdf build/machines/cortex/armv7em/stm32f407/STM32F4xx_StdPeriph_Driver/stm32f4xx_rcc.c.o
 .debug_line    0x00000000000051e6      0x43d build/machines/cortex/armv7em/stm32f407/STM32F4xx_StdPeriph_Driver/stm32f4xx_exti.c.o
 .debug_line    0x0000000000005623      0x379 build/machines/cortex/armv7em/stm32f407/STM32F4xx_StdPeriph_Driver/stm32f4xx_syscfg.c.o
 .debug_line    0x000000000000599c      0x30a build/machines/cortex/armv7em/stm32f407/STM32F4xx_StdPeriph_Driver/misc.c.o
 .debug_line    0x0000000000005ca6      0x34d build/machines/cortex/armv7em/stm32f407/stm32f4discovery/stm32f4_discovery.c.o
 .debug_line    0x0000000000005ff3      0x2b3 build/machines/cortex/armv7em/stm32f407/stm32f4discovery/tp.c.o

.debug_str      0x0000000000000000     0x34ad
 .debug_str     0x0000000000000000      0x883 build/os/tpl_os_kernel.c.o
                                        0x993 (size before relaxing)
 .debug_str     0x0000000000000883      0x115 build/os/tpl_os_timeobj_kernel.c.o
                                        0x3e3 (size before relaxing)
 .debug_str     0x0000000000000998      0x14e build/os/tpl_os_action.c.o
                                        0x361 (size before relaxing)
 .debug_str     0x0000000000000ae6       0xad build/os/tpl_os_os_kernel.c.o
                                        0x2b5 (size before relaxing)
 .debug_str     0x0000000000000b93       0x4a build/os/tpl_os_os.c.o
                                        0x217 (size before relaxing)
 .debug_str     0x0000000000000bdd      0x1e5 build/os/tpl_os_interrupt_kernel.c.o
                                        0x62c (size before relaxing)
 .debug_str     0x0000000000000dc2       0xd3 build/os/tpl_os_task_kernel.c.o
                                        0x55a (size before relaxing)
 .debug_str     0x0000000000000e95       0xdb build/os/tpl_os_resource_kernel.c.o
                                        0x588 (size before relaxing)
 .debug_str     0x0000000000000f70       0x9b build/os/tpl_os_event_kernel.c.o
                                        0x586 (size before relaxing)
 .debug_str     0x000000000000100b      0x181 build/os/tpl_os_alarm_kernel.c.o
                                        0x4cb (size before relaxing)
 .debug_str     0x000000000000118c      0x25a build/appli_base.c.o
                                        0x456 (size before relaxing)
 .debug_str     0x00000000000013e6      0x1c6 build/appli_base/tpl_app_config.c.o
                                        0x916 (size before relaxing)
 .debug_str     0x00000000000015ac       0x43 build/appli_base/tpl_dispatch_table.c.o
                                        0x1f0 (size before relaxing)
 .debug_str     0x00000000000015ef       0x3f build/appli_base/tpl_vectors.c.o
                                        0x1ec (size before relaxing)
 .debug_str     0x000000000000162e       0x42 build/appli_base/tpl_external_interrupts.c.o
                                        0x324 (size before relaxing)
 .debug_str     0x0000000000001670       0x68 build/appli_base/tpl_app_interrupts.c.o
                                        0x215 (size before relaxing)
 .debug_str     0x00000000000016d8      0x6be build/machines/cortex/tpl_machine_cortex.c.o
                                        0xaeb (size before relaxing)
 .debug_str     0x0000000000001d96       0xc0 build/machines/cortex/armv7em/stm32f407/tpl_machine_stm32f407.c.o
                                        0x877 (size before relaxing)
 .debug_str     0x0000000000001e56      0x185 build/machines/cortex/armv7em/stm32f407/startup_stm32f4xx.c.o
                                        0x2f5 (size before relaxing)
 .debug_str     0x0000000000001fdb       0xec build/machines/cortex/armv7em/stm32f407/system_stm32f4xx.c.o
                                        0x43c (size before relaxing)
 .debug_str     0x00000000000020c7      0x149 build/machines/cortex/armv7em/stm32f407/handlers_stm32f4xx.c.o
                                        0x482 (size before relaxing)
 .debug_str     0x0000000000002210      0x35e build/machines/cortex/armv7em/stm32f407/STM32F4xx_StdPeriph_Driver/stm32f4xx_gpio.c.o
                                        0x51b (size before relaxing)
 .debug_str     0x000000000000256e      0x701 build/machines/cortex/armv7em/stm32f407/STM32F4xx_StdPeriph_Driver/stm32f4xx_rcc.c.o
                                        0xa3d (size before relaxing)
 .debug_str     0x0000000000002c6f      0x1f8 build/machines/cortex/armv7em/stm32f407/STM32F4xx_StdPeriph_Driver/stm32f4xx_exti.c.o
                                        0x3ed (size before relaxing)
 .debug_str     0x0000000000002e67      0x1a8 build/machines/cortex/armv7em/stm32f407/STM32F4xx_StdPeriph_Driver/stm32f4xx_syscfg.c.o
                                        0x389 (size before relaxing)
 .debug_str     0x000000000000300f      0x1af build/machines/cortex/armv7em/stm32f407/STM32F4xx_StdPeriph_Driver/misc.c.o
                                        0x449 (size before relaxing)
 .debug_str     0x00000000000031be      0x1f6 build/machines/cortex/armv7em/stm32f407/stm32f4discovery/stm32f4_discovery.c.o
                                        0xbb5 (size before relaxing)
 .debug_str     0x00000000000033b4       0xf9 build/machines/cortex/armv7em/stm32f407/stm32f4discovery/tp.c.o
                                        0x2ef (size before relaxing)

.comment        0x0000000000000000       0x70
 .comment       0x0000000000000000       0x70 build/os/tpl_os_kernel.c.o
                                         0x71 (size before relaxing)
 .comment       0x0000000000000000       0x71 build/os/tpl_os_timeobj_kernel.c.o
 .comment       0x0000000000000000       0x71 build/os/tpl_os_action.c.o
 .comment       0x0000000000000000       0x71 build/os/tpl_os_os_kernel.c.o
 .comment       0x0000000000000000       0x71 build/os/tpl_os_os.c.o
 .comment       0x0000000000000000       0x71 build/os/tpl_os_interrupt_kernel.c.o
 .comment       0x0000000000000000       0x71 build/os/tpl_os_task_kernel.c.o
 .comment       0x0000000000000000       0x71 build/os/tpl_os_resource_kernel.c.o
 .comment       0x0000000000000000       0x71 build/os/tpl_os_event_kernel.c.o
 .comment       0x0000000000000000       0x71 build/os/tpl_os_alarm_kernel.c.o
 .comment       0x0000000000000000       0x71 build/appli_base.c.o
 .comment       0x0000000000000000       0x71 build/appli_base/tpl_app_config.c.o
 .comment       0x0000000000000000       0x71 build/appli_base/tpl_dispatch_table.c.o
 .comment       0x0000000000000000       0x71 build/appli_base/tpl_vectors.c.o
 .comment       0x0000000000000000       0x71 build/appli_base/tpl_external_interrupts.c.o
 .comment       0x0000000000000000       0x71 build/appli_base/tpl_app_interrupts.c.o
 .comment       0x0000000000000000       0x71 build/machines/cortex/tpl_machine_cortex.c.o
 .comment       0x0000000000000000       0x71 build/machines/cortex/armv7em/stm32f407/tpl_machine_stm32f407.c.o
 .comment       0x0000000000000000       0x71 build/machines/cortex/armv7em/stm32f407/startup_stm32f4xx.c.o
 .comment       0x0000000000000000       0x71 build/machines/cortex/armv7em/stm32f407/system_stm32f4xx.c.o
 .comment       0x0000000000000000       0x71 build/machines/cortex/armv7em/stm32f407/handlers_stm32f4xx.c.o
 .comment       0x0000000000000000       0x71 build/machines/cortex/armv7em/stm32f407/STM32F4xx_StdPeriph_Driver/stm32f4xx_gpio.c.o
 .comment       0x0000000000000000       0x71 build/machines/cortex/armv7em/stm32f407/STM32F4xx_StdPeriph_Driver/stm32f4xx_rcc.c.o
 .comment       0x0000000000000000       0x71 build/machines/cortex/armv7em/stm32f407/STM32F4xx_StdPeriph_Driver/stm32f4xx_exti.c.o
 .comment       0x0000000000000000       0x71 build/machines/cortex/armv7em/stm32f407/STM32F4xx_StdPeriph_Driver/stm32f4xx_syscfg.c.o
 .comment       0x0000000000000000       0x71 build/machines/cortex/armv7em/stm32f407/STM32F4xx_StdPeriph_Driver/misc.c.o
 .comment       0x0000000000000000       0x71 build/machines/cortex/armv7em/stm32f407/stm32f4discovery/stm32f4_discovery.c.o
 .comment       0x0000000000000000       0x71 build/machines/cortex/armv7em/stm32f407/stm32f4discovery/tp.c.o

.debug_frame    0x0000000000000000     0x1d74
 .debug_frame   0x0000000000000000      0x364 build/os/tpl_os_kernel.c.o
 .debug_frame   0x0000000000000364       0xcc build/os/tpl_os_timeobj_kernel.c.o
 .debug_frame   0x0000000000000430       0x7c build/os/tpl_os_action.c.o
 .debug_frame   0x00000000000004ac       0xa0 build/os/tpl_os_os_kernel.c.o
 .debug_frame   0x000000000000054c       0x34 build/os/tpl_os_os.c.o
 .debug_frame   0x0000000000000580      0x14c build/os/tpl_os_interrupt_kernel.c.o
 .debug_frame   0x00000000000006cc       0xe8 build/os/tpl_os_task_kernel.c.o
 .debug_frame   0x00000000000007b4       0x84 build/os/tpl_os_resource_kernel.c.o
 .debug_frame   0x0000000000000838       0xa0 build/os/tpl_os_event_kernel.c.o
 .debug_frame   0x00000000000008d8       0xe8 build/os/tpl_os_alarm_kernel.c.o
 .debug_frame   0x00000000000009c0       0x70 build/appli_base.c.o
 .debug_frame   0x0000000000000a30       0x48 build/appli_base/tpl_app_config.c.o
 .debug_frame   0x0000000000000a78       0x30 build/appli_base/tpl_external_interrupts.c.o
 .debug_frame   0x0000000000000aa8       0x70 build/appli_base/tpl_app_interrupts.c.o
 .debug_frame   0x0000000000000b18      0x118 build/machines/cortex/tpl_machine_cortex.c.o
 .debug_frame   0x0000000000000c30       0x78 build/machines/cortex/armv7em/stm32f407/tpl_machine_stm32f407.c.o
 .debug_frame   0x0000000000000ca8       0xf0 build/machines/cortex/armv7em/stm32f407/startup_stm32f4xx.c.o
 .debug_frame   0x0000000000000d98       0x7c build/machines/cortex/armv7em/stm32f407/system_stm32f4xx.c.o
 .debug_frame   0x0000000000000e14       0xf8 build/machines/cortex/armv7em/stm32f407/handlers_stm32f4xx.c.o
 .debug_frame   0x0000000000000f0c      0x214 build/machines/cortex/armv7em/stm32f407/STM32F4xx_StdPeriph_Driver/stm32f4xx_gpio.c.o
 .debug_frame   0x0000000000001120      0x77c build/machines/cortex/armv7em/stm32f407/STM32F4xx_StdPeriph_Driver/stm32f4xx_rcc.c.o
 .debug_frame   0x000000000000189c      0x130 build/machines/cortex/armv7em/stm32f407/STM32F4xx_StdPeriph_Driver/stm32f4xx_exti.c.o
 .debug_frame   0x00000000000019cc      0x10c build/machines/cortex/armv7em/stm32f407/STM32F4xx_StdPeriph_Driver/stm32f4xx_syscfg.c.o
 .debug_frame   0x0000000000001ad8       0xc4 build/machines/cortex/armv7em/stm32f407/STM32F4xx_StdPeriph_Driver/misc.c.o
 .debug_frame   0x0000000000001b9c       0xf4 build/machines/cortex/armv7em/stm32f407/stm32f4discovery/stm32f4_discovery.c.o
 .debug_frame   0x0000000000001c90       0xe4 build/machines/cortex/armv7em/stm32f407/stm32f4discovery/tp.c.o
