
Allocating common symbols
Common symbol       size              file

NVIC_InitStructure  0x4               build/machines/cortex/armv7em/stm32f407/stm32f4discovery/stm32f4_discovery.c.o

Discarded input sections

 .text          0x0000000000000000        0x0 build/os/tpl_os_kernel.c.o
 .data          0x0000000000000000        0x0 build/os/tpl_os_kernel.c.o
 .bss           0x0000000000000000        0x0 build/os/tpl_os_kernel.c.o
 .osVar         0x0000000000000000        0x3 build/os/tpl_os_kernel.c.o
 .text          0x0000000000000000        0x0 build/os/tpl_os_timeobj_kernel.c.o
 .data          0x0000000000000000        0x0 build/os/tpl_os_timeobj_kernel.c.o
 .bss           0x0000000000000000        0x0 build/os/tpl_os_timeobj_kernel.c.o
 .text          0x0000000000000000        0x0 build/os/tpl_os_action.c.o
 .data          0x0000000000000000        0x0 build/os/tpl_os_action.c.o
 .bss           0x0000000000000000        0x0 build/os/tpl_os_action.c.o
 .text          0x0000000000000000        0x0 build/os/tpl_os_error.c.o
 .data          0x0000000000000000        0x0 build/os/tpl_os_error.c.o
 .bss           0x0000000000000000        0x0 build/os/tpl_os_error.c.o
 .debug_info    0x0000000000000000       0x92 build/os/tpl_os_error.c.o
 .debug_abbrev  0x0000000000000000       0x4b build/os/tpl_os_error.c.o
 .debug_aranges
                0x0000000000000000       0x18 build/os/tpl_os_error.c.o
 .debug_line    0x0000000000000000      0x12f build/os/tpl_os_error.c.o
 .debug_str     0x0000000000000000      0x1e6 build/os/tpl_os_error.c.o
 .comment       0x0000000000000000       0x71 build/os/tpl_os_error.c.o
 .ARM.attributes
                0x0000000000000000       0x33 build/os/tpl_os_error.c.o
 .text          0x0000000000000000        0x0 build/os/tpl_os_os_kernel.c.o
 .data          0x0000000000000000        0x0 build/os/tpl_os_os_kernel.c.o
 .bss           0x0000000000000000        0x0 build/os/tpl_os_os_kernel.c.o
 .text          0x0000000000000000        0x0 build/os/tpl_os_os.c.o
 .data          0x0000000000000000        0x0 build/os/tpl_os_os.c.o
 .bss           0x0000000000000000        0x0 build/os/tpl_os_os.c.o
 .text          0x0000000000000000        0x0 build/os/tpl_os_interrupt_kernel.c.o
 .data          0x0000000000000000        0x0 build/os/tpl_os_interrupt_kernel.c.o
 .bss           0x0000000000000000        0x0 build/os/tpl_os_interrupt_kernel.c.o
 .text          0x0000000000000000        0x0 build/os/tpl_os_task_kernel.c.o
 .data          0x0000000000000000        0x0 build/os/tpl_os_task_kernel.c.o
 .bss           0x0000000000000000        0x0 build/os/tpl_os_task_kernel.c.o
 .text          0x0000000000000000        0x0 build/os/tpl_os_resource_kernel.c.o
 .data          0x0000000000000000        0x0 build/os/tpl_os_resource_kernel.c.o
 .bss           0x0000000000000000        0x0 build/os/tpl_os_resource_kernel.c.o
 .osConst       0x0000000000000000        0x2 build/os/tpl_os_resource_kernel.c.o
 .text          0x0000000000000000        0x0 build/os/tpl_os_event_kernel.c.o
 .data          0x0000000000000000        0x0 build/os/tpl_os_event_kernel.c.o
 .bss           0x0000000000000000        0x0 build/os/tpl_os_event_kernel.c.o
 .text          0x0000000000000000        0x0 build/os/tpl_os_alarm_kernel.c.o
 .data          0x0000000000000000        0x0 build/os/tpl_os_alarm_kernel.c.o
 .bss           0x0000000000000000        0x0 build/os/tpl_os_alarm_kernel.c.o
 .osConst       0x0000000000000000        0x1 build/os/tpl_os_alarm_kernel.c.o
 .text          0x0000000000000000        0x0 build/appli_base.c.o
 .data          0x0000000000000000        0x0 build/appli_base.c.o
 .bss           0x0000000000000000        0x0 build/appli_base.c.o
 .bss.test      0x0000000000000000        0x4 build/appli_base.c.o
 .text          0x0000000000000000        0x0 build/appli_base/tpl_app_config.c.o
 .data          0x0000000000000000        0x0 build/appli_base/tpl_app_config.c.o
 .bss           0x0000000000000000        0x0 build/appli_base/tpl_app_config.c.o
 .rodata.std    0x0000000000000000        0x1 build/appli_base/tpl_app_config.c.o
 .text          0x0000000000000000        0x0 build/appli_base/tpl_dispatch_table.c.o
 .data          0x0000000000000000        0x0 build/appli_base/tpl_dispatch_table.c.o
 .bss           0x0000000000000000        0x0 build/appli_base/tpl_dispatch_table.c.o
 .text          0x0000000000000000        0x0 build/appli_base/tpl_invoque.S.o
 .data          0x0000000000000000        0x0 build/appli_base/tpl_invoque.S.o
 .bss           0x0000000000000000        0x0 build/appli_base/tpl_invoque.S.o
 .text          0x0000000000000000        0x0 build/appli_base/tpl_primary_irq.S.o
 .data          0x0000000000000000        0x0 build/appli_base/tpl_primary_irq.S.o
 .bss           0x0000000000000000        0x0 build/appli_base/tpl_primary_irq.S.o
 .osVar         0x0000000000000000        0x0 build/appli_base/tpl_primary_irq.S.o
[...]
Memory Configuration

Name             Origin             Length             Attributes
VECTOR           0x0000000008000000 0x0000000000000188 xr
FLASH            0x0000000008000188 0x000000000000fe78 xr
RAM              0x0000000020000000 0x0000000000020000 xrw
MEMORY_B1        0x0000000060000000 0x0000000000000000 xr
*default*        0x0000000000000000 0xffffffffffffffff

Linker script and memory map

LOAD build/os/tpl_os_kernel.c.o
LOAD build/os/tpl_os_timeobj_kernel.c.o
LOAD build/os/tpl_os_action.c.o
LOAD build/os/tpl_os_error.c.o
LOAD build/os/tpl_os_os_kernel.c.o
LOAD build/os/tpl_os_os.c.o
LOAD build/os/tpl_os_interrupt_kernel.c.o
LOAD build/os/tpl_os_task_kernel.c.o
LOAD build/os/tpl_os_resource_kernel.c.o
LOAD build/os/tpl_os_event_kernel.c.o
LOAD build/os/tpl_os_alarm_kernel.c.o
LOAD build/appli_base.c.o
LOAD build/appli_base/tpl_app_config.c.o
LOAD build/appli_base/tpl_dispatch_table.c.o
LOAD build/appli_base/tpl_invoque.S.o
LOAD build/appli_base/tpl_primary_irq.S.o
LOAD build/appli_base/tpl_vectors.c.o
LOAD build/appli_base/tpl_external_interrupts.c.o
LOAD build/appli_base/tpl_app_interrupts.c.o
LOAD build/machines/cortex/tpl_machine_cortex.c.o
LOAD build/machines/cortex/tpl_sc_handler.S.o
LOAD build/machines/cortex/tpl_startup.S.o
LOAD build/machines/cortex/armv7em/tpl_ctx_switch.S.o
LOAD build/machines/cortex/armv7em/tpl_ctx_switch_under_it.S.o
LOAD build/machines/cortex/armv7em/tpl_interrupts.S.o
LOAD build/machines/cortex/armv7em/stm32f407/tpl_memory_protection.c.o
LOAD build/machines/cortex/armv7em/stm32f407/tpl_machine_stm32f407.c.o
LOAD build/machines/cortex/armv7em/stm32f407/startup_stm32f4xx.c.o
LOAD build/machines/cortex/armv7em/stm32f407/system_stm32f4xx.c.o
LOAD build/machines/cortex/armv7em/stm32f407/handlers_stm32f4xx.c.o
LOAD build/machines/cortex/armv7em/stm32f407/lib/pinAccess.c.o
LOAD build/machines/cortex/armv7em/stm32f407/STM32F4xx_StdPeriph_Driver/stm32f4xx_gpio.c.o
LOAD build/machines/cortex/armv7em/stm32f407/STM32F4xx_StdPeriph_Driver/stm32f4xx_rcc.c.o
LOAD build/machines/cortex/armv7em/stm32f407/STM32F4xx_StdPeriph_Driver/stm32f4xx_exti.c.o
LOAD build/machines/cortex/armv7em/stm32f407/STM32F4xx_StdPeriph_Driver/stm32f4xx_syscfg.c.o
LOAD build/machines/cortex/armv7em/stm32f407/STM32F4xx_StdPeriph_Driver/misc.c.o
LOAD build/machines/cortex/armv7em/stm32f407/stm32f4discovery/stm32f4_discovery.c.o
LOAD build/machines/cortex/armv7em/stm32f407/stm32f4discovery/tp.c.o
                0x0000000020020000                _estack = 0x20020000
                0x0000000000000000                _Min_Heap_Size = 0x0
                0x0000000000000400                _Min_Stack_Size = 0x400

.isr_vector     0x0000000008000000      0x188
                0x0000000008000000                . = ALIGN (0x4)
 *(.isr_vector)
 .isr_vector    0x0000000008000000      0x188 build/appli_base/tpl_vectors.c.o
                0x0000000008000000                tpl_it_vectors
                0x0000000008000188                . = ALIGN (0x4)
                0x0000000008000188                . = ALIGN (0x4)

ostext          0x0000000008000188     0x23b0
 *(.SC_handler)
 *(.EI_handler)
 *(.osCode)
 .osCode        0x0000000008000188      0x950 build/os/tpl_os_kernel.c.o
                0x0000000008000188                tpl_compare_entries
                0x000000000800021c                tpl_bubble_up
                0x000000000800029c                tpl_bubble_down
                0x0000000008000354                tpl_put_new_proc
                0x00000000080003e0                tpl_put_preempted_proc
                0x000000000800043c                tpl_front_proc
                0x000000000800046c                tpl_remove_front_proc
                0x00000000080004d0                tpl_current_os_state
                0x0000000008000524                tpl_get_internal_resource
                0x00000000080005b0                tpl_release_internal_resource
                0x0000000008000600                tpl_preempt
                0x000000000800062c                tpl_run_elected
                0x00000000080006e0                tpl_start
                0x000000000800074c                tpl_schedule_from_running
                0x0000000008000794                tpl_terminate
                0x00000000080007f4                tpl_block
                0x0000000008000820                tpl_start_scheduling
                0x0000000008000834                tpl_activate_task
                0x00000000080008d0                tpl_release
                0x000000000800090c                tpl_set_event
                0x000000000800098c                tpl_init_proc
                0x00000000080009bc                tpl_init_os
                0x0000000008000a5c                tpl_call_terminate_task_service
                0x0000000008000a90                tpl_call_terminate_isr2_service
 .osCode        0x0000000008000ad8      0x2f8 build/os/tpl_os_timeobj_kernel.c.o
                0x0000000008000ad8                tpl_enable_counters
                0x0000000008000af0                tpl_insert_time_obj
                0x0000000008000bd0                tpl_remove_time_obj
                0x0000000008000cf4                tpl_counter_tick
 .osCode        0x0000000008000dd0       0x60 build/os/tpl_os_action.c.o
                0x0000000008000dd0                tpl_action_callback
                0x0000000008000de4                tpl_action_activate_task
                0x0000000008000e08                tpl_action_setevent
 .osCode        0x0000000008000e30       0xa8 build/os/tpl_os_os_kernel.c.o
                0x0000000008000e30                tpl_get_active_application_mode_service
                0x0000000008000e60                tpl_start_os_service
                0x0000000008000eac                tpl_call_shutdown_os
                0x0000000008000ec0                tpl_shutdown_os_service
 .osCode        0x0000000008000ed8      0x3ec build/os/tpl_os_interrupt_kernel.c.o
                0x0000000008000ed8                tpl_get_interrupt_lock_status
                0x0000000008000f1c                tpl_reset_interrupt_lock_status
                0x0000000008000f58                tpl_suspend_all_interrupts_service
                0x0000000008000f80                tpl_resume_all_interrupts_service
                0x0000000008000fb8                tpl_disable_all_interrupts_service
                0x0000000008000fe4                tpl_enable_all_interrupts_service
                0x0000000008001000                tpl_suspend_os_interrupts_service
                0x0000000008001028                tpl_resume_os_interrupts_service
                0x0000000008001060                tpl_terminate_isr2_service
                0x00000000080010d0                tpl_null_it
                0x0000000008001148                tpl_central_interrupt_handler
                0x00000000080011dc                tpl_fast_central_interrupt_handler
                0x0000000008001238                tpl_central_interrupt_handler_2
                0x0000000008001254                tpl_mask_isr2_priority
                0x000000000800128c                tpl_unmask_isr2_priority
 .osCode        0x00000000080012c4      0x2b8 build/os/tpl_os_task_kernel.c.o
                0x00000000080012c4                tpl_activate_task_service
                0x0000000008001328                tpl_terminate_task_service
                0x0000000008001398                tpl_chain_task_service
                0x0000000008001448                tpl_schedule_service
                0x00000000080014c8                tpl_get_task_id_service
                0x0000000008001518                tpl_get_task_state_service
 .osCode        0x000000000800157c      0x208 build/os/tpl_os_resource_kernel.c.o
                0x000000000800157c                tpl_release_all_resources
                0x00000000080015d8                tpl_get_resource_service
                0x00000000080016d4                tpl_release_resource_service
 .osCode        0x0000000008001784      0x260 build/os/tpl_os_event_kernel.c.o
                0x0000000008001784                tpl_set_event_service
                0x0000000008001834                tpl_clear_event_service
                0x00000000080018b8                tpl_get_event_service
                0x0000000008001950                tpl_wait_event_service
 .osCode        0x00000000080019e4      0x344 build/os/tpl_os_alarm_kernel.c.o
                0x00000000080019e4                tpl_raise_alarm
                0x0000000008001a08                tpl_get_alarm_base_service
                0x0000000008001a78                tpl_get_alarm_service
                0x0000000008001b04                tpl_set_rel_alarm_service
                0x0000000008001bf8                tpl_set_abs_alarm_service
                0x0000000008001cc4                tpl_cancel_alarm_service
 .osCode        0x0000000008001d28       0x64 build/appli_base/tpl_app_config.c.o
                0x0000000008001d28                tpl_tick_SysTick
                0x0000000008001d5c                EXTI0_IRQ_Handler
                0x0000000008001d80                SysTick_Handler
 .osCode        0x0000000008001d8c       0x5c build/appli_base/tpl_primary_irq.S.o
                0x0000000008001d8c                tpl_primary_irq_handler_EXTI0_IRQ
                0x0000000008001db8                tpl_primary_irq_handler_SysTick
 .osCode        0x0000000008001de8       0x78 build/appli_base/tpl_external_interrupts.c.o
                0x0000000008001de8                tpl_init_external_interrupts
 .osCode        0x0000000008001e60       0x70 build/appli_base/tpl_app_interrupts.c.o
                0x0000000008001e60                tpl_disable_priority_3_interrupts
                0x0000000008001e78                tpl_enable_priority_3_interrupts
                0x0000000008001e90                tpl_init_it_priority
                0x0000000008001ea0                tpl_disable_os_interrupts
                0x0000000008001eb8                tpl_enable_os_interrupts
 .osCode        0x0000000008001ed0       0xf0 build/machines/cortex/tpl_machine_cortex.c.o
                0x0000000008001ed0                tpl_init_machine_generic
                0x0000000008001edc                tpl_init_machine_specific
                0x0000000008001f0c                tpl_init_context
                0x0000000008001f88                tpl_check_stack_footprint
                0x0000000008001fa4                tpl_init_machine
                0x0000000008001fb4                tpl_shutdown
 .osCode        0x0000000008001fc0       0x6c build/machines/cortex/tpl_sc_handler.S.o
                0x0000000008001fc0                tpl_sc_handler
 .osCode        0x000000000800202c       0x1c build/machines/cortex/tpl_startup.S.o
                0x000000000800202c                tpl_reset_handler
 .osCode        0x0000000008002048       0x4c build/machines/cortex/armv7em/tpl_ctx_switch.S.o
                0x0000000008002048                tpl_save_context
                0x000000000800206e                tpl_load_context
 .osCode        0x0000000008002094       0x44 build/machines/cortex/armv7em/tpl_ctx_switch_under_it.S.o
                0x0000000008002094                tpl_save_context_under_it
                0x00000000080020b6                tpl_load_context_under_it
 .osCode        0x00000000080020d8       0x30 build/machines/cortex/armv7em/tpl_interrupts.S.o
                0x00000000080020d8                tpl_disable_interrupts
                0x00000000080020ea                tpl_enable_interrupts
 .osCode        0x0000000008002108       0x7c build/machines/cortex/armv7em/stm32f407/tpl_machine_stm32f407.c.o
                0x0000000008002158                tpl_set_systick_timer
 .osCode        0x0000000008002184      0x104 build/machines/cortex/armv7em/stm32f407/stm32f4discovery/tp.c.o
                0x0000000008002184                initBoard
                0x00000000080021ac                ledOn
                0x00000000080021cc                ledOff
                0x00000000080021ec                ledToggle
                0x000000000800220c                readButton
                0x000000000800225c                delay
 *(.osApiCode)
 .osApiCode     0x0000000008002288       0x28 build/os/tpl_os_os.c.o
                0x0000000008002288                StartOS
 .osApiCode     0x00000000080022b0      0x288 build/appli_base/tpl_invoque.S.o
                0x00000000080022b0                GetActiveApplicationMode
                0x00000000080022c6                tpl_start_os
                0x00000000080022dc                ShutdownOS
                0x00000000080022f2                EnableAllInterrupts
                0x000000000800230c                DisableAllInterrupts
                0x0000000008002326                ResumeAllInterrupts
                0x0000000008002340                SuspendAllInterrupts
                0x000000000800235a                ResumeOSInterrupts
                0x0000000008002374                SuspendOSInterrupts
                0x000000000800238e                CallTerminateISR2
                0x00000000080023a8                ActivateTask
                0x00000000080023be                TerminateTask
                0x00000000080023d4                ChainTask
                0x00000000080023ea                Schedule
                0x0000000008002400                GetTaskID
                0x0000000008002416                GetTaskState
                0x000000000800242c                CallTerminateTask
                0x0000000008002446                GetResource
                0x000000000800245c                ReleaseResource
                0x0000000008002472                SetEvent
                0x0000000008002488                ClearEvent
                0x000000000800249e                GetEvent
                0x00000000080024b4                WaitEvent
                0x00000000080024ca                GetAlarmBase
                0x00000000080024e0                GetAlarm
                0x00000000080024f6                SetRelAlarm
                0x000000000800250c                SetAbsAlarm
                0x0000000008002522                CancelAlarm
 *(.appCommonCode)
                0x0000000008002538                . = ALIGN (0x4)

osconst         0x0000000008002538      0x128
 *(.osConst)
 .osConst       0x0000000008002538        0x2 build/os/tpl_os_kernel.c.o
                0x0000000008002538                INVALID_PROC
                0x0000000008002539                INVALID_TASK
 *fill*         0x000000000800253a        0x2 
 .osConst       0x000000000800253c       0x90 build/appli_base/tpl_app_config.c.o
                0x000000000800253c                tpl_resource_table
                0x0000000008002540                IDLE_TASK_task_stat_desc
                0x0000000008002558                T_blink_task_stat_desc
                0x0000000008002570                button_isr_stat_desc
                0x0000000008002588                button_isr_helper
                0x0000000008002594                tpl_stat_proc_table
                0x00000000080025a0                tpl_dyn_proc_table
                0x00000000080025ac                tpl_task_events_table
                0x00000000080025b0                tpl_isr_stat_table
                0x00000000080025b4                alarm_1_action
                0x00000000080025bc                alarm_1_static
                0x00000000080025c8                tpl_alarm_table
 .osConst       0x00000000080025cc       0x70 build/appli_base/tpl_dispatch_table.c.o
                0x00000000080025cc                tpl_dispatch_table
 .osConst       0x000000000800263c        0x8 build/appli_base/tpl_app_interrupts.c.o
                0x000000000800263c                tpl_enable_table
                0x0000000008002640                tpl_disable_table
 *(.osApiConst)
 .osApiConst    0x0000000008002644       0x1c build/appli_base/tpl_app_config.c.o
                0x0000000008002644                ev1
                0x0000000008002645                T_blink
                0x0000000008002646                alarm_1
                0x0000000008002648                OSTICKSPERBASE
                0x000000000800264c                OSMAXALLOWEDVALUE
                0x0000000008002650                OSMINCYCLE
                0x0000000008002654                proc_name_table
                0x0000000008002660                . = ALIGN (0x4)

apptext         0x0000000008002660        0x0
                0x0000000008002660                __PROGCONST_SECTION_START = .
                0x0000000008002660                __SEG_START_APP_CODE_CONST_RGN = .
                0x0000000008002660                . = ALIGN (0x4)
 *(.Task_T_blinkCode)
 *(.ISR_buttonCode)
                0x0000000008002660                . = ALIGN (0x4)

appconst        0x0000000008002660      0x280
 *(.rodata)
 .rodata        0x0000000008002660       0x17 build/appli_base/tpl_app_config.c.o
 *fill*         0x0000000008002677        0x1 
 .rodata        0x0000000008002678       0x75 build/machines/cortex/armv7em/stm32f407/STM32F4xx_StdPeriph_Driver/stm32f4xx_gpio.c.o
 *fill*         0x00000000080026ed        0x3 
 .rodata        0x00000000080026f0       0x74 build/machines/cortex/armv7em/stm32f407/STM32F4xx_StdPeriph_Driver/stm32f4xx_rcc.c.o
 .rodata        0x0000000008002764       0x75 build/machines/cortex/armv7em/stm32f407/STM32F4xx_StdPeriph_Driver/stm32f4xx_exti.c.o
 *fill*         0x00000000080027d9        0x3 
 .rodata        0x00000000080027dc       0x77 build/machines/cortex/armv7em/stm32f407/STM32F4xx_StdPeriph_Driver/stm32f4xx_syscfg.c.o
 *fill*         0x0000000008002853        0x1 
 .rodata        0x0000000008002854       0x6b build/machines/cortex/armv7em/stm32f407/STM32F4xx_StdPeriph_Driver/misc.c.o
 *(.rodata*)
 .rodata.OSDEFAULTAPPMODE
                0x00000000080028bf        0x1 build/appli_base/tpl_app_config.c.o
                0x00000000080028bf                OSDEFAULTAPPMODE
 .rodata.tpl_task_app_mode
                0x00000000080028c0        0x1 build/appli_base/tpl_app_config.c.o
                0x00000000080028c0                tpl_task_app_mode
 *fill*         0x00000000080028c1        0x3 
 .rodata.tpl_alarm_app_mode
                0x00000000080028c4        0x1 build/appli_base/tpl_app_config.c.o
                0x00000000080028c4                tpl_alarm_app_mode
 *fill*         0x00000000080028c5        0x3 
 .rodata.GPIO_PIN
                0x00000000080028c8        0x8 build/machines/cortex/armv7em/stm32f407/stm32f4discovery/stm32f4_discovery.c.o
                0x00000000080028c8                GPIO_PIN
 .rodata.GPIO_CLK
                0x00000000080028d0       0x10 build/machines/cortex/armv7em/stm32f407/stm32f4discovery/stm32f4_discovery.c.o
                0x00000000080028d0                GPIO_CLK
                0x00000000080028e0                . = ALIGN (0x4)

procconst       0x00000000080028e0        0x0
 *(.Task_T_blink_SEC_CONST_32BIT)
 *(.Task_T_blink_SEC_CALIB_32BIT)
 *(.Task_T_blink_SEC_CARTO_32BIT)
 *(.Task_T_blink_SEC_CONFIG_DATA_32BIT)
 *(.Task_T_blink_SEC_CONST_16BIT)
 *(.Task_T_blink_SEC_CALIB_16BIT)
 *(.Task_T_blink_SEC_CARTO_16BIT)
 *(.Task_T_blink_SEC_CONFIG_DATA_16BIT)
 *(.Task_T_blink_SEC_CONST_8BIT)
 *(.Task_T_blink_SEC_CALIB_8BIT)
 *(.Task_T_blink_SEC_CARTO_8BIT)
 *(.Task_T_blink_SEC_CONFIG_DATA_8BIT)
 *(.Task_T_blink_SEC_CONST_BOOLEAN)
 *(.Task_T_blink_SEC_CALIB_BOOLEAN)
 *(.Task_T_blink_SEC_CARTO_BOOLEAN)
 *(.Task_T_blink_SEC_CONFIG_DATA_BOOLEAN)
 *(.Task_T_blink_SEC_CONST_UNSPECIFIED)
 *(.Task_T_blink_SEC_CALIB_UNSPECIFIED)
 *(.Task_T_blink_SEC_CARTO_UNSPECIFIED)
 *(.Task_T_blink_SEC_CONFIG_DATA_UNSPECIFIED)
 *(.ISR_button_SEC_CONST_32BIT)
 *(.ISR_button_SEC_CALIB_32BIT)
 *(.ISR_button_SEC_CARTO_32BIT)
 *(.ISR_button_SEC_CONFIG_DATA_32BIT)
 *(.ISR_button_SEC_CONST_16BIT)
 *(.ISR_button_SEC_CALIB_16BIT)
 *(.ISR_button_SEC_CARTO_16BIT)
 *(.ISR_button_SEC_CONFIG_DATA_16BIT)
 *(.ISR_button_SEC_CONST_8BIT)
 *(.ISR_button_SEC_CALIB_8BIT)
 *(.ISR_button_SEC_CARTO_8BIT)
 *(.ISR_button_SEC_CONFIG_DATA_8BIT)
 *(.ISR_button_SEC_CONST_BOOLEAN)
 *(.ISR_button_SEC_CALIB_BOOLEAN)
 *(.ISR_button_SEC_CARTO_BOOLEAN)
 *(.ISR_button_SEC_CONFIG_DATA_BOOLEAN)
 *(.ISR_button_SEC_CONST_UNSPECIFIED)
 *(.ISR_button_SEC_CALIB_UNSPECIFIED)
 *(.ISR_button_SEC_CARTO_UNSPECIFIED)
 *(.ISR_button_SEC_CONFIG_DATA_UNSPECIFIED)
                0x00000000080028e0                . = ALIGN (0x4)
                0x00000000080028df                __SEG_STOP_APP_CODE_CONST_RGN = (. - 0x1)
                0x00000000080028df                __PROGCONST_SECTION_STOP = (. - 0x1)

.text           0x00000000080028e0     0x1144
                0x00000000080028e0                . = ALIGN (0x4)
 *(.text)
 *(.text*)
 .text.main     0x00000000080028e0       0x44 build/appli_base.c.o
                0x00000000080028e0                main
 .text.button_function
                0x0000000008002924       0x30 build/appli_base.c.o
                0x0000000008002924                button_function
 .text.T_blink_function
                0x0000000008002954       0x30 build/appli_base.c.o
                0x0000000008002954                T_blink_function
 .text.assert_failed
                0x0000000008002984       0x14 build/appli_base.c.o
                0x0000000008002984                assert_failed
 .text.NVIC_EnableIRQ
                0x0000000008002998       0x30 build/appli_base/tpl_external_interrupts.c.o
 .text.NVIC_SetPriority
                0x00000000080029c8       0x54 build/appli_base/tpl_external_interrupts.c.o
 .text.NVIC_SetPriority
                0x0000000008002a1c       0x54 build/appli_base/tpl_app_interrupts.c.o
 .text.NVIC_SetPriority
                0x0000000008002a70       0x54 build/machines/cortex/tpl_machine_cortex.c.o
 .text.idle_function
                0x0000000008002ac4        0x8 build/machines/cortex/tpl_machine_cortex.c.o
                0x0000000008002ac4                idle_function
 .text.NVIC_SetPriority
                0x0000000008002acc       0x54 build/machines/cortex/armv7em/stm32f407/tpl_machine_stm32f407.c.o
 .text.__libc_init_array
                0x0000000008002b20       0x6c build/machines/cortex/armv7em/stm32f407/startup_stm32f4xx.c.o
                0x0000000008002b20                __libc_init_array
 .text.__libc_fini_array
                0x0000000008002b8c       0x3c build/machines/cortex/armv7em/stm32f407/startup_stm32f4xx.c.o
                0x0000000008002b8c                __libc_fini_array
 .text.SystemInit
                0x0000000008002bc8       0x58 build/machines/cortex/armv7em/stm32f407/system_stm32f4xx.c.o
                0x0000000008002bc8                SystemInit
 .text.SetSysClock
                0x0000000008002c20       0xf4 build/machines/cortex/armv7em/stm32f407/system_stm32f4xx.c.o
 .text.NMI_Handler
                0x0000000008002d14        0x8 build/machines/cortex/armv7em/stm32f407/handlers_stm32f4xx.c.o
                0x0000000008002d14                NMI_Handler
 .text.HardFault_Handler
                0x0000000008002d1c       0x64 build/machines/cortex/armv7em/stm32f407/handlers_stm32f4xx.c.o
                0x0000000008002d1c                HardFault_Handler
 .text.MemManage_Handler
                0x0000000008002d80        0x8 build/machines/cortex/armv7em/stm32f407/handlers_stm32f4xx.c.o
                0x0000000008002d80                MemManage_Handler
 .text.BusFault_Handler
                0x0000000008002d88        0x8 build/machines/cortex/armv7em/stm32f407/handlers_stm32f4xx.c.o
                0x0000000008002d88                BusFault_Handler
 .text.UsageFault_Handler
                0x0000000008002d90        0x8 build/machines/cortex/armv7em/stm32f407/handlers_stm32f4xx.c.o
                0x0000000008002d90                UsageFault_Handler
 .text.DebugMonitor_Handler
                0x0000000008002d98        0x8 build/machines/cortex/armv7em/stm32f407/handlers_stm32f4xx.c.o
                0x0000000008002d98                DebugMonitor_Handler
 .text.clockForGpio
                0x0000000008002da0      0x134 build/machines/cortex/armv7em/stm32f407/lib/pinAccess.c.o
                0x0000000008002da0                clockForGpio
 .text.pinMode  0x0000000008002ed4      0x1b8 build/machines/cortex/armv7em/stm32f407/lib/pinAccess.c.o
                0x0000000008002ed4                pinMode
 .text.GPIO_Init
                0x000000000800308c      0x244 build/machines/cortex/armv7em/stm32f407/STM32F4xx_StdPeriph_Driver/stm32f4xx_gpio.c.o
                0x000000000800308c                GPIO_Init
 .text.GPIO_ReadInputDataBit
                0x00000000080032d0      0x13c build/machines/cortex/armv7em/stm32f407/STM32F4xx_StdPeriph_Driver/stm32f4xx_gpio.c.o
                0x00000000080032d0                GPIO_ReadInputDataBit
 .text.RCC_AHB1PeriphClockCmd
                0x000000000800340c       0x70 build/machines/cortex/armv7em/stm32f407/STM32F4xx_StdPeriph_Driver/stm32f4xx_rcc.c.o
                0x000000000800340c                RCC_AHB1PeriphClockCmd
 .text.RCC_APB2PeriphClockCmd
                0x000000000800347c       0x70 build/machines/cortex/armv7em/stm32f407/STM32F4xx_StdPeriph_Driver/stm32f4xx_rcc.c.o
                0x000000000800347c                RCC_APB2PeriphClockCmd
 .text.EXTI_Init
                0x00000000080034ec      0x150 build/machines/cortex/armv7em/stm32f407/STM32F4xx_StdPeriph_Driver/stm32f4xx_exti.c.o
                0x00000000080034ec                EXTI_Init
 .text.SYSCFG_EXTILineConfig
                0x000000000800363c      0x138 build/machines/cortex/armv7em/stm32f407/STM32F4xx_StdPeriph_Driver/stm32f4xx_syscfg.c.o
                0x000000000800363c                SYSCFG_EXTILineConfig
 .text.NVIC_Init
                0x0000000008003774       0xf8 build/machines/cortex/armv7em/stm32f407/STM32F4xx_StdPeriph_Driver/misc.c.o
                0x0000000008003774                NVIC_Init
 .text.STM_EVAL_LEDInit
                0x000000000800386c       0x5c build/machines/cortex/armv7em/stm32f407/stm32f4discovery/stm32f4_discovery.c.o
                0x000000000800386c                STM_EVAL_LEDInit
 .text.STM_EVAL_LEDOn
                0x00000000080038c8       0x30 build/machines/cortex/armv7em/stm32f407/stm32f4discovery/stm32f4_discovery.c.o
                0x00000000080038c8                STM_EVAL_LEDOn
 .text.STM_EVAL_LEDOff
                0x00000000080038f8       0x30 build/machines/cortex/armv7em/stm32f407/stm32f4discovery/stm32f4_discovery.c.o
                0x00000000080038f8                STM_EVAL_LEDOff
 .text.STM_EVAL_LEDToggle
                0x0000000008003928       0x3c build/machines/cortex/armv7em/stm32f407/stm32f4discovery/stm32f4_discovery.c.o
                0x0000000008003928                STM_EVAL_LEDToggle
 .text.STM_EVAL_PBInit
                0x0000000008003964       0x94 build/machines/cortex/armv7em/stm32f407/stm32f4discovery/stm32f4_discovery.c.o
                0x0000000008003964                STM_EVAL_PBInit
 .text.STM_EVAL_PBGetState
                0x00000000080039f8       0x2c build/machines/cortex/armv7em/stm32f407/stm32f4discovery/stm32f4_discovery.c.o
                0x00000000080039f8                STM_EVAL_PBGetState
 *(.glue_7)
 .glue_7        0x0000000000000000        0x0 linker stubs
 *(.glue_7t)
 .glue_7t       0x0000000000000000        0x0 linker stubs
 *(.eh_frame)
 *(.init)
 *(.fini)
                0x0000000008003a24                . = ALIGN (0x4)
                0x0000000008003a24                _etext = .
                0x0000000008003a24                _exit = .

.vfp11_veneer   0x0000000008003a24        0x0
 .vfp11_veneer  0x0000000000000000        0x0 linker stubs

.v4_bx          0x0000000008003a24        0x0
 .v4_bx         0x0000000000000000        0x0 linker stubs

.iplt           0x0000000008003a24        0x0
 .iplt          0x0000000000000000        0x0 build/os/tpl_os_kernel.c.o

.after_vectors  0x0000000008003a24       0x90
 .after_vectors
                0x0000000008003a24       0x90 build/machines/cortex/armv7em/stm32f407/startup_stm32f4xx.c.o
                0x0000000008003a24                tpl_continue_reset_handler
                0x0000000008003a6c                system_init

.rel.dyn        0x0000000008003ab4        0x0
 .rel.iplt      0x0000000000000000        0x0 build/os/tpl_os_kernel.c.o

.ARM.extab
 *(.ARM.extab* .gnu.linkonce.armextab.*)

.ARM            0x0000000008003ab4        0x0
                0x0000000008003ab4                __exidx_start = .
 *(.ARM.exidx*)
                0x0000000008003ab4                __exidx_end = .

.preinit_array  0x0000000008003ab4        0x4
                0x0000000008003ab4                PROVIDE (__preinit_array_start, .)
 *(.preinit_array*)
 .preinit_array_sysinit
                0x0000000008003ab4        0x4 build/machines/cortex/armv7em/stm32f407/startup_stm32f4xx.c.o
                0x0000000008003ab4                p_system_init
                0x0000000008003ab8                PROVIDE (__preinit_array_end, .)

.init_array     0x0000000008003ab8        0x0
                0x0000000008003ab8                PROVIDE (__init_array_start, .)
 *(SORT(.init_array.*))
 *(.init_array*)
                0x0000000008003ab8                PROVIDE (__init_array_end, .)

.fini_array     0x0000000008003ab8        0x0
                0x0000000008003ab8                PROVIDE (__fini_array_start, .)
 *(.fini_array*)
 *(SORT(.fini_array.*))
                0x0000000008003ab8                PROVIDE (__fini_array_end, .)
                0x0000000008003ab8                _sidata = .

.data           0x0000000020000000      0x124 load address 0x0000000008003ab8
                0x0000000020000000                . = ALIGN (0x4)
                0x0000000020000000                _sdata = .
 *(.data)
 *(.data*)
 .data.SystemCoreClock
                0x0000000020000000        0x4 build/machines/cortex/armv7em/stm32f407/system_stm32f4xx.c.o
                0x0000000020000000                SystemCoreClock
 .data.GPIO_PORT
                0x0000000020000004       0x10 build/machines/cortex/armv7em/stm32f407/stm32f4discovery/stm32f4_discovery.c.o
                0x0000000020000004                GPIO_PORT
 .data.BUTTON_PORT
                0x0000000020000014        0x4 build/machines/cortex/armv7em/stm32f407/stm32f4discovery/stm32f4_discovery.c.o
                0x0000000020000014                BUTTON_PORT
 .data.previousState.5518
                0x0000000020000018        0x1 build/machines/cortex/armv7em/stm32f407/stm32f4discovery/tp.c.o
 *(.osVar)
 .osVar         0x0000000020000019        0x1 build/os/tpl_os_timeobj_kernel.c.o
 .osVar         0x000000002000001a        0x1 build/os/tpl_os_os_kernel.c.o
 *fill*         0x000000002000001b        0x1 
 .osVar         0x000000002000001c       0x18 build/os/tpl_os_interrupt_kernel.c.o
                0x000000002000001c                tpl_locking_depth
                0x0000000020000020                tpl_user_task_lock
                0x0000000020000024                tpl_cpt_user_task_lock_All
                0x0000000020000028                tpl_cpt_user_task_lock_OS
                0x000000002000002c                tpl_cpt_os_task_lock
 .osVar         0x0000000020000034       0xf0 build/appli_base/tpl_app_config.c.o
                0x0000000020000034                res_sched_rez_desc
                0x000000002000003c                SystemCounter_counter_desc
                0x0000000020000058                tpl_time_counter
                0x000000002000005c                IDLE_TASK_int_context
                0x0000000020000080                IDLE_TASK_task_desc
                0x0000000020000088                T_blink_int_context
                0x00000000200000ac                T_blink_task_desc
                0x00000000200000b4                T_blink_task_evts
                0x00000000200000b8                button_int_context
                0x00000000200000dc                button_isr_desc
                0x00000000200000e4                alarm_1_alarm_desc
                0x00000000200000fc                tpl_ready_list
                0x0000000020000104                tpl_tail_for_prio
                0x0000000020000108                tpl_kern
 *(.Task_T_blink_SEC_VAR_POWER_ON_INIT_32BIT)
 *(.Task_T_blink_SEC_VAR_POWER_ON_INIT_16BIT)
 *(.Task_T_blink_SEC_VAR_POWER_ON_INIT_8BIT)
 *(.Task_T_blink_SEC_VAR_POWER_ON_INIT_BOOLEAN)
 *(.Task_T_blink_SEC_VAR_POWER_ON_INIT_UNSPECIFIED)
 *(.ISR_button_SEC_VAR_POWER_ON_INIT_32BIT)
 *(.ISR_button_SEC_VAR_POWER_ON_INIT_16BIT)
 *(.ISR_button_SEC_VAR_POWER_ON_INIT_8BIT)
 *(.ISR_button_SEC_VAR_POWER_ON_INIT_BOOLEAN)
 *(.ISR_button_SEC_VAR_POWER_ON_INIT_UNSPECIFIED)
                0x0000000020000124                . = ALIGN (0x4)
                0x0000000020000124                _edata = .

.igot.plt       0x0000000020000124        0x0 load address 0x0000000008003bdc
 .igot.plt      0x0000000000000000        0x0 build/os/tpl_os_kernel.c.o

.Task_IDLE_TASKStack
                0x0000000020000124      0x12c load address 0x0000000008003bdc
 .Task_IDLE_TASKStack
                0x0000000020000124      0x12c build/appli_base/tpl_app_config.c.o
                0x0000000020000124                IDLE_TASK_stack_zone

.Task_T_blink_SEC_VAR
                0x0000000020000250       0x10 load address 0x0000000008003d08
                0x0000000020000260                . = ALIGN (__SEG_ALIGN_Task_T_blink_VAR_RGN)
 *fill*         0x0000000020000250       0x10 
                0x0000000020000260                __SEG_START_Task_T_blink_VAR_RGN = .
 *(.Task_T_blink_SEC_VAR_NOINIT_32BIT)
 *(.Task_T_blink_SEC_VAR_FAST_32BIT)
 *(.Task_T_blink_SEC_VAR_32BIT)
 *(.Task_T_blink_SEC_VAR_NOINIT_16BIT)
 *(.Task_T_blink_SEC_VAR_FAST_16BIT)
 *(.Task_T_blink_SEC_VAR_16BIT)
 *(.Task_T_blink_SEC_VAR_NOINIT_8BIT)
 *(.Task_T_blink_SEC_VAR_FAST_8BIT)
 *(.Task_T_blink_SEC_VAR_8BIT)
 *(.Task_T_blink_SEC_VAR_NOINIT_BOOLEAN)
 *(.Task_T_blink_SEC_VAR_FAST_BOOLEAN)
 *(.Task_T_blink_SEC_VAR_BOOLEAN)
 *(.Task_T_blink_SEC_VAR_NOINIT_UNSPECIFIED)
 *(.Task_T_blink_SEC_VAR_FAST_UNSPECIFIED)
 *(.Task_T_blink_SEC_VAR_UNSPECIFIED)
                0x0000000020000260                __SEG_END_Task_T_blink_VAR_RGN = .
                0x0000000000001000                __SEG_SIZE_Task_T_blink_VAR_RGN = ((__SEG_END_Task_T_blink_VAR_RGN - __SEG_START_Task_T_blink_VAR_RGN) < 0x1000)?0x1000:__SEG_SIZE_Task_T_blink_VAR_RGN
                0x0000000000000400                __SEG_SIZE_Task_T_blink_VAR_RGN = ((__SEG_END_Task_T_blink_VAR_RGN - __SEG_START_Task_T_blink_VAR_RGN) < 0x400)?0x400:__SEG_SIZE_Task_T_blink_VAR_RGN
                0x0000000000000200                __SEG_SIZE_Task_T_blink_VAR_RGN = ((__SEG_END_Task_T_blink_VAR_RGN - __SEG_START_Task_T_blink_VAR_RGN) < 0x200)?0x200:__SEG_SIZE_Task_T_blink_VAR_RGN
                0x0000000000000100                __SEG_SIZE_Task_T_blink_VAR_RGN = ((__SEG_END_Task_T_blink_VAR_RGN - __SEG_START_Task_T_blink_VAR_RGN) < 0x100)?0x100:__SEG_SIZE_Task_T_blink_VAR_RGN
                0x0000000000000080                __SEG_SIZE_Task_T_blink_VAR_RGN = ((__SEG_END_Task_T_blink_VAR_RGN - __SEG_START_Task_T_blink_VAR_RGN) < 0x80)?0x80:__SEG_SIZE_Task_T_blink_VAR_RGN
                0x0000000000000040                __SEG_SIZE_Task_T_blink_VAR_RGN = ((__SEG_END_Task_T_blink_VAR_RGN - __SEG_START_Task_T_blink_VAR_RGN) < 0x40)?0x40:__SEG_SIZE_Task_T_blink_VAR_RGN
                0x0000000000000020                __SEG_SIZE_Task_T_blink_VAR_RGN = ((__SEG_END_Task_T_blink_VAR_RGN - __SEG_START_Task_T_blink_VAR_RGN) < 0x20)?0x20:__SEG_SIZE_Task_T_blink_VAR_RGN
                0x0000000020000270                __SEG_ALIGN_Task_T_blink_VAR_RGN = __SEG_SIZE_Task_T_blink_VAR_RGN

.ISR_button_SEC_VAR
                0x0000000020000260        0x0
                0x0000000020000260                . = ALIGN (__SEG_ALIGN_ISR_button_VAR_RGN)
                0x0000000020000260                __SEG_START_ISR_button_VAR_RGN = .
 *(.ISR_button_SEC_VAR_NOINIT_32BIT)
 *(.ISR_button_SEC_VAR_FAST_32BIT)
 *(.ISR_button_SEC_VAR_32BIT)
 *(.ISR_button_SEC_VAR_NOINIT_16BIT)
 *(.ISR_button_SEC_VAR_FAST_16BIT)
 *(.ISR_button_SEC_VAR_16BIT)
 *(.ISR_button_SEC_VAR_NOINIT_8BIT)
 *(.ISR_button_SEC_VAR_FAST_8BIT)
 *(.ISR_button_SEC_VAR_8BIT)
 *(.ISR_button_SEC_VAR_NOINIT_BOOLEAN)
 *(.ISR_button_SEC_VAR_FAST_BOOLEAN)
 *(.ISR_button_SEC_VAR_BOOLEAN)
 *(.ISR_button_SEC_VAR_NOINIT_UNSPECIFIED)
 *(.ISR_button_SEC_VAR_FAST_UNSPECIFIED)
 *(.ISR_button_SEC_VAR_UNSPECIFIED)
                0x0000000020000260                __SEG_END_ISR_button_VAR_RGN = .
                0x0000000000001000                __SEG_SIZE_ISR_button_VAR_RGN = ((__SEG_END_ISR_button_VAR_RGN - __SEG_START_ISR_button_VAR_RGN) < 0x1000)?0x1000:__SEG_SIZE_ISR_button_VAR_RGN
                0x0000000000000400                __SEG_SIZE_ISR_button_VAR_RGN = ((__SEG_END_ISR_button_VAR_RGN - __SEG_START_ISR_button_VAR_RGN) < 0x400)?0x400:__SEG_SIZE_ISR_button_VAR_RGN
                0x0000000000000200                __SEG_SIZE_ISR_button_VAR_RGN = ((__SEG_END_ISR_button_VAR_RGN - __SEG_START_ISR_button_VAR_RGN) < 0x200)?0x200:__SEG_SIZE_ISR_button_VAR_RGN
                0x0000000000000100                __SEG_SIZE_ISR_button_VAR_RGN = ((__SEG_END_ISR_button_VAR_RGN - __SEG_START_ISR_button_VAR_RGN) < 0x100)?0x100:__SEG_SIZE_ISR_button_VAR_RGN
                0x0000000000000080                __SEG_SIZE_ISR_button_VAR_RGN = ((__SEG_END_ISR_button_VAR_RGN - __SEG_START_ISR_button_VAR_RGN) < 0x80)?0x80:__SEG_SIZE_ISR_button_VAR_RGN
                0x0000000000000040                __SEG_SIZE_ISR_button_VAR_RGN = ((__SEG_END_ISR_button_VAR_RGN - __SEG_START_ISR_button_VAR_RGN) < 0x40)?0x40:__SEG_SIZE_ISR_button_VAR_RGN
                0x0000000000000020                __SEG_SIZE_ISR_button_VAR_RGN = ((__SEG_END_ISR_button_VAR_RGN - __SEG_START_ISR_button_VAR_RGN) < 0x20)?0x20:__SEG_SIZE_ISR_button_VAR_RGN
                0x0000000020000280                __SEG_ALIGN_ISR_button_VAR_RGN = __SEG_SIZE_ISR_button_VAR_RGN

.Task_T_blink_SEC_STACK
                0x0000000020000260      0x2cc load address 0x0000000008003d18
                0x0000000020000400                . = ALIGN (__SEG_ALIGN_Task_T_blink_STACK_RGN)
 *fill*         0x0000000020000260      0x1a0 
                0x0000000020000400                __SEG_START_Task_T_blink_STACK_RGN = .
 *(.Task_T_blinkStack)
 .Task_T_blinkStack
                0x0000000020000400      0x12c build/appli_base/tpl_app_config.c.o
                0x0000000020000400                T_blink_stack_zone
                0x000000002000052c                . = ALIGN (0x4)
                0x000000002000052c                __SEG_END_Task_T_blink_STACK_RGN = .
                0x0000000000001000                __SEG_SIZE_Task_T_blink_STACK_RGN = ((__SEG_END_Task_T_blink_STACK_RGN - __SEG_START_Task_T_blink_STACK_RGN) < 0x1000)?0x1000:__SEG_SIZE_Task_T_blink_STACK_RGN
                0x0000000000000400                __SEG_SIZE_Task_T_blink_STACK_RGN = ((__SEG_END_Task_T_blink_STACK_RGN - __SEG_START_Task_T_blink_STACK_RGN) < 0x400)?0x400:__SEG_SIZE_Task_T_blink_STACK_RGN
                0x0000000000000200                __SEG_SIZE_Task_T_blink_STACK_RGN = ((__SEG_END_Task_T_blink_STACK_RGN - __SEG_START_Task_T_blink_STACK_RGN) < 0x200)?0x200:__SEG_SIZE_Task_T_blink_STACK_RGN
                [0x0000000020000460]                __SEG_SIZE_Task_T_blink_STACK_RGN = ((__SEG_END_Task_T_blink_STACK_RGN - __SEG_START_Task_T_blink_STACK_RGN) < 0x100)?0x100:__SEG_SIZE_Task_T_blink_STACK_RGN
                [0x0000000020000460]                __SEG_SIZE_Task_T_blink_STACK_RGN = ((__SEG_END_Task_T_blink_STACK_RGN - __SEG_START_Task_T_blink_STACK_RGN) < 0x80)?0x80:__SEG_SIZE_Task_T_blink_STACK_RGN
                [0x0000000020000460]                __SEG_SIZE_Task_T_blink_STACK_RGN = ((__SEG_END_Task_T_blink_STACK_RGN - __SEG_START_Task_T_blink_STACK_RGN) < 0x40)?0x40:__SEG_SIZE_Task_T_blink_STACK_RGN
                [0x0000000020000460]                __SEG_SIZE_Task_T_blink_STACK_RGN = ((__SEG_END_Task_T_blink_STACK_RGN - __SEG_START_Task_T_blink_STACK_RGN) < 0x20)?0x20:__SEG_SIZE_Task_T_blink_STACK_RGN
                0x0000000020000460                __SEG_ALIGN_Task_T_blink_STACK_RGN = __SEG_SIZE_Task_T_blink_STACK_RGN

.ISR_button_SEC_STACK
                0x000000002000052c      0x19c load address 0x0000000008003fe4
                0x0000000020000600                . = ALIGN (__SEG_ALIGN_ISR_button_STACK_RGN)
 *fill*         0x000000002000052c       0xd4 
                0x0000000020000600                __SEG_START_ISR_button_STACK_RGN = .
 *(.ISR_buttonStack)
 .ISR_buttonStack
                0x0000000020000600       0xc8 build/appli_base/tpl_app_config.c.o
                0x0000000020000600                button_stack_zone
                0x00000000200006c8                . = ALIGN (0x4)
                0x00000000200006c8                __SEG_END_ISR_button_STACK_RGN = .
                0x0000000000001000                __SEG_SIZE_ISR_button_STACK_RGN = ((__SEG_END_ISR_button_STACK_RGN - __SEG_START_ISR_button_STACK_RGN) < 0x1000)?0x1000:__SEG_SIZE_ISR_button_STACK_RGN
                0x0000000000000400                __SEG_SIZE_ISR_button_STACK_RGN = ((__SEG_END_ISR_button_STACK_RGN - __SEG_START_ISR_button_STACK_RGN) < 0x400)?0x400:__SEG_SIZE_ISR_button_STACK_RGN
                0x0000000000000200                __SEG_SIZE_ISR_button_STACK_RGN = ((__SEG_END_ISR_button_STACK_RGN - __SEG_START_ISR_button_STACK_RGN) < 0x200)?0x200:__SEG_SIZE_ISR_button_STACK_RGN
                0x0000000000000100                __SEG_SIZE_ISR_button_STACK_RGN = ((__SEG_END_ISR_button_STACK_RGN - __SEG_START_ISR_button_STACK_RGN) < 0x100)?0x100:__SEG_SIZE_ISR_button_STACK_RGN
                [0x000000002000062c]                __SEG_SIZE_ISR_button_STACK_RGN = ((__SEG_END_ISR_button_STACK_RGN - __SEG_START_ISR_button_STACK_RGN) < 0x80)?0x80:__SEG_SIZE_ISR_button_STACK_RGN
                [0x000000002000062c]                __SEG_SIZE_ISR_button_STACK_RGN = ((__SEG_END_ISR_button_STACK_RGN - __SEG_START_ISR_button_STACK_RGN) < 0x40)?0x40:__SEG_SIZE_ISR_button_STACK_RGN
                [0x000000002000062c]                __SEG_SIZE_ISR_button_STACK_RGN = ((__SEG_END_ISR_button_STACK_RGN - __SEG_START_ISR_button_STACK_RGN) < 0x20)?0x20:__SEG_SIZE_ISR_button_STACK_RGN
                0x000000002000062c                __SEG_ALIGN_ISR_button_STACK_RGN = __SEG_SIZE_ISR_button_STACK_RGN

appvars
                0x00000000200006c8                . = ALIGN (0x4)

.bss            0x00000000200006c8        0x4 load address 0x0000000008004180
                0x00000000200006c8                _sbss = .
                0x00000000200006c8                __bss_start__ = _sbss
 *(.bss)
 *(.bss*)
 .bss.led       0x00000000200006c8        0x4 build/appli_base.c.o
                0x00000000200006c8                led
 *(COMMON)
                0x00000000200006cc                . = ALIGN (0x4)
                0x00000000200006cc                _ebss = .
                0x00000000200006cc                __bss_end__ = _ebss

._user_heap_stack
                0x00000000200006cc      0x400 load address 0x0000000008004184
                0x00000000200006cc                . = ALIGN (0x4)
                0x00000000200006cc                __heap_start__ = .
                0x00000000200006cc                PROVIDE (end, .)
                0x00000000200006cc                PROVIDE (_end, .)
                0x00000000200006cc                . = (. + _Min_Heap_Size)
                0x0000000020000acc                . = (. + _Min_Stack_Size)
 *fill*         0x00000000200006cc      0x400 
                0x0000000020000acc                . = ALIGN (0x4)

.memory_b1_text
 *(.mb1text)
 *(.mb1text*)
 *(.mb1rodata)
 *(.mb1rodata*)

/DISCARD/
 libc.a(*)
 libm.a(*)
 libgcc.a(*)

.ARM.attributes
                0x0000000000000000       0x35
 *(.ARM.attributes)
 .ARM.attributes
                0x0000000000000000       0x33 build/os/tpl_os_kernel.c.o
 .ARM.attributes
                0x0000000000000033       0x33 build/os/tpl_os_timeobj_kernel.c.o
 .ARM.attributes
                0x0000000000000066       0x33 build/os/tpl_os_action.c.o
 .ARM.attributes
                0x0000000000000099       0x33 build/os/tpl_os_os_kernel.c.o
 .ARM.attributes
                0x00000000000000cc       0x33 build/os/tpl_os_os.c.o
 .ARM.attributes
                0x00000000000000ff       0x33 build/os/tpl_os_interrupt_kernel.c.o
 .ARM.attributes
                0x0000000000000132       0x33 build/os/tpl_os_task_kernel.c.o
 .ARM.attributes
                0x0000000000000165       0x33 build/os/tpl_os_resource_kernel.c.o
 .ARM.attributes
                0x0000000000000198       0x33 build/os/tpl_os_event_kernel.c.o
 .ARM.attributes
                0x00000000000001cb       0x33 build/os/tpl_os_alarm_kernel.c.o
 .ARM.attributes
                0x00000000000001fe       0x33 build/appli_base.c.o
 .ARM.attributes
                0x0000000000000231       0x33 build/appli_base/tpl_app_config.c.o
 .ARM.attributes
                0x0000000000000264       0x33 build/appli_base/tpl_dispatch_table.c.o
 .ARM.attributes
                0x0000000000000297       0x25 build/appli_base/tpl_invoque.S.o
 .ARM.attributes
                0x00000000000002bc       0x25 build/appli_base/tpl_primary_irq.S.o
 .ARM.attributes
                0x00000000000002e1       0x33 build/appli_base/tpl_vectors.c.o
 .ARM.attributes
                0x0000000000000314       0x33 build/appli_base/tpl_external_interrupts.c.o
 .ARM.attributes
                0x0000000000000347       0x33 build/appli_base/tpl_app_interrupts.c.o
 .ARM.attributes
                0x000000000000037a       0x33 build/machines/cortex/tpl_machine_cortex.c.o
 .ARM.attributes
                0x00000000000003ad       0x25 build/machines/cortex/tpl_sc_handler.S.o
 .ARM.attributes
                0x00000000000003d2       0x25 build/machines/cortex/tpl_startup.S.o
 .ARM.attributes
                0x00000000000003f7       0x25 build/machines/cortex/armv7em/tpl_ctx_switch.S.o
 .ARM.attributes
                0x000000000000041c       0x25 build/machines/cortex/armv7em/tpl_ctx_switch_under_it.S.o
 .ARM.attributes
                0x0000000000000441       0x25 build/machines/cortex/armv7em/tpl_interrupts.S.o
 .ARM.attributes
                0x0000000000000466       0x33 build/machines/cortex/armv7em/stm32f407/tpl_machine_stm32f407.c.o
 .ARM.attributes
                0x0000000000000499       0x33 build/machines/cortex/armv7em/stm32f407/startup_stm32f4xx.c.o
 .ARM.attributes
                0x00000000000004cc       0x33 build/machines/cortex/armv7em/stm32f407/system_stm32f4xx.c.o
 .ARM.attributes
                0x00000000000004ff       0x33 build/machines/cortex/armv7em/stm32f407/handlers_stm32f4xx.c.o
 .ARM.attributes
                0x0000000000000532       0x33 build/machines/cortex/armv7em/stm32f407/lib/pinAccess.c.o
 .ARM.attributes
                0x0000000000000565       0x33 build/machines/cortex/armv7em/stm32f407/STM32F4xx_StdPeriph_Driver/stm32f4xx_gpio.c.o
 .ARM.attributes
                0x0000000000000598       0x33 build/machines/cortex/armv7em/stm32f407/STM32F4xx_StdPeriph_Driver/stm32f4xx_rcc.c.o
 .ARM.attributes
                0x00000000000005cb       0x33 build/machines/cortex/armv7em/stm32f407/STM32F4xx_StdPeriph_Driver/stm32f4xx_exti.c.o
 .ARM.attributes
                0x00000000000005fe       0x33 build/machines/cortex/armv7em/stm32f407/STM32F4xx_StdPeriph_Driver/stm32f4xx_syscfg.c.o
 .ARM.attributes
                0x0000000000000631       0x33 build/machines/cortex/armv7em/stm32f407/STM32F4xx_StdPeriph_Driver/misc.c.o
 .ARM.attributes
                0x0000000000000664       0x33 build/machines/cortex/armv7em/stm32f407/stm32f4discovery/stm32f4_discovery.c.o
 .ARM.attributes
                0x0000000000000697       0x33 build/machines/cortex/armv7em/stm32f407/stm32f4discovery/tp.c.o
LOAD /opt/homebrew/Cellar/gcc-arm-none-eabi-49/20150925/bin/../lib/gcc/arm-none-eabi/4.9.3/../../../../arm-none-eabi/lib/libc.a
LOAD /opt/homebrew/Cellar/gcc-arm-none-eabi-49/20150925/bin/../lib/gcc/arm-none-eabi/4.9.3/libgcc.a
OUTPUT(appli_base_exe elf32-littlearm)

.debug_info     0x0000000000000000     0xa9bc
 .debug_info    0x0000000000000000      0xcf6 build/os/tpl_os_kernel.c.o
 .debug_info    0x0000000000000cf6      0x3d1 build/os/tpl_os_timeobj_kernel.c.o
 .debug_info    0x00000000000010c7      0x273 build/os/tpl_os_action.c.o
 .debug_info    0x000000000000133a      0x19c build/os/tpl_os_os_kernel.c.o
 .debug_info    0x00000000000014d6       0xe4 build/os/tpl_os_os.c.o
 .debug_info    0x00000000000015ba      0x79f build/os/tpl_os_interrupt_kernel.c.o
 .debug_info    0x0000000000001d59      0x55a build/os/tpl_os_task_kernel.c.o
 .debug_info    0x00000000000022b3      0x585 build/os/tpl_os_resource_kernel.c.o
 .debug_info    0x0000000000002838      0x585 build/os/tpl_os_event_kernel.c.o
 .debug_info    0x0000000000002dbd      0x565 build/os/tpl_os_alarm_kernel.c.o
 .debug_info    0x0000000000003322      0x5f8 build/appli_base.c.o
 .debug_info    0x000000000000391a      0xbd7 build/appli_base/tpl_app_config.c.o
 .debug_info    0x00000000000044f1       0xca build/appli_base/tpl_dispatch_table.c.o
 .debug_info    0x00000000000045bb       0x76 build/appli_base/tpl_invoque.S.o
 .debug_info    0x0000000000004631       0x7a build/appli_base/tpl_primary_irq.S.o
 .debug_info    0x00000000000046ab       0xe6 build/appli_base/tpl_vectors.c.o
 .debug_info    0x0000000000004791      0x9b1 build/appli_base/tpl_external_interrupts.c.o
 .debug_info    0x0000000000005142      0x6b6 build/appli_base/tpl_app_interrupts.c.o
 .debug_info    0x00000000000057f8      0x9e0 build/machines/cortex/tpl_machine_cortex.c.o
 .debug_info    0x00000000000061d8       0xa5 build/machines/cortex/tpl_sc_handler.S.o
 .debug_info    0x000000000000627d       0xa2 build/machines/cortex/tpl_startup.S.o
 .debug_info    0x000000000000631f       0xad build/machines/cortex/armv7em/tpl_ctx_switch.S.o
 .debug_info    0x00000000000063cc       0xb6 build/machines/cortex/armv7em/tpl_ctx_switch_under_it.S.o
 .debug_info    0x0000000000006482       0xad build/machines/cortex/armv7em/tpl_interrupts.S.o
 .debug_info    0x000000000000652f      0x6b9 build/machines/cortex/armv7em/stm32f407/tpl_machine_stm32f407.c.o
 .debug_info    0x0000000000006be8      0x2ec build/machines/cortex/armv7em/stm32f407/startup_stm32f4xx.c.o
 .debug_info    0x0000000000006ed4      0x5d6 build/machines/cortex/armv7em/stm32f407/system_stm32f4xx.c.o
 .debug_info    0x00000000000074aa      0x57b build/machines/cortex/armv7em/stm32f407/handlers_stm32f4xx.c.o
 .debug_info    0x0000000000007a25      0x54e build/machines/cortex/armv7em/stm32f407/lib/pinAccess.c.o
 .debug_info    0x0000000000007f73      0x605 build/machines/cortex/armv7em/stm32f407/STM32F4xx_StdPeriph_Driver/stm32f4xx_gpio.c.o
 .debug_info    0x0000000000008578      0xe42 build/machines/cortex/armv7em/stm32f407/STM32F4xx_StdPeriph_Driver/stm32f4xx_rcc.c.o
 .debug_info    0x00000000000093ba      0x364 build/machines/cortex/armv7em/stm32f407/STM32F4xx_StdPeriph_Driver/stm32f4xx_exti.c.o
 .debug_info    0x000000000000971e      0x290 build/machines/cortex/armv7em/stm32f407/STM32F4xx_StdPeriph_Driver/stm32f4xx_syscfg.c.o
 .debug_info    0x00000000000099ae      0x53d build/machines/cortex/armv7em/stm32f407/STM32F4xx_StdPeriph_Driver/misc.c.o
 .debug_info    0x0000000000009eeb      0x894 build/machines/cortex/armv7em/stm32f407/stm32f4discovery/stm32f4_discovery.c.o
 .debug_info    0x000000000000a77f      0x23d build/machines/cortex/armv7em/stm32f407/stm32f4discovery/tp.c.o

.debug_abbrev   0x0000000000000000     0x26ba
 .debug_abbrev  0x0000000000000000      0x22f build/os/tpl_os_kernel.c.o
 .debug_abbrev  0x000000000000022f      0x138 build/os/tpl_os_timeobj_kernel.c.o
 .debug_abbrev  0x0000000000000367       0xcc build/os/tpl_os_action.c.o
 .debug_abbrev  0x0000000000000433       0xaa build/os/tpl_os_os_kernel.c.o
 .debug_abbrev  0x00000000000004dd       0x7f build/os/tpl_os_os.c.o
 .debug_abbrev  0x000000000000055c      0x217 build/os/tpl_os_interrupt_kernel.c.o
 .debug_abbrev  0x0000000000000773      0x15c build/os/tpl_os_task_kernel.c.o
 .debug_abbrev  0x00000000000008cf      0x161 build/os/tpl_os_resource_kernel.c.o
 .debug_abbrev  0x0000000000000a30      0x122 build/os/tpl_os_event_kernel.c.o
 .debug_abbrev  0x0000000000000b52      0x167 build/os/tpl_os_alarm_kernel.c.o
 .debug_abbrev  0x0000000000000cb9      0x15e build/appli_base.c.o
 .debug_abbrev  0x0000000000000e17      0x168 build/appli_base/tpl_app_config.c.o
 .debug_abbrev  0x0000000000000f7f       0x85 build/appli_base/tpl_dispatch_table.c.o
 .debug_abbrev  0x0000000000001004       0x14 build/appli_base/tpl_invoque.S.o
 .debug_abbrev  0x0000000000001018       0x14 build/appli_base/tpl_primary_irq.S.o
 .debug_abbrev  0x000000000000102c       0xa4 build/appli_base/tpl_vectors.c.o
 .debug_abbrev  0x00000000000010d0      0x136 build/appli_base/tpl_external_interrupts.c.o
 .debug_abbrev  0x0000000000001206      0x169 build/appli_base/tpl_app_interrupts.c.o
 .debug_abbrev  0x000000000000136f      0x289 build/machines/cortex/tpl_machine_cortex.c.o
 .debug_abbrev  0x00000000000015f8       0x14 build/machines/cortex/tpl_sc_handler.S.o
 .debug_abbrev  0x000000000000160c       0x14 build/machines/cortex/tpl_startup.S.o
 .debug_abbrev  0x0000000000001620       0x14 build/machines/cortex/armv7em/tpl_ctx_switch.S.o
 .debug_abbrev  0x0000000000001634       0x14 build/machines/cortex/armv7em/tpl_ctx_switch_under_it.S.o
 .debug_abbrev  0x0000000000001648       0x14 build/machines/cortex/armv7em/tpl_interrupts.S.o
 .debug_abbrev  0x000000000000165c      0x163 build/machines/cortex/armv7em/stm32f407/tpl_machine_stm32f407.c.o
 .debug_abbrev  0x00000000000017bf      0x135 build/machines/cortex/armv7em/stm32f407/startup_stm32f4xx.c.o
 .debug_abbrev  0x00000000000018f4      0x136 build/machines/cortex/armv7em/stm32f407/system_stm32f4xx.c.o
 .debug_abbrev  0x0000000000001a2a      0x129 build/machines/cortex/armv7em/stm32f407/handlers_stm32f4xx.c.o
 .debug_abbrev  0x0000000000001b53      0x135 build/machines/cortex/armv7em/stm32f407/lib/pinAccess.c.o
 .debug_abbrev  0x0000000000001c88      0x1a3 build/machines/cortex/armv7em/stm32f407/STM32F4xx_StdPeriph_Driver/stm32f4xx_gpio.c.o
 .debug_abbrev  0x0000000000001e2b      0x1b8 build/machines/cortex/armv7em/stm32f407/STM32F4xx_StdPeriph_Driver/stm32f4xx_rcc.c.o
 .debug_abbrev  0x0000000000001fe3      0x1bf build/machines/cortex/armv7em/stm32f407/STM32F4xx_StdPeriph_Driver/stm32f4xx_exti.c.o
 .debug_abbrev  0x00000000000021a2      0x131 build/machines/cortex/armv7em/stm32f407/STM32F4xx_StdPeriph_Driver/stm32f4xx_syscfg.c.o
 .debug_abbrev  0x00000000000022d3      0x145 build/machines/cortex/armv7em/stm32f407/STM32F4xx_StdPeriph_Driver/misc.c.o
 .debug_abbrev  0x0000000000002418      0x194 build/machines/cortex/armv7em/stm32f407/stm32f4discovery/stm32f4_discovery.c.o
 .debug_abbrev  0x00000000000025ac      0x10e build/machines/cortex/armv7em/stm32f407/stm32f4discovery/tp.c.o

.debug_aranges  0x0000000000000000      0xa90
 .debug_aranges
                0x0000000000000000       0xd8 build/os/tpl_os_kernel.c.o
 .debug_aranges
                0x00000000000000d8       0x40 build/os/tpl_os_timeobj_kernel.c.o
 .debug_aranges
                0x0000000000000118       0x30 build/os/tpl_os_action.c.o
 .debug_aranges
                0x0000000000000148       0x38 build/os/tpl_os_os_kernel.c.o
 .debug_aranges
                0x0000000000000180       0x20 build/os/tpl_os_os.c.o
 .debug_aranges
                0x00000000000001a0       0x98 build/os/tpl_os_interrupt_kernel.c.o
 .debug_aranges
                0x0000000000000238       0x48 build/os/tpl_os_task_kernel.c.o
 .debug_aranges
                0x0000000000000280       0x30 build/os/tpl_os_resource_kernel.c.o
 .debug_aranges
                0x00000000000002b0       0x38 build/os/tpl_os_event_kernel.c.o
 .debug_aranges
                0x00000000000002e8       0x48 build/os/tpl_os_alarm_kernel.c.o
 .debug_aranges
                0x0000000000000330       0x38 build/appli_base.c.o
 .debug_aranges
                0x0000000000000368       0x30 build/appli_base/tpl_app_config.c.o
 .debug_aranges
                0x0000000000000398       0x18 build/appli_base/tpl_dispatch_table.c.o
 .debug_aranges
                0x00000000000003b0       0x20 build/appli_base/tpl_invoque.S.o
 .debug_aranges
                0x00000000000003d0       0x20 build/appli_base/tpl_primary_irq.S.o
 .debug_aranges
                0x00000000000003f0       0x18 build/appli_base/tpl_vectors.c.o
 .debug_aranges
                0x0000000000000408       0x30 build/appli_base/tpl_external_interrupts.c.o
 .debug_aranges
                0x0000000000000438       0x48 build/appli_base/tpl_app_interrupts.c.o
 .debug_aranges
                0x0000000000000480       0x58 build/machines/cortex/tpl_machine_cortex.c.o
 .debug_aranges
                0x00000000000004d8       0x20 build/machines/cortex/tpl_sc_handler.S.o
 .debug_aranges
                0x00000000000004f8       0x20 build/machines/cortex/tpl_startup.S.o
 .debug_aranges
                0x0000000000000518       0x20 build/machines/cortex/armv7em/tpl_ctx_switch.S.o
 .debug_aranges
                0x0000000000000538       0x20 build/machines/cortex/armv7em/tpl_ctx_switch_under_it.S.o
 .debug_aranges
                0x0000000000000558       0x20 build/machines/cortex/armv7em/tpl_interrupts.S.o
 .debug_aranges
                0x0000000000000578       0x30 build/machines/cortex/armv7em/stm32f407/tpl_machine_stm32f407.c.o
 .debug_aranges
                0x00000000000005a8       0x48 build/machines/cortex/armv7em/stm32f407/startup_stm32f4xx.c.o
 .debug_aranges
                0x00000000000005f0       0x30 build/machines/cortex/armv7em/stm32f407/system_stm32f4xx.c.o
 .debug_aranges
                0x0000000000000620       0x60 build/machines/cortex/armv7em/stm32f407/handlers_stm32f4xx.c.o
 .debug_aranges
                0x0000000000000680       0x50 build/machines/cortex/armv7em/stm32f407/lib/pinAccess.c.o
 .debug_aranges
                0x00000000000006d0       0x88 build/machines/cortex/armv7em/stm32f407/STM32F4xx_StdPeriph_Driver/stm32f4xx_gpio.c.o
 .debug_aranges
                0x0000000000000758      0x1c0 build/machines/cortex/armv7em/stm32f407/STM32F4xx_StdPeriph_Driver/stm32f4xx_rcc.c.o
 .debug_aranges
                0x0000000000000918       0x58 build/machines/cortex/armv7em/stm32f407/STM32F4xx_StdPeriph_Driver/stm32f4xx_exti.c.o
 .debug_aranges
                0x0000000000000970       0x50 build/machines/cortex/armv7em/stm32f407/STM32F4xx_StdPeriph_Driver/stm32f4xx_syscfg.c.o
 .debug_aranges
                0x00000000000009c0       0x40 build/machines/cortex/armv7em/stm32f407/STM32F4xx_StdPeriph_Driver/misc.c.o
 .debug_aranges
                0x0000000000000a00       0x48 build/machines/cortex/armv7em/stm32f407/stm32f4discovery/stm32f4_discovery.c.o
 .debug_aranges
                0x0000000000000a48       0x48 build/machines/cortex/armv7em/stm32f407/stm32f4discovery/tp.c.o

.debug_ranges   0x0000000000000000      0x7d0
 .debug_ranges  0x0000000000000000       0xc8 build/os/tpl_os_kernel.c.o
 .debug_ranges  0x00000000000000c8       0x30 build/os/tpl_os_timeobj_kernel.c.o
 .debug_ranges  0x00000000000000f8       0x20 build/os/tpl_os_action.c.o
 .debug_ranges  0x0000000000000118       0x28 build/os/tpl_os_os_kernel.c.o
 .debug_ranges  0x0000000000000140       0x10 build/os/tpl_os_os.c.o
 .debug_ranges  0x0000000000000150       0x88 build/os/tpl_os_interrupt_kernel.c.o
 .debug_ranges  0x00000000000001d8       0x38 build/os/tpl_os_task_kernel.c.o
 .debug_ranges  0x0000000000000210       0x20 build/os/tpl_os_resource_kernel.c.o
 .debug_ranges  0x0000000000000230       0x28 build/os/tpl_os_event_kernel.c.o
 .debug_ranges  0x0000000000000258       0x38 build/os/tpl_os_alarm_kernel.c.o
 .debug_ranges  0x0000000000000290       0x28 build/appli_base.c.o
 .debug_ranges  0x00000000000002b8       0x20 build/appli_base/tpl_app_config.c.o
 .debug_ranges  0x00000000000002d8       0x20 build/appli_base/tpl_external_interrupts.c.o
 .debug_ranges  0x00000000000002f8       0x38 build/appli_base/tpl_app_interrupts.c.o
 .debug_ranges  0x0000000000000330       0x48 build/machines/cortex/tpl_machine_cortex.c.o
 .debug_ranges  0x0000000000000378       0x20 build/machines/cortex/armv7em/stm32f407/tpl_machine_stm32f407.c.o
 .debug_ranges  0x0000000000000398       0x38 build/machines/cortex/armv7em/stm32f407/startup_stm32f4xx.c.o
 .debug_ranges  0x00000000000003d0       0x20 build/machines/cortex/armv7em/stm32f407/system_stm32f4xx.c.o
 .debug_ranges  0x00000000000003f0       0x50 build/machines/cortex/armv7em/stm32f407/handlers_stm32f4xx.c.o
 .debug_ranges  0x0000000000000440       0x40 build/machines/cortex/armv7em/stm32f407/lib/pinAccess.c.o
 .debug_ranges  0x0000000000000480       0x78 build/machines/cortex/armv7em/stm32f407/STM32F4xx_StdPeriph_Driver/stm32f4xx_gpio.c.o
 .debug_ranges  0x00000000000004f8      0x1b0 build/machines/cortex/armv7em/stm32f407/STM32F4xx_StdPeriph_Driver/stm32f4xx_rcc.c.o
 .debug_ranges  0x00000000000006a8       0x48 build/machines/cortex/armv7em/stm32f407/STM32F4xx_StdPeriph_Driver/stm32f4xx_exti.c.o
 .debug_ranges  0x00000000000006f0       0x40 build/machines/cortex/armv7em/stm32f407/STM32F4xx_StdPeriph_Driver/stm32f4xx_syscfg.c.o
 .debug_ranges  0x0000000000000730       0x30 build/machines/cortex/armv7em/stm32f407/STM32F4xx_StdPeriph_Driver/misc.c.o
 .debug_ranges  0x0000000000000760       0x38 build/machines/cortex/armv7em/stm32f407/stm32f4discovery/stm32f4_discovery.c.o
 .debug_ranges  0x0000000000000798       0x38 build/machines/cortex/armv7em/stm32f407/stm32f4discovery/tp.c.o

.debug_line     0x0000000000000000     0x6a23
 .debug_line    0x0000000000000000      0x473 build/os/tpl_os_kernel.c.o
 .debug_line    0x0000000000000473      0x2d2 build/os/tpl_os_timeobj_kernel.c.o
 .debug_line    0x0000000000000745      0x23d build/os/tpl_os_action.c.o
 .debug_line    0x0000000000000982      0x21a build/os/tpl_os_os_kernel.c.o
 .debug_line    0x0000000000000b9c      0x1f4 build/os/tpl_os_os.c.o
 .debug_line    0x0000000000000d90      0x335 build/os/tpl_os_interrupt_kernel.c.o
 .debug_line    0x00000000000010c5      0x350 build/os/tpl_os_task_kernel.c.o
 .debug_line    0x0000000000001415      0x30d build/os/tpl_os_resource_kernel.c.o
 .debug_line    0x0000000000001722      0x347 build/os/tpl_os_event_kernel.c.o
 .debug_line    0x0000000000001a69      0x362 build/os/tpl_os_alarm_kernel.c.o
 .debug_line    0x0000000000001dcb      0x36e build/appli_base.c.o
 .debug_line    0x0000000000002139      0x3a4 build/appli_base/tpl_app_config.c.o
 .debug_line    0x00000000000024dd      0x194 build/appli_base/tpl_dispatch_table.c.o
 .debug_line    0x0000000000002671      0x189 build/appli_base/tpl_invoque.S.o
 .debug_line    0x00000000000027fa       0x76 build/appli_base/tpl_primary_irq.S.o
 .debug_line    0x0000000000002870      0x1da build/appli_base/tpl_vectors.c.o
 .debug_line    0x0000000000002a4a      0x272 build/appli_base/tpl_external_interrupts.c.o
 .debug_line    0x0000000000002cbc      0x24b build/appli_base/tpl_app_interrupts.c.o
 .debug_line    0x0000000000002f07      0x36a build/machines/cortex/tpl_machine_cortex.c.o
 .debug_line    0x0000000000003271       0xad build/machines/cortex/tpl_sc_handler.S.o
 .debug_line    0x000000000000331e       0x7b build/machines/cortex/tpl_startup.S.o
 .debug_line    0x0000000000003399       0x9d build/machines/cortex/armv7em/tpl_ctx_switch.S.o
 .debug_line    0x0000000000003436       0xa2 build/machines/cortex/armv7em/tpl_ctx_switch_under_it.S.o
 .debug_line    0x00000000000034d8       0x98 build/machines/cortex/armv7em/tpl_interrupts.S.o
 .debug_line    0x0000000000003570      0x2b6 build/machines/cortex/armv7em/stm32f407/tpl_machine_stm32f407.c.o
 .debug_line    0x0000000000003826      0x18c build/machines/cortex/armv7em/stm32f407/startup_stm32f4xx.c.o
 .debug_line    0x00000000000039b2      0x297 build/machines/cortex/armv7em/stm32f407/system_stm32f4xx.c.o
 .debug_line    0x0000000000003c49      0x392 build/machines/cortex/armv7em/stm32f407/handlers_stm32f4xx.c.o
 .debug_line    0x0000000000003fdb      0x4a8 build/machines/cortex/armv7em/stm32f407/lib/pinAccess.c.o
 .debug_line    0x0000000000004483      0x901 build/machines/cortex/armv7em/stm32f407/STM32F4xx_StdPeriph_Driver/stm32f4xx_gpio.c.o
 .debug_line    0x0000000000004d84      0xbdf build/machines/cortex/armv7em/stm32f407/STM32F4xx_StdPeriph_Driver/stm32f4xx_rcc.c.o
 .debug_line    0x0000000000005963      0x43d build/machines/cortex/armv7em/stm32f407/STM32F4xx_StdPeriph_Driver/stm32f4xx_exti.c.o
 .debug_line    0x0000000000005da0      0x379 build/machines/cortex/armv7em/stm32f407/STM32F4xx_StdPeriph_Driver/stm32f4xx_syscfg.c.o
 .debug_line    0x0000000000006119      0x30a build/machines/cortex/armv7em/stm32f407/STM32F4xx_StdPeriph_Driver/misc.c.o
 .debug_line    0x0000000000006423      0x34d build/machines/cortex/armv7em/stm32f407/stm32f4discovery/stm32f4_discovery.c.o
 .debug_line    0x0000000000006770      0x2b3 build/machines/cortex/armv7em/stm32f407/stm32f4discovery/tp.c.o

.debug_str      0x0000000000000000     0x37b7
 .debug_str     0x0000000000000000      0x883 build/os/tpl_os_kernel.c.o
                                        0x993 (size before relaxing)
 .debug_str     0x0000000000000883      0x115 build/os/tpl_os_timeobj_kernel.c.o
                                        0x3e3 (size before relaxing)
 .debug_str     0x0000000000000998      0x14e build/os/tpl_os_action.c.o
                                        0x361 (size before relaxing)
 .debug_str     0x0000000000000ae6       0xad build/os/tpl_os_os_kernel.c.o
                                        0x2b5 (size before relaxing)
 .debug_str     0x0000000000000b93       0x4a build/os/tpl_os_os.c.o
                                        0x217 (size before relaxing)
 .debug_str     0x0000000000000bdd      0x321 build/os/tpl_os_interrupt_kernel.c.o
                                        0x7bf (size before relaxing)
 .debug_str     0x0000000000000efe       0xd3 build/os/tpl_os_task_kernel.c.o
                                        0x55a (size before relaxing)
 .debug_str     0x0000000000000fd1       0xdb build/os/tpl_os_resource_kernel.c.o
                                        0x588 (size before relaxing)
 .debug_str     0x00000000000010ac       0x9b build/os/tpl_os_event_kernel.c.o
                                        0x586 (size before relaxing)
 .debug_str     0x0000000000001147      0x181 build/os/tpl_os_alarm_kernel.c.o
                                        0x4cb (size before relaxing)
 .debug_str     0x00000000000012c8      0x27b build/appli_base.c.o
                                        0x48f (size before relaxing)
 .debug_str     0x0000000000001543      0x240 build/appli_base/tpl_app_config.c.o
                                        0xa13 (size before relaxing)
 .debug_str     0x0000000000001783       0x43 build/appli_base/tpl_dispatch_table.c.o
                                        0x1f0 (size before relaxing)
 .debug_str     0x00000000000017c6       0x3f build/appli_base/tpl_vectors.c.o
                                        0x1ec (size before relaxing)
 .debug_str     0x0000000000001805      0x665 build/appli_base/tpl_external_interrupts.c.o
                                        0x9b6 (size before relaxing)
 .debug_str     0x0000000000001e6a       0xab build/appli_base/tpl_app_interrupts.c.o
                                        0x896 (size before relaxing)
 .debug_str     0x0000000000001f15      0x13f build/machines/cortex/tpl_machine_cortex.c.o
                                        0xaeb (size before relaxing)
 .debug_str     0x0000000000002054       0xc0 build/machines/cortex/armv7em/stm32f407/tpl_machine_stm32f407.c.o
                                        0x877 (size before relaxing)
 .debug_str     0x0000000000002114      0x185 build/machines/cortex/armv7em/stm32f407/startup_stm32f4xx.c.o
                                        0x2f5 (size before relaxing)
 .debug_str     0x0000000000002299       0xec build/machines/cortex/armv7em/stm32f407/system_stm32f4xx.c.o
                                        0x43c (size before relaxing)
 .debug_str     0x0000000000002385      0x149 build/machines/cortex/armv7em/stm32f407/handlers_stm32f4xx.c.o
                                        0x482 (size before relaxing)
 .debug_str     0x00000000000024ce       0xce build/machines/cortex/armv7em/stm32f407/lib/pinAccess.c.o
                                        0x403 (size before relaxing)
 .debug_str     0x000000000000259c      0x325 build/machines/cortex/armv7em/stm32f407/STM32F4xx_StdPeriph_Driver/stm32f4xx_gpio.c.o
                                        0x51b (size before relaxing)
 .debug_str     0x00000000000028c1      0x701 build/machines/cortex/armv7em/stm32f407/STM32F4xx_StdPeriph_Driver/stm32f4xx_rcc.c.o
                                        0xa3d (size before relaxing)
 .debug_str     0x0000000000002fc2      0x1db build/machines/cortex/armv7em/stm32f407/STM32F4xx_StdPeriph_Driver/stm32f4xx_exti.c.o
                                        0x3ed (size before relaxing)
 .debug_str     0x000000000000319d      0x17c build/machines/cortex/armv7em/stm32f407/STM32F4xx_StdPeriph_Driver/stm32f4xx_syscfg.c.o
                                        0x389 (size before relaxing)
 .debug_str     0x0000000000003319      0x1af build/machines/cortex/armv7em/stm32f407/STM32F4xx_StdPeriph_Driver/misc.c.o
                                        0x449 (size before relaxing)
 .debug_str     0x00000000000034c8      0x1f6 build/machines/cortex/armv7em/stm32f407/stm32f4discovery/stm32f4_discovery.c.o
                                        0xbb5 (size before relaxing)
 .debug_str     0x00000000000036be       0xf9 build/machines/cortex/armv7em/stm32f407/stm32f4discovery/tp.c.o
                                        0x2ef (size before relaxing)

.comment        0x0000000000000000       0x70
 .comment       0x0000000000000000       0x70 build/os/tpl_os_kernel.c.o
                                         0x71 (size before relaxing)
 .comment       0x0000000000000000       0x71 build/os/tpl_os_timeobj_kernel.c.o
 .comment       0x0000000000000000       0x71 build/os/tpl_os_action.c.o
 .comment       0x0000000000000000       0x71 build/os/tpl_os_os_kernel.c.o
 .comment       0x0000000000000000       0x71 build/os/tpl_os_os.c.o
 .comment       0x0000000000000000       0x71 build/os/tpl_os_interrupt_kernel.c.o
 .comment       0x0000000000000000       0x71 build/os/tpl_os_task_kernel.c.o
 .comment       0x0000000000000000       0x71 build/os/tpl_os_resource_kernel.c.o
 .comment       0x0000000000000000       0x71 build/os/tpl_os_event_kernel.c.o
 .comment       0x0000000000000000       0x71 build/os/tpl_os_alarm_kernel.c.o
 .comment       0x0000000000000000       0x71 build/appli_base.c.o
 .comment       0x0000000000000000       0x71 build/appli_base/tpl_app_config.c.o
 .comment       0x0000000000000000       0x71 build/appli_base/tpl_dispatch_table.c.o
 .comment       0x0000000000000000       0x71 build/appli_base/tpl_vectors.c.o
 .comment       0x0000000000000000       0x71 build/appli_base/tpl_external_interrupts.c.o
 .comment       0x0000000000000000       0x71 build/appli_base/tpl_app_interrupts.c.o
 .comment       0x0000000000000000       0x71 build/machines/cortex/tpl_machine_cortex.c.o
 .comment       0x0000000000000000       0x71 build/machines/cortex/armv7em/stm32f407/tpl_machine_stm32f407.c.o
 .comment       0x0000000000000000       0x71 build/machines/cortex/armv7em/stm32f407/startup_stm32f4xx.c.o
 .comment       0x0000000000000000       0x71 build/machines/cortex/armv7em/stm32f407/system_stm32f4xx.c.o
 .comment       0x0000000000000000       0x71 build/machines/cortex/armv7em/stm32f407/handlers_stm32f4xx.c.o
 .comment       0x0000000000000000       0x71 build/machines/cortex/armv7em/stm32f407/lib/pinAccess.c.o
 .comment       0x0000000000000000       0x71 build/machines/cortex/armv7em/stm32f407/STM32F4xx_StdPeriph_Driver/stm32f4xx_gpio.c.o
 .comment       0x0000000000000000       0x71 build/machines/cortex/armv7em/stm32f407/STM32F4xx_StdPeriph_Driver/stm32f4xx_rcc.c.o
 .comment       0x0000000000000000       0x71 build/machines/cortex/armv7em/stm32f407/STM32F4xx_StdPeriph_Driver/stm32f4xx_exti.c.o
 .comment       0x0000000000000000       0x71 build/machines/cortex/armv7em/stm32f407/STM32F4xx_StdPeriph_Driver/stm32f4xx_syscfg.c.o
 .comment       0x0000000000000000       0x71 build/machines/cortex/armv7em/stm32f407/STM32F4xx_StdPeriph_Driver/misc.c.o
 .comment       0x0000000000000000       0x71 build/machines/cortex/armv7em/stm32f407/stm32f4discovery/stm32f4_discovery.c.o
 .comment       0x0000000000000000       0x71 build/machines/cortex/armv7em/stm32f407/stm32f4discovery/tp.c.o

.debug_frame    0x0000000000000000     0x2050
 .debug_frame   0x0000000000000000      0x364 build/os/tpl_os_kernel.c.o
 .debug_frame   0x0000000000000364       0xcc build/os/tpl_os_timeobj_kernel.c.o
 .debug_frame   0x0000000000000430       0x7c build/os/tpl_os_action.c.o
 .debug_frame   0x00000000000004ac       0xa0 build/os/tpl_os_os_kernel.c.o
 .debug_frame   0x000000000000054c       0x34 build/os/tpl_os_os.c.o
 .debug_frame   0x0000000000000580      0x224 build/os/tpl_os_interrupt_kernel.c.o
 .debug_frame   0x00000000000007a4       0xe8 build/os/tpl_os_task_kernel.c.o
 .debug_frame   0x000000000000088c       0x84 build/os/tpl_os_resource_kernel.c.o
 .debug_frame   0x0000000000000910       0xa0 build/os/tpl_os_event_kernel.c.o
 .debug_frame   0x00000000000009b0       0xe8 build/os/tpl_os_alarm_kernel.c.o
 .debug_frame   0x0000000000000a98       0x8c build/appli_base.c.o
 .debug_frame   0x0000000000000b24       0x64 build/appli_base/tpl_app_config.c.o
 .debug_frame   0x0000000000000b88       0x7c build/appli_base/tpl_external_interrupts.c.o
 .debug_frame   0x0000000000000c04       0xd4 build/appli_base/tpl_app_interrupts.c.o
 .debug_frame   0x0000000000000cd8      0x118 build/machines/cortex/tpl_machine_cortex.c.o
 .debug_frame   0x0000000000000df0       0x78 build/machines/cortex/armv7em/stm32f407/tpl_machine_stm32f407.c.o
 .debug_frame   0x0000000000000e68       0xf0 build/machines/cortex/armv7em/stm32f407/startup_stm32f4xx.c.o
 .debug_frame   0x0000000000000f58       0x7c build/machines/cortex/armv7em/stm32f407/system_stm32f4xx.c.o
 .debug_frame   0x0000000000000fd4       0xf8 build/machines/cortex/armv7em/stm32f407/handlers_stm32f4xx.c.o
 .debug_frame   0x00000000000010cc      0x11c build/machines/cortex/armv7em/stm32f407/lib/pinAccess.c.o
 .debug_frame   0x00000000000011e8      0x214 build/machines/cortex/armv7em/stm32f407/STM32F4xx_StdPeriph_Driver/stm32f4xx_gpio.c.o
 .debug_frame   0x00000000000013fc      0x77c build/machines/cortex/armv7em/stm32f407/STM32F4xx_StdPeriph_Driver/stm32f4xx_rcc.c.o
 .debug_frame   0x0000000000001b78      0x130 build/machines/cortex/armv7em/stm32f407/STM32F4xx_StdPeriph_Driver/stm32f4xx_exti.c.o
 .debug_frame   0x0000000000001ca8      0x10c build/machines/cortex/armv7em/stm32f407/STM32F4xx_StdPeriph_Driver/stm32f4xx_syscfg.c.o
 .debug_frame   0x0000000000001db4       0xc4 build/machines/cortex/armv7em/stm32f407/STM32F4xx_StdPeriph_Driver/misc.c.o
 .debug_frame   0x0000000000001e78       0xf4 build/machines/cortex/armv7em/stm32f407/stm32f4discovery/stm32f4_discovery.c.o
 .debug_frame   0x0000000000001f6c       0xe4 build/machines/cortex/armv7em/stm32f407/stm32f4discovery/tp.c.o
