
Allocating common symbols
Common symbol       size              file

NVIC_InitStructure  0x4               build/machines/cortex/armv7em/stm32f407/stm32f4discovery/stm32f4_discovery.c.o

Discarded input sections

 .text          0x0000000000000000        0x0 build/os/tpl_os_kernel.c.o
 .data          0x0000000000000000        0x0 build/os/tpl_os_kernel.c.o
 .bss           0x0000000000000000        0x0 build/os/tpl_os_kernel.c.o
 .osVar         0x0000000000000000        0x3 build/os/tpl_os_kernel.c.o
 .text          0x0000000000000000        0x0 build/os/tpl_os_timeobj_kernel.c.o
 .data          0x0000000000000000        0x0 build/os/tpl_os_timeobj_kernel.c.o
 .bss           0x0000000000000000        0x0 build/os/tpl_os_timeobj_kernel.c.o
 .text          0x0000000000000000        0x0 build/os/tpl_os_action.c.o
 .data          0x0000000000000000        0x0 build/os/tpl_os_action.c.o
 .bss           0x0000000000000000        0x0 build/os/tpl_os_action.c.o
 .osCode        0x0000000000000000       0x60 build/os/tpl_os_action.c.o
 .debug_info    0x0000000000000000      0x273 build/os/tpl_os_action.c.o
 .debug_abbrev  0x0000000000000000       0xcc build/os/tpl_os_action.c.o
 .debug_aranges
                0x0000000000000000       0x30 build/os/tpl_os_action.c.o
 .debug_ranges  0x0000000000000000       0x20 build/os/tpl_os_action.c.o
 .debug_line    0x0000000000000000      0x23d build/os/tpl_os_action.c.o
 .debug_str     0x0000000000000000      0x361 build/os/tpl_os_action.c.o
 .comment       0x0000000000000000       0x71 build/os/tpl_os_action.c.o
 .debug_frame   0x0000000000000000       0x7c build/os/tpl_os_action.c.o
 .ARM.attributes
                0x0000000000000000       0x33 build/os/tpl_os_action.c.o
 .text          0x0000000000000000        0x0 build/os/tpl_os_error.c.o
 .data          0x0000000000000000        0x0 build/os/tpl_os_error.c.o
 .bss           0x0000000000000000        0x0 build/os/tpl_os_error.c.o
 .debug_info    0x0000000000000000       0x92 build/os/tpl_os_error.c.o
 .debug_abbrev  0x0000000000000000       0x4b build/os/tpl_os_error.c.o
 .debug_aranges
                0x0000000000000000       0x18 build/os/tpl_os_error.c.o
 .debug_line    0x0000000000000000      0x12f build/os/tpl_os_error.c.o
 .debug_str     0x0000000000000000      0x1e6 build/os/tpl_os_error.c.o
 .comment       0x0000000000000000       0x71 build/os/tpl_os_error.c.o
 .ARM.attributes
                0x0000000000000000       0x33 build/os/tpl_os_error.c.o
 .text          0x0000000000000000        0x0 build/os/tpl_os_os_kernel.c.o
 .data          0x0000000000000000        0x0 build/os/tpl_os_os_kernel.c.o
 .bss           0x0000000000000000        0x0 build/os/tpl_os_os_kernel.c.o
 .text          0x0000000000000000        0x0 build/os/tpl_os_os.c.o
 .data          0x0000000000000000        0x0 build/os/tpl_os_os.c.o
 .bss           0x0000000000000000        0x0 build/os/tpl_os_os.c.o
 .text          0x0000000000000000        0x0 build/os/tpl_os_interrupt_kernel.c.o
 .data          0x0000000000000000        0x0 build/os/tpl_os_interrupt_kernel.c.o
 .bss           0x0000000000000000        0x0 build/os/tpl_os_interrupt_kernel.c.o
 .text          0x0000000000000000        0x0 build/os/tpl_os_task_kernel.c.o
 .data          0x0000000000000000        0x0 build/os/tpl_os_task_kernel.c.o
 .bss           0x0000000000000000        0x0 build/os/tpl_os_task_kernel.c.o
 .text          0x0000000000000000        0x0 build/os/tpl_os_resource_kernel.c.o
 .data          0x0000000000000000        0x0 build/os/tpl_os_resource_kernel.c.o
 .bss           0x0000000000000000        0x0 build/os/tpl_os_resource_kernel.c.o
 .osConst       0x0000000000000000        0x2 build/os/tpl_os_resource_kernel.c.o
 .text          0x0000000000000000        0x0 build/os/tpl_os_event_kernel.c.o
 .data          0x0000000000000000        0x0 build/os/tpl_os_event_kernel.c.o
 .bss           0x0000000000000000        0x0 build/os/tpl_os_event_kernel.c.o
 .text          0x0000000000000000        0x0 build/appli_base.c.o
 .data          0x0000000000000000        0x0 build/appli_base.c.o
 .bss           0x0000000000000000        0x0 build/appli_base.c.o
 .bss.test      0x0000000000000000        0x4 build/appli_base.c.o
 .text          0x0000000000000000        0x0 build/appli_base/tpl_app_config.c.o
 .data          0x0000000000000000        0x0 build/appli_base/tpl_app_config.c.o
 .bss           0x0000000000000000        0x0 build/appli_base/tpl_app_config.c.o
 .rodata.std    0x0000000000000000        0x1 build/appli_base/tpl_app_config.c.o
 .text          0x0000000000000000        0x0 build/appli_base/tpl_dispatch_table.c.o
 .data          0x0000000000000000        0x0 build/appli_base/tpl_dispatch_table.c.o
 .bss           0x0000000000000000        0x0 build/appli_base/tpl_dispatch_table.c.o
 .text          0x0000000000000000        0x0 build/appli_base/tpl_invoque.S.o
 .data          0x0000000000000000        0x0 build/appli_base/tpl_invoque.S.o
[...]
Memory Configuration

Name             Origin             Length             Attributes
VECTOR           0x0000000008000000 0x0000000000000188 xr
FLASH            0x0000000008000188 0x000000000000fe78 xr
RAM              0x0000000020000000 0x0000000000020000 xrw
MEMORY_B1        0x0000000060000000 0x0000000000000000 xr
*default*        0x0000000000000000 0xffffffffffffffff

Linker script and memory map

LOAD build/os/tpl_os_kernel.c.o
LOAD build/os/tpl_os_timeobj_kernel.c.o
LOAD build/os/tpl_os_action.c.o
LOAD build/os/tpl_os_error.c.o
LOAD build/os/tpl_os_os_kernel.c.o
LOAD build/os/tpl_os_os.c.o
LOAD build/os/tpl_os_interrupt_kernel.c.o
LOAD build/os/tpl_os_task_kernel.c.o
LOAD build/os/tpl_os_resource_kernel.c.o
LOAD build/os/tpl_os_event_kernel.c.o
LOAD build/appli_base.c.o
LOAD build/appli_base/tpl_app_config.c.o
LOAD build/appli_base/tpl_dispatch_table.c.o
LOAD build/appli_base/tpl_invoque.S.o
LOAD build/appli_base/tpl_primary_irq.S.o
LOAD build/appli_base/tpl_vectors.c.o
LOAD build/appli_base/tpl_external_interrupts.c.o
LOAD build/appli_base/tpl_app_interrupts.c.o
LOAD build/machines/cortex/tpl_machine_cortex.c.o
LOAD build/machines/cortex/tpl_sc_handler.S.o
LOAD build/machines/cortex/tpl_startup.S.o
LOAD build/machines/cortex/armv7em/tpl_ctx_switch.S.o
LOAD build/machines/cortex/armv7em/tpl_ctx_switch_under_it.S.o
LOAD build/machines/cortex/armv7em/tpl_interrupts.S.o
LOAD build/machines/cortex/armv7em/stm32f407/tpl_memory_protection.c.o
LOAD build/machines/cortex/armv7em/stm32f407/tpl_machine_stm32f407.c.o
LOAD build/machines/cortex/armv7em/stm32f407/startup_stm32f4xx.c.o
LOAD build/machines/cortex/armv7em/stm32f407/system_stm32f4xx.c.o
LOAD build/machines/cortex/armv7em/stm32f407/handlers_stm32f4xx.c.o
LOAD build/machines/cortex/armv7em/stm32f407/lib/pinAccess.c.o
LOAD build/machines/cortex/armv7em/stm32f407/STM32F4xx_StdPeriph_Driver/stm32f4xx_gpio.c.o
LOAD build/machines/cortex/armv7em/stm32f407/STM32F4xx_StdPeriph_Driver/stm32f4xx_rcc.c.o
LOAD build/machines/cortex/armv7em/stm32f407/STM32F4xx_StdPeriph_Driver/stm32f4xx_exti.c.o
LOAD build/machines/cortex/armv7em/stm32f407/STM32F4xx_StdPeriph_Driver/stm32f4xx_syscfg.c.o
LOAD build/machines/cortex/armv7em/stm32f407/STM32F4xx_StdPeriph_Driver/misc.c.o
LOAD build/machines/cortex/armv7em/stm32f407/stm32f4discovery/stm32f4_discovery.c.o
LOAD build/machines/cortex/armv7em/stm32f407/stm32f4discovery/tp.c.o
                0x0000000020020000                _estack = 0x20020000
                0x0000000000000000                _Min_Heap_Size = 0x0
                0x0000000000000400                _Min_Stack_Size = 0x400

.isr_vector     0x0000000008000000      0x188
                0x0000000008000000                . = ALIGN (0x4)
 *(.isr_vector)
 .isr_vector    0x0000000008000000      0x188 build/appli_base/tpl_vectors.c.o
                0x0000000008000000                tpl_it_vectors
                0x0000000008000188                . = ALIGN (0x4)
                0x0000000008000188                . = ALIGN (0x4)

ostext          0x0000000008000188     0x1c16
 *(.SC_handler)
 *(.EI_handler)
 *(.osCode)
 .osCode        0x0000000008000188      0x8d8 build/os/tpl_os_kernel.c.o
                0x0000000008000188                tpl_compare_entries
                0x000000000800021c                tpl_bubble_up
                0x000000000800029c                tpl_bubble_down
                0x0000000008000354                tpl_put_new_proc
                0x00000000080003e0                tpl_put_preempted_proc
                0x000000000800043c                tpl_front_proc
                0x000000000800046c                tpl_remove_front_proc
                0x00000000080004d0                tpl_current_os_state
                0x0000000008000524                tpl_get_internal_resource
                0x00000000080005b0                tpl_release_internal_resource
                0x0000000008000600                tpl_preempt
                0x000000000800062c                tpl_run_elected
                0x00000000080006a8                tpl_start
                0x0000000008000714                tpl_schedule_from_running
                0x000000000800075c                tpl_terminate
                0x00000000080007bc                tpl_block
                0x00000000080007e8                tpl_start_scheduling
                0x00000000080007fc                tpl_activate_task
                0x0000000008000898                tpl_release
                0x00000000080008d4                tpl_set_event
                0x0000000008000954                tpl_init_proc
                0x0000000008000984                tpl_init_os
                0x00000000080009e4                tpl_call_terminate_task_service
                0x0000000008000a18                tpl_call_terminate_isr2_service
 .osCode        0x0000000008000a60      0x2f8 build/os/tpl_os_timeobj_kernel.c.o
                0x0000000008000a60                tpl_enable_counters
                0x0000000008000a78                tpl_insert_time_obj
                0x0000000008000b58                tpl_remove_time_obj
                0x0000000008000c7c                tpl_counter_tick
 .osCode        0x0000000008000d58       0xa8 build/os/tpl_os_os_kernel.c.o
                0x0000000008000d58                tpl_get_active_application_mode_service
                0x0000000008000d88                tpl_start_os_service
                0x0000000008000dd4                tpl_call_shutdown_os
                0x0000000008000de8                tpl_shutdown_os_service
 .osCode        0x0000000008000e00      0x1e0 build/os/tpl_os_interrupt_kernel.c.o
                0x0000000008000e00                tpl_get_interrupt_lock_status
                0x0000000008000e44                tpl_reset_interrupt_lock_status
                0x0000000008000e80                tpl_suspend_all_interrupts_service
                0x0000000008000ea8                tpl_resume_all_interrupts_service
                0x0000000008000ee0                tpl_disable_all_interrupts_service
                0x0000000008000f0c                tpl_enable_all_interrupts_service
                0x0000000008000f28                tpl_suspend_os_interrupts_service
                0x0000000008000f50                tpl_resume_os_interrupts_service
                0x0000000008000f88                tpl_terminate_isr2_service
                0x0000000008000fcc                tpl_null_it
 .osCode        0x0000000008000fe0      0x2b8 build/os/tpl_os_task_kernel.c.o
                0x0000000008000fe0                tpl_activate_task_service
                0x0000000008001044                tpl_terminate_task_service
                0x00000000080010b4                tpl_chain_task_service
                0x0000000008001164                tpl_schedule_service
                0x00000000080011e4                tpl_get_task_id_service
                0x0000000008001234                tpl_get_task_state_service
 .osCode        0x0000000008001298      0x208 build/os/tpl_os_resource_kernel.c.o
                0x0000000008001298                tpl_release_all_resources
                0x00000000080012f4                tpl_get_resource_service
                0x00000000080013f0                tpl_release_resource_service
 .osCode        0x00000000080014a0      0x260 build/os/tpl_os_event_kernel.c.o
                0x00000000080014a0                tpl_set_event_service
                0x0000000008001550                tpl_clear_event_service
                0x00000000080015d4                tpl_get_event_service
                0x000000000800166c                tpl_wait_event_service
 .osCode        0x0000000008001700       0x40 build/appli_base/tpl_app_config.c.o
                0x0000000008001700                tpl_tick_SysTick
                0x0000000008001734                SysTick_Handler
 .osCode        0x0000000008001740       0x30 build/appli_base/tpl_primary_irq.S.o
                0x0000000008001740                tpl_primary_irq_handler_SysTick
 .osCode        0x0000000008001770       0x20 build/appli_base/tpl_external_interrupts.c.o
                0x0000000008001770                tpl_init_external_interrupts
 .osCode        0x0000000008001790       0x24 build/appli_base/tpl_app_interrupts.c.o
                0x0000000008001790                tpl_init_it_priority
                0x000000000800179c                tpl_disable_os_interrupts
                0x00000000080017a8                tpl_enable_os_interrupts
 .osCode        0x00000000080017b4       0xe0 build/machines/cortex/tpl_machine_cortex.c.o
                0x00000000080017b4                tpl_init_machine_generic
                0x00000000080017c0                tpl_init_machine_specific
                0x00000000080017f0                tpl_init_context
                0x000000000800185c                tpl_check_stack_footprint
                0x0000000008001878                tpl_init_machine
                0x0000000008001888                tpl_shutdown
 .osCode        0x0000000008001894       0x6c build/machines/cortex/tpl_sc_handler.S.o
                0x0000000008001894                tpl_sc_handler
 .osCode        0x0000000008001900       0x1c build/machines/cortex/tpl_startup.S.o
                0x0000000008001900                tpl_reset_handler
 .osCode        0x000000000800191c       0x4c build/machines/cortex/armv7em/tpl_ctx_switch.S.o
                0x000000000800191c                tpl_save_context
                0x0000000008001942                tpl_load_context
 .osCode        0x0000000008001968       0x44 build/machines/cortex/armv7em/tpl_ctx_switch_under_it.S.o
                0x0000000008001968                tpl_save_context_under_it
                0x000000000800198a                tpl_load_context_under_it
 .osCode        0x00000000080019ac       0x30 build/machines/cortex/armv7em/tpl_interrupts.S.o
                0x00000000080019ac                tpl_disable_interrupts
                0x00000000080019be                tpl_enable_interrupts
 .osCode        0x00000000080019dc       0x7c build/machines/cortex/armv7em/stm32f407/tpl_machine_stm32f407.c.o
                0x0000000008001a2c                tpl_set_systick_timer
 .osCode        0x0000000008001a58      0x104 build/machines/cortex/armv7em/stm32f407/stm32f4discovery/tp.c.o
                0x0000000008001a58                initBoard
                0x0000000008001a80                ledOn
                0x0000000008001aa0                ledOff
                0x0000000008001ac0                ledToggle
                0x0000000008001ae0                readButton
                0x0000000008001b30                delay
 *(.osApiCode)
 .osApiCode     0x0000000008001b5c       0x28 build/os/tpl_os_os.c.o
                0x0000000008001b5c                StartOS
 .osApiCode     0x0000000008001b84      0x21a build/appli_base/tpl_invoque.S.o
                0x0000000008001b84                GetActiveApplicationMode
                0x0000000008001b9a                tpl_start_os
                0x0000000008001bb0                ShutdownOS
                0x0000000008001bc6                EnableAllInterrupts
                0x0000000008001be0                DisableAllInterrupts
                0x0000000008001bfa                ResumeAllInterrupts
                0x0000000008001c14                SuspendAllInterrupts
                0x0000000008001c2e                ResumeOSInterrupts
                0x0000000008001c48                SuspendOSInterrupts
                0x0000000008001c62                CallTerminateISR2
                0x0000000008001c7c                ActivateTask
                0x0000000008001c92                TerminateTask
                0x0000000008001ca8                ChainTask
                0x0000000008001cbe                Schedule
                0x0000000008001cd4                GetTaskID
                0x0000000008001cea                GetTaskState
                0x0000000008001d00                CallTerminateTask
                0x0000000008001d1a                GetResource
                0x0000000008001d30                ReleaseResource
                0x0000000008001d46                SetEvent
                0x0000000008001d5c                ClearEvent
                0x0000000008001d72                GetEvent
                0x0000000008001d88                WaitEvent
 *(.appCommonCode)
                0x0000000008001da0                . = ALIGN (0x4)

osconst         0x0000000008001da0      0x130
 *(.osConst)
 .osConst       0x0000000008001da0        0x2 build/os/tpl_os_kernel.c.o
                0x0000000008001da0                INVALID_PROC
                0x0000000008001da1                INVALID_TASK
 *fill*         0x0000000008001da2        0x2 
 .osConst       0x0000000008001da4       0xa8 build/appli_base/tpl_app_config.c.o
                0x0000000008001da4                tpl_resource_table
                0x0000000008001da8                IDLE_TASK_task_stat_desc
                0x0000000008001dc0                T_master_task_stat_desc
                0x0000000008001dd8                T_2_task_stat_desc
                0x0000000008001df0                T_3_task_stat_desc
                0x0000000008001e08                T_1_task_stat_desc
                0x0000000008001e20                tpl_stat_proc_table
                0x0000000008001e34                tpl_dyn_proc_table
                0x0000000008001e48                tpl_task_events_table
 .osConst       0x0000000008001e4c       0x5c build/appli_base/tpl_dispatch_table.c.o
                0x0000000008001e4c                tpl_dispatch_table
 *(.osApiConst)
 .osApiConst    0x0000000008001ea8       0x28 build/appli_base/tpl_app_config.c.o
                0x0000000008001ea8                ev2
                0x0000000008001ea9                ev3
                0x0000000008001eaa                ev1
                0x0000000008001eab                T_master
                0x0000000008001eac                T_2
                0x0000000008001ead                T_3
                0x0000000008001eae                T_1
                0x0000000008001eb0                OSTICKSPERBASE
                0x0000000008001eb4                OSMAXALLOWEDVALUE
                0x0000000008001eb8                OSMINCYCLE
                0x0000000008001ebc                proc_name_table
                0x0000000008001ed0                . = ALIGN (0x4)

apptext         0x0000000008001ed0        0x0
                0x0000000008001ed0                __PROGCONST_SECTION_START = .
                0x0000000008001ed0                __SEG_START_APP_CODE_CONST_RGN = .
                0x0000000008001ed0                . = ALIGN (0x4)
 *(.Task_T_masterCode)
 *(.Task_T_2Code)
 *(.Task_T_3Code)
 *(.Task_T_1Code)
                0x0000000008001ed0                . = ALIGN (0x4)

appconst        0x0000000008001ed0      0x284
 *(.rodata)
 .rodata        0x0000000008001ed0       0x1f build/appli_base/tpl_app_config.c.o
 *fill*         0x0000000008001eef        0x1 
 .rodata        0x0000000008001ef0       0x75 build/machines/cortex/armv7em/stm32f407/STM32F4xx_StdPeriph_Driver/stm32f4xx_gpio.c.o
 *fill*         0x0000000008001f65        0x3 
 .rodata        0x0000000008001f68       0x74 build/machines/cortex/armv7em/stm32f407/STM32F4xx_StdPeriph_Driver/stm32f4xx_rcc.c.o
 .rodata        0x0000000008001fdc       0x75 build/machines/cortex/armv7em/stm32f407/STM32F4xx_StdPeriph_Driver/stm32f4xx_exti.c.o
 *fill*         0x0000000008002051        0x3 
 .rodata        0x0000000008002054       0x77 build/machines/cortex/armv7em/stm32f407/STM32F4xx_StdPeriph_Driver/stm32f4xx_syscfg.c.o
 *fill*         0x00000000080020cb        0x1 
 .rodata        0x00000000080020cc       0x6b build/machines/cortex/armv7em/stm32f407/STM32F4xx_StdPeriph_Driver/misc.c.o
 *(.rodata*)
 .rodata.OSDEFAULTAPPMODE
                0x0000000008002137        0x1 build/appli_base/tpl_app_config.c.o
                0x0000000008002137                OSDEFAULTAPPMODE
 .rodata.tpl_task_app_mode
                0x0000000008002138        0x4 build/appli_base/tpl_app_config.c.o
                0x0000000008002138                tpl_task_app_mode
 .rodata.GPIO_PIN
                0x000000000800213c        0x8 build/machines/cortex/armv7em/stm32f407/stm32f4discovery/stm32f4_discovery.c.o
                0x000000000800213c                GPIO_PIN
 .rodata.GPIO_CLK
                0x0000000008002144       0x10 build/machines/cortex/armv7em/stm32f407/stm32f4discovery/stm32f4_discovery.c.o
                0x0000000008002144                GPIO_CLK
                0x0000000008002154                . = ALIGN (0x4)

procconst       0x0000000008002154        0x0
 *(.Task_T_master_SEC_CONST_32BIT)
 *(.Task_T_master_SEC_CALIB_32BIT)
 *(.Task_T_master_SEC_CARTO_32BIT)
 *(.Task_T_master_SEC_CONFIG_DATA_32BIT)
 *(.Task_T_master_SEC_CONST_16BIT)
 *(.Task_T_master_SEC_CALIB_16BIT)
 *(.Task_T_master_SEC_CARTO_16BIT)
 *(.Task_T_master_SEC_CONFIG_DATA_16BIT)
 *(.Task_T_master_SEC_CONST_8BIT)
 *(.Task_T_master_SEC_CALIB_8BIT)
 *(.Task_T_master_SEC_CARTO_8BIT)
 *(.Task_T_master_SEC_CONFIG_DATA_8BIT)
 *(.Task_T_master_SEC_CONST_BOOLEAN)
 *(.Task_T_master_SEC_CALIB_BOOLEAN)
 *(.Task_T_master_SEC_CARTO_BOOLEAN)
 *(.Task_T_master_SEC_CONFIG_DATA_BOOLEAN)
 *(.Task_T_master_SEC_CONST_UNSPECIFIED)
 *(.Task_T_master_SEC_CALIB_UNSPECIFIED)
 *(.Task_T_master_SEC_CARTO_UNSPECIFIED)
 *(.Task_T_master_SEC_CONFIG_DATA_UNSPECIFIED)
 *(.Task_T_2_SEC_CONST_32BIT)
 *(.Task_T_2_SEC_CALIB_32BIT)
 *(.Task_T_2_SEC_CARTO_32BIT)
 *(.Task_T_2_SEC_CONFIG_DATA_32BIT)
 *(.Task_T_2_SEC_CONST_16BIT)
 *(.Task_T_2_SEC_CALIB_16BIT)
 *(.Task_T_2_SEC_CARTO_16BIT)
 *(.Task_T_2_SEC_CONFIG_DATA_16BIT)
 *(.Task_T_2_SEC_CONST_8BIT)
 *(.Task_T_2_SEC_CALIB_8BIT)
 *(.Task_T_2_SEC_CARTO_8BIT)
 *(.Task_T_2_SEC_CONFIG_DATA_8BIT)
 *(.Task_T_2_SEC_CONST_BOOLEAN)
 *(.Task_T_2_SEC_CALIB_BOOLEAN)
 *(.Task_T_2_SEC_CARTO_BOOLEAN)
 *(.Task_T_2_SEC_CONFIG_DATA_BOOLEAN)
 *(.Task_T_2_SEC_CONST_UNSPECIFIED)
 *(.Task_T_2_SEC_CALIB_UNSPECIFIED)
 *(.Task_T_2_SEC_CARTO_UNSPECIFIED)
 *(.Task_T_2_SEC_CONFIG_DATA_UNSPECIFIED)
 *(.Task_T_3_SEC_CONST_32BIT)
 *(.Task_T_3_SEC_CALIB_32BIT)
 *(.Task_T_3_SEC_CARTO_32BIT)
 *(.Task_T_3_SEC_CONFIG_DATA_32BIT)
 *(.Task_T_3_SEC_CONST_16BIT)
 *(.Task_T_3_SEC_CALIB_16BIT)
 *(.Task_T_3_SEC_CARTO_16BIT)
 *(.Task_T_3_SEC_CONFIG_DATA_16BIT)
 *(.Task_T_3_SEC_CONST_8BIT)
 *(.Task_T_3_SEC_CALIB_8BIT)
 *(.Task_T_3_SEC_CARTO_8BIT)
 *(.Task_T_3_SEC_CONFIG_DATA_8BIT)
 *(.Task_T_3_SEC_CONST_BOOLEAN)
 *(.Task_T_3_SEC_CALIB_BOOLEAN)
 *(.Task_T_3_SEC_CARTO_BOOLEAN)
 *(.Task_T_3_SEC_CONFIG_DATA_BOOLEAN)
 *(.Task_T_3_SEC_CONST_UNSPECIFIED)
 *(.Task_T_3_SEC_CALIB_UNSPECIFIED)
 *(.Task_T_3_SEC_CARTO_UNSPECIFIED)
 *(.Task_T_3_SEC_CONFIG_DATA_UNSPECIFIED)
 *(.Task_T_1_SEC_CONST_32BIT)
 *(.Task_T_1_SEC_CALIB_32BIT)
 *(.Task_T_1_SEC_CARTO_32BIT)
 *(.Task_T_1_SEC_CONFIG_DATA_32BIT)
 *(.Task_T_1_SEC_CONST_16BIT)
 *(.Task_T_1_SEC_CALIB_16BIT)
 *(.Task_T_1_SEC_CARTO_16BIT)
 *(.Task_T_1_SEC_CONFIG_DATA_16BIT)
 *(.Task_T_1_SEC_CONST_8BIT)
 *(.Task_T_1_SEC_CALIB_8BIT)
 *(.Task_T_1_SEC_CARTO_8BIT)
 *(.Task_T_1_SEC_CONFIG_DATA_8BIT)
 *(.Task_T_1_SEC_CONST_BOOLEAN)
 *(.Task_T_1_SEC_CALIB_BOOLEAN)
 *(.Task_T_1_SEC_CARTO_BOOLEAN)
 *(.Task_T_1_SEC_CONFIG_DATA_BOOLEAN)
 *(.Task_T_1_SEC_CONST_UNSPECIFIED)
 *(.Task_T_1_SEC_CALIB_UNSPECIFIED)
 *(.Task_T_1_SEC_CARTO_UNSPECIFIED)
 *(.Task_T_1_SEC_CONFIG_DATA_UNSPECIFIED)
                0x0000000008002154                . = ALIGN (0x4)
                0x0000000008002153                __SEG_STOP_APP_CODE_CONST_RGN = (. - 0x1)
                0x0000000008002153                __PROGCONST_SECTION_STOP = (. - 0x1)

.text           0x0000000008002154      0xec0
                0x0000000008002154                . = ALIGN (0x4)
 *(.text)
 *(.text*)
 .text.main     0x0000000008002154       0x44 build/appli_base.c.o
                0x0000000008002154                main
 .text.T_master_function
                0x0000000008002198       0xe0 build/appli_base.c.o
                0x0000000008002198                T_master_function
 .text.T_1_function
                0x0000000008002278       0x40 build/appli_base.c.o
                0x0000000008002278                T_1_function
 .text.T_2_function
                0x00000000080022b8       0x40 build/appli_base.c.o
                0x00000000080022b8                T_2_function
 .text.T_3_function
                0x00000000080022f8       0x40 build/appli_base.c.o
                0x00000000080022f8                T_3_function
 .text.assert_failed
                0x0000000008002338       0x14 build/appli_base.c.o
                0x0000000008002338                assert_failed
 .text.NVIC_SetPriority
                0x000000000800234c       0x54 build/machines/cortex/tpl_machine_cortex.c.o
 .text.idle_function
                0x00000000080023a0        0x8 build/machines/cortex/tpl_machine_cortex.c.o
                0x00000000080023a0                idle_function
 .text.NVIC_SetPriority
                0x00000000080023a8       0x54 build/machines/cortex/armv7em/stm32f407/tpl_machine_stm32f407.c.o
 .text.__libc_init_array
                0x00000000080023fc       0x6c build/machines/cortex/armv7em/stm32f407/startup_stm32f4xx.c.o
                0x00000000080023fc                __libc_init_array
 .text.__libc_fini_array
                0x0000000008002468       0x3c build/machines/cortex/armv7em/stm32f407/startup_stm32f4xx.c.o
                0x0000000008002468                __libc_fini_array
 .text.SystemInit
                0x00000000080024a4       0x58 build/machines/cortex/armv7em/stm32f407/system_stm32f4xx.c.o
                0x00000000080024a4                SystemInit
 .text.SetSysClock
                0x00000000080024fc       0xf4 build/machines/cortex/armv7em/stm32f407/system_stm32f4xx.c.o
 .text.NMI_Handler
                0x00000000080025f0        0x8 build/machines/cortex/armv7em/stm32f407/handlers_stm32f4xx.c.o
                0x00000000080025f0                NMI_Handler
 .text.HardFault_Handler
                0x00000000080025f8       0x64 build/machines/cortex/armv7em/stm32f407/handlers_stm32f4xx.c.o
                0x00000000080025f8                HardFault_Handler
 .text.MemManage_Handler
                0x000000000800265c        0x8 build/machines/cortex/armv7em/stm32f407/handlers_stm32f4xx.c.o
                0x000000000800265c                MemManage_Handler
 .text.BusFault_Handler
                0x0000000008002664        0x8 build/machines/cortex/armv7em/stm32f407/handlers_stm32f4xx.c.o
                0x0000000008002664                BusFault_Handler
 .text.UsageFault_Handler
                0x000000000800266c        0x8 build/machines/cortex/armv7em/stm32f407/handlers_stm32f4xx.c.o
                0x000000000800266c                UsageFault_Handler
 .text.DebugMonitor_Handler
                0x0000000008002674        0x8 build/machines/cortex/armv7em/stm32f407/handlers_stm32f4xx.c.o
                0x0000000008002674                DebugMonitor_Handler
 .text.GPIO_Init
                0x000000000800267c      0x244 build/machines/cortex/armv7em/stm32f407/STM32F4xx_StdPeriph_Driver/stm32f4xx_gpio.c.o
                0x000000000800267c                GPIO_Init
 .text.GPIO_ReadInputDataBit
                0x00000000080028c0      0x13c build/machines/cortex/armv7em/stm32f407/STM32F4xx_StdPeriph_Driver/stm32f4xx_gpio.c.o
                0x00000000080028c0                GPIO_ReadInputDataBit
 .text.RCC_AHB1PeriphClockCmd
                0x00000000080029fc       0x70 build/machines/cortex/armv7em/stm32f407/STM32F4xx_StdPeriph_Driver/stm32f4xx_rcc.c.o
                0x00000000080029fc                RCC_AHB1PeriphClockCmd
 .text.RCC_APB2PeriphClockCmd
                0x0000000008002a6c       0x70 build/machines/cortex/armv7em/stm32f407/STM32F4xx_StdPeriph_Driver/stm32f4xx_rcc.c.o
                0x0000000008002a6c                RCC_APB2PeriphClockCmd
 .text.EXTI_Init
                0x0000000008002adc      0x150 build/machines/cortex/armv7em/stm32f407/STM32F4xx_StdPeriph_Driver/stm32f4xx_exti.c.o
                0x0000000008002adc                EXTI_Init
 .text.SYSCFG_EXTILineConfig
                0x0000000008002c2c      0x138 build/machines/cortex/armv7em/stm32f407/STM32F4xx_StdPeriph_Driver/stm32f4xx_syscfg.c.o
                0x0000000008002c2c                SYSCFG_EXTILineConfig
 .text.NVIC_Init
                0x0000000008002d64       0xf8 build/machines/cortex/armv7em/stm32f407/STM32F4xx_StdPeriph_Driver/misc.c.o
                0x0000000008002d64                NVIC_Init
 .text.STM_EVAL_LEDInit
                0x0000000008002e5c       0x5c build/machines/cortex/armv7em/stm32f407/stm32f4discovery/stm32f4_discovery.c.o
                0x0000000008002e5c                STM_EVAL_LEDInit
 .text.STM_EVAL_LEDOn
                0x0000000008002eb8       0x30 build/machines/cortex/armv7em/stm32f407/stm32f4discovery/stm32f4_discovery.c.o
                0x0000000008002eb8                STM_EVAL_LEDOn
 .text.STM_EVAL_LEDOff
                0x0000000008002ee8       0x30 build/machines/cortex/armv7em/stm32f407/stm32f4discovery/stm32f4_discovery.c.o
                0x0000000008002ee8                STM_EVAL_LEDOff
 .text.STM_EVAL_LEDToggle
                0x0000000008002f18       0x3c build/machines/cortex/armv7em/stm32f407/stm32f4discovery/stm32f4_discovery.c.o
                0x0000000008002f18                STM_EVAL_LEDToggle
 .text.STM_EVAL_PBInit
                0x0000000008002f54       0x94 build/machines/cortex/armv7em/stm32f407/stm32f4discovery/stm32f4_discovery.c.o
                0x0000000008002f54                STM_EVAL_PBInit
 .text.STM_EVAL_PBGetState
                0x0000000008002fe8       0x2c build/machines/cortex/armv7em/stm32f407/stm32f4discovery/stm32f4_discovery.c.o
                0x0000000008002fe8                STM_EVAL_PBGetState
 *(.glue_7)
 .glue_7        0x0000000000000000        0x0 linker stubs
 *(.glue_7t)
 .glue_7t       0x0000000000000000        0x0 linker stubs
 *(.eh_frame)
 *(.init)
 *(.fini)
                0x0000000008003014                . = ALIGN (0x4)
                0x0000000008003014                _etext = .
                0x0000000008003014                _exit = .

.vfp11_veneer   0x0000000008003014        0x0
 .vfp11_veneer  0x0000000000000000        0x0 linker stubs

.v4_bx          0x0000000008003014        0x0
 .v4_bx         0x0000000000000000        0x0 linker stubs

.iplt           0x0000000008003014        0x0
 .iplt          0x0000000000000000        0x0 build/os/tpl_os_kernel.c.o

.after_vectors  0x0000000008003014       0x90
 .after_vectors
                0x0000000008003014       0x90 build/machines/cortex/armv7em/stm32f407/startup_stm32f4xx.c.o
                0x0000000008003014                tpl_continue_reset_handler
                0x000000000800305c                system_init

.rel.dyn        0x00000000080030a4        0x0
 .rel.iplt      0x0000000000000000        0x0 build/os/tpl_os_kernel.c.o

.ARM.extab
 *(.ARM.extab* .gnu.linkonce.armextab.*)

.ARM            0x00000000080030a4        0x0
                0x00000000080030a4                __exidx_start = .
 *(.ARM.exidx*)
                0x00000000080030a4                __exidx_end = .

.preinit_array  0x00000000080030a4        0x4
                0x00000000080030a4                PROVIDE (__preinit_array_start, .)
 *(.preinit_array*)
 .preinit_array_sysinit
                0x00000000080030a4        0x4 build/machines/cortex/armv7em/stm32f407/startup_stm32f4xx.c.o
                0x00000000080030a4                p_system_init
                0x00000000080030a8                PROVIDE (__preinit_array_end, .)

.init_array     0x00000000080030a8        0x0
                0x00000000080030a8                PROVIDE (__init_array_start, .)
 *(SORT(.init_array.*))
 *(.init_array*)
                0x00000000080030a8                PROVIDE (__init_array_end, .)

.fini_array     0x00000000080030a8        0x0
                0x00000000080030a8                PROVIDE (__fini_array_start, .)
 *(.fini_array*)
 *(SORT(.fini_array.*))
                0x00000000080030a8                PROVIDE (__fini_array_end, .)
                0x00000000080030a8                _sidata = .

.data           0x0000000020000000      0x16c load address 0x00000000080030a8
                0x0000000020000000                . = ALIGN (0x4)
                0x0000000020000000                _sdata = .
 *(.data)
 *(.data*)
 .data.SystemCoreClock
                0x0000000020000000        0x4 build/machines/cortex/armv7em/stm32f407/system_stm32f4xx.c.o
                0x0000000020000000                SystemCoreClock
 .data.GPIO_PORT
                0x0000000020000004       0x10 build/machines/cortex/armv7em/stm32f407/stm32f4discovery/stm32f4_discovery.c.o
                0x0000000020000004                GPIO_PORT
 .data.BUTTON_PORT
                0x0000000020000014        0x4 build/machines/cortex/armv7em/stm32f407/stm32f4discovery/stm32f4_discovery.c.o
                0x0000000020000014                BUTTON_PORT
 .data.previousState.5518
                0x0000000020000018        0x1 build/machines/cortex/armv7em/stm32f407/stm32f4discovery/tp.c.o
 *(.osVar)
 .osVar         0x0000000020000019        0x1 build/os/tpl_os_timeobj_kernel.c.o
 .osVar         0x000000002000001a        0x1 build/os/tpl_os_os_kernel.c.o
 *fill*         0x000000002000001b        0x1 
 .osVar         0x000000002000001c       0x14 build/os/tpl_os_interrupt_kernel.c.o
                0x000000002000001c                tpl_locking_depth
                0x0000000020000020                tpl_user_task_lock
                0x0000000020000024                tpl_cpt_user_task_lock_All
                0x0000000020000028                tpl_cpt_user_task_lock_OS
                0x000000002000002c                tpl_cpt_os_task_lock
 .osVar         0x0000000020000030      0x13c build/appli_base/tpl_app_config.c.o
                0x0000000020000030                res_sched_rez_desc
                0x0000000020000038                SystemCounter_counter_desc
                0x0000000020000054                tpl_time_counter
                0x0000000020000058                IDLE_TASK_int_context
                0x000000002000007c                IDLE_TASK_task_desc
                0x0000000020000084                T_master_int_context
                0x00000000200000a8                T_master_task_desc
                0x00000000200000b0                T_master_task_evts
                0x00000000200000b4                T_2_int_context
                0x00000000200000d8                T_2_task_desc
                0x00000000200000e0                T_3_int_context
                0x0000000020000104                T_3_task_desc
                0x000000002000010c                T_1_int_context
                0x0000000020000130                T_1_task_desc
                0x0000000020000138                tpl_ready_list
                0x000000002000014c                tpl_tail_for_prio
                0x0000000020000150                tpl_kern
 *(.Task_T_master_SEC_VAR_POWER_ON_INIT_32BIT)
 *(.Task_T_master_SEC_VAR_POWER_ON_INIT_16BIT)
 *(.Task_T_master_SEC_VAR_POWER_ON_INIT_8BIT)
 *(.Task_T_master_SEC_VAR_POWER_ON_INIT_BOOLEAN)
 *(.Task_T_master_SEC_VAR_POWER_ON_INIT_UNSPECIFIED)
 *(.Task_T_2_SEC_VAR_POWER_ON_INIT_32BIT)
 *(.Task_T_2_SEC_VAR_POWER_ON_INIT_16BIT)
 *(.Task_T_2_SEC_VAR_POWER_ON_INIT_8BIT)
 *(.Task_T_2_SEC_VAR_POWER_ON_INIT_BOOLEAN)
 *(.Task_T_2_SEC_VAR_POWER_ON_INIT_UNSPECIFIED)
 *(.Task_T_3_SEC_VAR_POWER_ON_INIT_32BIT)
 *(.Task_T_3_SEC_VAR_POWER_ON_INIT_16BIT)
 *(.Task_T_3_SEC_VAR_POWER_ON_INIT_8BIT)
 *(.Task_T_3_SEC_VAR_POWER_ON_INIT_BOOLEAN)
 *(.Task_T_3_SEC_VAR_POWER_ON_INIT_UNSPECIFIED)
 *(.Task_T_1_SEC_VAR_POWER_ON_INIT_32BIT)
 *(.Task_T_1_SEC_VAR_POWER_ON_INIT_16BIT)
 *(.Task_T_1_SEC_VAR_POWER_ON_INIT_8BIT)
 *(.Task_T_1_SEC_VAR_POWER_ON_INIT_BOOLEAN)
 *(.Task_T_1_SEC_VAR_POWER_ON_INIT_UNSPECIFIED)
                0x000000002000016c                . = ALIGN (0x4)
                0x000000002000016c                _edata = .

.igot.plt       0x000000002000016c        0x0 load address 0x0000000008003214
 .igot.plt      0x0000000000000000        0x0 build/os/tpl_os_kernel.c.o

.Task_IDLE_TASKStack
                0x000000002000016c      0x12c load address 0x0000000008003214
 .Task_IDLE_TASKStack
                0x000000002000016c      0x12c build/appli_base/tpl_app_config.c.o
                0x000000002000016c                IDLE_TASK_stack_zone

.Task_T_master_SEC_VAR
                0x0000000020000298        0x8 load address 0x0000000008003340
                0x00000000200002a0                . = ALIGN (__SEG_ALIGN_Task_T_master_VAR_RGN)
 *fill*         0x0000000020000298        0x8 
                0x00000000200002a0                __SEG_START_Task_T_master_VAR_RGN = .
 *(.Task_T_master_SEC_VAR_NOINIT_32BIT)
 *(.Task_T_master_SEC_VAR_FAST_32BIT)
 *(.Task_T_master_SEC_VAR_32BIT)
 *(.Task_T_master_SEC_VAR_NOINIT_16BIT)
 *(.Task_T_master_SEC_VAR_FAST_16BIT)
 *(.Task_T_master_SEC_VAR_16BIT)
 *(.Task_T_master_SEC_VAR_NOINIT_8BIT)
 *(.Task_T_master_SEC_VAR_FAST_8BIT)
 *(.Task_T_master_SEC_VAR_8BIT)
 *(.Task_T_master_SEC_VAR_NOINIT_BOOLEAN)
 *(.Task_T_master_SEC_VAR_FAST_BOOLEAN)
 *(.Task_T_master_SEC_VAR_BOOLEAN)
 *(.Task_T_master_SEC_VAR_NOINIT_UNSPECIFIED)
 *(.Task_T_master_SEC_VAR_FAST_UNSPECIFIED)
 *(.Task_T_master_SEC_VAR_UNSPECIFIED)
                0x00000000200002a0                __SEG_END_Task_T_master_VAR_RGN = .
                0x0000000000001000                __SEG_SIZE_Task_T_master_VAR_RGN = ((__SEG_END_Task_T_master_VAR_RGN - __SEG_START_Task_T_master_VAR_RGN) < 0x1000)?0x1000:__SEG_SIZE_Task_T_master_VAR_RGN
                0x0000000000000400                __SEG_SIZE_Task_T_master_VAR_RGN = ((__SEG_END_Task_T_master_VAR_RGN - __SEG_START_Task_T_master_VAR_RGN) < 0x400)?0x400:__SEG_SIZE_Task_T_master_VAR_RGN
                0x0000000000000200                __SEG_SIZE_Task_T_master_VAR_RGN = ((__SEG_END_Task_T_master_VAR_RGN - __SEG_START_Task_T_master_VAR_RGN) < 0x200)?0x200:__SEG_SIZE_Task_T_master_VAR_RGN
                0x0000000000000100                __SEG_SIZE_Task_T_master_VAR_RGN = ((__SEG_END_Task_T_master_VAR_RGN - __SEG_START_Task_T_master_VAR_RGN) < 0x100)?0x100:__SEG_SIZE_Task_T_master_VAR_RGN
                0x0000000000000080                __SEG_SIZE_Task_T_master_VAR_RGN = ((__SEG_END_Task_T_master_VAR_RGN - __SEG_START_Task_T_master_VAR_RGN) < 0x80)?0x80:__SEG_SIZE_Task_T_master_VAR_RGN
                0x0000000000000040                __SEG_SIZE_Task_T_master_VAR_RGN = ((__SEG_END_Task_T_master_VAR_RGN - __SEG_START_Task_T_master_VAR_RGN) < 0x40)?0x40:__SEG_SIZE_Task_T_master_VAR_RGN
                0x0000000000000020                __SEG_SIZE_Task_T_master_VAR_RGN = ((__SEG_END_Task_T_master_VAR_RGN - __SEG_START_Task_T_master_VAR_RGN) < 0x20)?0x20:__SEG_SIZE_Task_T_master_VAR_RGN
                0x00000000200002b8                __SEG_ALIGN_Task_T_master_VAR_RGN = __SEG_SIZE_Task_T_master_VAR_RGN

.Task_T_2_SEC_VAR
                0x00000000200002a0        0x0
                0x00000000200002a0                . = ALIGN (__SEG_ALIGN_Task_T_2_VAR_RGN)
                0x00000000200002a0                __SEG_START_Task_T_2_VAR_RGN = .
 *(.Task_T_2_SEC_VAR_NOINIT_32BIT)
 *(.Task_T_2_SEC_VAR_FAST_32BIT)
 *(.Task_T_2_SEC_VAR_32BIT)
 *(.Task_T_2_SEC_VAR_NOINIT_16BIT)
 *(.Task_T_2_SEC_VAR_FAST_16BIT)
 *(.Task_T_2_SEC_VAR_16BIT)
 *(.Task_T_2_SEC_VAR_NOINIT_8BIT)
 *(.Task_T_2_SEC_VAR_FAST_8BIT)
 *(.Task_T_2_SEC_VAR_8BIT)
 *(.Task_T_2_SEC_VAR_NOINIT_BOOLEAN)
 *(.Task_T_2_SEC_VAR_FAST_BOOLEAN)
 *(.Task_T_2_SEC_VAR_BOOLEAN)
 *(.Task_T_2_SEC_VAR_NOINIT_UNSPECIFIED)
 *(.Task_T_2_SEC_VAR_FAST_UNSPECIFIED)
 *(.Task_T_2_SEC_VAR_UNSPECIFIED)
                0x00000000200002a0                __SEG_END_Task_T_2_VAR_RGN = .
                0x0000000000001000                __SEG_SIZE_Task_T_2_VAR_RGN = ((__SEG_END_Task_T_2_VAR_RGN - __SEG_START_Task_T_2_VAR_RGN) < 0x1000)?0x1000:__SEG_SIZE_Task_T_2_VAR_RGN
                0x0000000000000400                __SEG_SIZE_Task_T_2_VAR_RGN = ((__SEG_END_Task_T_2_VAR_RGN - __SEG_START_Task_T_2_VAR_RGN) < 0x400)?0x400:__SEG_SIZE_Task_T_2_VAR_RGN
                0x0000000000000200                __SEG_SIZE_Task_T_2_VAR_RGN = ((__SEG_END_Task_T_2_VAR_RGN - __SEG_START_Task_T_2_VAR_RGN) < 0x200)?0x200:__SEG_SIZE_Task_T_2_VAR_RGN
                0x0000000000000100                __SEG_SIZE_Task_T_2_VAR_RGN = ((__SEG_END_Task_T_2_VAR_RGN - __SEG_START_Task_T_2_VAR_RGN) < 0x100)?0x100:__SEG_SIZE_Task_T_2_VAR_RGN
                0x0000000000000080                __SEG_SIZE_Task_T_2_VAR_RGN = ((__SEG_END_Task_T_2_VAR_RGN - __SEG_START_Task_T_2_VAR_RGN) < 0x80)?0x80:__SEG_SIZE_Task_T_2_VAR_RGN
                0x0000000000000040                __SEG_SIZE_Task_T_2_VAR_RGN = ((__SEG_END_Task_T_2_VAR_RGN - __SEG_START_Task_T_2_VAR_RGN) < 0x40)?0x40:__SEG_SIZE_Task_T_2_VAR_RGN
                0x0000000000000020                __SEG_SIZE_Task_T_2_VAR_RGN = ((__SEG_END_Task_T_2_VAR_RGN - __SEG_START_Task_T_2_VAR_RGN) < 0x20)?0x20:__SEG_SIZE_Task_T_2_VAR_RGN
                0x00000000200002c0                __SEG_ALIGN_Task_T_2_VAR_RGN = __SEG_SIZE_Task_T_2_VAR_RGN

.Task_T_3_SEC_VAR
                0x00000000200002a0        0x0
                0x00000000200002a0                . = ALIGN (__SEG_ALIGN_Task_T_3_VAR_RGN)
                0x00000000200002a0                __SEG_START_Task_T_3_VAR_RGN = .
 *(.Task_T_3_SEC_VAR_NOINIT_32BIT)
 *(.Task_T_3_SEC_VAR_FAST_32BIT)
 *(.Task_T_3_SEC_VAR_32BIT)
 *(.Task_T_3_SEC_VAR_NOINIT_16BIT)
 *(.Task_T_3_SEC_VAR_FAST_16BIT)
 *(.Task_T_3_SEC_VAR_16BIT)
 *(.Task_T_3_SEC_VAR_NOINIT_8BIT)
 *(.Task_T_3_SEC_VAR_FAST_8BIT)
 *(.Task_T_3_SEC_VAR_8BIT)
 *(.Task_T_3_SEC_VAR_NOINIT_BOOLEAN)
 *(.Task_T_3_SEC_VAR_FAST_BOOLEAN)
 *(.Task_T_3_SEC_VAR_BOOLEAN)
 *(.Task_T_3_SEC_VAR_NOINIT_UNSPECIFIED)
 *(.Task_T_3_SEC_VAR_FAST_UNSPECIFIED)
 *(.Task_T_3_SEC_VAR_UNSPECIFIED)
                0x00000000200002a0                __SEG_END_Task_T_3_VAR_RGN = .
                0x0000000000001000                __SEG_SIZE_Task_T_3_VAR_RGN = ((__SEG_END_Task_T_3_VAR_RGN - __SEG_START_Task_T_3_VAR_RGN) < 0x1000)?0x1000:__SEG_SIZE_Task_T_3_VAR_RGN
                0x0000000000000400                __SEG_SIZE_Task_T_3_VAR_RGN = ((__SEG_END_Task_T_3_VAR_RGN - __SEG_START_Task_T_3_VAR_RGN) < 0x400)?0x400:__SEG_SIZE_Task_T_3_VAR_RGN
                0x0000000000000200                __SEG_SIZE_Task_T_3_VAR_RGN = ((__SEG_END_Task_T_3_VAR_RGN - __SEG_START_Task_T_3_VAR_RGN) < 0x200)?0x200:__SEG_SIZE_Task_T_3_VAR_RGN
                0x0000000000000100                __SEG_SIZE_Task_T_3_VAR_RGN = ((__SEG_END_Task_T_3_VAR_RGN - __SEG_START_Task_T_3_VAR_RGN) < 0x100)?0x100:__SEG_SIZE_Task_T_3_VAR_RGN
                0x0000000000000080                __SEG_SIZE_Task_T_3_VAR_RGN = ((__SEG_END_Task_T_3_VAR_RGN - __SEG_START_Task_T_3_VAR_RGN) < 0x80)?0x80:__SEG_SIZE_Task_T_3_VAR_RGN
                0x0000000000000040                __SEG_SIZE_Task_T_3_VAR_RGN = ((__SEG_END_Task_T_3_VAR_RGN - __SEG_START_Task_T_3_VAR_RGN) < 0x40)?0x40:__SEG_SIZE_Task_T_3_VAR_RGN
                0x0000000000000020                __SEG_SIZE_Task_T_3_VAR_RGN = ((__SEG_END_Task_T_3_VAR_RGN - __SEG_START_Task_T_3_VAR_RGN) < 0x20)?0x20:__SEG_SIZE_Task_T_3_VAR_RGN
                0x00000000200002c0                __SEG_ALIGN_Task_T_3_VAR_RGN = __SEG_SIZE_Task_T_3_VAR_RGN

.Task_T_1_SEC_VAR
                0x00000000200002a0        0x0
                0x00000000200002a0                . = ALIGN (__SEG_ALIGN_Task_T_1_VAR_RGN)
                0x00000000200002a0                __SEG_START_Task_T_1_VAR_RGN = .
 *(.Task_T_1_SEC_VAR_NOINIT_32BIT)
 *(.Task_T_1_SEC_VAR_FAST_32BIT)
 *(.Task_T_1_SEC_VAR_32BIT)
 *(.Task_T_1_SEC_VAR_NOINIT_16BIT)
 *(.Task_T_1_SEC_VAR_FAST_16BIT)
 *(.Task_T_1_SEC_VAR_16BIT)
 *(.Task_T_1_SEC_VAR_NOINIT_8BIT)
 *(.Task_T_1_SEC_VAR_FAST_8BIT)
 *(.Task_T_1_SEC_VAR_8BIT)
 *(.Task_T_1_SEC_VAR_NOINIT_BOOLEAN)
 *(.Task_T_1_SEC_VAR_FAST_BOOLEAN)
 *(.Task_T_1_SEC_VAR_BOOLEAN)
 *(.Task_T_1_SEC_VAR_NOINIT_UNSPECIFIED)
 *(.Task_T_1_SEC_VAR_FAST_UNSPECIFIED)
 *(.Task_T_1_SEC_VAR_UNSPECIFIED)
                0x00000000200002a0                __SEG_END_Task_T_1_VAR_RGN = .
                0x0000000000001000                __SEG_SIZE_Task_T_1_VAR_RGN = ((__SEG_END_Task_T_1_VAR_RGN - __SEG_START_Task_T_1_VAR_RGN) < 0x1000)?0x1000:__SEG_SIZE_Task_T_1_VAR_RGN
                0x0000000000000400                __SEG_SIZE_Task_T_1_VAR_RGN = ((__SEG_END_Task_T_1_VAR_RGN - __SEG_START_Task_T_1_VAR_RGN) < 0x400)?0x400:__SEG_SIZE_Task_T_1_VAR_RGN
                0x0000000000000200                __SEG_SIZE_Task_T_1_VAR_RGN = ((__SEG_END_Task_T_1_VAR_RGN - __SEG_START_Task_T_1_VAR_RGN) < 0x200)?0x200:__SEG_SIZE_Task_T_1_VAR_RGN
                0x0000000000000100                __SEG_SIZE_Task_T_1_VAR_RGN = ((__SEG_END_Task_T_1_VAR_RGN - __SEG_START_Task_T_1_VAR_RGN) < 0x100)?0x100:__SEG_SIZE_Task_T_1_VAR_RGN
                0x0000000000000080                __SEG_SIZE_Task_T_1_VAR_RGN = ((__SEG_END_Task_T_1_VAR_RGN - __SEG_START_Task_T_1_VAR_RGN) < 0x80)?0x80:__SEG_SIZE_Task_T_1_VAR_RGN
                0x0000000000000040                __SEG_SIZE_Task_T_1_VAR_RGN = ((__SEG_END_Task_T_1_VAR_RGN - __SEG_START_Task_T_1_VAR_RGN) < 0x40)?0x40:__SEG_SIZE_Task_T_1_VAR_RGN
                0x0000000000000020                __SEG_SIZE_Task_T_1_VAR_RGN = ((__SEG_END_Task_T_1_VAR_RGN - __SEG_START_Task_T_1_VAR_RGN) < 0x20)?0x20:__SEG_SIZE_Task_T_1_VAR_RGN
                0x00000000200002c0                __SEG_ALIGN_Task_T_1_VAR_RGN = __SEG_SIZE_Task_T_1_VAR_RGN

.Task_T_master_SEC_STACK
                0x00000000200002a0      0x28c load address 0x0000000008003348
                0x0000000020000400                . = ALIGN (__SEG_ALIGN_Task_T_master_STACK_RGN)
 *fill*         0x00000000200002a0      0x160 
                0x0000000020000400                __SEG_START_Task_T_master_STACK_RGN = .
 *(.Task_T_masterStack)
 .Task_T_masterStack
                0x0000000020000400      0x12c build/appli_base/tpl_app_config.c.o
                0x0000000020000400                T_master_stack_zone
                0x000000002000052c                . = ALIGN (0x4)
                0x000000002000052c                __SEG_END_Task_T_master_STACK_RGN = .
                0x0000000000001000                __SEG_SIZE_Task_T_master_STACK_RGN = ((__SEG_END_Task_T_master_STACK_RGN - __SEG_START_Task_T_master_STACK_RGN) < 0x1000)?0x1000:__SEG_SIZE_Task_T_master_STACK_RGN
                0x0000000000000400                __SEG_SIZE_Task_T_master_STACK_RGN = ((__SEG_END_Task_T_master_STACK_RGN - __SEG_START_Task_T_master_STACK_RGN) < 0x400)?0x400:__SEG_SIZE_Task_T_master_STACK_RGN
                0x0000000000000200                __SEG_SIZE_Task_T_master_STACK_RGN = ((__SEG_END_Task_T_master_STACK_RGN - __SEG_START_Task_T_master_STACK_RGN) < 0x200)?0x200:__SEG_SIZE_Task_T_master_STACK_RGN
                [0x00000000200004a0]                __SEG_SIZE_Task_T_master_STACK_RGN = ((__SEG_END_Task_T_master_STACK_RGN - __SEG_START_Task_T_master_STACK_RGN) < 0x100)?0x100:__SEG_SIZE_Task_T_master_STACK_RGN
                [0x00000000200004a0]                __SEG_SIZE_Task_T_master_STACK_RGN = ((__SEG_END_Task_T_master_STACK_RGN - __SEG_START_Task_T_master_STACK_RGN) < 0x80)?0x80:__SEG_SIZE_Task_T_master_STACK_RGN
                [0x00000000200004a0]                __SEG_SIZE_Task_T_master_STACK_RGN = ((__SEG_END_Task_T_master_STACK_RGN - __SEG_START_Task_T_master_STACK_RGN) < 0x40)?0x40:__SEG_SIZE_Task_T_master_STACK_RGN
                [0x00000000200004a0]                __SEG_SIZE_Task_T_master_STACK_RGN = ((__SEG_END_Task_T_master_STACK_RGN - __SEG_START_Task_T_master_STACK_RGN) < 0x20)?0x20:__SEG_SIZE_Task_T_master_STACK_RGN
                0x00000000200004a0                __SEG_ALIGN_Task_T_master_STACK_RGN = __SEG_SIZE_Task_T_master_STACK_RGN

.Task_T_2_SEC_STACK
                0x000000002000052c      0x200 load address 0x00000000080035d4
                0x0000000020000600                . = ALIGN (__SEG_ALIGN_Task_T_2_STACK_RGN)
 *fill*         0x000000002000052c       0xd4 
                0x0000000020000600                __SEG_START_Task_T_2_STACK_RGN = .
 *(.Task_T_2Stack)
 .Task_T_2Stack
                0x0000000020000600      0x12c build/appli_base/tpl_app_config.c.o
                0x0000000020000600                T_2_stack_zone
                0x000000002000072c                . = ALIGN (0x4)
                0x000000002000072c                __SEG_END_Task_T_2_STACK_RGN = .
                0x0000000000001000                __SEG_SIZE_Task_T_2_STACK_RGN = ((__SEG_END_Task_T_2_STACK_RGN - __SEG_START_Task_T_2_STACK_RGN) < 0x1000)?0x1000:__SEG_SIZE_Task_T_2_STACK_RGN
                0x0000000000000400                __SEG_SIZE_Task_T_2_STACK_RGN = ((__SEG_END_Task_T_2_STACK_RGN - __SEG_START_Task_T_2_STACK_RGN) < 0x400)?0x400:__SEG_SIZE_Task_T_2_STACK_RGN
                0x0000000000000200                __SEG_SIZE_Task_T_2_STACK_RGN = ((__SEG_END_Task_T_2_STACK_RGN - __SEG_START_Task_T_2_STACK_RGN) < 0x200)?0x200:__SEG_SIZE_Task_T_2_STACK_RGN
                [0x000000002000072c]                __SEG_SIZE_Task_T_2_STACK_RGN = ((__SEG_END_Task_T_2_STACK_RGN - __SEG_START_Task_T_2_STACK_RGN) < 0x100)?0x100:__SEG_SIZE_Task_T_2_STACK_RGN
                [0x000000002000072c]                __SEG_SIZE_Task_T_2_STACK_RGN = ((__SEG_END_Task_T_2_STACK_RGN - __SEG_START_Task_T_2_STACK_RGN) < 0x80)?0x80:__SEG_SIZE_Task_T_2_STACK_RGN
                [0x000000002000072c]                __SEG_SIZE_Task_T_2_STACK_RGN = ((__SEG_END_Task_T_2_STACK_RGN - __SEG_START_Task_T_2_STACK_RGN) < 0x40)?0x40:__SEG_SIZE_Task_T_2_STACK_RGN
                [0x000000002000072c]                __SEG_SIZE_Task_T_2_STACK_RGN = ((__SEG_END_Task_T_2_STACK_RGN - __SEG_START_Task_T_2_STACK_RGN) < 0x20)?0x20:__SEG_SIZE_Task_T_2_STACK_RGN
                0x000000002000072c                __SEG_ALIGN_Task_T_2_STACK_RGN = __SEG_SIZE_Task_T_2_STACK_RGN

.Task_T_3_SEC_STACK
                0x000000002000072c      0x200 load address 0x00000000080037d4
                0x0000000020000800                . = ALIGN (__SEG_ALIGN_Task_T_3_STACK_RGN)
 *fill*         0x000000002000072c       0xd4 
                0x0000000020000800                __SEG_START_Task_T_3_STACK_RGN = .
 *(.Task_T_3Stack)
 .Task_T_3Stack
                0x0000000020000800      0x12c build/appli_base/tpl_app_config.c.o
                0x0000000020000800                T_3_stack_zone
                0x000000002000092c                . = ALIGN (0x4)
                0x000000002000092c                __SEG_END_Task_T_3_STACK_RGN = .
                0x0000000000001000                __SEG_SIZE_Task_T_3_STACK_RGN = ((__SEG_END_Task_T_3_STACK_RGN - __SEG_START_Task_T_3_STACK_RGN) < 0x1000)?0x1000:__SEG_SIZE_Task_T_3_STACK_RGN
                0x0000000000000400                __SEG_SIZE_Task_T_3_STACK_RGN = ((__SEG_END_Task_T_3_STACK_RGN - __SEG_START_Task_T_3_STACK_RGN) < 0x400)?0x400:__SEG_SIZE_Task_T_3_STACK_RGN
                0x0000000000000200                __SEG_SIZE_Task_T_3_STACK_RGN = ((__SEG_END_Task_T_3_STACK_RGN - __SEG_START_Task_T_3_STACK_RGN) < 0x200)?0x200:__SEG_SIZE_Task_T_3_STACK_RGN
                [0x000000002000092c]                __SEG_SIZE_Task_T_3_STACK_RGN = ((__SEG_END_Task_T_3_STACK_RGN - __SEG_START_Task_T_3_STACK_RGN) < 0x100)?0x100:__SEG_SIZE_Task_T_3_STACK_RGN
                [0x000000002000092c]                __SEG_SIZE_Task_T_3_STACK_RGN = ((__SEG_END_Task_T_3_STACK_RGN - __SEG_START_Task_T_3_STACK_RGN) < 0x80)?0x80:__SEG_SIZE_Task_T_3_STACK_RGN
                [0x000000002000092c]                __SEG_SIZE_Task_T_3_STACK_RGN = ((__SEG_END_Task_T_3_STACK_RGN - __SEG_START_Task_T_3_STACK_RGN) < 0x40)?0x40:__SEG_SIZE_Task_T_3_STACK_RGN
                [0x000000002000092c]                __SEG_SIZE_Task_T_3_STACK_RGN = ((__SEG_END_Task_T_3_STACK_RGN - __SEG_START_Task_T_3_STACK_RGN) < 0x20)?0x20:__SEG_SIZE_Task_T_3_STACK_RGN
                0x000000002000092c                __SEG_ALIGN_Task_T_3_STACK_RGN = __SEG_SIZE_Task_T_3_STACK_RGN

.Task_T_1_SEC_STACK
                0x000000002000092c      0x200 load address 0x00000000080039d4
                0x0000000020000a00                . = ALIGN (__SEG_ALIGN_Task_T_1_STACK_RGN)
 *fill*         0x000000002000092c       0xd4 
                0x0000000020000a00                __SEG_START_Task_T_1_STACK_RGN = .
 *(.Task_T_1Stack)
 .Task_T_1Stack
                0x0000000020000a00      0x12c build/appli_base/tpl_app_config.c.o
                0x0000000020000a00                T_1_stack_zone
                0x0000000020000b2c                . = ALIGN (0x4)
                0x0000000020000b2c                __SEG_END_Task_T_1_STACK_RGN = .
                0x0000000000001000                __SEG_SIZE_Task_T_1_STACK_RGN = ((__SEG_END_Task_T_1_STACK_RGN - __SEG_START_Task_T_1_STACK_RGN) < 0x1000)?0x1000:__SEG_SIZE_Task_T_1_STACK_RGN
                0x0000000000000400                __SEG_SIZE_Task_T_1_STACK_RGN = ((__SEG_END_Task_T_1_STACK_RGN - __SEG_START_Task_T_1_STACK_RGN) < 0x400)?0x400:__SEG_SIZE_Task_T_1_STACK_RGN
                0x0000000000000200                __SEG_SIZE_Task_T_1_STACK_RGN = ((__SEG_END_Task_T_1_STACK_RGN - __SEG_START_Task_T_1_STACK_RGN) < 0x200)?0x200:__SEG_SIZE_Task_T_1_STACK_RGN
                [0x0000000020000b2c]                __SEG_SIZE_Task_T_1_STACK_RGN = ((__SEG_END_Task_T_1_STACK_RGN - __SEG_START_Task_T_1_STACK_RGN) < 0x100)?0x100:__SEG_SIZE_Task_T_1_STACK_RGN
                [0x0000000020000b2c]                __SEG_SIZE_Task_T_1_STACK_RGN = ((__SEG_END_Task_T_1_STACK_RGN - __SEG_START_Task_T_1_STACK_RGN) < 0x80)?0x80:__SEG_SIZE_Task_T_1_STACK_RGN
                [0x0000000020000b2c]                __SEG_SIZE_Task_T_1_STACK_RGN = ((__SEG_END_Task_T_1_STACK_RGN - __SEG_START_Task_T_1_STACK_RGN) < 0x40)?0x40:__SEG_SIZE_Task_T_1_STACK_RGN
                [0x0000000020000b2c]                __SEG_SIZE_Task_T_1_STACK_RGN = ((__SEG_END_Task_T_1_STACK_RGN - __SEG_START_Task_T_1_STACK_RGN) < 0x20)?0x20:__SEG_SIZE_Task_T_1_STACK_RGN
                0x0000000020000b2c                __SEG_ALIGN_Task_T_1_STACK_RGN = __SEG_SIZE_Task_T_1_STACK_RGN

appvars
                0x0000000020000b2c                . = ALIGN (0x4)

.bss            0x0000000020000b2c        0x0
                0x0000000020000b2c                _sbss = .
                0x0000000020000b2c                __bss_start__ = _sbss
 *(.bss)
 *(.bss*)
 *(COMMON)
                0x0000000020000b2c                . = ALIGN (0x4)
                0x0000000020000b2c                _ebss = .
                0x0000000020000b2c                __bss_end__ = _ebss

._user_heap_stack
                0x0000000020000b2c      0x400 load address 0x0000000008003bd4
                0x0000000020000b2c                . = ALIGN (0x4)
                0x0000000020000b2c                __heap_start__ = .
                0x0000000020000b2c                PROVIDE (end, .)
                0x0000000020000b2c                PROVIDE (_end, .)
                0x0000000020000b2c                . = (. + _Min_Heap_Size)
                0x0000000020000f2c                . = (. + _Min_Stack_Size)
 *fill*         0x0000000020000b2c      0x400 
                0x0000000020000f2c                . = ALIGN (0x4)

.memory_b1_text
 *(.mb1text)
 *(.mb1text*)
 *(.mb1rodata)
 *(.mb1rodata*)

/DISCARD/
 libc.a(*)
 libm.a(*)
 libgcc.a(*)

.ARM.attributes
                0x0000000000000000       0x35
 *(.ARM.attributes)
 .ARM.attributes
                0x0000000000000000       0x33 build/os/tpl_os_kernel.c.o
 .ARM.attributes
                0x0000000000000033       0x33 build/os/tpl_os_timeobj_kernel.c.o
 .ARM.attributes
                0x0000000000000066       0x33 build/os/tpl_os_os_kernel.c.o
 .ARM.attributes
                0x0000000000000099       0x33 build/os/tpl_os_os.c.o
 .ARM.attributes
                0x00000000000000cc       0x33 build/os/tpl_os_interrupt_kernel.c.o
 .ARM.attributes
                0x00000000000000ff       0x33 build/os/tpl_os_task_kernel.c.o
 .ARM.attributes
                0x0000000000000132       0x33 build/os/tpl_os_resource_kernel.c.o
 .ARM.attributes
                0x0000000000000165       0x33 build/os/tpl_os_event_kernel.c.o
 .ARM.attributes
                0x0000000000000198       0x33 build/appli_base.c.o
 .ARM.attributes
                0x00000000000001cb       0x33 build/appli_base/tpl_app_config.c.o
 .ARM.attributes
                0x00000000000001fe       0x33 build/appli_base/tpl_dispatch_table.c.o
 .ARM.attributes
                0x0000000000000231       0x25 build/appli_base/tpl_invoque.S.o
 .ARM.attributes
                0x0000000000000256       0x25 build/appli_base/tpl_primary_irq.S.o
 .ARM.attributes
                0x000000000000027b       0x33 build/appli_base/tpl_vectors.c.o
 .ARM.attributes
                0x00000000000002ae       0x33 build/appli_base/tpl_external_interrupts.c.o
 .ARM.attributes
                0x00000000000002e1       0x33 build/appli_base/tpl_app_interrupts.c.o
 .ARM.attributes
                0x0000000000000314       0x33 build/machines/cortex/tpl_machine_cortex.c.o
 .ARM.attributes
                0x0000000000000347       0x25 build/machines/cortex/tpl_sc_handler.S.o
 .ARM.attributes
                0x000000000000036c       0x25 build/machines/cortex/tpl_startup.S.o
 .ARM.attributes
                0x0000000000000391       0x25 build/machines/cortex/armv7em/tpl_ctx_switch.S.o
 .ARM.attributes
                0x00000000000003b6       0x25 build/machines/cortex/armv7em/tpl_ctx_switch_under_it.S.o
 .ARM.attributes
                0x00000000000003db       0x25 build/machines/cortex/armv7em/tpl_interrupts.S.o
 .ARM.attributes
                0x0000000000000400       0x33 build/machines/cortex/armv7em/stm32f407/tpl_machine_stm32f407.c.o
 .ARM.attributes
                0x0000000000000433       0x33 build/machines/cortex/armv7em/stm32f407/startup_stm32f4xx.c.o
 .ARM.attributes
                0x0000000000000466       0x33 build/machines/cortex/armv7em/stm32f407/system_stm32f4xx.c.o
 .ARM.attributes
                0x0000000000000499       0x33 build/machines/cortex/armv7em/stm32f407/handlers_stm32f4xx.c.o
 .ARM.attributes
                0x00000000000004cc       0x33 build/machines/cortex/armv7em/stm32f407/STM32F4xx_StdPeriph_Driver/stm32f4xx_gpio.c.o
 .ARM.attributes
                0x00000000000004ff       0x33 build/machines/cortex/armv7em/stm32f407/STM32F4xx_StdPeriph_Driver/stm32f4xx_rcc.c.o
 .ARM.attributes
                0x0000000000000532       0x33 build/machines/cortex/armv7em/stm32f407/STM32F4xx_StdPeriph_Driver/stm32f4xx_exti.c.o
 .ARM.attributes
                0x0000000000000565       0x33 build/machines/cortex/armv7em/stm32f407/STM32F4xx_StdPeriph_Driver/stm32f4xx_syscfg.c.o
 .ARM.attributes
                0x0000000000000598       0x33 build/machines/cortex/armv7em/stm32f407/STM32F4xx_StdPeriph_Driver/misc.c.o
 .ARM.attributes
                0x00000000000005cb       0x33 build/machines/cortex/armv7em/stm32f407/stm32f4discovery/stm32f4_discovery.c.o
 .ARM.attributes
                0x00000000000005fe       0x33 build/machines/cortex/armv7em/stm32f407/stm32f4discovery/tp.c.o
LOAD /opt/homebrew/Cellar/gcc-arm-none-eabi-49/20150925/bin/../lib/gcc/arm-none-eabi/4.9.3/../../../../arm-none-eabi/lib/libc.a
LOAD /opt/homebrew/Cellar/gcc-arm-none-eabi-49/20150925/bin/../lib/gcc/arm-none-eabi/4.9.3/libgcc.a
OUTPUT(appli_base_exe elf32-littlearm)

.debug_info     0x0000000000000000     0x8a13
 .debug_info    0x0000000000000000      0xb72 build/os/tpl_os_kernel.c.o
 .debug_info    0x0000000000000b72      0x3d1 build/os/tpl_os_timeobj_kernel.c.o
 .debug_info    0x0000000000000f43      0x19c build/os/tpl_os_os_kernel.c.o
 .debug_info    0x00000000000010df       0xe4 build/os/tpl_os_os.c.o
 .debug_info    0x00000000000011c3      0x50e build/os/tpl_os_interrupt_kernel.c.o
 .debug_info    0x00000000000016d1      0x55a build/os/tpl_os_task_kernel.c.o
 .debug_info    0x0000000000001c2b      0x585 build/os/tpl_os_resource_kernel.c.o
 .debug_info    0x00000000000021b0      0x585 build/os/tpl_os_event_kernel.c.o
 .debug_info    0x0000000000002735      0x650 build/appli_base.c.o
 .debug_info    0x0000000000002d85      0xa06 build/appli_base/tpl_app_config.c.o
 .debug_info    0x000000000000378b       0xca build/appli_base/tpl_dispatch_table.c.o
 .debug_info    0x0000000000003855       0x76 build/appli_base/tpl_invoque.S.o
 .debug_info    0x00000000000038cb       0x7a build/appli_base/tpl_primary_irq.S.o
 .debug_info    0x0000000000003945       0xe6 build/appli_base/tpl_vectors.c.o
 .debug_info    0x0000000000003a2b      0x2a5 build/appli_base/tpl_external_interrupts.c.o
 .debug_info    0x0000000000003cd0       0xcd build/appli_base/tpl_app_interrupts.c.o
 .debug_info    0x0000000000003d9d      0x9e0 build/machines/cortex/tpl_machine_cortex.c.o
 .debug_info    0x000000000000477d       0xa5 build/machines/cortex/tpl_sc_handler.S.o
 .debug_info    0x0000000000004822       0xa2 build/machines/cortex/tpl_startup.S.o
 .debug_info    0x00000000000048c4       0xad build/machines/cortex/armv7em/tpl_ctx_switch.S.o
 .debug_info    0x0000000000004971       0xb6 build/machines/cortex/armv7em/tpl_ctx_switch_under_it.S.o
 .debug_info    0x0000000000004a27       0xad build/machines/cortex/armv7em/tpl_interrupts.S.o
 .debug_info    0x0000000000004ad4      0x6b9 build/machines/cortex/armv7em/stm32f407/tpl_machine_stm32f407.c.o
 .debug_info    0x000000000000518d      0x2ec build/machines/cortex/armv7em/stm32f407/startup_stm32f4xx.c.o
 .debug_info    0x0000000000005479      0x5d6 build/machines/cortex/armv7em/stm32f407/system_stm32f4xx.c.o
 .debug_info    0x0000000000005a4f      0x57b build/machines/cortex/armv7em/stm32f407/handlers_stm32f4xx.c.o
 .debug_info    0x0000000000005fca      0x605 build/machines/cortex/armv7em/stm32f407/STM32F4xx_StdPeriph_Driver/stm32f4xx_gpio.c.o
 .debug_info    0x00000000000065cf      0xe42 build/machines/cortex/armv7em/stm32f407/STM32F4xx_StdPeriph_Driver/stm32f4xx_rcc.c.o
 .debug_info    0x0000000000007411      0x364 build/machines/cortex/armv7em/stm32f407/STM32F4xx_StdPeriph_Driver/stm32f4xx_exti.c.o
 .debug_info    0x0000000000007775      0x290 build/machines/cortex/armv7em/stm32f407/STM32F4xx_StdPeriph_Driver/stm32f4xx_syscfg.c.o
 .debug_info    0x0000000000007a05      0x53d build/machines/cortex/armv7em/stm32f407/STM32F4xx_StdPeriph_Driver/misc.c.o
 .debug_info    0x0000000000007f42      0x894 build/machines/cortex/armv7em/stm32f407/stm32f4discovery/stm32f4_discovery.c.o
 .debug_info    0x00000000000087d6      0x23d build/machines/cortex/armv7em/stm32f407/stm32f4discovery/tp.c.o

.debug_abbrev   0x0000000000000000     0x213d
 .debug_abbrev  0x0000000000000000      0x21f build/os/tpl_os_kernel.c.o
 .debug_abbrev  0x000000000000021f      0x138 build/os/tpl_os_timeobj_kernel.c.o
 .debug_abbrev  0x0000000000000357       0xaa build/os/tpl_os_os_kernel.c.o
 .debug_abbrev  0x0000000000000401       0x7f build/os/tpl_os_os.c.o
 .debug_abbrev  0x0000000000000480      0x17b build/os/tpl_os_interrupt_kernel.c.o
 .debug_abbrev  0x00000000000005fb      0x15c build/os/tpl_os_task_kernel.c.o
 .debug_abbrev  0x0000000000000757      0x161 build/os/tpl_os_resource_kernel.c.o
 .debug_abbrev  0x00000000000008b8      0x122 build/os/tpl_os_event_kernel.c.o
 .debug_abbrev  0x00000000000009da      0x187 build/appli_base.c.o
 .debug_abbrev  0x0000000000000b61      0x15f build/appli_base/tpl_app_config.c.o
 .debug_abbrev  0x0000000000000cc0       0x85 build/appli_base/tpl_dispatch_table.c.o
 .debug_abbrev  0x0000000000000d45       0x14 build/appli_base/tpl_invoque.S.o
 .debug_abbrev  0x0000000000000d59       0x14 build/appli_base/tpl_primary_irq.S.o
 .debug_abbrev  0x0000000000000d6d       0xa4 build/appli_base/tpl_vectors.c.o
 .debug_abbrev  0x0000000000000e11       0xaf build/appli_base/tpl_external_interrupts.c.o
 .debug_abbrev  0x0000000000000ec0       0x67 build/appli_base/tpl_app_interrupts.c.o
 .debug_abbrev  0x0000000000000f27      0x289 build/machines/cortex/tpl_machine_cortex.c.o
 .debug_abbrev  0x00000000000011b0       0x14 build/machines/cortex/tpl_sc_handler.S.o
 .debug_abbrev  0x00000000000011c4       0x14 build/machines/cortex/tpl_startup.S.o
 .debug_abbrev  0x00000000000011d8       0x14 build/machines/cortex/armv7em/tpl_ctx_switch.S.o
 .debug_abbrev  0x00000000000011ec       0x14 build/machines/cortex/armv7em/tpl_ctx_switch_under_it.S.o
 .debug_abbrev  0x0000000000001200       0x14 build/machines/cortex/armv7em/tpl_interrupts.S.o
 .debug_abbrev  0x0000000000001214      0x163 build/machines/cortex/armv7em/stm32f407/tpl_machine_stm32f407.c.o
 .debug_abbrev  0x0000000000001377      0x135 build/machines/cortex/armv7em/stm32f407/startup_stm32f4xx.c.o
 .debug_abbrev  0x00000000000014ac      0x136 build/machines/cortex/armv7em/stm32f407/system_stm32f4xx.c.o
 .debug_abbrev  0x00000000000015e2      0x129 build/machines/cortex/armv7em/stm32f407/handlers_stm32f4xx.c.o
 .debug_abbrev  0x000000000000170b      0x1a3 build/machines/cortex/armv7em/stm32f407/STM32F4xx_StdPeriph_Driver/stm32f4xx_gpio.c.o
 .debug_abbrev  0x00000000000018ae      0x1b8 build/machines/cortex/armv7em/stm32f407/STM32F4xx_StdPeriph_Driver/stm32f4xx_rcc.c.o
 .debug_abbrev  0x0000000000001a66      0x1bf build/machines/cortex/armv7em/stm32f407/STM32F4xx_StdPeriph_Driver/stm32f4xx_exti.c.o
 .debug_abbrev  0x0000000000001c25      0x131 build/machines/cortex/armv7em/stm32f407/STM32F4xx_StdPeriph_Driver/stm32f4xx_syscfg.c.o
 .debug_abbrev  0x0000000000001d56      0x145 build/machines/cortex/armv7em/stm32f407/STM32F4xx_StdPeriph_Driver/misc.c.o
 .debug_abbrev  0x0000000000001e9b      0x194 build/machines/cortex/armv7em/stm32f407/stm32f4discovery/stm32f4_discovery.c.o
 .debug_abbrev  0x000000000000202f      0x10e build/machines/cortex/armv7em/stm32f407/stm32f4discovery/tp.c.o

.debug_aranges  0x0000000000000000      0x978
 .debug_aranges
                0x0000000000000000       0xd8 build/os/tpl_os_kernel.c.o
 .debug_aranges
                0x00000000000000d8       0x40 build/os/tpl_os_timeobj_kernel.c.o
 .debug_aranges
                0x0000000000000118       0x38 build/os/tpl_os_os_kernel.c.o
 .debug_aranges
                0x0000000000000150       0x20 build/os/tpl_os_os.c.o
 .debug_aranges
                0x0000000000000170       0x68 build/os/tpl_os_interrupt_kernel.c.o
 .debug_aranges
                0x00000000000001d8       0x48 build/os/tpl_os_task_kernel.c.o
 .debug_aranges
                0x0000000000000220       0x30 build/os/tpl_os_resource_kernel.c.o
 .debug_aranges
                0x0000000000000250       0x38 build/os/tpl_os_event_kernel.c.o
 .debug_aranges
                0x0000000000000288       0x48 build/appli_base.c.o
 .debug_aranges
                0x00000000000002d0       0x28 build/appli_base/tpl_app_config.c.o
 .debug_aranges
                0x00000000000002f8       0x18 build/appli_base/tpl_dispatch_table.c.o
 .debug_aranges
                0x0000000000000310       0x20 build/appli_base/tpl_invoque.S.o
 .debug_aranges
                0x0000000000000330       0x20 build/appli_base/tpl_primary_irq.S.o
 .debug_aranges
                0x0000000000000350       0x18 build/appli_base/tpl_vectors.c.o
 .debug_aranges
                0x0000000000000368       0x20 build/appli_base/tpl_external_interrupts.c.o
 .debug_aranges
                0x0000000000000388       0x30 build/appli_base/tpl_app_interrupts.c.o
 .debug_aranges
                0x00000000000003b8       0x58 build/machines/cortex/tpl_machine_cortex.c.o
 .debug_aranges
                0x0000000000000410       0x20 build/machines/cortex/tpl_sc_handler.S.o
 .debug_aranges
                0x0000000000000430       0x20 build/machines/cortex/tpl_startup.S.o
 .debug_aranges
                0x0000000000000450       0x20 build/machines/cortex/armv7em/tpl_ctx_switch.S.o
 .debug_aranges
                0x0000000000000470       0x20 build/machines/cortex/armv7em/tpl_ctx_switch_under_it.S.o
 .debug_aranges
                0x0000000000000490       0x20 build/machines/cortex/armv7em/tpl_interrupts.S.o
 .debug_aranges
                0x00000000000004b0       0x30 build/machines/cortex/armv7em/stm32f407/tpl_machine_stm32f407.c.o
 .debug_aranges
                0x00000000000004e0       0x48 build/machines/cortex/armv7em/stm32f407/startup_stm32f4xx.c.o
 .debug_aranges
                0x0000000000000528       0x30 build/machines/cortex/armv7em/stm32f407/system_stm32f4xx.c.o
 .debug_aranges
                0x0000000000000558       0x60 build/machines/cortex/armv7em/stm32f407/handlers_stm32f4xx.c.o
 .debug_aranges
                0x00000000000005b8       0x88 build/machines/cortex/armv7em/stm32f407/STM32F4xx_StdPeriph_Driver/stm32f4xx_gpio.c.o
 .debug_aranges
                0x0000000000000640      0x1c0 build/machines/cortex/armv7em/stm32f407/STM32F4xx_StdPeriph_Driver/stm32f4xx_rcc.c.o
 .debug_aranges
                0x0000000000000800       0x58 build/machines/cortex/armv7em/stm32f407/STM32F4xx_StdPeriph_Driver/stm32f4xx_exti.c.o
 .debug_aranges
                0x0000000000000858       0x50 build/machines/cortex/armv7em/stm32f407/STM32F4xx_StdPeriph_Driver/stm32f4xx_syscfg.c.o
 .debug_aranges
                0x00000000000008a8       0x40 build/machines/cortex/armv7em/stm32f407/STM32F4xx_StdPeriph_Driver/misc.c.o
 .debug_aranges
                0x00000000000008e8       0x48 build/machines/cortex/armv7em/stm32f407/stm32f4discovery/stm32f4_discovery.c.o
 .debug_aranges
                0x0000000000000930       0x48 build/machines/cortex/armv7em/stm32f407/stm32f4discovery/tp.c.o

.debug_ranges   0x0000000000000000      0x6e8
 .debug_ranges  0x0000000000000000       0xc8 build/os/tpl_os_kernel.c.o
 .debug_ranges  0x00000000000000c8       0x30 build/os/tpl_os_timeobj_kernel.c.o
 .debug_ranges  0x00000000000000f8       0x28 build/os/tpl_os_os_kernel.c.o
 .debug_ranges  0x0000000000000120       0x10 build/os/tpl_os_os.c.o
 .debug_ranges  0x0000000000000130       0x58 build/os/tpl_os_interrupt_kernel.c.o
 .debug_ranges  0x0000000000000188       0x38 build/os/tpl_os_task_kernel.c.o
 .debug_ranges  0x00000000000001c0       0x20 build/os/tpl_os_resource_kernel.c.o
 .debug_ranges  0x00000000000001e0       0x28 build/os/tpl_os_event_kernel.c.o
 .debug_ranges  0x0000000000000208       0x38 build/appli_base.c.o
 .debug_ranges  0x0000000000000240       0x18 build/appli_base/tpl_app_config.c.o
 .debug_ranges  0x0000000000000258       0x10 build/appli_base/tpl_external_interrupts.c.o
 .debug_ranges  0x0000000000000268       0x20 build/appli_base/tpl_app_interrupts.c.o
 .debug_ranges  0x0000000000000288       0x48 build/machines/cortex/tpl_machine_cortex.c.o
 .debug_ranges  0x00000000000002d0       0x20 build/machines/cortex/armv7em/stm32f407/tpl_machine_stm32f407.c.o
 .debug_ranges  0x00000000000002f0       0x38 build/machines/cortex/armv7em/stm32f407/startup_stm32f4xx.c.o
 .debug_ranges  0x0000000000000328       0x20 build/machines/cortex/armv7em/stm32f407/system_stm32f4xx.c.o
 .debug_ranges  0x0000000000000348       0x50 build/machines/cortex/armv7em/stm32f407/handlers_stm32f4xx.c.o
 .debug_ranges  0x0000000000000398       0x78 build/machines/cortex/armv7em/stm32f407/STM32F4xx_StdPeriph_Driver/stm32f4xx_gpio.c.o
 .debug_ranges  0x0000000000000410      0x1b0 build/machines/cortex/armv7em/stm32f407/STM32F4xx_StdPeriph_Driver/stm32f4xx_rcc.c.o
 .debug_ranges  0x00000000000005c0       0x48 build/machines/cortex/armv7em/stm32f407/STM32F4xx_StdPeriph_Driver/stm32f4xx_exti.c.o
 .debug_ranges  0x0000000000000608       0x40 build/machines/cortex/armv7em/stm32f407/STM32F4xx_StdPeriph_Driver/stm32f4xx_syscfg.c.o
 .debug_ranges  0x0000000000000648       0x30 build/machines/cortex/armv7em/stm32f407/STM32F4xx_StdPeriph_Driver/misc.c.o
 .debug_ranges  0x0000000000000678       0x38 build/machines/cortex/armv7em/stm32f407/stm32f4discovery/stm32f4_discovery.c.o
 .debug_ranges  0x00000000000006b0       0x38 build/machines/cortex/armv7em/stm32f407/stm32f4discovery/tp.c.o

.debug_line     0x0000000000000000     0x5c9a
 .debug_line    0x0000000000000000      0x41c build/os/tpl_os_kernel.c.o
 .debug_line    0x000000000000041c      0x2d2 build/os/tpl_os_timeobj_kernel.c.o
 .debug_line    0x00000000000006ee      0x21a build/os/tpl_os_os_kernel.c.o
 .debug_line    0x0000000000000908      0x1f4 build/os/tpl_os_os.c.o
 .debug_line    0x0000000000000afc      0x2b9 build/os/tpl_os_interrupt_kernel.c.o
 .debug_line    0x0000000000000db5      0x350 build/os/tpl_os_task_kernel.c.o
 .debug_line    0x0000000000001105      0x30d build/os/tpl_os_resource_kernel.c.o
 .debug_line    0x0000000000001412      0x347 build/os/tpl_os_event_kernel.c.o
 .debug_line    0x0000000000001759      0x3a8 build/appli_base.c.o
 .debug_line    0x0000000000001b01      0x2c5 build/appli_base/tpl_app_config.c.o
 .debug_line    0x0000000000001dc6      0x194 build/appli_base/tpl_dispatch_table.c.o
 .debug_line    0x0000000000001f5a      0x152 build/appli_base/tpl_invoque.S.o
 .debug_line    0x00000000000020ac       0x61 build/appli_base/tpl_primary_irq.S.o
 .debug_line    0x000000000000210d      0x1da build/appli_base/tpl_vectors.c.o
 .debug_line    0x00000000000022e7      0x1e8 build/appli_base/tpl_external_interrupts.c.o
 .debug_line    0x00000000000024cf      0x166 build/appli_base/tpl_app_interrupts.c.o
 .debug_line    0x0000000000002635      0x35b build/machines/cortex/tpl_machine_cortex.c.o
 .debug_line    0x0000000000002990       0xad build/machines/cortex/tpl_sc_handler.S.o
 .debug_line    0x0000000000002a3d       0x7b build/machines/cortex/tpl_startup.S.o
 .debug_line    0x0000000000002ab8       0x9d build/machines/cortex/armv7em/tpl_ctx_switch.S.o
 .debug_line    0x0000000000002b55       0xa2 build/machines/cortex/armv7em/tpl_ctx_switch_under_it.S.o
 .debug_line    0x0000000000002bf7       0x98 build/machines/cortex/armv7em/tpl_interrupts.S.o
 .debug_line    0x0000000000002c8f      0x2b6 build/machines/cortex/armv7em/stm32f407/tpl_machine_stm32f407.c.o
 .debug_line    0x0000000000002f45      0x18c build/machines/cortex/armv7em/stm32f407/startup_stm32f4xx.c.o
 .debug_line    0x00000000000030d1      0x297 build/machines/cortex/armv7em/stm32f407/system_stm32f4xx.c.o
 .debug_line    0x0000000000003368      0x392 build/machines/cortex/armv7em/stm32f407/handlers_stm32f4xx.c.o
 .debug_line    0x00000000000036fa      0x901 build/machines/cortex/armv7em/stm32f407/STM32F4xx_StdPeriph_Driver/stm32f4xx_gpio.c.o
 .debug_line    0x0000000000003ffb      0xbdf build/machines/cortex/armv7em/stm32f407/STM32F4xx_StdPeriph_Driver/stm32f4xx_rcc.c.o
 .debug_line    0x0000000000004bda      0x43d build/machines/cortex/armv7em/stm32f407/STM32F4xx_StdPeriph_Driver/stm32f4xx_exti.c.o
 .debug_line    0x0000000000005017      0x379 build/machines/cortex/armv7em/stm32f407/STM32F4xx_StdPeriph_Driver/stm32f4xx_syscfg.c.o
 .debug_line    0x0000000000005390      0x30a build/machines/cortex/armv7em/stm32f407/STM32F4xx_StdPeriph_Driver/misc.c.o
 .debug_line    0x000000000000569a      0x34d build/machines/cortex/armv7em/stm32f407/stm32f4discovery/stm32f4_discovery.c.o
 .debug_line    0x00000000000059e7      0x2b3 build/machines/cortex/armv7em/stm32f407/stm32f4discovery/tp.c.o

.debug_str      0x0000000000000000     0x3262
 .debug_str     0x0000000000000000      0x771 build/os/tpl_os_kernel.c.o
                                        0x866 (size before relaxing)
 .debug_str     0x0000000000000771      0x1f6 build/os/tpl_os_timeobj_kernel.c.o
                                        0x3e3 (size before relaxing)
 .debug_str     0x0000000000000967       0xad build/os/tpl_os_os_kernel.c.o
                                        0x2b5 (size before relaxing)
 .debug_str     0x0000000000000a14       0x4a build/os/tpl_os_os.c.o
                                        0x217 (size before relaxing)
 .debug_str     0x0000000000000a5e      0x1e5 build/os/tpl_os_interrupt_kernel.c.o
                                        0x62c (size before relaxing)
 .debug_str     0x0000000000000c43       0xd3 build/os/tpl_os_task_kernel.c.o
                                        0x55a (size before relaxing)
 .debug_str     0x0000000000000d16       0xdb build/os/tpl_os_resource_kernel.c.o
                                        0x588 (size before relaxing)
 .debug_str     0x0000000000000df1       0x9b build/os/tpl_os_event_kernel.c.o
                                        0x586 (size before relaxing)
 .debug_str     0x0000000000000e8c      0x29e build/appli_base.c.o
                                        0x4b2 (size before relaxing)
 .debug_str     0x000000000000112a      0x237 build/appli_base/tpl_app_config.c.o
                                        0x8de (size before relaxing)
 .debug_str     0x0000000000001361       0x43 build/appli_base/tpl_dispatch_table.c.o
                                        0x1f0 (size before relaxing)
 .debug_str     0x00000000000013a4       0x3f build/appli_base/tpl_vectors.c.o
                                        0x1ec (size before relaxing)
 .debug_str     0x00000000000013e3       0x42 build/appli_base/tpl_external_interrupts.c.o
                                        0x324 (size before relaxing)
 .debug_str     0x0000000000001425       0x68 build/appli_base/tpl_app_interrupts.c.o
                                        0x215 (size before relaxing)
 .debug_str     0x000000000000148d      0x6be build/machines/cortex/tpl_machine_cortex.c.o
                                        0xaeb (size before relaxing)
 .debug_str     0x0000000000001b4b       0xc0 build/machines/cortex/armv7em/stm32f407/tpl_machine_stm32f407.c.o
                                        0x877 (size before relaxing)
 .debug_str     0x0000000000001c0b      0x185 build/machines/cortex/armv7em/stm32f407/startup_stm32f4xx.c.o
                                        0x2f5 (size before relaxing)
 .debug_str     0x0000000000001d90       0xec build/machines/cortex/armv7em/stm32f407/system_stm32f4xx.c.o
                                        0x43c (size before relaxing)
 .debug_str     0x0000000000001e7c      0x149 build/machines/cortex/armv7em/stm32f407/handlers_stm32f4xx.c.o
                                        0x482 (size before relaxing)
 .debug_str     0x0000000000001fc5      0x35e build/machines/cortex/armv7em/stm32f407/STM32F4xx_StdPeriph_Driver/stm32f4xx_gpio.c.o
                                        0x51b (size before relaxing)
 .debug_str     0x0000000000002323      0x701 build/machines/cortex/armv7em/stm32f407/STM32F4xx_StdPeriph_Driver/stm32f4xx_rcc.c.o
                                        0xa3d (size before relaxing)
 .debug_str     0x0000000000002a24      0x1f8 build/machines/cortex/armv7em/stm32f407/STM32F4xx_StdPeriph_Driver/stm32f4xx_exti.c.o
                                        0x3ed (size before relaxing)
 .debug_str     0x0000000000002c1c      0x1a8 build/machines/cortex/armv7em/stm32f407/STM32F4xx_StdPeriph_Driver/stm32f4xx_syscfg.c.o
                                        0x389 (size before relaxing)
 .debug_str     0x0000000000002dc4      0x1af build/machines/cortex/armv7em/stm32f407/STM32F4xx_StdPeriph_Driver/misc.c.o
                                        0x449 (size before relaxing)
 .debug_str     0x0000000000002f73      0x1f6 build/machines/cortex/armv7em/stm32f407/stm32f4discovery/stm32f4_discovery.c.o
                                        0xbb5 (size before relaxing)
 .debug_str     0x0000000000003169       0xf9 build/machines/cortex/armv7em/stm32f407/stm32f4discovery/tp.c.o
                                        0x2ef (size before relaxing)

.comment        0x0000000000000000       0x70
 .comment       0x0000000000000000       0x70 build/os/tpl_os_kernel.c.o
                                         0x71 (size before relaxing)
 .comment       0x0000000000000000       0x71 build/os/tpl_os_timeobj_kernel.c.o
 .comment       0x0000000000000000       0x71 build/os/tpl_os_os_kernel.c.o
 .comment       0x0000000000000000       0x71 build/os/tpl_os_os.c.o
 .comment       0x0000000000000000       0x71 build/os/tpl_os_interrupt_kernel.c.o
 .comment       0x0000000000000000       0x71 build/os/tpl_os_task_kernel.c.o
 .comment       0x0000000000000000       0x71 build/os/tpl_os_resource_kernel.c.o
 .comment       0x0000000000000000       0x71 build/os/tpl_os_event_kernel.c.o
 .comment       0x0000000000000000       0x71 build/appli_base.c.o
 .comment       0x0000000000000000       0x71 build/appli_base/tpl_app_config.c.o
 .comment       0x0000000000000000       0x71 build/appli_base/tpl_dispatch_table.c.o
 .comment       0x0000000000000000       0x71 build/appli_base/tpl_vectors.c.o
 .comment       0x0000000000000000       0x71 build/appli_base/tpl_external_interrupts.c.o
 .comment       0x0000000000000000       0x71 build/appli_base/tpl_app_interrupts.c.o
 .comment       0x0000000000000000       0x71 build/machines/cortex/tpl_machine_cortex.c.o
 .comment       0x0000000000000000       0x71 build/machines/cortex/armv7em/stm32f407/tpl_machine_stm32f407.c.o
 .comment       0x0000000000000000       0x71 build/machines/cortex/armv7em/stm32f407/startup_stm32f4xx.c.o
 .comment       0x0000000000000000       0x71 build/machines/cortex/armv7em/stm32f407/system_stm32f4xx.c.o
 .comment       0x0000000000000000       0x71 build/machines/cortex/armv7em/stm32f407/handlers_stm32f4xx.c.o
 .comment       0x0000000000000000       0x71 build/machines/cortex/armv7em/stm32f407/STM32F4xx_StdPeriph_Driver/stm32f4xx_gpio.c.o
 .comment       0x0000000000000000       0x71 build/machines/cortex/armv7em/stm32f407/STM32F4xx_StdPeriph_Driver/stm32f4xx_rcc.c.o
 .comment       0x0000000000000000       0x71 build/machines/cortex/armv7em/stm32f407/STM32F4xx_StdPeriph_Driver/stm32f4xx_exti.c.o
 .comment       0x0000000000000000       0x71 build/machines/cortex/armv7em/stm32f407/STM32F4xx_StdPeriph_Driver/stm32f4xx_syscfg.c.o
 .comment       0x0000000000000000       0x71 build/machines/cortex/armv7em/stm32f407/STM32F4xx_StdPeriph_Driver/misc.c.o
 .comment       0x0000000000000000       0x71 build/machines/cortex/armv7em/stm32f407/stm32f4discovery/stm32f4_discovery.c.o
 .comment       0x0000000000000000       0x71 build/machines/cortex/armv7em/stm32f407/stm32f4discovery/tp.c.o

.debug_frame    0x0000000000000000     0x1c68
 .debug_frame   0x0000000000000000      0x364 build/os/tpl_os_kernel.c.o
 .debug_frame   0x0000000000000364       0xcc build/os/tpl_os_timeobj_kernel.c.o
 .debug_frame   0x0000000000000430       0xa0 build/os/tpl_os_os_kernel.c.o
 .debug_frame   0x00000000000004d0       0x34 build/os/tpl_os_os.c.o
 .debug_frame   0x0000000000000504      0x14c build/os/tpl_os_interrupt_kernel.c.o
 .debug_frame   0x0000000000000650       0xe8 build/os/tpl_os_task_kernel.c.o
 .debug_frame   0x0000000000000738       0x84 build/os/tpl_os_resource_kernel.c.o
 .debug_frame   0x00000000000007bc       0xa0 build/os/tpl_os_event_kernel.c.o
 .debug_frame   0x000000000000085c       0xc8 build/appli_base.c.o
 .debug_frame   0x0000000000000924       0x48 build/appli_base/tpl_app_config.c.o
 .debug_frame   0x000000000000096c       0x30 build/appli_base/tpl_external_interrupts.c.o
 .debug_frame   0x000000000000099c       0x70 build/appli_base/tpl_app_interrupts.c.o
 .debug_frame   0x0000000000000a0c      0x118 build/machines/cortex/tpl_machine_cortex.c.o
 .debug_frame   0x0000000000000b24       0x78 build/machines/cortex/armv7em/stm32f407/tpl_machine_stm32f407.c.o
 .debug_frame   0x0000000000000b9c       0xf0 build/machines/cortex/armv7em/stm32f407/startup_stm32f4xx.c.o
 .debug_frame   0x0000000000000c8c       0x7c build/machines/cortex/armv7em/stm32f407/system_stm32f4xx.c.o
 .debug_frame   0x0000000000000d08       0xf8 build/machines/cortex/armv7em/stm32f407/handlers_stm32f4xx.c.o
 .debug_frame   0x0000000000000e00      0x214 build/machines/cortex/armv7em/stm32f407/STM32F4xx_StdPeriph_Driver/stm32f4xx_gpio.c.o
 .debug_frame   0x0000000000001014      0x77c build/machines/cortex/armv7em/stm32f407/STM32F4xx_StdPeriph_Driver/stm32f4xx_rcc.c.o
 .debug_frame   0x0000000000001790      0x130 build/machines/cortex/armv7em/stm32f407/STM32F4xx_StdPeriph_Driver/stm32f4xx_exti.c.o
 .debug_frame   0x00000000000018c0      0x10c build/machines/cortex/armv7em/stm32f407/STM32F4xx_StdPeriph_Driver/stm32f4xx_syscfg.c.o
 .debug_frame   0x00000000000019cc       0xc4 build/machines/cortex/armv7em/stm32f407/STM32F4xx_StdPeriph_Driver/misc.c.o
 .debug_frame   0x0000000000001a90       0xf4 build/machines/cortex/armv7em/stm32f407/stm32f4discovery/stm32f4_discovery.c.o
 .debug_frame   0x0000000000001b84       0xe4 build/machines/cortex/armv7em/stm32f407/stm32f4discovery/tp.c.o
