
Allocating common symbols
Common symbol       size              file

NVIC_InitStructure  0x4               build/machines/cortex/armv7em/stm32f407/stm32f4discovery/stm32f4_discovery.c.o

Discarded input sections

 .text          0x0000000000000000        0x0 build/os/tpl_os_kernel.c.o
 .data          0x0000000000000000        0x0 build/os/tpl_os_kernel.c.o
 .bss           0x0000000000000000        0x0 build/os/tpl_os_kernel.c.o
 .osVar         0x0000000000000000        0x3 build/os/tpl_os_kernel.c.o
 .text          0x0000000000000000        0x0 build/os/tpl_os_timeobj_kernel.c.o
 .data          0x0000000000000000        0x0 build/os/tpl_os_timeobj_kernel.c.o
 .bss           0x0000000000000000        0x0 build/os/tpl_os_timeobj_kernel.c.o
 .text          0x0000000000000000        0x0 build/os/tpl_os_action.c.o
 .data          0x0000000000000000        0x0 build/os/tpl_os_action.c.o
 .bss           0x0000000000000000        0x0 build/os/tpl_os_action.c.o
 .text          0x0000000000000000        0x0 build/os/tpl_os_error.c.o
 .data          0x0000000000000000        0x0 build/os/tpl_os_error.c.o
 .bss           0x0000000000000000        0x0 build/os/tpl_os_error.c.o
 .debug_info    0x0000000000000000       0x92 build/os/tpl_os_error.c.o
 .debug_abbrev  0x0000000000000000       0x4b build/os/tpl_os_error.c.o
 .debug_aranges
                0x0000000000000000       0x18 build/os/tpl_os_error.c.o
 .debug_line    0x0000000000000000      0x12f build/os/tpl_os_error.c.o
 .debug_str     0x0000000000000000      0x1e6 build/os/tpl_os_error.c.o
 .comment       0x0000000000000000       0x71 build/os/tpl_os_error.c.o
 .ARM.attributes
                0x0000000000000000       0x33 build/os/tpl_os_error.c.o
 .text          0x0000000000000000        0x0 build/os/tpl_os_os_kernel.c.o
 .data          0x0000000000000000        0x0 build/os/tpl_os_os_kernel.c.o
 .bss           0x0000000000000000        0x0 build/os/tpl_os_os_kernel.c.o
 .text          0x0000000000000000        0x0 build/os/tpl_os_os.c.o
 .data          0x0000000000000000        0x0 build/os/tpl_os_os.c.o
 .bss           0x0000000000000000        0x0 build/os/tpl_os_os.c.o
 .text          0x0000000000000000        0x0 build/os/tpl_os_interrupt_kernel.c.o
 .data          0x0000000000000000        0x0 build/os/tpl_os_interrupt_kernel.c.o
 .bss           0x0000000000000000        0x0 build/os/tpl_os_interrupt_kernel.c.o
 .text          0x0000000000000000        0x0 build/os/tpl_os_task_kernel.c.o
 .data          0x0000000000000000        0x0 build/os/tpl_os_task_kernel.c.o
 .bss           0x0000000000000000        0x0 build/os/tpl_os_task_kernel.c.o
 .text          0x0000000000000000        0x0 build/os/tpl_os_resource_kernel.c.o
 .data          0x0000000000000000        0x0 build/os/tpl_os_resource_kernel.c.o
 .bss           0x0000000000000000        0x0 build/os/tpl_os_resource_kernel.c.o
 .osConst       0x0000000000000000        0x2 build/os/tpl_os_resource_kernel.c.o
 .text          0x0000000000000000        0x0 build/os/tpl_os_alarm_kernel.c.o
 .data          0x0000000000000000        0x0 build/os/tpl_os_alarm_kernel.c.o
 .bss           0x0000000000000000        0x0 build/os/tpl_os_alarm_kernel.c.o
 .osConst       0x0000000000000000        0x1 build/os/tpl_os_alarm_kernel.c.o
 .text          0x0000000000000000        0x0 build/appli_base.c.o
 .data          0x0000000000000000        0x0 build/appli_base.c.o
 .bss           0x0000000000000000        0x0 build/appli_base.c.o
 .bss.test      0x0000000000000000        0x4 build/appli_base.c.o
 .text          0x0000000000000000        0x0 build/appli_base/tpl_app_config.c.o
 .data          0x0000000000000000        0x0 build/appli_base/tpl_app_config.c.o
 .bss           0x0000000000000000        0x0 build/appli_base/tpl_app_config.c.o
 .rodata.std    0x0000000000000000        0x1 build/appli_base/tpl_app_config.c.o
 .text          0x0000000000000000        0x0 build/appli_base/tpl_dispatch_table.c.o
 .data          0x0000000000000000        0x0 build/appli_base/tpl_dispatch_table.c.o
 .bss           0x0000000000000000        0x0 build/appli_base/tpl_dispatch_table.c.o
 .text          0x0000000000000000        0x0 build/appli_base/tpl_invoque.S.o
 .data          0x0000000000000000        0x0 build/appli_base/tpl_invoque.S.o
 .bss           0x0000000000000000        0x0 build/appli_base/tpl_invoque.S.o
 .text          0x0000000000000000        0x0 build/appli_base/tpl_primary_irq.S.o
 .data          0x0000000000000000        0x0 build/appli_base/tpl_primary_irq.S.o
 .bss           0x0000000000000000        0x0 build/appli_base/tpl_primary_irq.S.o
 .osVar         0x0000000000000000        0x0 build/appli_base/tpl_primary_irq.S.o
 .text          0x0000000000000000        0x0 build/appli_base/tpl_vectors.c.o
 .data          0x0000000000000000        0x0 build/appli_base/tpl_vectors.c.o
 .bss           0x0000000000000000        0x0 build/appli_base/tpl_vectors.c.o
[...]
Memory Configuration

Name             Origin             Length             Attributes
VECTOR           0x0000000008000000 0x0000000000000188 xr
FLASH            0x0000000008000188 0x000000000000fe78 xr
RAM              0x0000000020000000 0x0000000000020000 xrw
MEMORY_B1        0x0000000060000000 0x0000000000000000 xr
*default*        0x0000000000000000 0xffffffffffffffff

Linker script and memory map

LOAD build/os/tpl_os_kernel.c.o
LOAD build/os/tpl_os_timeobj_kernel.c.o
LOAD build/os/tpl_os_action.c.o
LOAD build/os/tpl_os_error.c.o
LOAD build/os/tpl_os_os_kernel.c.o
LOAD build/os/tpl_os_os.c.o
LOAD build/os/tpl_os_interrupt_kernel.c.o
LOAD build/os/tpl_os_task_kernel.c.o
LOAD build/os/tpl_os_resource_kernel.c.o
LOAD build/os/tpl_os_alarm_kernel.c.o
LOAD build/appli_base.c.o
LOAD build/appli_base/tpl_app_config.c.o
LOAD build/appli_base/tpl_dispatch_table.c.o
LOAD build/appli_base/tpl_invoque.S.o
LOAD build/appli_base/tpl_primary_irq.S.o
LOAD build/appli_base/tpl_vectors.c.o
LOAD build/appli_base/tpl_external_interrupts.c.o
LOAD build/appli_base/tpl_app_interrupts.c.o
LOAD build/machines/cortex/tpl_machine_cortex.c.o
LOAD build/machines/cortex/tpl_sc_handler.S.o
LOAD build/machines/cortex/tpl_startup.S.o
LOAD build/machines/cortex/armv7em/tpl_ctx_switch.S.o
LOAD build/machines/cortex/armv7em/tpl_ctx_switch_under_it.S.o
LOAD build/machines/cortex/armv7em/tpl_interrupts.S.o
LOAD build/machines/cortex/armv7em/stm32f407/tpl_memory_protection.c.o
LOAD build/machines/cortex/armv7em/stm32f407/tpl_machine_stm32f407.c.o
LOAD build/machines/cortex/armv7em/stm32f407/startup_stm32f4xx.c.o
LOAD build/machines/cortex/armv7em/stm32f407/system_stm32f4xx.c.o
LOAD build/machines/cortex/armv7em/stm32f407/handlers_stm32f4xx.c.o
LOAD build/machines/cortex/armv7em/stm32f407/lib/pinAccess.c.o
LOAD build/machines/cortex/armv7em/stm32f407/STM32F4xx_StdPeriph_Driver/stm32f4xx_gpio.c.o
LOAD build/machines/cortex/armv7em/stm32f407/STM32F4xx_StdPeriph_Driver/stm32f4xx_rcc.c.o
LOAD build/machines/cortex/armv7em/stm32f407/STM32F4xx_StdPeriph_Driver/stm32f4xx_exti.c.o
LOAD build/machines/cortex/armv7em/stm32f407/STM32F4xx_StdPeriph_Driver/stm32f4xx_syscfg.c.o
LOAD build/machines/cortex/armv7em/stm32f407/STM32F4xx_StdPeriph_Driver/misc.c.o
LOAD build/machines/cortex/armv7em/stm32f407/stm32f4discovery/stm32f4_discovery.c.o
LOAD build/machines/cortex/armv7em/stm32f407/stm32f4discovery/tp.c.o
                0x0000000020020000                _estack = 0x20020000
                0x0000000000000000                _Min_Heap_Size = 0x0
                0x0000000000000400                _Min_Stack_Size = 0x400

.isr_vector     0x0000000008000000      0x188
                0x0000000008000000                . = ALIGN (0x4)
 *(.isr_vector)
 .isr_vector    0x0000000008000000      0x188 build/appli_base/tpl_vectors.c.o
                0x0000000008000000                tpl_it_vectors
                0x0000000008000188                . = ALIGN (0x4)
                0x0000000008000188                . = ALIGN (0x4)

ostext          0x0000000008000188     0x1cdc
 *(.SC_handler)
 *(.EI_handler)
 *(.osCode)
 .osCode        0x0000000008000188      0x86c build/os/tpl_os_kernel.c.o
                0x0000000008000188                tpl_compare_entries
                0x000000000800021c                tpl_bubble_up
                0x000000000800029c                tpl_bubble_down
                0x0000000008000354                tpl_put_new_proc
                0x00000000080003e0                tpl_put_preempted_proc
                0x000000000800043c                tpl_front_proc
                0x000000000800046c                tpl_remove_front_proc
                0x00000000080004d0                tpl_current_os_state
                0x0000000008000524                tpl_get_internal_resource
                0x00000000080005b0                tpl_release_internal_resource
                0x0000000008000600                tpl_preempt
                0x000000000800062c                tpl_run_elected
                0x00000000080006a8                tpl_start
                0x0000000008000714                tpl_schedule_from_running
                0x000000000800075c                tpl_terminate
                0x0000000008000790                tpl_block
                0x00000000080007bc                tpl_start_scheduling
                0x00000000080007d0                tpl_activate_task
                0x0000000008000848                tpl_release
                0x0000000008000884                tpl_set_event
                0x00000000080008a8                tpl_init_proc
                0x00000000080008d8                tpl_init_os
                0x0000000008000978                tpl_call_terminate_task_service
                0x00000000080009ac                tpl_call_terminate_isr2_service
 .osCode        0x00000000080009f4      0x2f8 build/os/tpl_os_timeobj_kernel.c.o
                0x00000000080009f4                tpl_enable_counters
                0x0000000008000a0c                tpl_insert_time_obj
                0x0000000008000aec                tpl_remove_time_obj
                0x0000000008000c10                tpl_counter_tick
 .osCode        0x0000000008000cec       0x38 build/os/tpl_os_action.c.o
                0x0000000008000cec                tpl_action_callback
                0x0000000008000d00                tpl_action_activate_task
 .osCode        0x0000000008000d24       0xa8 build/os/tpl_os_os_kernel.c.o
                0x0000000008000d24                tpl_get_active_application_mode_service
                0x0000000008000d54                tpl_start_os_service
                0x0000000008000da0                tpl_call_shutdown_os
                0x0000000008000db4                tpl_shutdown_os_service
 .osCode        0x0000000008000dcc      0x1e0 build/os/tpl_os_interrupt_kernel.c.o
                0x0000000008000dcc                tpl_get_interrupt_lock_status
                0x0000000008000e10                tpl_reset_interrupt_lock_status
                0x0000000008000e4c                tpl_suspend_all_interrupts_service
                0x0000000008000e74                tpl_resume_all_interrupts_service
                0x0000000008000eac                tpl_disable_all_interrupts_service
                0x0000000008000ed8                tpl_enable_all_interrupts_service
                0x0000000008000ef4                tpl_suspend_os_interrupts_service
                0x0000000008000f1c                tpl_resume_os_interrupts_service
                0x0000000008000f54                tpl_terminate_isr2_service
                0x0000000008000f98                tpl_null_it
 .osCode        0x0000000008000fac      0x2b8 build/os/tpl_os_task_kernel.c.o
                0x0000000008000fac                tpl_activate_task_service
                0x0000000008001010                tpl_terminate_task_service
                0x0000000008001080                tpl_chain_task_service
                0x0000000008001130                tpl_schedule_service
                0x00000000080011b0                tpl_get_task_id_service
                0x0000000008001200                tpl_get_task_state_service
 .osCode        0x0000000008001264      0x208 build/os/tpl_os_resource_kernel.c.o
                0x0000000008001264                tpl_release_all_resources
                0x00000000080012c0                tpl_get_resource_service
                0x00000000080013bc                tpl_release_resource_service
 .osCode        0x000000000800146c      0x344 build/os/tpl_os_alarm_kernel.c.o
                0x000000000800146c                tpl_raise_alarm
                0x0000000008001490                tpl_get_alarm_base_service
                0x0000000008001500                tpl_get_alarm_service
                0x000000000800158c                tpl_set_rel_alarm_service
                0x0000000008001680                tpl_set_abs_alarm_service
                0x000000000800174c                tpl_cancel_alarm_service
 .osCode        0x00000000080017b0       0x40 build/appli_base/tpl_app_config.c.o
                0x00000000080017b0                tpl_tick_SysTick
                0x00000000080017e4                SysTick_Handler
 .osCode        0x00000000080017f0       0x30 build/appli_base/tpl_primary_irq.S.o
                0x00000000080017f0                tpl_primary_irq_handler_SysTick
 .osCode        0x0000000008001820       0x20 build/appli_base/tpl_external_interrupts.c.o
                0x0000000008001820                tpl_init_external_interrupts
 .osCode        0x0000000008001840       0x24 build/appli_base/tpl_app_interrupts.c.o
                0x0000000008001840                tpl_init_it_priority
                0x000000000800184c                tpl_disable_os_interrupts
                0x0000000008001858                tpl_enable_os_interrupts
 .osCode        0x0000000008001864       0xe0 build/machines/cortex/tpl_machine_cortex.c.o
                0x0000000008001864                tpl_init_machine_generic
                0x0000000008001870                tpl_init_machine_specific
                0x00000000080018a0                tpl_init_context
                0x000000000800190c                tpl_check_stack_footprint
                0x0000000008001928                tpl_init_machine
                0x0000000008001938                tpl_shutdown
 .osCode        0x0000000008001944       0x6c build/machines/cortex/tpl_sc_handler.S.o
                0x0000000008001944                tpl_sc_handler
 .osCode        0x00000000080019b0       0x1c build/machines/cortex/tpl_startup.S.o
                0x00000000080019b0                tpl_reset_handler
 .osCode        0x00000000080019cc       0x4c build/machines/cortex/armv7em/tpl_ctx_switch.S.o
                0x00000000080019cc                tpl_save_context
                0x00000000080019f2                tpl_load_context
 .osCode        0x0000000008001a18       0x44 build/machines/cortex/armv7em/tpl_ctx_switch_under_it.S.o
                0x0000000008001a18                tpl_save_context_under_it
                0x0000000008001a3a                tpl_load_context_under_it
 .osCode        0x0000000008001a5c       0x30 build/machines/cortex/armv7em/tpl_interrupts.S.o
                0x0000000008001a5c                tpl_disable_interrupts
                0x0000000008001a6e                tpl_enable_interrupts
 .osCode        0x0000000008001a8c       0x7c build/machines/cortex/armv7em/stm32f407/tpl_machine_stm32f407.c.o
                0x0000000008001adc                tpl_set_systick_timer
 .osCode        0x0000000008001b08      0x104 build/machines/cortex/armv7em/stm32f407/stm32f4discovery/tp.c.o
                0x0000000008001b08                initBoard
                0x0000000008001b30                ledOn
                0x0000000008001b50                ledOff
                0x0000000008001b70                ledToggle
                0x0000000008001b90                readButton
                0x0000000008001be0                delay
 *(.osApiCode)
 .osApiCode     0x0000000008001c0c       0x28 build/os/tpl_os_os.c.o
                0x0000000008001c0c                StartOS
 .osApiCode     0x0000000008001c34      0x230 build/appli_base/tpl_invoque.S.o
                0x0000000008001c34                GetActiveApplicationMode
                0x0000000008001c4a                tpl_start_os
                0x0000000008001c60                ShutdownOS
                0x0000000008001c76                EnableAllInterrupts
                0x0000000008001c90                DisableAllInterrupts
                0x0000000008001caa                ResumeAllInterrupts
                0x0000000008001cc4                SuspendAllInterrupts
                0x0000000008001cde                ResumeOSInterrupts
                0x0000000008001cf8                SuspendOSInterrupts
                0x0000000008001d12                CallTerminateISR2
                0x0000000008001d2c                ActivateTask
                0x0000000008001d42                TerminateTask
                0x0000000008001d58                ChainTask
                0x0000000008001d6e                Schedule
                0x0000000008001d84                GetTaskID
                0x0000000008001d9a                GetTaskState
                0x0000000008001db0                CallTerminateTask
                0x0000000008001dca                GetResource
                0x0000000008001de0                ReleaseResource
                0x0000000008001df6                GetAlarmBase
                0x0000000008001e0c                GetAlarm
                0x0000000008001e22                SetRelAlarm
                0x0000000008001e38                SetAbsAlarm
                0x0000000008001e4e                CancelAlarm
 *(.appCommonCode)
                0x0000000008001e64                . = ALIGN (0x4)

osconst         0x0000000008001e64      0x140
 *(.osConst)
 .osConst       0x0000000008001e64        0x2 build/os/tpl_os_kernel.c.o
                0x0000000008001e64                INVALID_PROC
                0x0000000008001e65                INVALID_TASK
 *fill*         0x0000000008001e66        0x2 
 .osConst       0x0000000008001e68       0xb8 build/appli_base/tpl_app_config.c.o
                0x0000000008001e68                tpl_resource_table
                0x0000000008001e70                IDLE_TASK_task_stat_desc
                0x0000000008001e88                T_fond_task_stat_desc
                0x0000000008001ea0                T_period_task_stat_desc
                0x0000000008001eb8                T_affichage_task_stat_desc
                0x0000000008001ed0                tpl_stat_proc_table
                0x0000000008001ee0                tpl_dyn_proc_table
                0x0000000008001ef0                alarm_1_action
                0x0000000008001ef8                alarm_1_static
                0x0000000008001f04                alarm_2_action
                0x0000000008001f0c                alarm_2_static
                0x0000000008001f18                tpl_alarm_table
 .osConst       0x0000000008001f20       0x60 build/appli_base/tpl_dispatch_table.c.o
                0x0000000008001f20                tpl_dispatch_table
 *(.osApiConst)
 .osApiConst    0x0000000008001f80       0x24 build/appli_base/tpl_app_config.c.o
                0x0000000008001f80                val
                0x0000000008001f81                T_fond
                0x0000000008001f82                T_period
                0x0000000008001f83                T_affichage
                0x0000000008001f84                alarm_1
                0x0000000008001f85                alarm_2
                0x0000000008001f88                OSTICKSPERBASE
                0x0000000008001f8c                OSMAXALLOWEDVALUE
                0x0000000008001f90                OSMINCYCLE
                0x0000000008001f94                proc_name_table
                0x0000000008001fa4                . = ALIGN (0x4)

apptext         0x0000000008001fa4        0x0
                0x0000000008001fa4                __PROGCONST_SECTION_START = .
                0x0000000008001fa4                __SEG_START_APP_CODE_CONST_RGN = .
                0x0000000008001fa4                . = ALIGN (0x4)
 *(.Task_T_fondCode)
 *(.Task_T_periodCode)
 *(.Task_T_affichageCode)
                0x0000000008001fa4                . = ALIGN (0x4)

appconst        0x0000000008001fa4      0x290
 *(.rodata)
 .rodata        0x0000000008001fa4       0x27 build/appli_base/tpl_app_config.c.o
 *fill*         0x0000000008001fcb        0x1 
 .rodata        0x0000000008001fcc       0x75 build/machines/cortex/armv7em/stm32f407/STM32F4xx_StdPeriph_Driver/stm32f4xx_gpio.c.o
 *fill*         0x0000000008002041        0x3 
 .rodata        0x0000000008002044       0x74 build/machines/cortex/armv7em/stm32f407/STM32F4xx_StdPeriph_Driver/stm32f4xx_rcc.c.o
 .rodata        0x00000000080020b8       0x75 build/machines/cortex/armv7em/stm32f407/STM32F4xx_StdPeriph_Driver/stm32f4xx_exti.c.o
 *fill*         0x000000000800212d        0x3 
 .rodata        0x0000000008002130       0x77 build/machines/cortex/armv7em/stm32f407/STM32F4xx_StdPeriph_Driver/stm32f4xx_syscfg.c.o
 *fill*         0x00000000080021a7        0x1 
 .rodata        0x00000000080021a8       0x6b build/machines/cortex/armv7em/stm32f407/STM32F4xx_StdPeriph_Driver/misc.c.o
 *(.rodata*)
 .rodata.OSDEFAULTAPPMODE
                0x0000000008002213        0x1 build/appli_base/tpl_app_config.c.o
                0x0000000008002213                OSDEFAULTAPPMODE
 .rodata.tpl_task_app_mode
                0x0000000008002214        0x3 build/appli_base/tpl_app_config.c.o
                0x0000000008002214                tpl_task_app_mode
 *fill*         0x0000000008002217        0x1 
 .rodata.tpl_alarm_app_mode
                0x0000000008002218        0x2 build/appli_base/tpl_app_config.c.o
                0x0000000008002218                tpl_alarm_app_mode
 *fill*         0x000000000800221a        0x2 
 .rodata.GPIO_PIN
                0x000000000800221c        0x8 build/machines/cortex/armv7em/stm32f407/stm32f4discovery/stm32f4_discovery.c.o
                0x000000000800221c                GPIO_PIN
 .rodata.GPIO_CLK
                0x0000000008002224       0x10 build/machines/cortex/armv7em/stm32f407/stm32f4discovery/stm32f4_discovery.c.o
                0x0000000008002224                GPIO_CLK
                0x0000000008002234                . = ALIGN (0x4)

procconst       0x0000000008002234        0x0
 *(.Task_T_fond_SEC_CONST_32BIT)
 *(.Task_T_fond_SEC_CALIB_32BIT)
 *(.Task_T_fond_SEC_CARTO_32BIT)
 *(.Task_T_fond_SEC_CONFIG_DATA_32BIT)
 *(.Task_T_fond_SEC_CONST_16BIT)
 *(.Task_T_fond_SEC_CALIB_16BIT)
 *(.Task_T_fond_SEC_CARTO_16BIT)
 *(.Task_T_fond_SEC_CONFIG_DATA_16BIT)
 *(.Task_T_fond_SEC_CONST_8BIT)
 *(.Task_T_fond_SEC_CALIB_8BIT)
 *(.Task_T_fond_SEC_CARTO_8BIT)
 *(.Task_T_fond_SEC_CONFIG_DATA_8BIT)
 *(.Task_T_fond_SEC_CONST_BOOLEAN)
 *(.Task_T_fond_SEC_CALIB_BOOLEAN)
 *(.Task_T_fond_SEC_CARTO_BOOLEAN)
 *(.Task_T_fond_SEC_CONFIG_DATA_BOOLEAN)
 *(.Task_T_fond_SEC_CONST_UNSPECIFIED)
 *(.Task_T_fond_SEC_CALIB_UNSPECIFIED)
 *(.Task_T_fond_SEC_CARTO_UNSPECIFIED)
 *(.Task_T_fond_SEC_CONFIG_DATA_UNSPECIFIED)
 *(.Task_T_period_SEC_CONST_32BIT)
 *(.Task_T_period_SEC_CALIB_32BIT)
 *(.Task_T_period_SEC_CARTO_32BIT)
 *(.Task_T_period_SEC_CONFIG_DATA_32BIT)
 *(.Task_T_period_SEC_CONST_16BIT)
 *(.Task_T_period_SEC_CALIB_16BIT)
 *(.Task_T_period_SEC_CARTO_16BIT)
 *(.Task_T_period_SEC_CONFIG_DATA_16BIT)
 *(.Task_T_period_SEC_CONST_8BIT)
 *(.Task_T_period_SEC_CALIB_8BIT)
 *(.Task_T_period_SEC_CARTO_8BIT)
 *(.Task_T_period_SEC_CONFIG_DATA_8BIT)
 *(.Task_T_period_SEC_CONST_BOOLEAN)
 *(.Task_T_period_SEC_CALIB_BOOLEAN)
 *(.Task_T_period_SEC_CARTO_BOOLEAN)
 *(.Task_T_period_SEC_CONFIG_DATA_BOOLEAN)
 *(.Task_T_period_SEC_CONST_UNSPECIFIED)
 *(.Task_T_period_SEC_CALIB_UNSPECIFIED)
 *(.Task_T_period_SEC_CARTO_UNSPECIFIED)
 *(.Task_T_period_SEC_CONFIG_DATA_UNSPECIFIED)
 *(.Task_T_affichage_SEC_CONST_32BIT)
 *(.Task_T_affichage_SEC_CALIB_32BIT)
 *(.Task_T_affichage_SEC_CARTO_32BIT)
 *(.Task_T_affichage_SEC_CONFIG_DATA_32BIT)
 *(.Task_T_affichage_SEC_CONST_16BIT)
 *(.Task_T_affichage_SEC_CALIB_16BIT)
 *(.Task_T_affichage_SEC_CARTO_16BIT)
 *(.Task_T_affichage_SEC_CONFIG_DATA_16BIT)
 *(.Task_T_affichage_SEC_CONST_8BIT)
 *(.Task_T_affichage_SEC_CALIB_8BIT)
 *(.Task_T_affichage_SEC_CARTO_8BIT)
 *(.Task_T_affichage_SEC_CONFIG_DATA_8BIT)
 *(.Task_T_affichage_SEC_CONST_BOOLEAN)
 *(.Task_T_affichage_SEC_CALIB_BOOLEAN)
 *(.Task_T_affichage_SEC_CARTO_BOOLEAN)
 *(.Task_T_affichage_SEC_CONFIG_DATA_BOOLEAN)
 *(.Task_T_affichage_SEC_CONST_UNSPECIFIED)
 *(.Task_T_affichage_SEC_CALIB_UNSPECIFIED)
 *(.Task_T_affichage_SEC_CARTO_UNSPECIFIED)
 *(.Task_T_affichage_SEC_CONFIG_DATA_UNSPECIFIED)
                0x0000000008002234                . = ALIGN (0x4)
                0x0000000008002233                __SEG_STOP_APP_CODE_CONST_RGN = (. - 0x1)
                0x0000000008002233                __PROGCONST_SECTION_STOP = (. - 0x1)

.text           0x0000000008002234      0xdfc
                0x0000000008002234                . = ALIGN (0x4)
 *(.text)
 *(.text*)
 .text.main     0x0000000008002234       0x44 build/appli_base.c.o
                0x0000000008002234                main
 .text.T_affichage_function
                0x0000000008002278       0x58 build/appli_base.c.o
                0x0000000008002278                T_affichage_function
 .text.T_fond_function
                0x00000000080022d0       0x18 build/appli_base.c.o
                0x00000000080022d0                T_fond_function
 .text.T_period_function
                0x00000000080022e8       0x6c build/appli_base.c.o
                0x00000000080022e8                T_period_function
 .text.assert_failed
                0x0000000008002354       0x14 build/appli_base.c.o
                0x0000000008002354                assert_failed
 .text.NVIC_SetPriority
                0x0000000008002368       0x54 build/machines/cortex/tpl_machine_cortex.c.o
 .text.idle_function
                0x00000000080023bc        0x8 build/machines/cortex/tpl_machine_cortex.c.o
                0x00000000080023bc                idle_function
 .text.NVIC_SetPriority
                0x00000000080023c4       0x54 build/machines/cortex/armv7em/stm32f407/tpl_machine_stm32f407.c.o
 .text.__libc_init_array
                0x0000000008002418       0x6c build/machines/cortex/armv7em/stm32f407/startup_stm32f4xx.c.o
                0x0000000008002418                __libc_init_array
 .text.__libc_fini_array
                0x0000000008002484       0x3c build/machines/cortex/armv7em/stm32f407/startup_stm32f4xx.c.o
                0x0000000008002484                __libc_fini_array
 .text.SystemInit
                0x00000000080024c0       0x58 build/machines/cortex/armv7em/stm32f407/system_stm32f4xx.c.o
                0x00000000080024c0                SystemInit
 .text.SetSysClock
                0x0000000008002518       0xf4 build/machines/cortex/armv7em/stm32f407/system_stm32f4xx.c.o
 .text.NMI_Handler
                0x000000000800260c        0x8 build/machines/cortex/armv7em/stm32f407/handlers_stm32f4xx.c.o
                0x000000000800260c                NMI_Handler
 .text.HardFault_Handler
                0x0000000008002614       0x64 build/machines/cortex/armv7em/stm32f407/handlers_stm32f4xx.c.o
                0x0000000008002614                HardFault_Handler
 .text.MemManage_Handler
                0x0000000008002678        0x8 build/machines/cortex/armv7em/stm32f407/handlers_stm32f4xx.c.o
                0x0000000008002678                MemManage_Handler
 .text.BusFault_Handler
                0x0000000008002680        0x8 build/machines/cortex/armv7em/stm32f407/handlers_stm32f4xx.c.o
                0x0000000008002680                BusFault_Handler
 .text.UsageFault_Handler
                0x0000000008002688        0x8 build/machines/cortex/armv7em/stm32f407/handlers_stm32f4xx.c.o
                0x0000000008002688                UsageFault_Handler
 .text.DebugMonitor_Handler
                0x0000000008002690        0x8 build/machines/cortex/armv7em/stm32f407/handlers_stm32f4xx.c.o
                0x0000000008002690                DebugMonitor_Handler
 .text.GPIO_Init
                0x0000000008002698      0x244 build/machines/cortex/armv7em/stm32f407/STM32F4xx_StdPeriph_Driver/stm32f4xx_gpio.c.o
                0x0000000008002698                GPIO_Init
 .text.GPIO_ReadInputDataBit
                0x00000000080028dc      0x13c build/machines/cortex/armv7em/stm32f407/STM32F4xx_StdPeriph_Driver/stm32f4xx_gpio.c.o
                0x00000000080028dc                GPIO_ReadInputDataBit
 .text.RCC_AHB1PeriphClockCmd
                0x0000000008002a18       0x70 build/machines/cortex/armv7em/stm32f407/STM32F4xx_StdPeriph_Driver/stm32f4xx_rcc.c.o
                0x0000000008002a18                RCC_AHB1PeriphClockCmd
 .text.RCC_APB2PeriphClockCmd
                0x0000000008002a88       0x70 build/machines/cortex/armv7em/stm32f407/STM32F4xx_StdPeriph_Driver/stm32f4xx_rcc.c.o
                0x0000000008002a88                RCC_APB2PeriphClockCmd
 .text.EXTI_Init
                0x0000000008002af8      0x150 build/machines/cortex/armv7em/stm32f407/STM32F4xx_StdPeriph_Driver/stm32f4xx_exti.c.o
                0x0000000008002af8                EXTI_Init
 .text.SYSCFG_EXTILineConfig
                0x0000000008002c48      0x138 build/machines/cortex/armv7em/stm32f407/STM32F4xx_StdPeriph_Driver/stm32f4xx_syscfg.c.o
                0x0000000008002c48                SYSCFG_EXTILineConfig
 .text.NVIC_Init
                0x0000000008002d80       0xf8 build/machines/cortex/armv7em/stm32f407/STM32F4xx_StdPeriph_Driver/misc.c.o
                0x0000000008002d80                NVIC_Init
 .text.STM_EVAL_LEDInit
                0x0000000008002e78       0x5c build/machines/cortex/armv7em/stm32f407/stm32f4discovery/stm32f4_discovery.c.o
                0x0000000008002e78                STM_EVAL_LEDInit
 .text.STM_EVAL_LEDOn
                0x0000000008002ed4       0x30 build/machines/cortex/armv7em/stm32f407/stm32f4discovery/stm32f4_discovery.c.o
                0x0000000008002ed4                STM_EVAL_LEDOn
 .text.STM_EVAL_LEDOff
                0x0000000008002f04       0x30 build/machines/cortex/armv7em/stm32f407/stm32f4discovery/stm32f4_discovery.c.o
                0x0000000008002f04                STM_EVAL_LEDOff
 .text.STM_EVAL_LEDToggle
                0x0000000008002f34       0x3c build/machines/cortex/armv7em/stm32f407/stm32f4discovery/stm32f4_discovery.c.o
                0x0000000008002f34                STM_EVAL_LEDToggle
 .text.STM_EVAL_PBInit
                0x0000000008002f70       0x94 build/machines/cortex/armv7em/stm32f407/stm32f4discovery/stm32f4_discovery.c.o
                0x0000000008002f70                STM_EVAL_PBInit
 .text.STM_EVAL_PBGetState
                0x0000000008003004       0x2c build/machines/cortex/armv7em/stm32f407/stm32f4discovery/stm32f4_discovery.c.o
                0x0000000008003004                STM_EVAL_PBGetState
 *(.glue_7)
 .glue_7        0x0000000000000000        0x0 linker stubs
 *(.glue_7t)
 .glue_7t       0x0000000000000000        0x0 linker stubs
 *(.eh_frame)
 *(.init)
 *(.fini)
                0x0000000008003030                . = ALIGN (0x4)
                0x0000000008003030                _etext = .
                0x0000000008003030                _exit = .

.vfp11_veneer   0x0000000008003030        0x0
 .vfp11_veneer  0x0000000000000000        0x0 linker stubs

.v4_bx          0x0000000008003030        0x0
 .v4_bx         0x0000000000000000        0x0 linker stubs

.iplt           0x0000000008003030        0x0
 .iplt          0x0000000000000000        0x0 build/os/tpl_os_kernel.c.o

.after_vectors  0x0000000008003030       0x90
 .after_vectors
                0x0000000008003030       0x90 build/machines/cortex/armv7em/stm32f407/startup_stm32f4xx.c.o
                0x0000000008003030                tpl_continue_reset_handler
                0x0000000008003078                system_init

.rel.dyn        0x00000000080030c0        0x0
 .rel.iplt      0x0000000000000000        0x0 build/os/tpl_os_kernel.c.o

.ARM.extab
 *(.ARM.extab* .gnu.linkonce.armextab.*)

.ARM            0x00000000080030c0        0x0
                0x00000000080030c0                __exidx_start = .
 *(.ARM.exidx*)
                0x00000000080030c0                __exidx_end = .

.preinit_array  0x00000000080030c0        0x4
                0x00000000080030c0                PROVIDE (__preinit_array_start, .)
 *(.preinit_array*)
 .preinit_array_sysinit
                0x00000000080030c0        0x4 build/machines/cortex/armv7em/stm32f407/startup_stm32f4xx.c.o
                0x00000000080030c0                p_system_init
                0x00000000080030c4                PROVIDE (__preinit_array_end, .)

.init_array     0x00000000080030c4        0x0
                0x00000000080030c4                PROVIDE (__init_array_start, .)
 *(SORT(.init_array.*))
 *(.init_array*)
                0x00000000080030c4                PROVIDE (__init_array_end, .)

.fini_array     0x00000000080030c4        0x0
                0x00000000080030c4                PROVIDE (__fini_array_start, .)
 *(.fini_array*)
 *(SORT(.fini_array.*))
                0x00000000080030c4                PROVIDE (__fini_array_end, .)
                0x00000000080030c4                _sidata = .

.data           0x0000000020000000      0x170 load address 0x00000000080030c4
                0x0000000020000000                . = ALIGN (0x4)
                0x0000000020000000                _sdata = .
 *(.data)
 *(.data*)
 .data.SystemCoreClock
                0x0000000020000000        0x4 build/machines/cortex/armv7em/stm32f407/system_stm32f4xx.c.o
                0x0000000020000000                SystemCoreClock
 .data.GPIO_PORT
                0x0000000020000004       0x10 build/machines/cortex/armv7em/stm32f407/stm32f4discovery/stm32f4_discovery.c.o
                0x0000000020000004                GPIO_PORT
 .data.BUTTON_PORT
                0x0000000020000014        0x4 build/machines/cortex/armv7em/stm32f407/stm32f4discovery/stm32f4_discovery.c.o
                0x0000000020000014                BUTTON_PORT
 .data.previousState.5518
                0x0000000020000018        0x1 build/machines/cortex/armv7em/stm32f407/stm32f4discovery/tp.c.o
 *(.osVar)
 .osVar         0x0000000020000019        0x1 build/os/tpl_os_timeobj_kernel.c.o
 .osVar         0x000000002000001a        0x1 build/os/tpl_os_os_kernel.c.o
 *fill*         0x000000002000001b        0x1 
 .osVar         0x000000002000001c       0x14 build/os/tpl_os_interrupt_kernel.c.o
                0x000000002000001c                tpl_locking_depth
                0x0000000020000020                tpl_user_task_lock
                0x0000000020000024                tpl_cpt_user_task_lock_All
                0x0000000020000028                tpl_cpt_user_task_lock_OS
                0x000000002000002c                tpl_cpt_os_task_lock
 .osVar         0x0000000020000030      0x140 build/appli_base/tpl_app_config.c.o
                0x0000000020000030                val_rez_desc
                0x0000000020000038                res_sched_rez_desc
                0x0000000020000040                SystemCounter_counter_desc
                0x000000002000005c                tpl_time_counter
                0x0000000020000060                IDLE_TASK_int_context
                0x0000000020000084                IDLE_TASK_task_desc
                0x000000002000008c                T_fond_int_context
                0x00000000200000b0                T_fond_task_desc
                0x00000000200000b8                T_period_int_context
                0x00000000200000dc                T_period_task_desc
                0x00000000200000e4                T_affichage_int_context
                0x0000000020000108                T_affichage_task_desc
                0x0000000020000110                alarm_1_alarm_desc
                0x0000000020000128                alarm_2_alarm_desc
                0x0000000020000140                tpl_ready_list
                0x000000002000014c                tpl_tail_for_prio
                0x0000000020000154                tpl_kern
 *(.Task_T_fond_SEC_VAR_POWER_ON_INIT_32BIT)
 *(.Task_T_fond_SEC_VAR_POWER_ON_INIT_16BIT)
 *(.Task_T_fond_SEC_VAR_POWER_ON_INIT_8BIT)
 *(.Task_T_fond_SEC_VAR_POWER_ON_INIT_BOOLEAN)
 *(.Task_T_fond_SEC_VAR_POWER_ON_INIT_UNSPECIFIED)
 *(.Task_T_period_SEC_VAR_POWER_ON_INIT_32BIT)
 *(.Task_T_period_SEC_VAR_POWER_ON_INIT_16BIT)
 *(.Task_T_period_SEC_VAR_POWER_ON_INIT_8BIT)
 *(.Task_T_period_SEC_VAR_POWER_ON_INIT_BOOLEAN)
 *(.Task_T_period_SEC_VAR_POWER_ON_INIT_UNSPECIFIED)
 *(.Task_T_affichage_SEC_VAR_POWER_ON_INIT_32BIT)
 *(.Task_T_affichage_SEC_VAR_POWER_ON_INIT_16BIT)
 *(.Task_T_affichage_SEC_VAR_POWER_ON_INIT_8BIT)
 *(.Task_T_affichage_SEC_VAR_POWER_ON_INIT_BOOLEAN)
 *(.Task_T_affichage_SEC_VAR_POWER_ON_INIT_UNSPECIFIED)
                0x0000000020000170                . = ALIGN (0x4)
                0x0000000020000170                _edata = .

.igot.plt       0x0000000020000170        0x0 load address 0x0000000008003234
 .igot.plt      0x0000000000000000        0x0 build/os/tpl_os_kernel.c.o

.Task_IDLE_TASKStack
                0x0000000020000170      0x12c load address 0x0000000008003234
 .Task_IDLE_TASKStack
                0x0000000020000170      0x12c build/appli_base/tpl_app_config.c.o
                0x0000000020000170                IDLE_TASK_stack_zone

.Task_T_fond_SEC_VAR
                0x000000002000029c        0x4 load address 0x0000000008003360
                0x00000000200002a0                . = ALIGN (__SEG_ALIGN_Task_T_fond_VAR_RGN)
 *fill*         0x000000002000029c        0x4 
                0x00000000200002a0                __SEG_START_Task_T_fond_VAR_RGN = .
 *(.Task_T_fond_SEC_VAR_NOINIT_32BIT)
 *(.Task_T_fond_SEC_VAR_FAST_32BIT)
 *(.Task_T_fond_SEC_VAR_32BIT)
 *(.Task_T_fond_SEC_VAR_NOINIT_16BIT)
 *(.Task_T_fond_SEC_VAR_FAST_16BIT)
 *(.Task_T_fond_SEC_VAR_16BIT)
 *(.Task_T_fond_SEC_VAR_NOINIT_8BIT)
 *(.Task_T_fond_SEC_VAR_FAST_8BIT)
 *(.Task_T_fond_SEC_VAR_8BIT)
 *(.Task_T_fond_SEC_VAR_NOINIT_BOOLEAN)
 *(.Task_T_fond_SEC_VAR_FAST_BOOLEAN)
 *(.Task_T_fond_SEC_VAR_BOOLEAN)
 *(.Task_T_fond_SEC_VAR_NOINIT_UNSPECIFIED)
 *(.Task_T_fond_SEC_VAR_FAST_UNSPECIFIED)
 *(.Task_T_fond_SEC_VAR_UNSPECIFIED)
                0x00000000200002a0                __SEG_END_Task_T_fond_VAR_RGN = .
                0x0000000000001000                __SEG_SIZE_Task_T_fond_VAR_RGN = ((__SEG_END_Task_T_fond_VAR_RGN - __SEG_START_Task_T_fond_VAR_RGN) < 0x1000)?0x1000:__SEG_SIZE_Task_T_fond_VAR_RGN
                0x0000000000000400                __SEG_SIZE_Task_T_fond_VAR_RGN = ((__SEG_END_Task_T_fond_VAR_RGN - __SEG_START_Task_T_fond_VAR_RGN) < 0x400)?0x400:__SEG_SIZE_Task_T_fond_VAR_RGN
                0x0000000000000200                __SEG_SIZE_Task_T_fond_VAR_RGN = ((__SEG_END_Task_T_fond_VAR_RGN - __SEG_START_Task_T_fond_VAR_RGN) < 0x200)?0x200:__SEG_SIZE_Task_T_fond_VAR_RGN
                0x0000000000000100                __SEG_SIZE_Task_T_fond_VAR_RGN = ((__SEG_END_Task_T_fond_VAR_RGN - __SEG_START_Task_T_fond_VAR_RGN) < 0x100)?0x100:__SEG_SIZE_Task_T_fond_VAR_RGN
                0x0000000000000080                __SEG_SIZE_Task_T_fond_VAR_RGN = ((__SEG_END_Task_T_fond_VAR_RGN - __SEG_START_Task_T_fond_VAR_RGN) < 0x80)?0x80:__SEG_SIZE_Task_T_fond_VAR_RGN
                0x0000000000000040                __SEG_SIZE_Task_T_fond_VAR_RGN = ((__SEG_END_Task_T_fond_VAR_RGN - __SEG_START_Task_T_fond_VAR_RGN) < 0x40)?0x40:__SEG_SIZE_Task_T_fond_VAR_RGN
                0x0000000000000020                __SEG_SIZE_Task_T_fond_VAR_RGN = ((__SEG_END_Task_T_fond_VAR_RGN - __SEG_START_Task_T_fond_VAR_RGN) < 0x20)?0x20:__SEG_SIZE_Task_T_fond_VAR_RGN
                0x00000000200002bc                __SEG_ALIGN_Task_T_fond_VAR_RGN = __SEG_SIZE_Task_T_fond_VAR_RGN

.Task_T_period_SEC_VAR
                0x00000000200002a0        0x0
                0x00000000200002a0                . = ALIGN (__SEG_ALIGN_Task_T_period_VAR_RGN)
                0x00000000200002a0                __SEG_START_Task_T_period_VAR_RGN = .
 *(.Task_T_period_SEC_VAR_NOINIT_32BIT)
 *(.Task_T_period_SEC_VAR_FAST_32BIT)
 *(.Task_T_period_SEC_VAR_32BIT)
 *(.Task_T_period_SEC_VAR_NOINIT_16BIT)
 *(.Task_T_period_SEC_VAR_FAST_16BIT)
 *(.Task_T_period_SEC_VAR_16BIT)
 *(.Task_T_period_SEC_VAR_NOINIT_8BIT)
 *(.Task_T_period_SEC_VAR_FAST_8BIT)
 *(.Task_T_period_SEC_VAR_8BIT)
 *(.Task_T_period_SEC_VAR_NOINIT_BOOLEAN)
 *(.Task_T_period_SEC_VAR_FAST_BOOLEAN)
 *(.Task_T_period_SEC_VAR_BOOLEAN)
 *(.Task_T_period_SEC_VAR_NOINIT_UNSPECIFIED)
 *(.Task_T_period_SEC_VAR_FAST_UNSPECIFIED)
 *(.Task_T_period_SEC_VAR_UNSPECIFIED)
                0x00000000200002a0                __SEG_END_Task_T_period_VAR_RGN = .
                0x0000000000001000                __SEG_SIZE_Task_T_period_VAR_RGN = ((__SEG_END_Task_T_period_VAR_RGN - __SEG_START_Task_T_period_VAR_RGN) < 0x1000)?0x1000:__SEG_SIZE_Task_T_period_VAR_RGN
                0x0000000000000400                __SEG_SIZE_Task_T_period_VAR_RGN = ((__SEG_END_Task_T_period_VAR_RGN - __SEG_START_Task_T_period_VAR_RGN) < 0x400)?0x400:__SEG_SIZE_Task_T_period_VAR_RGN
                0x0000000000000200                __SEG_SIZE_Task_T_period_VAR_RGN = ((__SEG_END_Task_T_period_VAR_RGN - __SEG_START_Task_T_period_VAR_RGN) < 0x200)?0x200:__SEG_SIZE_Task_T_period_VAR_RGN
                0x0000000000000100                __SEG_SIZE_Task_T_period_VAR_RGN = ((__SEG_END_Task_T_period_VAR_RGN - __SEG_START_Task_T_period_VAR_RGN) < 0x100)?0x100:__SEG_SIZE_Task_T_period_VAR_RGN
                0x0000000000000080                __SEG_SIZE_Task_T_period_VAR_RGN = ((__SEG_END_Task_T_period_VAR_RGN - __SEG_START_Task_T_period_VAR_RGN) < 0x80)?0x80:__SEG_SIZE_Task_T_period_VAR_RGN
                0x0000000000000040                __SEG_SIZE_Task_T_period_VAR_RGN = ((__SEG_END_Task_T_period_VAR_RGN - __SEG_START_Task_T_period_VAR_RGN) < 0x40)?0x40:__SEG_SIZE_Task_T_period_VAR_RGN
                0x0000000000000020                __SEG_SIZE_Task_T_period_VAR_RGN = ((__SEG_END_Task_T_period_VAR_RGN - __SEG_START_Task_T_period_VAR_RGN) < 0x20)?0x20:__SEG_SIZE_Task_T_period_VAR_RGN
                0x00000000200002c0                __SEG_ALIGN_Task_T_period_VAR_RGN = __SEG_SIZE_Task_T_period_VAR_RGN

.Task_T_affichage_SEC_VAR
                0x00000000200002a0        0x0
                0x00000000200002a0                . = ALIGN (__SEG_ALIGN_Task_T_affichage_VAR_RGN)
                0x00000000200002a0                __SEG_START_Task_T_affichage_VAR_RGN = .
 *(.Task_T_affichage_SEC_VAR_NOINIT_32BIT)
 *(.Task_T_affichage_SEC_VAR_FAST_32BIT)
 *(.Task_T_affichage_SEC_VAR_32BIT)
 *(.Task_T_affichage_SEC_VAR_NOINIT_16BIT)
 *(.Task_T_affichage_SEC_VAR_FAST_16BIT)
 *(.Task_T_affichage_SEC_VAR_16BIT)
 *(.Task_T_affichage_SEC_VAR_NOINIT_8BIT)
 *(.Task_T_affichage_SEC_VAR_FAST_8BIT)
 *(.Task_T_affichage_SEC_VAR_8BIT)
 *(.Task_T_affichage_SEC_VAR_NOINIT_BOOLEAN)
 *(.Task_T_affichage_SEC_VAR_FAST_BOOLEAN)
 *(.Task_T_affichage_SEC_VAR_BOOLEAN)
 *(.Task_T_affichage_SEC_VAR_NOINIT_UNSPECIFIED)
 *(.Task_T_affichage_SEC_VAR_FAST_UNSPECIFIED)
 *(.Task_T_affichage_SEC_VAR_UNSPECIFIED)
                0x00000000200002a0                __SEG_END_Task_T_affichage_VAR_RGN = .
                0x0000000000001000                __SEG_SIZE_Task_T_affichage_VAR_RGN = ((__SEG_END_Task_T_affichage_VAR_RGN - __SEG_START_Task_T_affichage_VAR_RGN) < 0x1000)?0x1000:__SEG_SIZE_Task_T_affichage_VAR_RGN
                0x0000000000000400                __SEG_SIZE_Task_T_affichage_VAR_RGN = ((__SEG_END_Task_T_affichage_VAR_RGN - __SEG_START_Task_T_affichage_VAR_RGN) < 0x400)?0x400:__SEG_SIZE_Task_T_affichage_VAR_RGN
                0x0000000000000200                __SEG_SIZE_Task_T_affichage_VAR_RGN = ((__SEG_END_Task_T_affichage_VAR_RGN - __SEG_START_Task_T_affichage_VAR_RGN) < 0x200)?0x200:__SEG_SIZE_Task_T_affichage_VAR_RGN
                0x0000000000000100                __SEG_SIZE_Task_T_affichage_VAR_RGN = ((__SEG_END_Task_T_affichage_VAR_RGN - __SEG_START_Task_T_affichage_VAR_RGN) < 0x100)?0x100:__SEG_SIZE_Task_T_affichage_VAR_RGN
                0x0000000000000080                __SEG_SIZE_Task_T_affichage_VAR_RGN = ((__SEG_END_Task_T_affichage_VAR_RGN - __SEG_START_Task_T_affichage_VAR_RGN) < 0x80)?0x80:__SEG_SIZE_Task_T_affichage_VAR_RGN
                0x0000000000000040                __SEG_SIZE_Task_T_affichage_VAR_RGN = ((__SEG_END_Task_T_affichage_VAR_RGN - __SEG_START_Task_T_affichage_VAR_RGN) < 0x40)?0x40:__SEG_SIZE_Task_T_affichage_VAR_RGN
                0x0000000000000020                __SEG_SIZE_Task_T_affichage_VAR_RGN = ((__SEG_END_Task_T_affichage_VAR_RGN - __SEG_START_Task_T_affichage_VAR_RGN) < 0x20)?0x20:__SEG_SIZE_Task_T_affichage_VAR_RGN
                0x00000000200002c0                __SEG_ALIGN_Task_T_affichage_VAR_RGN = __SEG_SIZE_Task_T_affichage_VAR_RGN

.Task_T_fond_SEC_STACK
                0x00000000200002a0      0x28c load address 0x0000000008003364
                0x0000000020000400                . = ALIGN (__SEG_ALIGN_Task_T_fond_STACK_RGN)
 *fill*         0x00000000200002a0      0x160 
                0x0000000020000400                __SEG_START_Task_T_fond_STACK_RGN = .
 *(.Task_T_fondStack)
 .Task_T_fondStack
                0x0000000020000400      0x12c build/appli_base/tpl_app_config.c.o
                0x0000000020000400                T_fond_stack_zone
                0x000000002000052c                . = ALIGN (0x4)
                0x000000002000052c                __SEG_END_Task_T_fond_STACK_RGN = .
                0x0000000000001000                __SEG_SIZE_Task_T_fond_STACK_RGN = ((__SEG_END_Task_T_fond_STACK_RGN - __SEG_START_Task_T_fond_STACK_RGN) < 0x1000)?0x1000:__SEG_SIZE_Task_T_fond_STACK_RGN
                0x0000000000000400                __SEG_SIZE_Task_T_fond_STACK_RGN = ((__SEG_END_Task_T_fond_STACK_RGN - __SEG_START_Task_T_fond_STACK_RGN) < 0x400)?0x400:__SEG_SIZE_Task_T_fond_STACK_RGN
                0x0000000000000200                __SEG_SIZE_Task_T_fond_STACK_RGN = ((__SEG_END_Task_T_fond_STACK_RGN - __SEG_START_Task_T_fond_STACK_RGN) < 0x200)?0x200:__SEG_SIZE_Task_T_fond_STACK_RGN
                [0x00000000200004a0]                __SEG_SIZE_Task_T_fond_STACK_RGN = ((__SEG_END_Task_T_fond_STACK_RGN - __SEG_START_Task_T_fond_STACK_RGN) < 0x100)?0x100:__SEG_SIZE_Task_T_fond_STACK_RGN
                [0x00000000200004a0]                __SEG_SIZE_Task_T_fond_STACK_RGN = ((__SEG_END_Task_T_fond_STACK_RGN - __SEG_START_Task_T_fond_STACK_RGN) < 0x80)?0x80:__SEG_SIZE_Task_T_fond_STACK_RGN
                [0x00000000200004a0]                __SEG_SIZE_Task_T_fond_STACK_RGN = ((__SEG_END_Task_T_fond_STACK_RGN - __SEG_START_Task_T_fond_STACK_RGN) < 0x40)?0x40:__SEG_SIZE_Task_T_fond_STACK_RGN
                [0x00000000200004a0]                __SEG_SIZE_Task_T_fond_STACK_RGN = ((__SEG_END_Task_T_fond_STACK_RGN - __SEG_START_Task_T_fond_STACK_RGN) < 0x20)?0x20:__SEG_SIZE_Task_T_fond_STACK_RGN
                0x00000000200004a0                __SEG_ALIGN_Task_T_fond_STACK_RGN = __SEG_SIZE_Task_T_fond_STACK_RGN

.Task_T_period_SEC_STACK
                0x000000002000052c      0x200 load address 0x00000000080035f0
                0x0000000020000600                . = ALIGN (__SEG_ALIGN_Task_T_period_STACK_RGN)
 *fill*         0x000000002000052c       0xd4 
                0x0000000020000600                __SEG_START_Task_T_period_STACK_RGN = .
 *(.Task_T_periodStack)
 .Task_T_periodStack
                0x0000000020000600      0x12c build/appli_base/tpl_app_config.c.o
                0x0000000020000600                T_period_stack_zone
                0x000000002000072c                . = ALIGN (0x4)
                0x000000002000072c                __SEG_END_Task_T_period_STACK_RGN = .
                0x0000000000001000                __SEG_SIZE_Task_T_period_STACK_RGN = ((__SEG_END_Task_T_period_STACK_RGN - __SEG_START_Task_T_period_STACK_RGN) < 0x1000)?0x1000:__SEG_SIZE_Task_T_period_STACK_RGN
                0x0000000000000400                __SEG_SIZE_Task_T_period_STACK_RGN = ((__SEG_END_Task_T_period_STACK_RGN - __SEG_START_Task_T_period_STACK_RGN) < 0x400)?0x400:__SEG_SIZE_Task_T_period_STACK_RGN
                0x0000000000000200                __SEG_SIZE_Task_T_period_STACK_RGN = ((__SEG_END_Task_T_period_STACK_RGN - __SEG_START_Task_T_period_STACK_RGN) < 0x200)?0x200:__SEG_SIZE_Task_T_period_STACK_RGN
                [0x000000002000072c]                __SEG_SIZE_Task_T_period_STACK_RGN = ((__SEG_END_Task_T_period_STACK_RGN - __SEG_START_Task_T_period_STACK_RGN) < 0x100)?0x100:__SEG_SIZE_Task_T_period_STACK_RGN
                [0x000000002000072c]                __SEG_SIZE_Task_T_period_STACK_RGN = ((__SEG_END_Task_T_period_STACK_RGN - __SEG_START_Task_T_period_STACK_RGN) < 0x80)?0x80:__SEG_SIZE_Task_T_period_STACK_RGN
                [0x000000002000072c]                __SEG_SIZE_Task_T_period_STACK_RGN = ((__SEG_END_Task_T_period_STACK_RGN - __SEG_START_Task_T_period_STACK_RGN) < 0x40)?0x40:__SEG_SIZE_Task_T_period_STACK_RGN
                [0x000000002000072c]                __SEG_SIZE_Task_T_period_STACK_RGN = ((__SEG_END_Task_T_period_STACK_RGN - __SEG_START_Task_T_period_STACK_RGN) < 0x20)?0x20:__SEG_SIZE_Task_T_period_STACK_RGN
                0x000000002000072c                __SEG_ALIGN_Task_T_period_STACK_RGN = __SEG_SIZE_Task_T_period_STACK_RGN

.Task_T_affichage_SEC_STACK
                0x000000002000072c      0x200 load address 0x00000000080037f0
                0x0000000020000800                . = ALIGN (__SEG_ALIGN_Task_T_affichage_STACK_RGN)
 *fill*         0x000000002000072c       0xd4 
                0x0000000020000800                __SEG_START_Task_T_affichage_STACK_RGN = .
 *(.Task_T_affichageStack)
 .Task_T_affichageStack
                0x0000000020000800      0x12c build/appli_base/tpl_app_config.c.o
                0x0000000020000800                T_affichage_stack_zone
                0x000000002000092c                . = ALIGN (0x4)
                0x000000002000092c                __SEG_END_Task_T_affichage_STACK_RGN = .
                0x0000000000001000                __SEG_SIZE_Task_T_affichage_STACK_RGN = ((__SEG_END_Task_T_affichage_STACK_RGN - __SEG_START_Task_T_affichage_STACK_RGN) < 0x1000)?0x1000:__SEG_SIZE_Task_T_affichage_STACK_RGN
                0x0000000000000400                __SEG_SIZE_Task_T_affichage_STACK_RGN = ((__SEG_END_Task_T_affichage_STACK_RGN - __SEG_START_Task_T_affichage_STACK_RGN) < 0x400)?0x400:__SEG_SIZE_Task_T_affichage_STACK_RGN
                0x0000000000000200                __SEG_SIZE_Task_T_affichage_STACK_RGN = ((__SEG_END_Task_T_affichage_STACK_RGN - __SEG_START_Task_T_affichage_STACK_RGN) < 0x200)?0x200:__SEG_SIZE_Task_T_affichage_STACK_RGN
                [0x000000002000092c]                __SEG_SIZE_Task_T_affichage_STACK_RGN = ((__SEG_END_Task_T_affichage_STACK_RGN - __SEG_START_Task_T_affichage_STACK_RGN) < 0x100)?0x100:__SEG_SIZE_Task_T_affichage_STACK_RGN
                [0x000000002000092c]                __SEG_SIZE_Task_T_affichage_STACK_RGN = ((__SEG_END_Task_T_affichage_STACK_RGN - __SEG_START_Task_T_affichage_STACK_RGN) < 0x80)?0x80:__SEG_SIZE_Task_T_affichage_STACK_RGN
                [0x000000002000092c]                __SEG_SIZE_Task_T_affichage_STACK_RGN = ((__SEG_END_Task_T_affichage_STACK_RGN - __SEG_START_Task_T_affichage_STACK_RGN) < 0x40)?0x40:__SEG_SIZE_Task_T_affichage_STACK_RGN
                [0x000000002000092c]                __SEG_SIZE_Task_T_affichage_STACK_RGN = ((__SEG_END_Task_T_affichage_STACK_RGN - __SEG_START_Task_T_affichage_STACK_RGN) < 0x20)?0x20:__SEG_SIZE_Task_T_affichage_STACK_RGN
                0x000000002000092c                __SEG_ALIGN_Task_T_affichage_STACK_RGN = __SEG_SIZE_Task_T_affichage_STACK_RGN

appvars
                0x000000002000092c                . = ALIGN (0x4)

.bss            0x000000002000092c        0x8 load address 0x00000000080039f0
                0x000000002000092c                _sbss = .
                0x000000002000092c                __bss_start__ = _sbss
 *(.bss)
 *(.bss*)
 .bss.value     0x000000002000092c        0x4 build/appli_base.c.o
                0x000000002000092c                value
 .bss.compteur  0x0000000020000930        0x4 build/appli_base.c.o
                0x0000000020000930                compteur
 *(COMMON)
                0x0000000020000934                . = ALIGN (0x4)
                0x0000000020000934                _ebss = .
                0x0000000020000934                __bss_end__ = _ebss

._user_heap_stack
                0x0000000020000934      0x400 load address 0x00000000080039f8
                0x0000000020000934                . = ALIGN (0x4)
                0x0000000020000934                __heap_start__ = .
                0x0000000020000934                PROVIDE (end, .)
                0x0000000020000934                PROVIDE (_end, .)
                0x0000000020000934                . = (. + _Min_Heap_Size)
                0x0000000020000d34                . = (. + _Min_Stack_Size)
 *fill*         0x0000000020000934      0x400 
                0x0000000020000d34                . = ALIGN (0x4)

.memory_b1_text
 *(.mb1text)
 *(.mb1text*)
 *(.mb1rodata)
 *(.mb1rodata*)

/DISCARD/
 libc.a(*)
 libm.a(*)
 libgcc.a(*)

.ARM.attributes
                0x0000000000000000       0x35
 *(.ARM.attributes)
 .ARM.attributes
                0x0000000000000000       0x33 build/os/tpl_os_kernel.c.o
 .ARM.attributes
                0x0000000000000033       0x33 build/os/tpl_os_timeobj_kernel.c.o
 .ARM.attributes
                0x0000000000000066       0x33 build/os/tpl_os_action.c.o
 .ARM.attributes
                0x0000000000000099       0x33 build/os/tpl_os_os_kernel.c.o
 .ARM.attributes
                0x00000000000000cc       0x33 build/os/tpl_os_os.c.o
 .ARM.attributes
                0x00000000000000ff       0x33 build/os/tpl_os_interrupt_kernel.c.o
 .ARM.attributes
                0x0000000000000132       0x33 build/os/tpl_os_task_kernel.c.o
 .ARM.attributes
                0x0000000000000165       0x33 build/os/tpl_os_resource_kernel.c.o
 .ARM.attributes
                0x0000000000000198       0x33 build/os/tpl_os_alarm_kernel.c.o
 .ARM.attributes
                0x00000000000001cb       0x33 build/appli_base.c.o
 .ARM.attributes
                0x00000000000001fe       0x33 build/appli_base/tpl_app_config.c.o
 .ARM.attributes
                0x0000000000000231       0x33 build/appli_base/tpl_dispatch_table.c.o
 .ARM.attributes
                0x0000000000000264       0x25 build/appli_base/tpl_invoque.S.o
 .ARM.attributes
                0x0000000000000289       0x25 build/appli_base/tpl_primary_irq.S.o
 .ARM.attributes
                0x00000000000002ae       0x33 build/appli_base/tpl_vectors.c.o
 .ARM.attributes
                0x00000000000002e1       0x33 build/appli_base/tpl_external_interrupts.c.o
 .ARM.attributes
                0x0000000000000314       0x33 build/appli_base/tpl_app_interrupts.c.o
 .ARM.attributes
                0x0000000000000347       0x33 build/machines/cortex/tpl_machine_cortex.c.o
 .ARM.attributes
                0x000000000000037a       0x25 build/machines/cortex/tpl_sc_handler.S.o
 .ARM.attributes
                0x000000000000039f       0x25 build/machines/cortex/tpl_startup.S.o
 .ARM.attributes
                0x00000000000003c4       0x25 build/machines/cortex/armv7em/tpl_ctx_switch.S.o
 .ARM.attributes
                0x00000000000003e9       0x25 build/machines/cortex/armv7em/tpl_ctx_switch_under_it.S.o
 .ARM.attributes
                0x000000000000040e       0x25 build/machines/cortex/armv7em/tpl_interrupts.S.o
 .ARM.attributes
                0x0000000000000433       0x33 build/machines/cortex/armv7em/stm32f407/tpl_machine_stm32f407.c.o
 .ARM.attributes
                0x0000000000000466       0x33 build/machines/cortex/armv7em/stm32f407/startup_stm32f4xx.c.o
 .ARM.attributes
                0x0000000000000499       0x33 build/machines/cortex/armv7em/stm32f407/system_stm32f4xx.c.o
 .ARM.attributes
                0x00000000000004cc       0x33 build/machines/cortex/armv7em/stm32f407/handlers_stm32f4xx.c.o
 .ARM.attributes
                0x00000000000004ff       0x33 build/machines/cortex/armv7em/stm32f407/STM32F4xx_StdPeriph_Driver/stm32f4xx_gpio.c.o
 .ARM.attributes
                0x0000000000000532       0x33 build/machines/cortex/armv7em/stm32f407/STM32F4xx_StdPeriph_Driver/stm32f4xx_rcc.c.o
 .ARM.attributes
                0x0000000000000565       0x33 build/machines/cortex/armv7em/stm32f407/STM32F4xx_StdPeriph_Driver/stm32f4xx_exti.c.o
 .ARM.attributes
                0x0000000000000598       0x33 build/machines/cortex/armv7em/stm32f407/STM32F4xx_StdPeriph_Driver/stm32f4xx_syscfg.c.o
 .ARM.attributes
                0x00000000000005cb       0x33 build/machines/cortex/armv7em/stm32f407/STM32F4xx_StdPeriph_Driver/misc.c.o
 .ARM.attributes
                0x00000000000005fe       0x33 build/machines/cortex/armv7em/stm32f407/stm32f4discovery/stm32f4_discovery.c.o
 .ARM.attributes
                0x0000000000000631       0x33 build/machines/cortex/armv7em/stm32f407/stm32f4discovery/tp.c.o
LOAD /opt/homebrew/Cellar/gcc-arm-none-eabi-49/20150925/bin/../lib/gcc/arm-none-eabi/4.9.3/../../../../arm-none-eabi/lib/libc.a
LOAD /opt/homebrew/Cellar/gcc-arm-none-eabi-49/20150925/bin/../lib/gcc/arm-none-eabi/4.9.3/libgcc.a
OUTPUT(appli_base_exe elf32-littlearm)

.debug_info     0x0000000000000000     0x8d6a
 .debug_info    0x0000000000000000      0xc56 build/os/tpl_os_kernel.c.o
 .debug_info    0x0000000000000c56      0x3d1 build/os/tpl_os_timeobj_kernel.c.o
 .debug_info    0x0000000000001027      0x1fa build/os/tpl_os_action.c.o
 .debug_info    0x0000000000001221      0x19c build/os/tpl_os_os_kernel.c.o
 .debug_info    0x00000000000013bd       0xe4 build/os/tpl_os_os.c.o
 .debug_info    0x00000000000014a1      0x50e build/os/tpl_os_interrupt_kernel.c.o
 .debug_info    0x00000000000019af      0x55a build/os/tpl_os_task_kernel.c.o
 .debug_info    0x0000000000001f09      0x585 build/os/tpl_os_resource_kernel.c.o
 .debug_info    0x000000000000248e      0x565 build/os/tpl_os_alarm_kernel.c.o
 .debug_info    0x00000000000029f3      0x60f build/appli_base.c.o
 .debug_info    0x0000000000003002      0xae0 build/appli_base/tpl_app_config.c.o
 .debug_info    0x0000000000003ae2       0xca build/appli_base/tpl_dispatch_table.c.o
 .debug_info    0x0000000000003bac       0x76 build/appli_base/tpl_invoque.S.o
 .debug_info    0x0000000000003c22       0x7a build/appli_base/tpl_primary_irq.S.o
 .debug_info    0x0000000000003c9c       0xe6 build/appli_base/tpl_vectors.c.o
 .debug_info    0x0000000000003d82      0x2a5 build/appli_base/tpl_external_interrupts.c.o
 .debug_info    0x0000000000004027       0xcd build/appli_base/tpl_app_interrupts.c.o
 .debug_info    0x00000000000040f4      0x9e0 build/machines/cortex/tpl_machine_cortex.c.o
 .debug_info    0x0000000000004ad4       0xa5 build/machines/cortex/tpl_sc_handler.S.o
 .debug_info    0x0000000000004b79       0xa2 build/machines/cortex/tpl_startup.S.o
 .debug_info    0x0000000000004c1b       0xad build/machines/cortex/armv7em/tpl_ctx_switch.S.o
 .debug_info    0x0000000000004cc8       0xb6 build/machines/cortex/armv7em/tpl_ctx_switch_under_it.S.o
 .debug_info    0x0000000000004d7e       0xad build/machines/cortex/armv7em/tpl_interrupts.S.o
 .debug_info    0x0000000000004e2b      0x6b9 build/machines/cortex/armv7em/stm32f407/tpl_machine_stm32f407.c.o
 .debug_info    0x00000000000054e4      0x2ec build/machines/cortex/armv7em/stm32f407/startup_stm32f4xx.c.o
 .debug_info    0x00000000000057d0      0x5d6 build/machines/cortex/armv7em/stm32f407/system_stm32f4xx.c.o
 .debug_info    0x0000000000005da6      0x57b build/machines/cortex/armv7em/stm32f407/handlers_stm32f4xx.c.o
 .debug_info    0x0000000000006321      0x605 build/machines/cortex/armv7em/stm32f407/STM32F4xx_StdPeriph_Driver/stm32f4xx_gpio.c.o
 .debug_info    0x0000000000006926      0xe42 build/machines/cortex/armv7em/stm32f407/STM32F4xx_StdPeriph_Driver/stm32f4xx_rcc.c.o
 .debug_info    0x0000000000007768      0x364 build/machines/cortex/armv7em/stm32f407/STM32F4xx_StdPeriph_Driver/stm32f4xx_exti.c.o
 .debug_info    0x0000000000007acc      0x290 build/machines/cortex/armv7em/stm32f407/STM32F4xx_StdPeriph_Driver/stm32f4xx_syscfg.c.o
 .debug_info    0x0000000000007d5c      0x53d build/machines/cortex/armv7em/stm32f407/STM32F4xx_StdPeriph_Driver/misc.c.o
 .debug_info    0x0000000000008299      0x894 build/machines/cortex/armv7em/stm32f407/stm32f4discovery/stm32f4_discovery.c.o
 .debug_info    0x0000000000008b2d      0x23d build/machines/cortex/armv7em/stm32f407/stm32f4discovery/tp.c.o

.debug_abbrev   0x0000000000000000     0x225c
 .debug_abbrev  0x0000000000000000      0x22f build/os/tpl_os_kernel.c.o
 .debug_abbrev  0x000000000000022f      0x138 build/os/tpl_os_timeobj_kernel.c.o
 .debug_abbrev  0x0000000000000367       0xcc build/os/tpl_os_action.c.o
 .debug_abbrev  0x0000000000000433       0xaa build/os/tpl_os_os_kernel.c.o
 .debug_abbrev  0x00000000000004dd       0x7f build/os/tpl_os_os.c.o
 .debug_abbrev  0x000000000000055c      0x17b build/os/tpl_os_interrupt_kernel.c.o
 .debug_abbrev  0x00000000000006d7      0x15c build/os/tpl_os_task_kernel.c.o
 .debug_abbrev  0x0000000000000833      0x161 build/os/tpl_os_resource_kernel.c.o
 .debug_abbrev  0x0000000000000994      0x167 build/os/tpl_os_alarm_kernel.c.o
 .debug_abbrev  0x0000000000000afb      0x185 build/appli_base.c.o
 .debug_abbrev  0x0000000000000c80      0x15f build/appli_base/tpl_app_config.c.o
 .debug_abbrev  0x0000000000000ddf       0x85 build/appli_base/tpl_dispatch_table.c.o
 .debug_abbrev  0x0000000000000e64       0x14 build/appli_base/tpl_invoque.S.o
 .debug_abbrev  0x0000000000000e78       0x14 build/appli_base/tpl_primary_irq.S.o
 .debug_abbrev  0x0000000000000e8c       0xa4 build/appli_base/tpl_vectors.c.o
 .debug_abbrev  0x0000000000000f30       0xaf build/appli_base/tpl_external_interrupts.c.o
 .debug_abbrev  0x0000000000000fdf       0x67 build/appli_base/tpl_app_interrupts.c.o
 .debug_abbrev  0x0000000000001046      0x289 build/machines/cortex/tpl_machine_cortex.c.o
 .debug_abbrev  0x00000000000012cf       0x14 build/machines/cortex/tpl_sc_handler.S.o
 .debug_abbrev  0x00000000000012e3       0x14 build/machines/cortex/tpl_startup.S.o
 .debug_abbrev  0x00000000000012f7       0x14 build/machines/cortex/armv7em/tpl_ctx_switch.S.o
 .debug_abbrev  0x000000000000130b       0x14 build/machines/cortex/armv7em/tpl_ctx_switch_under_it.S.o
 .debug_abbrev  0x000000000000131f       0x14 build/machines/cortex/armv7em/tpl_interrupts.S.o
 .debug_abbrev  0x0000000000001333      0x163 build/machines/cortex/armv7em/stm32f407/tpl_machine_stm32f407.c.o
 .debug_abbrev  0x0000000000001496      0x135 build/machines/cortex/armv7em/stm32f407/startup_stm32f4xx.c.o
 .debug_abbrev  0x00000000000015cb      0x136 build/machines/cortex/armv7em/stm32f407/system_stm32f4xx.c.o
 .debug_abbrev  0x0000000000001701      0x129 build/machines/cortex/armv7em/stm32f407/handlers_stm32f4xx.c.o
 .debug_abbrev  0x000000000000182a      0x1a3 build/machines/cortex/armv7em/stm32f407/STM32F4xx_StdPeriph_Driver/stm32f4xx_gpio.c.o
 .debug_abbrev  0x00000000000019cd      0x1b8 build/machines/cortex/armv7em/stm32f407/STM32F4xx_StdPeriph_Driver/stm32f4xx_rcc.c.o
 .debug_abbrev  0x0000000000001b85      0x1bf build/machines/cortex/armv7em/stm32f407/STM32F4xx_StdPeriph_Driver/stm32f4xx_exti.c.o
 .debug_abbrev  0x0000000000001d44      0x131 build/machines/cortex/armv7em/stm32f407/STM32F4xx_StdPeriph_Driver/stm32f4xx_syscfg.c.o
 .debug_abbrev  0x0000000000001e75      0x145 build/machines/cortex/armv7em/stm32f407/STM32F4xx_StdPeriph_Driver/misc.c.o
 .debug_abbrev  0x0000000000001fba      0x194 build/machines/cortex/armv7em/stm32f407/stm32f4discovery/stm32f4_discovery.c.o
 .debug_abbrev  0x000000000000214e      0x10e build/machines/cortex/armv7em/stm32f407/stm32f4discovery/tp.c.o

.debug_aranges  0x0000000000000000      0x9a8
 .debug_aranges
                0x0000000000000000       0xd8 build/os/tpl_os_kernel.c.o
 .debug_aranges
                0x00000000000000d8       0x40 build/os/tpl_os_timeobj_kernel.c.o
 .debug_aranges
                0x0000000000000118       0x28 build/os/tpl_os_action.c.o
 .debug_aranges
                0x0000000000000140       0x38 build/os/tpl_os_os_kernel.c.o
 .debug_aranges
                0x0000000000000178       0x20 build/os/tpl_os_os.c.o
 .debug_aranges
                0x0000000000000198       0x68 build/os/tpl_os_interrupt_kernel.c.o
 .debug_aranges
                0x0000000000000200       0x48 build/os/tpl_os_task_kernel.c.o
 .debug_aranges
                0x0000000000000248       0x30 build/os/tpl_os_resource_kernel.c.o
 .debug_aranges
                0x0000000000000278       0x48 build/os/tpl_os_alarm_kernel.c.o
 .debug_aranges
                0x00000000000002c0       0x40 build/appli_base.c.o
 .debug_aranges
                0x0000000000000300       0x28 build/appli_base/tpl_app_config.c.o
 .debug_aranges
                0x0000000000000328       0x18 build/appli_base/tpl_dispatch_table.c.o
 .debug_aranges
                0x0000000000000340       0x20 build/appli_base/tpl_invoque.S.o
 .debug_aranges
                0x0000000000000360       0x20 build/appli_base/tpl_primary_irq.S.o
 .debug_aranges
                0x0000000000000380       0x18 build/appli_base/tpl_vectors.c.o
 .debug_aranges
                0x0000000000000398       0x20 build/appli_base/tpl_external_interrupts.c.o
 .debug_aranges
                0x00000000000003b8       0x30 build/appli_base/tpl_app_interrupts.c.o
 .debug_aranges
                0x00000000000003e8       0x58 build/machines/cortex/tpl_machine_cortex.c.o
 .debug_aranges
                0x0000000000000440       0x20 build/machines/cortex/tpl_sc_handler.S.o
 .debug_aranges
                0x0000000000000460       0x20 build/machines/cortex/tpl_startup.S.o
 .debug_aranges
                0x0000000000000480       0x20 build/machines/cortex/armv7em/tpl_ctx_switch.S.o
 .debug_aranges
                0x00000000000004a0       0x20 build/machines/cortex/armv7em/tpl_ctx_switch_under_it.S.o
 .debug_aranges
                0x00000000000004c0       0x20 build/machines/cortex/armv7em/tpl_interrupts.S.o
 .debug_aranges
                0x00000000000004e0       0x30 build/machines/cortex/armv7em/stm32f407/tpl_machine_stm32f407.c.o
 .debug_aranges
                0x0000000000000510       0x48 build/machines/cortex/armv7em/stm32f407/startup_stm32f4xx.c.o
 .debug_aranges
                0x0000000000000558       0x30 build/machines/cortex/armv7em/stm32f407/system_stm32f4xx.c.o
 .debug_aranges
                0x0000000000000588       0x60 build/machines/cortex/armv7em/stm32f407/handlers_stm32f4xx.c.o
 .debug_aranges
                0x00000000000005e8       0x88 build/machines/cortex/armv7em/stm32f407/STM32F4xx_StdPeriph_Driver/stm32f4xx_gpio.c.o
 .debug_aranges
                0x0000000000000670      0x1c0 build/machines/cortex/armv7em/stm32f407/STM32F4xx_StdPeriph_Driver/stm32f4xx_rcc.c.o
 .debug_aranges
                0x0000000000000830       0x58 build/machines/cortex/armv7em/stm32f407/STM32F4xx_StdPeriph_Driver/stm32f4xx_exti.c.o
 .debug_aranges
                0x0000000000000888       0x50 build/machines/cortex/armv7em/stm32f407/STM32F4xx_StdPeriph_Driver/stm32f4xx_syscfg.c.o
 .debug_aranges
                0x00000000000008d8       0x40 build/machines/cortex/armv7em/stm32f407/STM32F4xx_StdPeriph_Driver/misc.c.o
 .debug_aranges
                0x0000000000000918       0x48 build/machines/cortex/armv7em/stm32f407/stm32f4discovery/stm32f4_discovery.c.o
 .debug_aranges
                0x0000000000000960       0x48 build/machines/cortex/armv7em/stm32f407/stm32f4discovery/tp.c.o

.debug_ranges   0x0000000000000000      0x708
 .debug_ranges  0x0000000000000000       0xc8 build/os/tpl_os_kernel.c.o
 .debug_ranges  0x00000000000000c8       0x30 build/os/tpl_os_timeobj_kernel.c.o
 .debug_ranges  0x00000000000000f8       0x18 build/os/tpl_os_action.c.o
 .debug_ranges  0x0000000000000110       0x28 build/os/tpl_os_os_kernel.c.o
 .debug_ranges  0x0000000000000138       0x10 build/os/tpl_os_os.c.o
 .debug_ranges  0x0000000000000148       0x58 build/os/tpl_os_interrupt_kernel.c.o
 .debug_ranges  0x00000000000001a0       0x38 build/os/tpl_os_task_kernel.c.o
 .debug_ranges  0x00000000000001d8       0x20 build/os/tpl_os_resource_kernel.c.o
 .debug_ranges  0x00000000000001f8       0x38 build/os/tpl_os_alarm_kernel.c.o
 .debug_ranges  0x0000000000000230       0x30 build/appli_base.c.o
 .debug_ranges  0x0000000000000260       0x18 build/appli_base/tpl_app_config.c.o
 .debug_ranges  0x0000000000000278       0x10 build/appli_base/tpl_external_interrupts.c.o
 .debug_ranges  0x0000000000000288       0x20 build/appli_base/tpl_app_interrupts.c.o
 .debug_ranges  0x00000000000002a8       0x48 build/machines/cortex/tpl_machine_cortex.c.o
 .debug_ranges  0x00000000000002f0       0x20 build/machines/cortex/armv7em/stm32f407/tpl_machine_stm32f407.c.o
 .debug_ranges  0x0000000000000310       0x38 build/machines/cortex/armv7em/stm32f407/startup_stm32f4xx.c.o
 .debug_ranges  0x0000000000000348       0x20 build/machines/cortex/armv7em/stm32f407/system_stm32f4xx.c.o
 .debug_ranges  0x0000000000000368       0x50 build/machines/cortex/armv7em/stm32f407/handlers_stm32f4xx.c.o
 .debug_ranges  0x00000000000003b8       0x78 build/machines/cortex/armv7em/stm32f407/STM32F4xx_StdPeriph_Driver/stm32f4xx_gpio.c.o
 .debug_ranges  0x0000000000000430      0x1b0 build/machines/cortex/armv7em/stm32f407/STM32F4xx_StdPeriph_Driver/stm32f4xx_rcc.c.o
 .debug_ranges  0x00000000000005e0       0x48 build/machines/cortex/armv7em/stm32f407/STM32F4xx_StdPeriph_Driver/stm32f4xx_exti.c.o
 .debug_ranges  0x0000000000000628       0x40 build/machines/cortex/armv7em/stm32f407/STM32F4xx_StdPeriph_Driver/stm32f4xx_syscfg.c.o
 .debug_ranges  0x0000000000000668       0x30 build/machines/cortex/armv7em/stm32f407/STM32F4xx_StdPeriph_Driver/misc.c.o
 .debug_ranges  0x0000000000000698       0x38 build/machines/cortex/armv7em/stm32f407/stm32f4discovery/stm32f4_discovery.c.o
 .debug_ranges  0x00000000000006d0       0x38 build/machines/cortex/armv7em/stm32f407/stm32f4discovery/tp.c.o

.debug_line     0x0000000000000000     0x5f1f
 .debug_line    0x0000000000000000      0x440 build/os/tpl_os_kernel.c.o
 .debug_line    0x0000000000000440      0x2d2 build/os/tpl_os_timeobj_kernel.c.o
 .debug_line    0x0000000000000712      0x235 build/os/tpl_os_action.c.o
 .debug_line    0x0000000000000947      0x21a build/os/tpl_os_os_kernel.c.o
 .debug_line    0x0000000000000b61      0x1f4 build/os/tpl_os_os.c.o
 .debug_line    0x0000000000000d55      0x2b9 build/os/tpl_os_interrupt_kernel.c.o
 .debug_line    0x000000000000100e      0x350 build/os/tpl_os_task_kernel.c.o
 .debug_line    0x000000000000135e      0x30d build/os/tpl_os_resource_kernel.c.o
 .debug_line    0x000000000000166b      0x362 build/os/tpl_os_alarm_kernel.c.o
 .debug_line    0x00000000000019cd      0x385 build/appli_base.c.o
 .debug_line    0x0000000000001d52      0x2ee build/appli_base/tpl_app_config.c.o
 .debug_line    0x0000000000002040      0x194 build/appli_base/tpl_dispatch_table.c.o
 .debug_line    0x00000000000021d4      0x15d build/appli_base/tpl_invoque.S.o
 .debug_line    0x0000000000002331       0x61 build/appli_base/tpl_primary_irq.S.o
 .debug_line    0x0000000000002392      0x1da build/appli_base/tpl_vectors.c.o
 .debug_line    0x000000000000256c      0x1e8 build/appli_base/tpl_external_interrupts.c.o
 .debug_line    0x0000000000002754      0x166 build/appli_base/tpl_app_interrupts.c.o
 .debug_line    0x00000000000028ba      0x35b build/machines/cortex/tpl_machine_cortex.c.o
 .debug_line    0x0000000000002c15       0xad build/machines/cortex/tpl_sc_handler.S.o
 .debug_line    0x0000000000002cc2       0x7b build/machines/cortex/tpl_startup.S.o
 .debug_line    0x0000000000002d3d       0x9d build/machines/cortex/armv7em/tpl_ctx_switch.S.o
 .debug_line    0x0000000000002dda       0xa2 build/machines/cortex/armv7em/tpl_ctx_switch_under_it.S.o
 .debug_line    0x0000000000002e7c       0x98 build/machines/cortex/armv7em/tpl_interrupts.S.o
 .debug_line    0x0000000000002f14      0x2b6 build/machines/cortex/armv7em/stm32f407/tpl_machine_stm32f407.c.o
 .debug_line    0x00000000000031ca      0x18c build/machines/cortex/armv7em/stm32f407/startup_stm32f4xx.c.o
 .debug_line    0x0000000000003356      0x297 build/machines/cortex/armv7em/stm32f407/system_stm32f4xx.c.o
 .debug_line    0x00000000000035ed      0x392 build/machines/cortex/armv7em/stm32f407/handlers_stm32f4xx.c.o
 .debug_line    0x000000000000397f      0x901 build/machines/cortex/armv7em/stm32f407/STM32F4xx_StdPeriph_Driver/stm32f4xx_gpio.c.o
 .debug_line    0x0000000000004280      0xbdf build/machines/cortex/armv7em/stm32f407/STM32F4xx_StdPeriph_Driver/stm32f4xx_rcc.c.o
 .debug_line    0x0000000000004e5f      0x43d build/machines/cortex/armv7em/stm32f407/STM32F4xx_StdPeriph_Driver/stm32f4xx_exti.c.o
 .debug_line    0x000000000000529c      0x379 build/machines/cortex/armv7em/stm32f407/STM32F4xx_StdPeriph_Driver/stm32f4xx_syscfg.c.o
 .debug_line    0x0000000000005615      0x30a build/machines/cortex/armv7em/stm32f407/STM32F4xx_StdPeriph_Driver/misc.c.o
 .debug_line    0x000000000000591f      0x34d build/machines/cortex/armv7em/stm32f407/stm32f4discovery/stm32f4_discovery.c.o
 .debug_line    0x0000000000005c6c      0x2b3 build/machines/cortex/armv7em/stm32f407/stm32f4discovery/tp.c.o

.debug_str      0x0000000000000000     0x34ba
 .debug_str     0x0000000000000000      0x83c build/os/tpl_os_kernel.c.o
                                        0x945 (size before relaxing)
 .debug_str     0x000000000000083c      0x115 build/os/tpl_os_timeobj_kernel.c.o
                                        0x3e3 (size before relaxing)
 .debug_str     0x0000000000000951      0x112 build/os/tpl_os_action.c.o
                                        0x311 (size before relaxing)
 .debug_str     0x0000000000000a63       0xad build/os/tpl_os_os_kernel.c.o
                                        0x2b5 (size before relaxing)
 .debug_str     0x0000000000000b10       0x4a build/os/tpl_os_os.c.o
                                        0x217 (size before relaxing)
 .debug_str     0x0000000000000b5a      0x1e5 build/os/tpl_os_interrupt_kernel.c.o
                                        0x62c (size before relaxing)
 .debug_str     0x0000000000000d3f       0xd3 build/os/tpl_os_task_kernel.c.o
                                        0x55a (size before relaxing)
 .debug_str     0x0000000000000e12       0xdb build/os/tpl_os_resource_kernel.c.o
                                        0x588 (size before relaxing)
 .debug_str     0x0000000000000eed      0x181 build/os/tpl_os_alarm_kernel.c.o
                                        0x4cb (size before relaxing)
 .debug_str     0x000000000000106e      0x28d build/appli_base.c.o
                                        0x490 (size before relaxing)
 .debug_str     0x00000000000012fb      0x2be build/appli_base/tpl_app_config.c.o
                                        0x9d0 (size before relaxing)
 .debug_str     0x00000000000015b9       0x43 build/appli_base/tpl_dispatch_table.c.o
                                        0x1f0 (size before relaxing)
 .debug_str     0x00000000000015fc       0x3f build/appli_base/tpl_vectors.c.o
                                        0x1ec (size before relaxing)
 .debug_str     0x000000000000163b       0x42 build/appli_base/tpl_external_interrupts.c.o
                                        0x324 (size before relaxing)
 .debug_str     0x000000000000167d       0x68 build/appli_base/tpl_app_interrupts.c.o
                                        0x215 (size before relaxing)
 .debug_str     0x00000000000016e5      0x6be build/machines/cortex/tpl_machine_cortex.c.o
                                        0xaeb (size before relaxing)
 .debug_str     0x0000000000001da3       0xc0 build/machines/cortex/armv7em/stm32f407/tpl_machine_stm32f407.c.o
                                        0x877 (size before relaxing)
 .debug_str     0x0000000000001e63      0x185 build/machines/cortex/armv7em/stm32f407/startup_stm32f4xx.c.o
                                        0x2f5 (size before relaxing)
 .debug_str     0x0000000000001fe8       0xec build/machines/cortex/armv7em/stm32f407/system_stm32f4xx.c.o
                                        0x43c (size before relaxing)
 .debug_str     0x00000000000020d4      0x149 build/machines/cortex/armv7em/stm32f407/handlers_stm32f4xx.c.o
                                        0x482 (size before relaxing)
 .debug_str     0x000000000000221d      0x35e build/machines/cortex/armv7em/stm32f407/STM32F4xx_StdPeriph_Driver/stm32f4xx_gpio.c.o
                                        0x51b (size before relaxing)
 .debug_str     0x000000000000257b      0x701 build/machines/cortex/armv7em/stm32f407/STM32F4xx_StdPeriph_Driver/stm32f4xx_rcc.c.o
                                        0xa3d (size before relaxing)
 .debug_str     0x0000000000002c7c      0x1f8 build/machines/cortex/armv7em/stm32f407/STM32F4xx_StdPeriph_Driver/stm32f4xx_exti.c.o
                                        0x3ed (size before relaxing)
 .debug_str     0x0000000000002e74      0x1a8 build/machines/cortex/armv7em/stm32f407/STM32F4xx_StdPeriph_Driver/stm32f4xx_syscfg.c.o
                                        0x389 (size before relaxing)
 .debug_str     0x000000000000301c      0x1af build/machines/cortex/armv7em/stm32f407/STM32F4xx_StdPeriph_Driver/misc.c.o
                                        0x449 (size before relaxing)
 .debug_str     0x00000000000031cb      0x1f6 build/machines/cortex/armv7em/stm32f407/stm32f4discovery/stm32f4_discovery.c.o
                                        0xbb5 (size before relaxing)
 .debug_str     0x00000000000033c1       0xf9 build/machines/cortex/armv7em/stm32f407/stm32f4discovery/tp.c.o
                                        0x2ef (size before relaxing)

.comment        0x0000000000000000       0x70
 .comment       0x0000000000000000       0x70 build/os/tpl_os_kernel.c.o
                                         0x71 (size before relaxing)
 .comment       0x0000000000000000       0x71 build/os/tpl_os_timeobj_kernel.c.o
 .comment       0x0000000000000000       0x71 build/os/tpl_os_action.c.o
 .comment       0x0000000000000000       0x71 build/os/tpl_os_os_kernel.c.o
 .comment       0x0000000000000000       0x71 build/os/tpl_os_os.c.o
 .comment       0x0000000000000000       0x71 build/os/tpl_os_interrupt_kernel.c.o
 .comment       0x0000000000000000       0x71 build/os/tpl_os_task_kernel.c.o
 .comment       0x0000000000000000       0x71 build/os/tpl_os_resource_kernel.c.o
 .comment       0x0000000000000000       0x71 build/os/tpl_os_alarm_kernel.c.o
 .comment       0x0000000000000000       0x71 build/appli_base.c.o
 .comment       0x0000000000000000       0x71 build/appli_base/tpl_app_config.c.o
 .comment       0x0000000000000000       0x71 build/appli_base/tpl_dispatch_table.c.o
 .comment       0x0000000000000000       0x71 build/appli_base/tpl_vectors.c.o
 .comment       0x0000000000000000       0x71 build/appli_base/tpl_external_interrupts.c.o
 .comment       0x0000000000000000       0x71 build/appli_base/tpl_app_interrupts.c.o
 .comment       0x0000000000000000       0x71 build/machines/cortex/tpl_machine_cortex.c.o
 .comment       0x0000000000000000       0x71 build/machines/cortex/armv7em/stm32f407/tpl_machine_stm32f407.c.o
 .comment       0x0000000000000000       0x71 build/machines/cortex/armv7em/stm32f407/startup_stm32f4xx.c.o
 .comment       0x0000000000000000       0x71 build/machines/cortex/armv7em/stm32f407/system_stm32f4xx.c.o
 .comment       0x0000000000000000       0x71 build/machines/cortex/armv7em/stm32f407/handlers_stm32f4xx.c.o
 .comment       0x0000000000000000       0x71 build/machines/cortex/armv7em/stm32f407/STM32F4xx_StdPeriph_Driver/stm32f4xx_gpio.c.o
 .comment       0x0000000000000000       0x71 build/machines/cortex/armv7em/stm32f407/STM32F4xx_StdPeriph_Driver/stm32f4xx_rcc.c.o
 .comment       0x0000000000000000       0x71 build/machines/cortex/armv7em/stm32f407/STM32F4xx_StdPeriph_Driver/stm32f4xx_exti.c.o
 .comment       0x0000000000000000       0x71 build/machines/cortex/armv7em/stm32f407/STM32F4xx_StdPeriph_Driver/stm32f4xx_syscfg.c.o
 .comment       0x0000000000000000       0x71 build/machines/cortex/armv7em/stm32f407/STM32F4xx_StdPeriph_Driver/misc.c.o
 .comment       0x0000000000000000       0x71 build/machines/cortex/armv7em/stm32f407/stm32f4discovery/stm32f4_discovery.c.o
 .comment       0x0000000000000000       0x71 build/machines/cortex/armv7em/stm32f407/stm32f4discovery/tp.c.o

.debug_frame    0x0000000000000000     0x1cf8
 .debug_frame   0x0000000000000000      0x360 build/os/tpl_os_kernel.c.o
 .debug_frame   0x0000000000000360       0xcc build/os/tpl_os_timeobj_kernel.c.o
 .debug_frame   0x000000000000042c       0x58 build/os/tpl_os_action.c.o
 .debug_frame   0x0000000000000484       0xa0 build/os/tpl_os_os_kernel.c.o
 .debug_frame   0x0000000000000524       0x34 build/os/tpl_os_os.c.o
 .debug_frame   0x0000000000000558      0x14c build/os/tpl_os_interrupt_kernel.c.o
 .debug_frame   0x00000000000006a4       0xe8 build/os/tpl_os_task_kernel.c.o
 .debug_frame   0x000000000000078c       0x84 build/os/tpl_os_resource_kernel.c.o
 .debug_frame   0x0000000000000810       0xe8 build/os/tpl_os_alarm_kernel.c.o
 .debug_frame   0x00000000000008f8       0xbc build/appli_base.c.o
 .debug_frame   0x00000000000009b4       0x48 build/appli_base/tpl_app_config.c.o
 .debug_frame   0x00000000000009fc       0x30 build/appli_base/tpl_external_interrupts.c.o
 .debug_frame   0x0000000000000a2c       0x70 build/appli_base/tpl_app_interrupts.c.o
 .debug_frame   0x0000000000000a9c      0x118 build/machines/cortex/tpl_machine_cortex.c.o
 .debug_frame   0x0000000000000bb4       0x78 build/machines/cortex/armv7em/stm32f407/tpl_machine_stm32f407.c.o
 .debug_frame   0x0000000000000c2c       0xf0 build/machines/cortex/armv7em/stm32f407/startup_stm32f4xx.c.o
 .debug_frame   0x0000000000000d1c       0x7c build/machines/cortex/armv7em/stm32f407/system_stm32f4xx.c.o
 .debug_frame   0x0000000000000d98       0xf8 build/machines/cortex/armv7em/stm32f407/handlers_stm32f4xx.c.o
 .debug_frame   0x0000000000000e90      0x214 build/machines/cortex/armv7em/stm32f407/STM32F4xx_StdPeriph_Driver/stm32f4xx_gpio.c.o
 .debug_frame   0x00000000000010a4      0x77c build/machines/cortex/armv7em/stm32f407/STM32F4xx_StdPeriph_Driver/stm32f4xx_rcc.c.o
 .debug_frame   0x0000000000001820      0x130 build/machines/cortex/armv7em/stm32f407/STM32F4xx_StdPeriph_Driver/stm32f4xx_exti.c.o
 .debug_frame   0x0000000000001950      0x10c build/machines/cortex/armv7em/stm32f407/STM32F4xx_StdPeriph_Driver/stm32f4xx_syscfg.c.o
 .debug_frame   0x0000000000001a5c       0xc4 build/machines/cortex/armv7em/stm32f407/STM32F4xx_StdPeriph_Driver/misc.c.o
 .debug_frame   0x0000000000001b20       0xf4 build/machines/cortex/armv7em/stm32f407/stm32f4discovery/stm32f4_discovery.c.o
 .debug_frame   0x0000000000001c14       0xe4 build/machines/cortex/armv7em/stm32f407/stm32f4discovery/tp.c.o
