
Allocating common symbols
Common symbol       size              file

NVIC_InitStructure  0x4               build/machines/cortex/armv7em/stm32f407/stm32f4discovery/stm32f4_discovery.c.o

Discarded input sections

 .text          0x0000000000000000        0x0 build/os/tpl_os_kernel.c.o
 .data          0x0000000000000000        0x0 build/os/tpl_os_kernel.c.o
 .bss           0x0000000000000000        0x0 build/os/tpl_os_kernel.c.o
 .osVar         0x0000000000000000        0x3 build/os/tpl_os_kernel.c.o
 .text          0x0000000000000000        0x0 build/os/tpl_os_timeobj_kernel.c.o
 .data          0x0000000000000000        0x0 build/os/tpl_os_timeobj_kernel.c.o
 .bss           0x0000000000000000        0x0 build/os/tpl_os_timeobj_kernel.c.o
 .text          0x0000000000000000        0x0 build/os/tpl_os_action.c.o
 .data          0x0000000000000000        0x0 build/os/tpl_os_action.c.o
 .bss           0x0000000000000000        0x0 build/os/tpl_os_action.c.o
 .osCode        0x0000000000000000       0x38 build/os/tpl_os_action.c.o
 .debug_info    0x0000000000000000      0x1fa build/os/tpl_os_action.c.o
 .debug_abbrev  0x0000000000000000       0xcc build/os/tpl_os_action.c.o
 .debug_aranges
                0x0000000000000000       0x28 build/os/tpl_os_action.c.o
 .debug_ranges  0x0000000000000000       0x18 build/os/tpl_os_action.c.o
 .debug_line    0x0000000000000000      0x235 build/os/tpl_os_action.c.o
 .debug_str     0x0000000000000000      0x311 build/os/tpl_os_action.c.o
 .comment       0x0000000000000000       0x71 build/os/tpl_os_action.c.o
 .debug_frame   0x0000000000000000       0x58 build/os/tpl_os_action.c.o
 .ARM.attributes
                0x0000000000000000       0x33 build/os/tpl_os_action.c.o
 .text          0x0000000000000000        0x0 build/os/tpl_os_error.c.o
 .data          0x0000000000000000        0x0 build/os/tpl_os_error.c.o
 .bss           0x0000000000000000        0x0 build/os/tpl_os_error.c.o
 .debug_info    0x0000000000000000       0x92 build/os/tpl_os_error.c.o
 .debug_abbrev  0x0000000000000000       0x4b build/os/tpl_os_error.c.o
 .debug_aranges
                0x0000000000000000       0x18 build/os/tpl_os_error.c.o
 .debug_line    0x0000000000000000      0x12f build/os/tpl_os_error.c.o
 .debug_str     0x0000000000000000      0x1e6 build/os/tpl_os_error.c.o
 .comment       0x0000000000000000       0x71 build/os/tpl_os_error.c.o
 .ARM.attributes
                0x0000000000000000       0x33 build/os/tpl_os_error.c.o
 .text          0x0000000000000000        0x0 build/os/tpl_os_os_kernel.c.o
 .data          0x0000000000000000        0x0 build/os/tpl_os_os_kernel.c.o
 .bss           0x0000000000000000        0x0 build/os/tpl_os_os_kernel.c.o
 .text          0x0000000000000000        0x0 build/os/tpl_os_os.c.o
 .data          0x0000000000000000        0x0 build/os/tpl_os_os.c.o
 .bss           0x0000000000000000        0x0 build/os/tpl_os_os.c.o
 .text          0x0000000000000000        0x0 build/os/tpl_os_interrupt_kernel.c.o
 .data          0x0000000000000000        0x0 build/os/tpl_os_interrupt_kernel.c.o
 .bss           0x0000000000000000        0x0 build/os/tpl_os_interrupt_kernel.c.o
 .text          0x0000000000000000        0x0 build/os/tpl_os_task_kernel.c.o
 .data          0x0000000000000000        0x0 build/os/tpl_os_task_kernel.c.o
 .bss           0x0000000000000000        0x0 build/os/tpl_os_task_kernel.c.o
 .text          0x0000000000000000        0x0 build/os/tpl_os_resource_kernel.c.o
 .data          0x0000000000000000        0x0 build/os/tpl_os_resource_kernel.c.o
 .bss           0x0000000000000000        0x0 build/os/tpl_os_resource_kernel.c.o
 .osConst       0x0000000000000000        0x2 build/os/tpl_os_resource_kernel.c.o
 .text          0x0000000000000000        0x0 build/appli_base.c.o
 .data          0x0000000000000000        0x0 build/appli_base.c.o
 .bss           0x0000000000000000        0x0 build/appli_base.c.o
 .bss.test      0x0000000000000000        0x4 build/appli_base.c.o
 .text          0x0000000000000000        0x0 build/appli_base/tpl_app_config.c.o
 .data          0x0000000000000000        0x0 build/appli_base/tpl_app_config.c.o
 .bss           0x0000000000000000        0x0 build/appli_base/tpl_app_config.c.o
 .rodata.std    0x0000000000000000        0x1 build/appli_base/tpl_app_config.c.o
 .text          0x0000000000000000        0x0 build/appli_base/tpl_dispatch_table.c.o
 .data          0x0000000000000000        0x0 build/appli_base/tpl_dispatch_table.c.o
 .bss           0x0000000000000000        0x0 build/appli_base/tpl_dispatch_table.c.o
 .text          0x0000000000000000        0x0 build/appli_base/tpl_invoque.S.o
 .data          0x0000000000000000        0x0 build/appli_base/tpl_invoque.S.o
 .bss           0x0000000000000000        0x0 build/appli_base/tpl_invoque.S.o
 .text          0x0000000000000000        0x0 build/appli_base/tpl_primary_irq.S.o
 .data          0x0000000000000000        0x0 build/appli_base/tpl_primary_irq.S.o
 .bss           0x0000000000000000        0x0 build/appli_base/tpl_primary_irq.S.o
 .osVar         0x0000000000000000        0x0 build/appli_base/tpl_primary_irq.S.o
 .text          0x0000000000000000        0x0 build/appli_base/tpl_vectors.c.o
 .data          0x0000000000000000        0x0 build/appli_base/tpl_vectors.c.o
 .bss           0x0000000000000000        0x0 build/appli_base/tpl_vectors.c.o
 .text          0x0000000000000000        0x0 build/appli_base/tpl_external_interrupts.c.o
 .data          0x0000000000000000        0x0 build/appli_base/tpl_external_interrupts.c.o
 .bss           0x0000000000000000        0x0 build/appli_base/tpl_external_interrupts.c.o
 .text          0x0000000000000000        0x0 build/appli_base/tpl_app_interrupts.c.o
 .data          0x0000000000000000        0x0 build/appli_base/tpl_app_interrupts.c.o
 .bss           0x0000000000000000        0x0 build/appli_base/tpl_app_interrupts.c.o
 .text          0x0000000000000000        0x0 build/machines/cortex/tpl_machine_cortex.c.o
 .data          0x0000000000000000        0x0 build/machines/cortex/tpl_machine_cortex.c.o
 .bss           0x0000000000000000        0x0 build/machines/cortex/tpl_machine_cortex.c.o
 .bss.tpl_isr2_disabled
                0x0000000000000000        0x1 build/machines/cortex/tpl_machine_cortex.c.o
 .text          0x0000000000000000        0x0 build/machines/cortex/tpl_sc_handler.S.o
 .data          0x0000000000000000        0x0 build/machines/cortex/tpl_sc_handler.S.o
 .bss           0x0000000000000000        0x0 build/machines/cortex/tpl_sc_handler.S.o
 .osVar         0x0000000000000000        0x0 build/machines/cortex/tpl_sc_handler.S.o
 .osConst       0x0000000000000000        0x0 build/machines/cortex/tpl_sc_handler.S.o
 .text          0x0000000000000000        0x0 build/machines/cortex/tpl_startup.S.o
 .data          0x0000000000000000        0x0 build/machines/cortex/tpl_startup.S.o
 .bss           0x0000000000000000        0x0 build/machines/cortex/tpl_startup.S.o
 .text          0x0000000000000000        0x0 build/machines/cortex/armv7em/tpl_ctx_switch.S.o
 .data          0x0000000000000000        0x0 build/machines/cortex/armv7em/tpl_ctx_switch.S.o
 .bss           0x0000000000000000        0x0 build/machines/cortex/armv7em/tpl_ctx_switch.S.o
 .text          0x0000000000000000        0x0 build/machines/cortex/armv7em/tpl_ctx_switch_under_it.S.o
 .data          0x0000000000000000        0x0 build/machines/cortex/armv7em/tpl_ctx_switch_under_it.S.o
 .bss           0x0000000000000000        0x0 build/machines/cortex/armv7em/tpl_ctx_switch_under_it.S.o
 .text          0x0000000000000000        0x0 build/machines/cortex/armv7em/tpl_interrupts.S.o
 .data          0x0000000000000000        0x0 build/machines/cortex/armv7em/tpl_interrupts.S.o
 .bss           0x0000000000000000        0x0 build/machines/cortex/armv7em/tpl_interrupts.S.o
 .text          0x0000000000000000        0x0 build/machines/cortex/armv7em/stm32f407/tpl_memory_protection.c.o
 .data          0x0000000000000000        0x0 build/machines/cortex/armv7em/stm32f407/tpl_memory_protection.c.o
 .bss           0x0000000000000000        0x0 build/machines/cortex/armv7em/stm32f407/tpl_memory_protection.c.o
 .debug_info    0x0000000000000000       0x92 build/machines/cortex/armv7em/stm32f407/tpl_memory_protection.c.o
 .debug_abbrev  0x0000000000000000       0x4b build/machines/cortex/armv7em/stm32f407/tpl_memory_protection.c.o
 .debug_aranges
                0x0000000000000000       0x18 build/machines/cortex/armv7em/stm32f407/tpl_memory_protection.c.o
 .debug_line    0x0000000000000000      0x12f build/machines/cortex/armv7em/stm32f407/tpl_memory_protection.c.o
 .debug_str     0x0000000000000000      0x20e build/machines/cortex/armv7em/stm32f407/tpl_memory_protection.c.o
 .comment       0x0000000000000000       0x71 build/machines/cortex/armv7em/stm32f407/tpl_memory_protection.c.o
 .ARM.attributes
                0x0000000000000000       0x33 build/machines/cortex/armv7em/stm32f407/tpl_memory_protection.c.o
 .text          0x0000000000000000        0x0 build/machines/cortex/armv7em/stm32f407/tpl_machine_stm32f407.c.o
 .data          0x0000000000000000        0x0 build/machines/cortex/armv7em/stm32f407/tpl_machine_stm32f407.c.o
 .bss           0x0000000000000000        0x0 build/machines/cortex/armv7em/stm32f407/tpl_machine_stm32f407.c.o
 .text          0x0000000000000000        0x0 build/machines/cortex/armv7em/stm32f407/startup_stm32f4xx.c.o
 .data          0x0000000000000000        0x0 build/machines/cortex/armv7em/stm32f407/startup_stm32f4xx.c.o
 .bss           0x0000000000000000        0x0 build/machines/cortex/armv7em/stm32f407/startup_stm32f4xx.c.o
 .text.data_init
                0x0000000000000000       0x34 build/machines/cortex/armv7em/stm32f407/startup_stm32f4xx.c.o
 .text.bss_init
                0x0000000000000000       0x2c build/machines/cortex/armv7em/stm32f407/startup_stm32f4xx.c.o
 .text          0x0000000000000000        0x0 build/machines/cortex/armv7em/stm32f407/system_stm32f4xx.c.o
 .data          0x0000000000000000        0x0 build/machines/cortex/armv7em/stm32f407/system_stm32f4xx.c.o
 .bss           0x0000000000000000        0x0 build/machines/cortex/armv7em/stm32f407/system_stm32f4xx.c.o
 .data.AHBPrescTable
                0x0000000000000000       0x10 build/machines/cortex/armv7em/stm32f407/system_stm32f4xx.c.o
 .text.SystemCoreClockUpdate
                0x0000000000000000       0xf8 build/machines/cortex/armv7em/stm32f407/system_stm32f4xx.c.o
 .text          0x0000000000000000        0x0 build/machines/cortex/armv7em/stm32f407/handlers_stm32f4xx.c.o
 .data          0x0000000000000000        0x0 build/machines/cortex/armv7em/stm32f407/handlers_stm32f4xx.c.o
 .bss           0x0000000000000000        0x0 build/machines/cortex/armv7em/stm32f407/handlers_stm32f4xx.c.o
 .text.PendSV_Handler
                0x0000000000000000        0x8 build/machines/cortex/armv7em/stm32f407/handlers_stm32f4xx.c.o
 .text.SysTick_ClearFlag
                0x0000000000000000        0xc build/machines/cortex/armv7em/stm32f407/handlers_stm32f4xx.c.o
 .text.TIM2_IRQ_ClearFlag
                0x0000000000000000       0x20 build/machines/cortex/armv7em/stm32f407/handlers_stm32f4xx.c.o
 .text          0x0000000000000000        0x0 build/machines/cortex/armv7em/stm32f407/lib/pinAccess.c.o
 .data          0x0000000000000000        0x0 build/machines/cortex/armv7em/stm32f407/lib/pinAccess.c.o
 .bss           0x0000000000000000        0x0 build/machines/cortex/armv7em/stm32f407/lib/pinAccess.c.o
 .text.digitalWrite
                0x0000000000000000       0xcc build/machines/cortex/armv7em/stm32f407/lib/pinAccess.c.o
 .text.digitalToggle
                0x0000000000000000       0xd4 build/machines/cortex/armv7em/stm32f407/lib/pinAccess.c.o
 .text.digitalRead
                0x0000000000000000       0xc4 build/machines/cortex/armv7em/stm32f407/lib/pinAccess.c.o
 .text.pinAlt   0x0000000000000000      0x148 build/machines/cortex/armv7em/stm32f407/lib/pinAccess.c.o
 .text.pinAnalog
                0x0000000000000000       0xdc build/machines/cortex/armv7em/stm32f407/lib/pinAccess.c.o
 .text          0x0000000000000000        0x0 build/machines/cortex/armv7em/stm32f407/STM32F4xx_StdPeriph_Driver/stm32f4xx_gpio.c.o
 .data          0x0000000000000000        0x0 build/machines/cortex/armv7em/stm32f407/STM32F4xx_StdPeriph_Driver/stm32f4xx_gpio.c.o
 .bss           0x0000000000000000        0x0 build/machines/cortex/armv7em/stm32f407/STM32F4xx_StdPeriph_Driver/stm32f4xx_gpio.c.o
 .text.GPIO_DeInit
                0x0000000000000000      0x1c8 build/machines/cortex/armv7em/stm32f407/STM32F4xx_StdPeriph_Driver/stm32f4xx_gpio.c.o
 .text.GPIO_StructInit
                0x0000000000000000       0x34 build/machines/cortex/armv7em/stm32f407/STM32F4xx_StdPeriph_Driver/stm32f4xx_gpio.c.o
 .text.GPIO_PinLockConfig
                0x0000000000000000       0xe0 build/machines/cortex/armv7em/stm32f407/STM32F4xx_StdPeriph_Driver/stm32f4xx_gpio.c.o
 .text.GPIO_ReadInputData
                0x0000000000000000       0xa8 build/machines/cortex/armv7em/stm32f407/STM32F4xx_StdPeriph_Driver/stm32f4xx_gpio.c.o
 .text.GPIO_ReadOutputDataBit
                0x0000000000000000      0x13c build/machines/cortex/armv7em/stm32f407/STM32F4xx_StdPeriph_Driver/stm32f4xx_gpio.c.o
 .text.GPIO_ReadOutputData
                0x0000000000000000       0xa8 build/machines/cortex/armv7em/stm32f407/STM32F4xx_StdPeriph_Driver/stm32f4xx_gpio.c.o
 .text.GPIO_SetBits
                0x0000000000000000       0xbc build/machines/cortex/armv7em/stm32f407/STM32F4xx_StdPeriph_Driver/stm32f4xx_gpio.c.o
 .text.GPIO_ResetBits
                0x0000000000000000       0xbc build/machines/cortex/armv7em/stm32f407/STM32F4xx_StdPeriph_Driver/stm32f4xx_gpio.c.o
 .text.GPIO_WriteBit
                0x0000000000000000      0x14c build/machines/cortex/armv7em/stm32f407/STM32F4xx_StdPeriph_Driver/stm32f4xx_gpio.c.o
 .text.GPIO_Write
                0x0000000000000000       0xac build/machines/cortex/armv7em/stm32f407/STM32F4xx_StdPeriph_Driver/stm32f4xx_gpio.c.o
 .text.GPIO_ToggleBits
                0x0000000000000000       0xb0 build/machines/cortex/armv7em/stm32f407/STM32F4xx_StdPeriph_Driver/stm32f4xx_gpio.c.o
 .text.GPIO_PinAFConfig
                0x0000000000000000      0x268 build/machines/cortex/armv7em/stm32f407/STM32F4xx_StdPeriph_Driver/stm32f4xx_gpio.c.o
 .text          0x0000000000000000        0x0 build/machines/cortex/armv7em/stm32f407/STM32F4xx_StdPeriph_Driver/stm32f4xx_rcc.c.o
 .data          0x0000000000000000        0x0 build/machines/cortex/armv7em/stm32f407/STM32F4xx_StdPeriph_Driver/stm32f4xx_rcc.c.o
 .bss           0x0000000000000000        0x0 build/machines/cortex/armv7em/stm32f407/STM32F4xx_StdPeriph_Driver/stm32f4xx_rcc.c.o
 .data.APBAHBPrescTable
                0x0000000000000000       0x10 build/machines/cortex/armv7em/stm32f407/STM32F4xx_StdPeriph_Driver/stm32f4xx_rcc.c.o
 .text.RCC_DeInit
                0x0000000000000000       0x70 build/machines/cortex/armv7em/stm32f407/STM32F4xx_StdPeriph_Driver/stm32f4xx_rcc.c.o
 .text.RCC_HSEConfig
                0x0000000000000000       0x40 build/machines/cortex/armv7em/stm32f407/STM32F4xx_StdPeriph_Driver/stm32f4xx_rcc.c.o
 .text.RCC_WaitForHSEStartUp
                0x0000000000000000       0x50 build/machines/cortex/armv7em/stm32f407/STM32F4xx_StdPeriph_Driver/stm32f4xx_rcc.c.o
 .text.RCC_AdjustHSICalibrationValue
                0x0000000000000000       0x4c build/machines/cortex/armv7em/stm32f407/STM32F4xx_StdPeriph_Driver/stm32f4xx_rcc.c.o
 .text.RCC_HSICmd
                0x0000000000000000       0x34 build/machines/cortex/armv7em/stm32f407/STM32F4xx_StdPeriph_Driver/stm32f4xx_rcc.c.o
 .text.RCC_LSEConfig
                0x0000000000000000       0x5c build/machines/cortex/armv7em/stm32f407/STM32F4xx_StdPeriph_Driver/stm32f4xx_rcc.c.o
 .text.RCC_LSICmd
                0x0000000000000000       0x34 build/machines/cortex/armv7em/stm32f407/STM32F4xx_StdPeriph_Driver/stm32f4xx_rcc.c.o
 .text.RCC_PLLConfig
                0x0000000000000000       0xb4 build/machines/cortex/armv7em/stm32f407/STM32F4xx_StdPeriph_Driver/stm32f4xx_rcc.c.o
 .text.RCC_PLLCmd
                0x0000000000000000       0x34 build/machines/cortex/armv7em/stm32f407/STM32F4xx_StdPeriph_Driver/stm32f4xx_rcc.c.o
 .text.RCC_PLLI2SConfig
                0x0000000000000000       0x58 build/machines/cortex/armv7em/stm32f407/STM32F4xx_StdPeriph_Driver/stm32f4xx_rcc.c.o
 .text.RCC_PLLI2SCmd
                0x0000000000000000       0x34 build/machines/cortex/armv7em/stm32f407/STM32F4xx_StdPeriph_Driver/stm32f4xx_rcc.c.o
 .text.RCC_PLLSAIConfig
                0x0000000000000000       0x74 build/machines/cortex/armv7em/stm32f407/STM32F4xx_StdPeriph_Driver/stm32f4xx_rcc.c.o
 .text.RCC_PLLSAICmd
                0x0000000000000000       0x34 build/machines/cortex/armv7em/stm32f407/STM32F4xx_StdPeriph_Driver/stm32f4xx_rcc.c.o
 .text.RCC_ClockSecuritySystemCmd
                0x0000000000000000       0x34 build/machines/cortex/armv7em/stm32f407/STM32F4xx_StdPeriph_Driver/stm32f4xx_rcc.c.o
 .text.RCC_MCO1Config
                0x0000000000000000       0x94 build/machines/cortex/armv7em/stm32f407/STM32F4xx_StdPeriph_Driver/stm32f4xx_rcc.c.o
 .text.RCC_MCO2Config
                0x0000000000000000       0x94 build/machines/cortex/armv7em/stm32f407/STM32F4xx_StdPeriph_Driver/stm32f4xx_rcc.c.o
 .text.RCC_SYSCLKConfig
                0x0000000000000000       0x54 build/machines/cortex/armv7em/stm32f407/STM32F4xx_StdPeriph_Driver/stm32f4xx_rcc.c.o
 .text.RCC_GetSYSCLKSource
                0x0000000000000000       0x20 build/machines/cortex/armv7em/stm32f407/STM32F4xx_StdPeriph_Driver/stm32f4xx_rcc.c.o
 .text.RCC_HCLKConfig
                0x0000000000000000       0x78 build/machines/cortex/armv7em/stm32f407/STM32F4xx_StdPeriph_Driver/stm32f4xx_rcc.c.o
 .text.RCC_PCLK1Config
                0x0000000000000000       0x68 build/machines/cortex/armv7em/stm32f407/STM32F4xx_StdPeriph_Driver/stm32f4xx_rcc.c.o
 .text.RCC_PCLK2Config
                0x0000000000000000       0x68 build/machines/cortex/armv7em/stm32f407/STM32F4xx_StdPeriph_Driver/stm32f4xx_rcc.c.o
 .text.RCC_GetClocksFreq
                0x0000000000000000      0x154 build/machines/cortex/armv7em/stm32f407/STM32F4xx_StdPeriph_Driver/stm32f4xx_rcc.c.o
 .text.RCC_RTCCLKConfig
                0x0000000000000000      0x1e0 build/machines/cortex/armv7em/stm32f407/STM32F4xx_StdPeriph_Driver/stm32f4xx_rcc.c.o
 .text.RCC_RTCCLKCmd
                0x0000000000000000       0x34 build/machines/cortex/armv7em/stm32f407/STM32F4xx_StdPeriph_Driver/stm32f4xx_rcc.c.o
 .text.RCC_BackupResetCmd
                0x0000000000000000       0x34 build/machines/cortex/armv7em/stm32f407/STM32F4xx_StdPeriph_Driver/stm32f4xx_rcc.c.o
 .text.RCC_I2SCLKConfig
                0x0000000000000000       0x34 build/machines/cortex/armv7em/stm32f407/STM32F4xx_StdPeriph_Driver/stm32f4xx_rcc.c.o
 .text.RCC_SAIBlockACLKConfig
                0x0000000000000000       0x5c build/machines/cortex/armv7em/stm32f407/STM32F4xx_StdPeriph_Driver/stm32f4xx_rcc.c.o
 .text.RCC_SAIBlockBCLKConfig
                0x0000000000000000       0x5c build/machines/cortex/armv7em/stm32f407/STM32F4xx_StdPeriph_Driver/stm32f4xx_rcc.c.o
 .text.RCC_SAIPLLI2SClkDivConfig
                0x0000000000000000       0x54 build/machines/cortex/armv7em/stm32f407/STM32F4xx_StdPeriph_Driver/stm32f4xx_rcc.c.o
 .text.RCC_SAIPLLSAIClkDivConfig
                0x0000000000000000       0x54 build/machines/cortex/armv7em/stm32f407/STM32F4xx_StdPeriph_Driver/stm32f4xx_rcc.c.o
 .text.RCC_LTDCCLKDivConfig
                0x0000000000000000       0x64 build/machines/cortex/armv7em/stm32f407/STM32F4xx_StdPeriph_Driver/stm32f4xx_rcc.c.o
 .text.RCC_TIMCLKPresConfig
                0x0000000000000000       0x34 build/machines/cortex/armv7em/stm32f407/STM32F4xx_StdPeriph_Driver/stm32f4xx_rcc.c.o
 .text.RCC_AHB2PeriphClockCmd
                0x0000000000000000       0x6c build/machines/cortex/armv7em/stm32f407/STM32F4xx_StdPeriph_Driver/stm32f4xx_rcc.c.o
 .text.RCC_AHB3PeriphClockCmd
                0x0000000000000000       0x6c build/machines/cortex/armv7em/stm32f407/STM32F4xx_StdPeriph_Driver/stm32f4xx_rcc.c.o
 .text.RCC_APB1PeriphClockCmd
                0x0000000000000000       0x6c build/machines/cortex/armv7em/stm32f407/STM32F4xx_StdPeriph_Driver/stm32f4xx_rcc.c.o
 .text.RCC_AHB1PeriphResetCmd
                0x0000000000000000       0x70 build/machines/cortex/armv7em/stm32f407/STM32F4xx_StdPeriph_Driver/stm32f4xx_rcc.c.o
 .text.RCC_AHB2PeriphResetCmd
                0x0000000000000000       0x6c build/machines/cortex/armv7em/stm32f407/STM32F4xx_StdPeriph_Driver/stm32f4xx_rcc.c.o
 .text.RCC_AHB3PeriphResetCmd
                0x0000000000000000       0x6c build/machines/cortex/armv7em/stm32f407/STM32F4xx_StdPeriph_Driver/stm32f4xx_rcc.c.o
 .text.RCC_APB1PeriphResetCmd
                0x0000000000000000       0x6c build/machines/cortex/armv7em/stm32f407/STM32F4xx_StdPeriph_Driver/stm32f4xx_rcc.c.o
 .text.RCC_APB2PeriphResetCmd
                0x0000000000000000       0x70 build/machines/cortex/armv7em/stm32f407/STM32F4xx_StdPeriph_Driver/stm32f4xx_rcc.c.o
 .text.RCC_AHB1PeriphClockLPModeCmd
                0x0000000000000000       0x70 build/machines/cortex/armv7em/stm32f407/STM32F4xx_StdPeriph_Driver/stm32f4xx_rcc.c.o
 .text.RCC_AHB2PeriphClockLPModeCmd
                0x0000000000000000       0x6c build/machines/cortex/armv7em/stm32f407/STM32F4xx_StdPeriph_Driver/stm32f4xx_rcc.c.o
 .text.RCC_AHB3PeriphClockLPModeCmd
                0x0000000000000000       0x6c build/machines/cortex/armv7em/stm32f407/STM32F4xx_StdPeriph_Driver/stm32f4xx_rcc.c.o
 .text.RCC_APB1PeriphClockLPModeCmd
                0x0000000000000000       0x6c build/machines/cortex/armv7em/stm32f407/STM32F4xx_StdPeriph_Driver/stm32f4xx_rcc.c.o
 .text.RCC_APB2PeriphClockLPModeCmd
                0x0000000000000000       0x70 build/machines/cortex/armv7em/stm32f407/STM32F4xx_StdPeriph_Driver/stm32f4xx_rcc.c.o
 .text.RCC_LSEModeConfig
                0x0000000000000000       0x50 build/machines/cortex/armv7em/stm32f407/STM32F4xx_StdPeriph_Driver/stm32f4xx_rcc.c.o
 .text.RCC_ITConfig
                0x0000000000000000       0x78 build/machines/cortex/armv7em/stm32f407/STM32F4xx_StdPeriph_Driver/stm32f4xx_rcc.c.o
 .text.RCC_GetFlagStatus
                0x0000000000000000       0xd4 build/machines/cortex/armv7em/stm32f407/STM32F4xx_StdPeriph_Driver/stm32f4xx_rcc.c.o
 .text.RCC_ClearFlag
                0x0000000000000000       0x1c build/machines/cortex/armv7em/stm32f407/STM32F4xx_StdPeriph_Driver/stm32f4xx_rcc.c.o
 .text.RCC_GetITStatus
                0x0000000000000000       0x70 build/machines/cortex/armv7em/stm32f407/STM32F4xx_StdPeriph_Driver/stm32f4xx_rcc.c.o
 .text.RCC_ClearITPendingBit
                0x0000000000000000       0x30 build/machines/cortex/armv7em/stm32f407/STM32F4xx_StdPeriph_Driver/stm32f4xx_rcc.c.o
 .text          0x0000000000000000        0x0 build/machines/cortex/armv7em/stm32f407/STM32F4xx_StdPeriph_Driver/stm32f4xx_exti.c.o
 .data          0x0000000000000000        0x0 build/machines/cortex/armv7em/stm32f407/STM32F4xx_StdPeriph_Driver/stm32f4xx_exti.c.o
 .bss           0x0000000000000000        0x0 build/machines/cortex/armv7em/stm32f407/STM32F4xx_StdPeriph_Driver/stm32f4xx_exti.c.o
 .text.EXTI_DeInit
                0x0000000000000000       0x34 build/machines/cortex/armv7em/stm32f407/STM32F4xx_StdPeriph_Driver/stm32f4xx_exti.c.o
 .text.EXTI_StructInit
                0x0000000000000000       0x2c build/machines/cortex/armv7em/stm32f407/STM32F4xx_StdPeriph_Driver/stm32f4xx_exti.c.o
 .text.EXTI_GenerateSWInterrupt
                0x0000000000000000       0x3c build/machines/cortex/armv7em/stm32f407/STM32F4xx_StdPeriph_Driver/stm32f4xx_exti.c.o
 .text.EXTI_GetFlagStatus
                0x0000000000000000       0xec build/machines/cortex/armv7em/stm32f407/STM32F4xx_StdPeriph_Driver/stm32f4xx_exti.c.o
 .text.EXTI_ClearFlag
                0x0000000000000000       0x34 build/machines/cortex/armv7em/stm32f407/STM32F4xx_StdPeriph_Driver/stm32f4xx_exti.c.o
 .text.EXTI_GetITStatus
                0x0000000000000000       0xf0 build/machines/cortex/armv7em/stm32f407/STM32F4xx_StdPeriph_Driver/stm32f4xx_exti.c.o
 .text.EXTI_ClearITPendingBit
                0x0000000000000000       0x38 build/machines/cortex/armv7em/stm32f407/STM32F4xx_StdPeriph_Driver/stm32f4xx_exti.c.o
 .text          0x0000000000000000        0x0 build/machines/cortex/armv7em/stm32f407/STM32F4xx_StdPeriph_Driver/stm32f4xx_syscfg.c.o
 .data          0x0000000000000000        0x0 build/machines/cortex/armv7em/stm32f407/STM32F4xx_StdPeriph_Driver/stm32f4xx_syscfg.c.o
 .bss           0x0000000000000000        0x0 build/machines/cortex/armv7em/stm32f407/STM32F4xx_StdPeriph_Driver/stm32f4xx_syscfg.c.o
 .text.SYSCFG_DeInit
                0x0000000000000000       0x1c build/machines/cortex/armv7em/stm32f407/STM32F4xx_StdPeriph_Driver/stm32f4xx_syscfg.c.o
 .text.SYSCFG_MemoryRemapConfig
                0x0000000000000000       0x40 build/machines/cortex/armv7em/stm32f407/STM32F4xx_StdPeriph_Driver/stm32f4xx_syscfg.c.o
 .text.SYSCFG_MemorySwappingBank
                0x0000000000000000       0x34 build/machines/cortex/armv7em/stm32f407/STM32F4xx_StdPeriph_Driver/stm32f4xx_syscfg.c.o
 .text.SYSCFG_ETH_MediaInterfaceConfig
                0x0000000000000000       0x30 build/machines/cortex/armv7em/stm32f407/STM32F4xx_StdPeriph_Driver/stm32f4xx_syscfg.c.o
 .text.SYSCFG_CompensationCellCmd
                0x0000000000000000       0x34 build/machines/cortex/armv7em/stm32f407/STM32F4xx_StdPeriph_Driver/stm32f4xx_syscfg.c.o
 .text.SYSCFG_GetCompensationCellStatus
                0x0000000000000000       0x34 build/machines/cortex/armv7em/stm32f407/STM32F4xx_StdPeriph_Driver/stm32f4xx_syscfg.c.o
 .text          0x0000000000000000        0x0 build/machines/cortex/armv7em/stm32f407/STM32F4xx_StdPeriph_Driver/misc.c.o
 .data          0x0000000000000000        0x0 build/machines/cortex/armv7em/stm32f407/STM32F4xx_StdPeriph_Driver/misc.c.o
 .bss           0x0000000000000000        0x0 build/machines/cortex/armv7em/stm32f407/STM32F4xx_StdPeriph_Driver/misc.c.o
 .text.NVIC_PriorityGroupConfig
                0x0000000000000000       0x54 build/machines/cortex/armv7em/stm32f407/STM32F4xx_StdPeriph_Driver/misc.c.o
 .text.NVIC_SetVectorTable
                0x0000000000000000       0x58 build/machines/cortex/armv7em/stm32f407/STM32F4xx_StdPeriph_Driver/misc.c.o
 .text.NVIC_SystemLPConfig
                0x0000000000000000       0x70 build/machines/cortex/armv7em/stm32f407/STM32F4xx_StdPeriph_Driver/misc.c.o
 .text.SysTick_CLKSourceConfig
                0x0000000000000000       0x4c build/machines/cortex/armv7em/stm32f407/STM32F4xx_StdPeriph_Driver/misc.c.o
 .text          0x0000000000000000        0x0 build/machines/cortex/armv7em/stm32f407/stm32f4discovery/stm32f4_discovery.c.o
 .data          0x0000000000000000        0x0 build/machines/cortex/armv7em/stm32f407/stm32f4discovery/stm32f4_discovery.c.o
 .bss           0x0000000000000000        0x0 build/machines/cortex/armv7em/stm32f407/stm32f4discovery/stm32f4_discovery.c.o
 .rodata.BUTTON_PIN
                0x0000000000000000        0x2 build/machines/cortex/armv7em/stm32f407/stm32f4discovery/stm32f4_discovery.c.o
 .rodata.BUTTON_CLK
                0x0000000000000000        0x4 build/machines/cortex/armv7em/stm32f407/stm32f4discovery/stm32f4_discovery.c.o
 .rodata.BUTTON_EXTI_LINE
                0x0000000000000000        0x2 build/machines/cortex/armv7em/stm32f407/stm32f4discovery/stm32f4_discovery.c.o
 .rodata.BUTTON_PORT_SOURCE
                0x0000000000000000        0x1 build/machines/cortex/armv7em/stm32f407/stm32f4discovery/stm32f4_discovery.c.o
 .rodata.BUTTON_PIN_SOURCE
                0x0000000000000000        0x1 build/machines/cortex/armv7em/stm32f407/stm32f4discovery/stm32f4_discovery.c.o
 .rodata.BUTTON_IRQn
                0x0000000000000000        0x1 build/machines/cortex/armv7em/stm32f407/stm32f4discovery/stm32f4_discovery.c.o
 COMMON         0x0000000000000000        0x4 build/machines/cortex/armv7em/stm32f407/stm32f4discovery/stm32f4_discovery.c.o
 .text          0x0000000000000000        0x0 build/machines/cortex/armv7em/stm32f407/stm32f4discovery/tp.c.o
 .data          0x0000000000000000        0x0 build/machines/cortex/armv7em/stm32f407/stm32f4discovery/tp.c.o
 .bss           0x0000000000000000        0x0 build/machines/cortex/armv7em/stm32f407/stm32f4discovery/tp.c.o

Memory Configuration

Name             Origin             Length             Attributes
VECTOR           0x0000000008000000 0x0000000000000188 xr
FLASH            0x0000000008000188 0x000000000000fe78 xr
RAM              0x0000000020000000 0x0000000000020000 xrw
MEMORY_B1        0x0000000060000000 0x0000000000000000 xr
*default*        0x0000000000000000 0xffffffffffffffff

Linker script and memory map

LOAD build/os/tpl_os_kernel.c.o
LOAD build/os/tpl_os_timeobj_kernel.c.o
LOAD build/os/tpl_os_action.c.o
LOAD build/os/tpl_os_error.c.o
LOAD build/os/tpl_os_os_kernel.c.o
LOAD build/os/tpl_os_os.c.o
LOAD build/os/tpl_os_interrupt_kernel.c.o
LOAD build/os/tpl_os_task_kernel.c.o
LOAD build/os/tpl_os_resource_kernel.c.o
LOAD build/appli_base.c.o
LOAD build/appli_base/tpl_app_config.c.o
LOAD build/appli_base/tpl_dispatch_table.c.o
LOAD build/appli_base/tpl_invoque.S.o
LOAD build/appli_base/tpl_primary_irq.S.o
LOAD build/appli_base/tpl_vectors.c.o
LOAD build/appli_base/tpl_external_interrupts.c.o
LOAD build/appli_base/tpl_app_interrupts.c.o
LOAD build/machines/cortex/tpl_machine_cortex.c.o
LOAD build/machines/cortex/tpl_sc_handler.S.o
LOAD build/machines/cortex/tpl_startup.S.o
LOAD build/machines/cortex/armv7em/tpl_ctx_switch.S.o
LOAD build/machines/cortex/armv7em/tpl_ctx_switch_under_it.S.o
LOAD build/machines/cortex/armv7em/tpl_interrupts.S.o
LOAD build/machines/cortex/armv7em/stm32f407/tpl_memory_protection.c.o
LOAD build/machines/cortex/armv7em/stm32f407/tpl_machine_stm32f407.c.o
LOAD build/machines/cortex/armv7em/stm32f407/startup_stm32f4xx.c.o
LOAD build/machines/cortex/armv7em/stm32f407/system_stm32f4xx.c.o
LOAD build/machines/cortex/armv7em/stm32f407/handlers_stm32f4xx.c.o
LOAD build/machines/cortex/armv7em/stm32f407/lib/pinAccess.c.o
LOAD build/machines/cortex/armv7em/stm32f407/STM32F4xx_StdPeriph_Driver/stm32f4xx_gpio.c.o
LOAD build/machines/cortex/armv7em/stm32f407/STM32F4xx_StdPeriph_Driver/stm32f4xx_rcc.c.o
LOAD build/machines/cortex/armv7em/stm32f407/STM32F4xx_StdPeriph_Driver/stm32f4xx_exti.c.o
LOAD build/machines/cortex/armv7em/stm32f407/STM32F4xx_StdPeriph_Driver/stm32f4xx_syscfg.c.o
LOAD build/machines/cortex/armv7em/stm32f407/STM32F4xx_StdPeriph_Driver/misc.c.o
LOAD build/machines/cortex/armv7em/stm32f407/stm32f4discovery/stm32f4_discovery.c.o
LOAD build/machines/cortex/armv7em/stm32f407/stm32f4discovery/tp.c.o
                0x0000000020020000                _estack = 0x20020000
                0x0000000000000000                _Min_Heap_Size = 0x0
                0x0000000000000400                _Min_Stack_Size = 0x400

.isr_vector     0x0000000008000000      0x188
                0x0000000008000000                . = ALIGN (0x4)
 *(.isr_vector)
 .isr_vector    0x0000000008000000      0x188 build/appli_base/tpl_vectors.c.o
                0x0000000008000000                tpl_it_vectors
                0x0000000008000188                . = ALIGN (0x4)
                0x0000000008000188                . = ALIGN (0x4)

ostext          0x0000000008000188     0x1bfa
 *(.SC_handler)
 *(.EI_handler)
 *(.osCode)
 .osCode        0x0000000008000188      0x864 build/os/tpl_os_kernel.c.o
                0x0000000008000188                tpl_compare_entries
                0x000000000800021c                tpl_bubble_up
                0x000000000800029c                tpl_bubble_down
                0x0000000008000354                tpl_put_new_proc
                0x00000000080003e0                tpl_put_preempted_proc
                0x000000000800043c                tpl_front_proc
                0x000000000800046c                tpl_remove_front_proc
                0x00000000080004d0                tpl_current_os_state
                0x0000000008000524                tpl_get_internal_resource
                0x00000000080005b0                tpl_release_internal_resource
                0x0000000008000600                tpl_preempt
                0x000000000800062c                tpl_run_elected
                0x00000000080006e0                tpl_start
                0x000000000800074c                tpl_schedule_from_running
                0x0000000008000794                tpl_terminate
                0x00000000080007c8                tpl_block
                0x00000000080007f4                tpl_start_scheduling
                0x0000000008000808                tpl_activate_task
                0x0000000008000880                tpl_release
                0x00000000080008bc                tpl_set_event
                0x00000000080008e0                tpl_init_proc
                0x0000000008000910                tpl_init_os
                0x0000000008000970                tpl_call_terminate_task_service
                0x00000000080009a4                tpl_call_terminate_isr2_service
 .osCode        0x00000000080009ec      0x2f8 build/os/tpl_os_timeobj_kernel.c.o
                0x00000000080009ec                tpl_enable_counters
                0x0000000008000a04                tpl_insert_time_obj
                0x0000000008000ae4                tpl_remove_time_obj
                0x0000000008000c08                tpl_counter_tick
 .osCode        0x0000000008000ce4       0xa8 build/os/tpl_os_os_kernel.c.o
                0x0000000008000ce4                tpl_get_active_application_mode_service
                0x0000000008000d14                tpl_start_os_service
                0x0000000008000d60                tpl_call_shutdown_os
                0x0000000008000d74                tpl_shutdown_os_service
 .osCode        0x0000000008000d8c      0x3ec build/os/tpl_os_interrupt_kernel.c.o
                0x0000000008000d8c                tpl_get_interrupt_lock_status
                0x0000000008000dd0                tpl_reset_interrupt_lock_status
                0x0000000008000e0c                tpl_suspend_all_interrupts_service
                0x0000000008000e34                tpl_resume_all_interrupts_service
                0x0000000008000e6c                tpl_disable_all_interrupts_service
                0x0000000008000e98                tpl_enable_all_interrupts_service
                0x0000000008000eb4                tpl_suspend_os_interrupts_service
                0x0000000008000edc                tpl_resume_os_interrupts_service
                0x0000000008000f14                tpl_terminate_isr2_service
                0x0000000008000f84                tpl_null_it
                0x0000000008000ffc                tpl_central_interrupt_handler
                0x0000000008001090                tpl_fast_central_interrupt_handler
                0x00000000080010ec                tpl_central_interrupt_handler_2
                0x0000000008001108                tpl_mask_isr2_priority
                0x0000000008001140                tpl_unmask_isr2_priority
 .osCode        0x0000000008001178      0x2b8 build/os/tpl_os_task_kernel.c.o
                0x0000000008001178                tpl_activate_task_service
                0x00000000080011dc                tpl_terminate_task_service
                0x000000000800124c                tpl_chain_task_service
                0x00000000080012fc                tpl_schedule_service
                0x000000000800137c                tpl_get_task_id_service
                0x00000000080013cc                tpl_get_task_state_service
 .osCode        0x0000000008001430      0x208 build/os/tpl_os_resource_kernel.c.o
                0x0000000008001430                tpl_release_all_resources
                0x000000000800148c                tpl_get_resource_service
                0x0000000008001588                tpl_release_resource_service
 .osCode        0x0000000008001638       0x64 build/appli_base/tpl_app_config.c.o
                0x0000000008001638                tpl_tick_SysTick
                0x000000000800166c                EXTI0_IRQ_Handler
                0x0000000008001690                SysTick_Handler
 .osCode        0x000000000800169c       0x5c build/appli_base/tpl_primary_irq.S.o
                0x000000000800169c                tpl_primary_irq_handler_EXTI0_IRQ
                0x00000000080016c8                tpl_primary_irq_handler_SysTick
 .osCode        0x00000000080016f8       0x78 build/appli_base/tpl_external_interrupts.c.o
                0x00000000080016f8                tpl_init_external_interrupts
 .osCode        0x0000000008001770       0x70 build/appli_base/tpl_app_interrupts.c.o
                0x0000000008001770                tpl_disable_priority_3_interrupts
                0x0000000008001788                tpl_enable_priority_3_interrupts
                0x00000000080017a0                tpl_init_it_priority
                0x00000000080017b0                tpl_disable_os_interrupts
                0x00000000080017c8                tpl_enable_os_interrupts
 .osCode        0x00000000080017e0       0xf0 build/machines/cortex/tpl_machine_cortex.c.o
                0x00000000080017e0                tpl_init_machine_generic
                0x00000000080017ec                tpl_init_machine_specific
                0x000000000800181c                tpl_init_context
                0x0000000008001898                tpl_check_stack_footprint
                0x00000000080018b4                tpl_init_machine
                0x00000000080018c4                tpl_shutdown
 .osCode        0x00000000080018d0       0x6c build/machines/cortex/tpl_sc_handler.S.o
                0x00000000080018d0                tpl_sc_handler
 .osCode        0x000000000800193c       0x1c build/machines/cortex/tpl_startup.S.o
                0x000000000800193c                tpl_reset_handler
 .osCode        0x0000000008001958       0x4c build/machines/cortex/armv7em/tpl_ctx_switch.S.o
                0x0000000008001958                tpl_save_context
                0x000000000800197e                tpl_load_context
 .osCode        0x00000000080019a4       0x44 build/machines/cortex/armv7em/tpl_ctx_switch_under_it.S.o
                0x00000000080019a4                tpl_save_context_under_it
                0x00000000080019c6                tpl_load_context_under_it
 .osCode        0x00000000080019e8       0x30 build/machines/cortex/armv7em/tpl_interrupts.S.o
                0x00000000080019e8                tpl_disable_interrupts
                0x00000000080019fa                tpl_enable_interrupts
 .osCode        0x0000000008001a18       0x7c build/machines/cortex/armv7em/stm32f407/tpl_machine_stm32f407.c.o
                0x0000000008001a68                tpl_set_systick_timer
 .osCode        0x0000000008001a94      0x104 build/machines/cortex/armv7em/stm32f407/stm32f4discovery/tp.c.o
                0x0000000008001a94                initBoard
                0x0000000008001abc                ledOn
                0x0000000008001adc                ledOff
                0x0000000008001afc                ledToggle
                0x0000000008001b1c                readButton
                0x0000000008001b6c                delay
 *(.osApiCode)
 .osApiCode     0x0000000008001b98       0x28 build/os/tpl_os_os.c.o
                0x0000000008001b98                StartOS
 .osApiCode     0x0000000008001bc0      0x1c2 build/appli_base/tpl_invoque.S.o
                0x0000000008001bc0                GetActiveApplicationMode
                0x0000000008001bd6                tpl_start_os
                0x0000000008001bec                ShutdownOS
                0x0000000008001c02                EnableAllInterrupts
                0x0000000008001c1c                DisableAllInterrupts
                0x0000000008001c36                ResumeAllInterrupts
                0x0000000008001c50                SuspendAllInterrupts
                0x0000000008001c6a                ResumeOSInterrupts
                0x0000000008001c84                SuspendOSInterrupts
                0x0000000008001c9e                CallTerminateISR2
                0x0000000008001cb8                ActivateTask
                0x0000000008001cce                TerminateTask
                0x0000000008001ce4                ChainTask
                0x0000000008001cfa                Schedule
                0x0000000008001d10                GetTaskID
                0x0000000008001d26                GetTaskState
                0x0000000008001d3c                CallTerminateTask
                0x0000000008001d56                GetResource
                0x0000000008001d6c                ReleaseResource
 *(.appCommonCode)
                0x0000000008001d84                . = ALIGN (0x4)

osconst         0x0000000008001d84       0xe8
 *(.osConst)
 .osConst       0x0000000008001d84        0x2 build/os/tpl_os_kernel.c.o
                0x0000000008001d84                INVALID_PROC
                0x0000000008001d85                INVALID_TASK
 *fill*         0x0000000008001d86        0x2 
 .osConst       0x0000000008001d88       0x74 build/appli_base/tpl_app_config.c.o
                0x0000000008001d88                tpl_resource_table
                0x0000000008001d8c                IDLE_TASK_task_stat_desc
                0x0000000008001da4                T_blink_task_stat_desc
                0x0000000008001dbc                button_isr_stat_desc
                0x0000000008001dd4                button_isr_helper
                0x0000000008001de0                tpl_stat_proc_table
                0x0000000008001dec                tpl_dyn_proc_table
                0x0000000008001df8                tpl_isr_stat_table
 .osConst       0x0000000008001dfc       0x4c build/appli_base/tpl_dispatch_table.c.o
                0x0000000008001dfc                tpl_dispatch_table
 .osConst       0x0000000008001e48        0x8 build/appli_base/tpl_app_interrupts.c.o
                0x0000000008001e48                tpl_enable_table
                0x0000000008001e4c                tpl_disable_table
 *(.osApiConst)
 .osApiConst    0x0000000008001e50       0x1c build/appli_base/tpl_app_config.c.o
                0x0000000008001e50                T_blink
                0x0000000008001e54                OSTICKSPERBASE
                0x0000000008001e58                OSMAXALLOWEDVALUE
                0x0000000008001e5c                OSMINCYCLE
                0x0000000008001e60                proc_name_table
                0x0000000008001e6c                . = ALIGN (0x4)

apptext         0x0000000008001e6c        0x0
                0x0000000008001e6c                __PROGCONST_SECTION_START = .
                0x0000000008001e6c                __SEG_START_APP_CODE_CONST_RGN = .
                0x0000000008001e6c                . = ALIGN (0x4)
 *(.Task_T_blinkCode)
 *(.ISR_buttonCode)
                0x0000000008001e6c                . = ALIGN (0x4)

appconst        0x0000000008001e6c      0x27c
 *(.rodata)
 .rodata        0x0000000008001e6c       0x17 build/appli_base/tpl_app_config.c.o
 *fill*         0x0000000008001e83        0x1 
 .rodata        0x0000000008001e84       0x75 build/machines/cortex/armv7em/stm32f407/STM32F4xx_StdPeriph_Driver/stm32f4xx_gpio.c.o
 *fill*         0x0000000008001ef9        0x3 
 .rodata        0x0000000008001efc       0x74 build/machines/cortex/armv7em/stm32f407/STM32F4xx_StdPeriph_Driver/stm32f4xx_rcc.c.o
 .rodata        0x0000000008001f70       0x75 build/machines/cortex/armv7em/stm32f407/STM32F4xx_StdPeriph_Driver/stm32f4xx_exti.c.o
 *fill*         0x0000000008001fe5        0x3 
 .rodata        0x0000000008001fe8       0x77 build/machines/cortex/armv7em/stm32f407/STM32F4xx_StdPeriph_Driver/stm32f4xx_syscfg.c.o
 *fill*         0x000000000800205f        0x1 
 .rodata        0x0000000008002060       0x6b build/machines/cortex/armv7em/stm32f407/STM32F4xx_StdPeriph_Driver/misc.c.o
 *(.rodata*)
 .rodata.OSDEFAULTAPPMODE
                0x00000000080020cb        0x1 build/appli_base/tpl_app_config.c.o
                0x00000000080020cb                OSDEFAULTAPPMODE
 .rodata.tpl_task_app_mode
                0x00000000080020cc        0x1 build/appli_base/tpl_app_config.c.o
                0x00000000080020cc                tpl_task_app_mode
 *fill*         0x00000000080020cd        0x3 
 .rodata.GPIO_PIN
                0x00000000080020d0        0x8 build/machines/cortex/armv7em/stm32f407/stm32f4discovery/stm32f4_discovery.c.o
                0x00000000080020d0                GPIO_PIN
 .rodata.GPIO_CLK
                0x00000000080020d8       0x10 build/machines/cortex/armv7em/stm32f407/stm32f4discovery/stm32f4_discovery.c.o
                0x00000000080020d8                GPIO_CLK
                0x00000000080020e8                . = ALIGN (0x4)

procconst       0x00000000080020e8        0x0
 *(.Task_T_blink_SEC_CONST_32BIT)
 *(.Task_T_blink_SEC_CALIB_32BIT)
 *(.Task_T_blink_SEC_CARTO_32BIT)
 *(.Task_T_blink_SEC_CONFIG_DATA_32BIT)
 *(.Task_T_blink_SEC_CONST_16BIT)
 *(.Task_T_blink_SEC_CALIB_16BIT)
 *(.Task_T_blink_SEC_CARTO_16BIT)
 *(.Task_T_blink_SEC_CONFIG_DATA_16BIT)
 *(.Task_T_blink_SEC_CONST_8BIT)
 *(.Task_T_blink_SEC_CALIB_8BIT)
 *(.Task_T_blink_SEC_CARTO_8BIT)
 *(.Task_T_blink_SEC_CONFIG_DATA_8BIT)
 *(.Task_T_blink_SEC_CONST_BOOLEAN)
 *(.Task_T_blink_SEC_CALIB_BOOLEAN)
 *(.Task_T_blink_SEC_CARTO_BOOLEAN)
 *(.Task_T_blink_SEC_CONFIG_DATA_BOOLEAN)
 *(.Task_T_blink_SEC_CONST_UNSPECIFIED)
 *(.Task_T_blink_SEC_CALIB_UNSPECIFIED)
 *(.Task_T_blink_SEC_CARTO_UNSPECIFIED)
 *(.Task_T_blink_SEC_CONFIG_DATA_UNSPECIFIED)
 *(.ISR_button_SEC_CONST_32BIT)
 *(.ISR_button_SEC_CALIB_32BIT)
 *(.ISR_button_SEC_CARTO_32BIT)
 *(.ISR_button_SEC_CONFIG_DATA_32BIT)
 *(.ISR_button_SEC_CONST_16BIT)
 *(.ISR_button_SEC_CALIB_16BIT)
 *(.ISR_button_SEC_CARTO_16BIT)
 *(.ISR_button_SEC_CONFIG_DATA_16BIT)
 *(.ISR_button_SEC_CONST_8BIT)
 *(.ISR_button_SEC_CALIB_8BIT)
 *(.ISR_button_SEC_CARTO_8BIT)
 *(.ISR_button_SEC_CONFIG_DATA_8BIT)
 *(.ISR_button_SEC_CONST_BOOLEAN)
 *(.ISR_button_SEC_CALIB_BOOLEAN)
 *(.ISR_button_SEC_CARTO_BOOLEAN)
 *(.ISR_button_SEC_CONFIG_DATA_BOOLEAN)
 *(.ISR_button_SEC_CONST_UNSPECIFIED)
 *(.ISR_button_SEC_CALIB_UNSPECIFIED)
 *(.ISR_button_SEC_CARTO_UNSPECIFIED)
 *(.ISR_button_SEC_CONFIG_DATA_UNSPECIFIED)
                0x00000000080020e8                . = ALIGN (0x4)
                0x00000000080020e7                __SEG_STOP_APP_CODE_CONST_RGN = (. - 0x1)
                0x00000000080020e7                __PROGCONST_SECTION_STOP = (. - 0x1)

.text           0x00000000080020e8     0x1198
                0x00000000080020e8                . = ALIGN (0x4)
 *(.text)
 *(.text*)
 .text.main     0x00000000080020e8       0x44 build/appli_base.c.o
                0x00000000080020e8                main
 .text.button_function
                0x000000000800212c       0x34 build/appli_base.c.o
                0x000000000800212c                button_function
 .text.T_blink_function
                0x0000000008002160       0x80 build/appli_base.c.o
                0x0000000008002160                T_blink_function
 .text.assert_failed
                0x00000000080021e0       0x14 build/appli_base.c.o
                0x00000000080021e0                assert_failed
 .text.NVIC_EnableIRQ
                0x00000000080021f4       0x30 build/appli_base/tpl_external_interrupts.c.o
 .text.NVIC_SetPriority
                0x0000000008002224       0x54 build/appli_base/tpl_external_interrupts.c.o
 .text.NVIC_SetPriority
                0x0000000008002278       0x54 build/appli_base/tpl_app_interrupts.c.o
 .text.NVIC_SetPriority
                0x00000000080022cc       0x54 build/machines/cortex/tpl_machine_cortex.c.o
 .text.idle_function
                0x0000000008002320        0x8 build/machines/cortex/tpl_machine_cortex.c.o
                0x0000000008002320                idle_function
 .text.NVIC_SetPriority
                0x0000000008002328       0x54 build/machines/cortex/armv7em/stm32f407/tpl_machine_stm32f407.c.o
 .text.__libc_init_array
                0x000000000800237c       0x6c build/machines/cortex/armv7em/stm32f407/startup_stm32f4xx.c.o
                0x000000000800237c                __libc_init_array
 .text.__libc_fini_array
                0x00000000080023e8       0x3c build/machines/cortex/armv7em/stm32f407/startup_stm32f4xx.c.o
                0x00000000080023e8                __libc_fini_array
 .text.SystemInit
                0x0000000008002424       0x58 build/machines/cortex/armv7em/stm32f407/system_stm32f4xx.c.o
                0x0000000008002424                SystemInit
 .text.SetSysClock
                0x000000000800247c       0xf4 build/machines/cortex/armv7em/stm32f407/system_stm32f4xx.c.o
 .text.NMI_Handler
                0x0000000008002570        0x8 build/machines/cortex/armv7em/stm32f407/handlers_stm32f4xx.c.o
                0x0000000008002570                NMI_Handler
 .text.HardFault_Handler
                0x0000000008002578       0x64 build/machines/cortex/armv7em/stm32f407/handlers_stm32f4xx.c.o
                0x0000000008002578                HardFault_Handler
 .text.MemManage_Handler
                0x00000000080025dc        0x8 build/machines/cortex/armv7em/stm32f407/handlers_stm32f4xx.c.o
                0x00000000080025dc                MemManage_Handler
 .text.BusFault_Handler
                0x00000000080025e4        0x8 build/machines/cortex/armv7em/stm32f407/handlers_stm32f4xx.c.o
                0x00000000080025e4                BusFault_Handler
 .text.UsageFault_Handler
                0x00000000080025ec        0x8 build/machines/cortex/armv7em/stm32f407/handlers_stm32f4xx.c.o
                0x00000000080025ec                UsageFault_Handler
 .text.DebugMonitor_Handler
                0x00000000080025f4        0x8 build/machines/cortex/armv7em/stm32f407/handlers_stm32f4xx.c.o
                0x00000000080025f4                DebugMonitor_Handler
 .text.clockForGpio
                0x00000000080025fc      0x134 build/machines/cortex/armv7em/stm32f407/lib/pinAccess.c.o
                0x00000000080025fc                clockForGpio
 .text.pinMode  0x0000000008002730      0x1b8 build/machines/cortex/armv7em/stm32f407/lib/pinAccess.c.o
                0x0000000008002730                pinMode
 .text.GPIO_Init
                0x00000000080028e8      0x244 build/machines/cortex/armv7em/stm32f407/STM32F4xx_StdPeriph_Driver/stm32f4xx_gpio.c.o
                0x00000000080028e8                GPIO_Init
 .text.GPIO_ReadInputDataBit
                0x0000000008002b2c      0x13c build/machines/cortex/armv7em/stm32f407/STM32F4xx_StdPeriph_Driver/stm32f4xx_gpio.c.o
                0x0000000008002b2c                GPIO_ReadInputDataBit
 .text.RCC_AHB1PeriphClockCmd
                0x0000000008002c68       0x70 build/machines/cortex/armv7em/stm32f407/STM32F4xx_StdPeriph_Driver/stm32f4xx_rcc.c.o
                0x0000000008002c68                RCC_AHB1PeriphClockCmd
 .text.RCC_APB2PeriphClockCmd
                0x0000000008002cd8       0x70 build/machines/cortex/armv7em/stm32f407/STM32F4xx_StdPeriph_Driver/stm32f4xx_rcc.c.o
                0x0000000008002cd8                RCC_APB2PeriphClockCmd
 .text.EXTI_Init
                0x0000000008002d48      0x150 build/machines/cortex/armv7em/stm32f407/STM32F4xx_StdPeriph_Driver/stm32f4xx_exti.c.o
                0x0000000008002d48                EXTI_Init
 .text.SYSCFG_EXTILineConfig
                0x0000000008002e98      0x138 build/machines/cortex/armv7em/stm32f407/STM32F4xx_StdPeriph_Driver/stm32f4xx_syscfg.c.o
                0x0000000008002e98                SYSCFG_EXTILineConfig
 .text.NVIC_Init
                0x0000000008002fd0       0xf8 build/machines/cortex/armv7em/stm32f407/STM32F4xx_StdPeriph_Driver/misc.c.o
                0x0000000008002fd0                NVIC_Init
 .text.STM_EVAL_LEDInit
                0x00000000080030c8       0x5c build/machines/cortex/armv7em/stm32f407/stm32f4discovery/stm32f4_discovery.c.o
                0x00000000080030c8                STM_EVAL_LEDInit
 .text.STM_EVAL_LEDOn
                0x0000000008003124       0x30 build/machines/cortex/armv7em/stm32f407/stm32f4discovery/stm32f4_discovery.c.o
                0x0000000008003124                STM_EVAL_LEDOn
 .text.STM_EVAL_LEDOff
                0x0000000008003154       0x30 build/machines/cortex/armv7em/stm32f407/stm32f4discovery/stm32f4_discovery.c.o
                0x0000000008003154                STM_EVAL_LEDOff
 .text.STM_EVAL_LEDToggle
                0x0000000008003184       0x3c build/machines/cortex/armv7em/stm32f407/stm32f4discovery/stm32f4_discovery.c.o
                0x0000000008003184                STM_EVAL_LEDToggle
 .text.STM_EVAL_PBInit
                0x00000000080031c0       0x94 build/machines/cortex/armv7em/stm32f407/stm32f4discovery/stm32f4_discovery.c.o
                0x00000000080031c0                STM_EVAL_PBInit
 .text.STM_EVAL_PBGetState
                0x0000000008003254       0x2c build/machines/cortex/armv7em/stm32f407/stm32f4discovery/stm32f4_discovery.c.o
                0x0000000008003254                STM_EVAL_PBGetState
 *(.glue_7)
 .glue_7        0x0000000000000000        0x0 linker stubs
 *(.glue_7t)
 .glue_7t       0x0000000000000000        0x0 linker stubs
 *(.eh_frame)
 *(.init)
 *(.fini)
                0x0000000008003280                . = ALIGN (0x4)
                0x0000000008003280                _etext = .
                0x0000000008003280                _exit = .

.vfp11_veneer   0x0000000008003280        0x0
 .vfp11_veneer  0x0000000000000000        0x0 linker stubs

.v4_bx          0x0000000008003280        0x0
 .v4_bx         0x0000000000000000        0x0 linker stubs

.iplt           0x0000000008003280        0x0
 .iplt          0x0000000000000000        0x0 build/os/tpl_os_kernel.c.o

.after_vectors  0x0000000008003280       0x90
 .after_vectors
                0x0000000008003280       0x90 build/machines/cortex/armv7em/stm32f407/startup_stm32f4xx.c.o
                0x0000000008003280                tpl_continue_reset_handler
                0x00000000080032c8                system_init

.rel.dyn        0x0000000008003310        0x0
 .rel.iplt      0x0000000000000000        0x0 build/os/tpl_os_kernel.c.o

.ARM.extab
 *(.ARM.extab* .gnu.linkonce.armextab.*)

.ARM            0x0000000008003310        0x0
                0x0000000008003310                __exidx_start = .
 *(.ARM.exidx*)
                0x0000000008003310                __exidx_end = .

.preinit_array  0x0000000008003310        0x4
                0x0000000008003310                PROVIDE (__preinit_array_start, .)
 *(.preinit_array*)
 .preinit_array_sysinit
                0x0000000008003310        0x4 build/machines/cortex/armv7em/stm32f407/startup_stm32f4xx.c.o
                0x0000000008003310                p_system_init
                0x0000000008003314                PROVIDE (__preinit_array_end, .)

.init_array     0x0000000008003314        0x0
                0x0000000008003314                PROVIDE (__init_array_start, .)
 *(SORT(.init_array.*))
 *(.init_array*)
                0x0000000008003314                PROVIDE (__init_array_end, .)

.fini_array     0x0000000008003314        0x0
                0x0000000008003314                PROVIDE (__fini_array_start, .)
 *(.fini_array*)
 *(SORT(.fini_array.*))
                0x0000000008003314                PROVIDE (__fini_array_end, .)
                0x0000000008003314                _sidata = .

.data           0x0000000020000000      0x108 load address 0x0000000008003314
                0x0000000020000000                . = ALIGN (0x4)
                0x0000000020000000                _sdata = .
 *(.data)
 *(.data*)
 .data.SystemCoreClock
                0x0000000020000000        0x4 build/machines/cortex/armv7em/stm32f407/system_stm32f4xx.c.o
                0x0000000020000000                SystemCoreClock
 .data.GPIO_PORT
                0x0000000020000004       0x10 build/machines/cortex/armv7em/stm32f407/stm32f4discovery/stm32f4_discovery.c.o
                0x0000000020000004                GPIO_PORT
 .data.BUTTON_PORT
                0x0000000020000014        0x4 build/machines/cortex/armv7em/stm32f407/stm32f4discovery/stm32f4_discovery.c.o
                0x0000000020000014                BUTTON_PORT
 .data.previousState.5518
                0x0000000020000018        0x1 build/machines/cortex/armv7em/stm32f407/stm32f4discovery/tp.c.o
 *(.osVar)
 .osVar         0x0000000020000019        0x1 build/os/tpl_os_timeobj_kernel.c.o
 .osVar         0x000000002000001a        0x1 build/os/tpl_os_os_kernel.c.o
 *fill*         0x000000002000001b        0x1 
 .osVar         0x000000002000001c       0x18 build/os/tpl_os_interrupt_kernel.c.o
                0x000000002000001c                tpl_locking_depth
                0x0000000020000020                tpl_user_task_lock
                0x0000000020000024                tpl_cpt_user_task_lock_All
                0x0000000020000028                tpl_cpt_user_task_lock_OS
                0x000000002000002c                tpl_cpt_os_task_lock
 .osVar         0x0000000020000034       0xd4 build/appli_base/tpl_app_config.c.o
                0x0000000020000034                res_sched_rez_desc
                0x000000002000003c                SystemCounter_counter_desc
                0x0000000020000058                tpl_time_counter
                0x000000002000005c                IDLE_TASK_int_context
                0x0000000020000080                IDLE_TASK_task_desc
                0x0000000020000088                T_blink_int_context
                0x00000000200000ac                T_blink_task_desc
                0x00000000200000b4                button_int_context
                0x00000000200000d8                button_isr_desc
                0x00000000200000e0                tpl_ready_list
                0x00000000200000e8                tpl_tail_for_prio
                0x00000000200000ec                tpl_kern
 *(.Task_T_blink_SEC_VAR_POWER_ON_INIT_32BIT)
 *(.Task_T_blink_SEC_VAR_POWER_ON_INIT_16BIT)
 *(.Task_T_blink_SEC_VAR_POWER_ON_INIT_8BIT)
 *(.Task_T_blink_SEC_VAR_POWER_ON_INIT_BOOLEAN)
 *(.Task_T_blink_SEC_VAR_POWER_ON_INIT_UNSPECIFIED)
 *(.ISR_button_SEC_VAR_POWER_ON_INIT_32BIT)
 *(.ISR_button_SEC_VAR_POWER_ON_INIT_16BIT)
 *(.ISR_button_SEC_VAR_POWER_ON_INIT_8BIT)
 *(.ISR_button_SEC_VAR_POWER_ON_INIT_BOOLEAN)
 *(.ISR_button_SEC_VAR_POWER_ON_INIT_UNSPECIFIED)
                0x0000000020000108                . = ALIGN (0x4)
                0x0000000020000108                _edata = .

.igot.plt       0x0000000020000108        0x0 load address 0x000000000800341c
 .igot.plt      0x0000000000000000        0x0 build/os/tpl_os_kernel.c.o

.Task_IDLE_TASKStack
                0x0000000020000108      0x12c load address 0x000000000800341c
 .Task_IDLE_TASKStack
                0x0000000020000108      0x12c build/appli_base/tpl_app_config.c.o
                0x0000000020000108                IDLE_TASK_stack_zone

.Task_T_blink_SEC_VAR
                0x0000000020000234        0xc load address 0x0000000008003548
                0x0000000020000240                . = ALIGN (__SEG_ALIGN_Task_T_blink_VAR_RGN)
 *fill*         0x0000000020000234        0xc 
                0x0000000020000240                __SEG_START_Task_T_blink_VAR_RGN = .
 *(.Task_T_blink_SEC_VAR_NOINIT_32BIT)
 *(.Task_T_blink_SEC_VAR_FAST_32BIT)
 *(.Task_T_blink_SEC_VAR_32BIT)
 *(.Task_T_blink_SEC_VAR_NOINIT_16BIT)
 *(.Task_T_blink_SEC_VAR_FAST_16BIT)
 *(.Task_T_blink_SEC_VAR_16BIT)
 *(.Task_T_blink_SEC_VAR_NOINIT_8BIT)
 *(.Task_T_blink_SEC_VAR_FAST_8BIT)
 *(.Task_T_blink_SEC_VAR_8BIT)
 *(.Task_T_blink_SEC_VAR_NOINIT_BOOLEAN)
 *(.Task_T_blink_SEC_VAR_FAST_BOOLEAN)
 *(.Task_T_blink_SEC_VAR_BOOLEAN)
 *(.Task_T_blink_SEC_VAR_NOINIT_UNSPECIFIED)
 *(.Task_T_blink_SEC_VAR_FAST_UNSPECIFIED)
 *(.Task_T_blink_SEC_VAR_UNSPECIFIED)
                0x0000000020000240                __SEG_END_Task_T_blink_VAR_RGN = .
                0x0000000000001000                __SEG_SIZE_Task_T_blink_VAR_RGN = ((__SEG_END_Task_T_blink_VAR_RGN - __SEG_START_Task_T_blink_VAR_RGN) < 0x1000)?0x1000:__SEG_SIZE_Task_T_blink_VAR_RGN
                0x0000000000000400                __SEG_SIZE_Task_T_blink_VAR_RGN = ((__SEG_END_Task_T_blink_VAR_RGN - __SEG_START_Task_T_blink_VAR_RGN) < 0x400)?0x400:__SEG_SIZE_Task_T_blink_VAR_RGN
                0x0000000000000200                __SEG_SIZE_Task_T_blink_VAR_RGN = ((__SEG_END_Task_T_blink_VAR_RGN - __SEG_START_Task_T_blink_VAR_RGN) < 0x200)?0x200:__SEG_SIZE_Task_T_blink_VAR_RGN
                0x0000000000000100                __SEG_SIZE_Task_T_blink_VAR_RGN = ((__SEG_END_Task_T_blink_VAR_RGN - __SEG_START_Task_T_blink_VAR_RGN) < 0x100)?0x100:__SEG_SIZE_Task_T_blink_VAR_RGN
                0x0000000000000080                __SEG_SIZE_Task_T_blink_VAR_RGN = ((__SEG_END_Task_T_blink_VAR_RGN - __SEG_START_Task_T_blink_VAR_RGN) < 0x80)?0x80:__SEG_SIZE_Task_T_blink_VAR_RGN
                0x0000000000000040                __SEG_SIZE_Task_T_blink_VAR_RGN = ((__SEG_END_Task_T_blink_VAR_RGN - __SEG_START_Task_T_blink_VAR_RGN) < 0x40)?0x40:__SEG_SIZE_Task_T_blink_VAR_RGN
                0x0000000000000020                __SEG_SIZE_Task_T_blink_VAR_RGN = ((__SEG_END_Task_T_blink_VAR_RGN - __SEG_START_Task_T_blink_VAR_RGN) < 0x20)?0x20:__SEG_SIZE_Task_T_blink_VAR_RGN
                0x0000000020000254                __SEG_ALIGN_Task_T_blink_VAR_RGN = __SEG_SIZE_Task_T_blink_VAR_RGN

.ISR_button_SEC_VAR
                0x0000000020000240        0x0
                0x0000000020000240                . = ALIGN (__SEG_ALIGN_ISR_button_VAR_RGN)
                0x0000000020000240                __SEG_START_ISR_button_VAR_RGN = .
 *(.ISR_button_SEC_VAR_NOINIT_32BIT)
 *(.ISR_button_SEC_VAR_FAST_32BIT)
 *(.ISR_button_SEC_VAR_32BIT)
 *(.ISR_button_SEC_VAR_NOINIT_16BIT)
 *(.ISR_button_SEC_VAR_FAST_16BIT)
 *(.ISR_button_SEC_VAR_16BIT)
 *(.ISR_button_SEC_VAR_NOINIT_8BIT)
 *(.ISR_button_SEC_VAR_FAST_8BIT)
 *(.ISR_button_SEC_VAR_8BIT)
 *(.ISR_button_SEC_VAR_NOINIT_BOOLEAN)
 *(.ISR_button_SEC_VAR_FAST_BOOLEAN)
 *(.ISR_button_SEC_VAR_BOOLEAN)
 *(.ISR_button_SEC_VAR_NOINIT_UNSPECIFIED)
 *(.ISR_button_SEC_VAR_FAST_UNSPECIFIED)
 *(.ISR_button_SEC_VAR_UNSPECIFIED)
                0x0000000020000240                __SEG_END_ISR_button_VAR_RGN = .
                0x0000000000001000                __SEG_SIZE_ISR_button_VAR_RGN = ((__SEG_END_ISR_button_VAR_RGN - __SEG_START_ISR_button_VAR_RGN) < 0x1000)?0x1000:__SEG_SIZE_ISR_button_VAR_RGN
                0x0000000000000400                __SEG_SIZE_ISR_button_VAR_RGN = ((__SEG_END_ISR_button_VAR_RGN - __SEG_START_ISR_button_VAR_RGN) < 0x400)?0x400:__SEG_SIZE_ISR_button_VAR_RGN
                0x0000000000000200                __SEG_SIZE_ISR_button_VAR_RGN = ((__SEG_END_ISR_button_VAR_RGN - __SEG_START_ISR_button_VAR_RGN) < 0x200)?0x200:__SEG_SIZE_ISR_button_VAR_RGN
                0x0000000000000100                __SEG_SIZE_ISR_button_VAR_RGN = ((__SEG_END_ISR_button_VAR_RGN - __SEG_START_ISR_button_VAR_RGN) < 0x100)?0x100:__SEG_SIZE_ISR_button_VAR_RGN
                0x0000000000000080                __SEG_SIZE_ISR_button_VAR_RGN = ((__SEG_END_ISR_button_VAR_RGN - __SEG_START_ISR_button_VAR_RGN) < 0x80)?0x80:__SEG_SIZE_ISR_button_VAR_RGN
                0x0000000000000040                __SEG_SIZE_ISR_button_VAR_RGN = ((__SEG_END_ISR_button_VAR_RGN - __SEG_START_ISR_button_VAR_RGN) < 0x40)?0x40:__SEG_SIZE_ISR_button_VAR_RGN
                0x0000000000000020                __SEG_SIZE_ISR_button_VAR_RGN = ((__SEG_END_ISR_button_VAR_RGN - __SEG_START_ISR_button_VAR_RGN) < 0x20)?0x20:__SEG_SIZE_ISR_button_VAR_RGN
                0x0000000020000260                __SEG_ALIGN_ISR_button_VAR_RGN = __SEG_SIZE_ISR_button_VAR_RGN

.Task_T_blink_SEC_STACK
                0x0000000020000240      0x2ec load address 0x0000000008003554
                0x0000000020000400                . = ALIGN (__SEG_ALIGN_Task_T_blink_STACK_RGN)
 *fill*         0x0000000020000240      0x1c0 
                0x0000000020000400                __SEG_START_Task_T_blink_STACK_RGN = .
 *(.Task_T_blinkStack)
 .Task_T_blinkStack
                0x0000000020000400      0x12c build/appli_base/tpl_app_config.c.o
                0x0000000020000400                T_blink_stack_zone
                0x000000002000052c                . = ALIGN (0x4)
                0x000000002000052c                __SEG_END_Task_T_blink_STACK_RGN = .
                0x0000000000001000                __SEG_SIZE_Task_T_blink_STACK_RGN = ((__SEG_END_Task_T_blink_STACK_RGN - __SEG_START_Task_T_blink_STACK_RGN) < 0x1000)?0x1000:__SEG_SIZE_Task_T_blink_STACK_RGN
                0x0000000000000400                __SEG_SIZE_Task_T_blink_STACK_RGN = ((__SEG_END_Task_T_blink_STACK_RGN - __SEG_START_Task_T_blink_STACK_RGN) < 0x400)?0x400:__SEG_SIZE_Task_T_blink_STACK_RGN
                0x0000000000000200                __SEG_SIZE_Task_T_blink_STACK_RGN = ((__SEG_END_Task_T_blink_STACK_RGN - __SEG_START_Task_T_blink_STACK_RGN) < 0x200)?0x200:__SEG_SIZE_Task_T_blink_STACK_RGN
                [0x0000000020000440]                __SEG_SIZE_Task_T_blink_STACK_RGN = ((__SEG_END_Task_T_blink_STACK_RGN - __SEG_START_Task_T_blink_STACK_RGN) < 0x100)?0x100:__SEG_SIZE_Task_T_blink_STACK_RGN
                [0x0000000020000440]                __SEG_SIZE_Task_T_blink_STACK_RGN = ((__SEG_END_Task_T_blink_STACK_RGN - __SEG_START_Task_T_blink_STACK_RGN) < 0x80)?0x80:__SEG_SIZE_Task_T_blink_STACK_RGN
                [0x0000000020000440]                __SEG_SIZE_Task_T_blink_STACK_RGN = ((__SEG_END_Task_T_blink_STACK_RGN - __SEG_START_Task_T_blink_STACK_RGN) < 0x40)?0x40:__SEG_SIZE_Task_T_blink_STACK_RGN
                [0x0000000020000440]                __SEG_SIZE_Task_T_blink_STACK_RGN = ((__SEG_END_Task_T_blink_STACK_RGN - __SEG_START_Task_T_blink_STACK_RGN) < 0x20)?0x20:__SEG_SIZE_Task_T_blink_STACK_RGN
                0x0000000020000440                __SEG_ALIGN_Task_T_blink_STACK_RGN = __SEG_SIZE_Task_T_blink_STACK_RGN

.ISR_button_SEC_STACK
                0x000000002000052c      0x19c load address 0x0000000008003840
                0x0000000020000600                . = ALIGN (__SEG_ALIGN_ISR_button_STACK_RGN)
 *fill*         0x000000002000052c       0xd4 
                0x0000000020000600                __SEG_START_ISR_button_STACK_RGN = .
 *(.ISR_buttonStack)
 .ISR_buttonStack
                0x0000000020000600       0xc8 build/appli_base/tpl_app_config.c.o
                0x0000000020000600                button_stack_zone
                0x00000000200006c8                . = ALIGN (0x4)
                0x00000000200006c8                __SEG_END_ISR_button_STACK_RGN = .
                0x0000000000001000                __SEG_SIZE_ISR_button_STACK_RGN = ((__SEG_END_ISR_button_STACK_RGN - __SEG_START_ISR_button_STACK_RGN) < 0x1000)?0x1000:__SEG_SIZE_ISR_button_STACK_RGN
                0x0000000000000400                __SEG_SIZE_ISR_button_STACK_RGN = ((__SEG_END_ISR_button_STACK_RGN - __SEG_START_ISR_button_STACK_RGN) < 0x400)?0x400:__SEG_SIZE_ISR_button_STACK_RGN
                0x0000000000000200                __SEG_SIZE_ISR_button_STACK_RGN = ((__SEG_END_ISR_button_STACK_RGN - __SEG_START_ISR_button_STACK_RGN) < 0x200)?0x200:__SEG_SIZE_ISR_button_STACK_RGN
                0x0000000000000100                __SEG_SIZE_ISR_button_STACK_RGN = ((__SEG_END_ISR_button_STACK_RGN - __SEG_START_ISR_button_STACK_RGN) < 0x100)?0x100:__SEG_SIZE_ISR_button_STACK_RGN
                [0x000000002000062c]                __SEG_SIZE_ISR_button_STACK_RGN = ((__SEG_END_ISR_button_STACK_RGN - __SEG_START_ISR_button_STACK_RGN) < 0x80)?0x80:__SEG_SIZE_ISR_button_STACK_RGN
                [0x000000002000062c]                __SEG_SIZE_ISR_button_STACK_RGN = ((__SEG_END_ISR_button_STACK_RGN - __SEG_START_ISR_button_STACK_RGN) < 0x40)?0x40:__SEG_SIZE_ISR_button_STACK_RGN
                [0x000000002000062c]                __SEG_SIZE_ISR_button_STACK_RGN = ((__SEG_END_ISR_button_STACK_RGN - __SEG_START_ISR_button_STACK_RGN) < 0x20)?0x20:__SEG_SIZE_ISR_button_STACK_RGN
                0x000000002000062c                __SEG_ALIGN_ISR_button_STACK_RGN = __SEG_SIZE_ISR_button_STACK_RGN

appvars
                0x00000000200006c8                . = ALIGN (0x4)

.bss            0x00000000200006c8        0x4 load address 0x00000000080039dc
                0x00000000200006c8                _sbss = .
                0x00000000200006c8                __bss_start__ = _sbss
 *(.bss)
 *(.bss*)
 .bss.led       0x00000000200006c8        0x4 build/appli_base.c.o
                0x00000000200006c8                led
 *(COMMON)
                0x00000000200006cc                . = ALIGN (0x4)
                0x00000000200006cc                _ebss = .
                0x00000000200006cc                __bss_end__ = _ebss

._user_heap_stack
                0x00000000200006cc      0x400 load address 0x00000000080039e0
                0x00000000200006cc                . = ALIGN (0x4)
                0x00000000200006cc                __heap_start__ = .
                0x00000000200006cc                PROVIDE (end, .)
                0x00000000200006cc                PROVIDE (_end, .)
                0x00000000200006cc                . = (. + _Min_Heap_Size)
                0x0000000020000acc                . = (. + _Min_Stack_Size)
 *fill*         0x00000000200006cc      0x400 
                0x0000000020000acc                . = ALIGN (0x4)

.memory_b1_text
 *(.mb1text)
 *(.mb1text*)
 *(.mb1rodata)
 *(.mb1rodata*)

/DISCARD/
 libc.a(*)
 libm.a(*)
 libgcc.a(*)

.ARM.attributes
                0x0000000000000000       0x35
 *(.ARM.attributes)
 .ARM.attributes
                0x0000000000000000       0x33 build/os/tpl_os_kernel.c.o
 .ARM.attributes
                0x0000000000000033       0x33 build/os/tpl_os_timeobj_kernel.c.o
 .ARM.attributes
                0x0000000000000066       0x33 build/os/tpl_os_os_kernel.c.o
 .ARM.attributes
                0x0000000000000099       0x33 build/os/tpl_os_os.c.o
 .ARM.attributes
                0x00000000000000cc       0x33 build/os/tpl_os_interrupt_kernel.c.o
 .ARM.attributes
                0x00000000000000ff       0x33 build/os/tpl_os_task_kernel.c.o
 .ARM.attributes
                0x0000000000000132       0x33 build/os/tpl_os_resource_kernel.c.o
 .ARM.attributes
                0x0000000000000165       0x33 build/appli_base.c.o
 .ARM.attributes
                0x0000000000000198       0x33 build/appli_base/tpl_app_config.c.o
 .ARM.attributes
                0x00000000000001cb       0x33 build/appli_base/tpl_dispatch_table.c.o
 .ARM.attributes
                0x00000000000001fe       0x25 build/appli_base/tpl_invoque.S.o
 .ARM.attributes
                0x0000000000000223       0x25 build/appli_base/tpl_primary_irq.S.o
 .ARM.attributes
                0x0000000000000248       0x33 build/appli_base/tpl_vectors.c.o
 .ARM.attributes
                0x000000000000027b       0x33 build/appli_base/tpl_external_interrupts.c.o
 .ARM.attributes
                0x00000000000002ae       0x33 build/appli_base/tpl_app_interrupts.c.o
 .ARM.attributes
                0x00000000000002e1       0x33 build/machines/cortex/tpl_machine_cortex.c.o
 .ARM.attributes
                0x0000000000000314       0x25 build/machines/cortex/tpl_sc_handler.S.o
 .ARM.attributes
                0x0000000000000339       0x25 build/machines/cortex/tpl_startup.S.o
 .ARM.attributes
                0x000000000000035e       0x25 build/machines/cortex/armv7em/tpl_ctx_switch.S.o
 .ARM.attributes
                0x0000000000000383       0x25 build/machines/cortex/armv7em/tpl_ctx_switch_under_it.S.o
 .ARM.attributes
                0x00000000000003a8       0x25 build/machines/cortex/armv7em/tpl_interrupts.S.o
 .ARM.attributes
                0x00000000000003cd       0x33 build/machines/cortex/armv7em/stm32f407/tpl_machine_stm32f407.c.o
 .ARM.attributes
                0x0000000000000400       0x33 build/machines/cortex/armv7em/stm32f407/startup_stm32f4xx.c.o
 .ARM.attributes
                0x0000000000000433       0x33 build/machines/cortex/armv7em/stm32f407/system_stm32f4xx.c.o
 .ARM.attributes
                0x0000000000000466       0x33 build/machines/cortex/armv7em/stm32f407/handlers_stm32f4xx.c.o
 .ARM.attributes
                0x0000000000000499       0x33 build/machines/cortex/armv7em/stm32f407/lib/pinAccess.c.o
 .ARM.attributes
                0x00000000000004cc       0x33 build/machines/cortex/armv7em/stm32f407/STM32F4xx_StdPeriph_Driver/stm32f4xx_gpio.c.o
 .ARM.attributes
                0x00000000000004ff       0x33 build/machines/cortex/armv7em/stm32f407/STM32F4xx_StdPeriph_Driver/stm32f4xx_rcc.c.o
 .ARM.attributes
                0x0000000000000532       0x33 build/machines/cortex/armv7em/stm32f407/STM32F4xx_StdPeriph_Driver/stm32f4xx_exti.c.o
 .ARM.attributes
                0x0000000000000565       0x33 build/machines/cortex/armv7em/stm32f407/STM32F4xx_StdPeriph_Driver/stm32f4xx_syscfg.c.o
 .ARM.attributes
                0x0000000000000598       0x33 build/machines/cortex/armv7em/stm32f407/STM32F4xx_StdPeriph_Driver/misc.c.o
 .ARM.attributes
                0x00000000000005cb       0x33 build/machines/cortex/armv7em/stm32f407/stm32f4discovery/stm32f4_discovery.c.o
 .ARM.attributes
                0x00000000000005fe       0x33 build/machines/cortex/armv7em/stm32f407/stm32f4discovery/tp.c.o
LOAD /opt/homebrew/Cellar/gcc-arm-none-eabi-49/20150925/bin/../lib/gcc/arm-none-eabi/4.9.3/../../../../arm-none-eabi/lib/libc.a
LOAD /opt/homebrew/Cellar/gcc-arm-none-eabi-49/20150925/bin/../lib/gcc/arm-none-eabi/4.9.3/libgcc.a
OUTPUT(appli_base_exe elf32-littlearm)

.debug_info     0x0000000000000000     0x97f8
 .debug_info    0x0000000000000000      0xac2 build/os/tpl_os_kernel.c.o
 .debug_info    0x0000000000000ac2      0x3d1 build/os/tpl_os_timeobj_kernel.c.o
 .debug_info    0x0000000000000e93      0x19c build/os/tpl_os_os_kernel.c.o
 .debug_info    0x000000000000102f       0xe4 build/os/tpl_os_os.c.o
 .debug_info    0x0000000000001113      0x79f build/os/tpl_os_interrupt_kernel.c.o
 .debug_info    0x00000000000018b2      0x55a build/os/tpl_os_task_kernel.c.o
 .debug_info    0x0000000000001e0c      0x585 build/os/tpl_os_resource_kernel.c.o
 .debug_info    0x0000000000002391      0x5c6 build/appli_base.c.o
 .debug_info    0x0000000000002957      0x9d6 build/appli_base/tpl_app_config.c.o
 .debug_info    0x000000000000332d       0xca build/appli_base/tpl_dispatch_table.c.o
 .debug_info    0x00000000000033f7       0x76 build/appli_base/tpl_invoque.S.o
 .debug_info    0x000000000000346d       0x7a build/appli_base/tpl_primary_irq.S.o
 .debug_info    0x00000000000034e7       0xe6 build/appli_base/tpl_vectors.c.o
 .debug_info    0x00000000000035cd      0x9b1 build/appli_base/tpl_external_interrupts.c.o
 .debug_info    0x0000000000003f7e      0x6b6 build/appli_base/tpl_app_interrupts.c.o
 .debug_info    0x0000000000004634      0x9e0 build/machines/cortex/tpl_machine_cortex.c.o
 .debug_info    0x0000000000005014       0xa5 build/machines/cortex/tpl_sc_handler.S.o
 .debug_info    0x00000000000050b9       0xa2 build/machines/cortex/tpl_startup.S.o
 .debug_info    0x000000000000515b       0xad build/machines/cortex/armv7em/tpl_ctx_switch.S.o
 .debug_info    0x0000000000005208       0xb6 build/machines/cortex/armv7em/tpl_ctx_switch_under_it.S.o
 .debug_info    0x00000000000052be       0xad build/machines/cortex/armv7em/tpl_interrupts.S.o
 .debug_info    0x000000000000536b      0x6b9 build/machines/cortex/armv7em/stm32f407/tpl_machine_stm32f407.c.o
 .debug_info    0x0000000000005a24      0x2ec build/machines/cortex/armv7em/stm32f407/startup_stm32f4xx.c.o
 .debug_info    0x0000000000005d10      0x5d6 build/machines/cortex/armv7em/stm32f407/system_stm32f4xx.c.o
 .debug_info    0x00000000000062e6      0x57b build/machines/cortex/armv7em/stm32f407/handlers_stm32f4xx.c.o
 .debug_info    0x0000000000006861      0x54e build/machines/cortex/armv7em/stm32f407/lib/pinAccess.c.o
 .debug_info    0x0000000000006daf      0x605 build/machines/cortex/armv7em/stm32f407/STM32F4xx_StdPeriph_Driver/stm32f4xx_gpio.c.o
 .debug_info    0x00000000000073b4      0xe42 build/machines/cortex/armv7em/stm32f407/STM32F4xx_StdPeriph_Driver/stm32f4xx_rcc.c.o
 .debug_info    0x00000000000081f6      0x364 build/machines/cortex/armv7em/stm32f407/STM32F4xx_StdPeriph_Driver/stm32f4xx_exti.c.o
 .debug_info    0x000000000000855a      0x290 build/machines/cortex/armv7em/stm32f407/STM32F4xx_StdPeriph_Driver/stm32f4xx_syscfg.c.o
 .debug_info    0x00000000000087ea      0x53d build/machines/cortex/armv7em/stm32f407/STM32F4xx_StdPeriph_Driver/misc.c.o
 .debug_info    0x0000000000008d27      0x894 build/machines/cortex/armv7em/stm32f407/stm32f4discovery/stm32f4_discovery.c.o
 .debug_info    0x00000000000095bb      0x23d build/machines/cortex/armv7em/stm32f407/stm32f4discovery/tp.c.o

.debug_abbrev   0x0000000000000000     0x2344
 .debug_abbrev  0x0000000000000000      0x21f build/os/tpl_os_kernel.c.o
 .debug_abbrev  0x000000000000021f      0x138 build/os/tpl_os_timeobj_kernel.c.o
 .debug_abbrev  0x0000000000000357       0xaa build/os/tpl_os_os_kernel.c.o
 .debug_abbrev  0x0000000000000401       0x7f build/os/tpl_os_os.c.o
 .debug_abbrev  0x0000000000000480      0x217 build/os/tpl_os_interrupt_kernel.c.o
 .debug_abbrev  0x0000000000000697      0x15c build/os/tpl_os_task_kernel.c.o
 .debug_abbrev  0x00000000000007f3      0x161 build/os/tpl_os_resource_kernel.c.o
 .debug_abbrev  0x0000000000000954      0x14d build/appli_base.c.o
 .debug_abbrev  0x0000000000000aa1      0x168 build/appli_base/tpl_app_config.c.o
 .debug_abbrev  0x0000000000000c09       0x85 build/appli_base/tpl_dispatch_table.c.o
 .debug_abbrev  0x0000000000000c8e       0x14 build/appli_base/tpl_invoque.S.o
 .debug_abbrev  0x0000000000000ca2       0x14 build/appli_base/tpl_primary_irq.S.o
 .debug_abbrev  0x0000000000000cb6       0xa4 build/appli_base/tpl_vectors.c.o
 .debug_abbrev  0x0000000000000d5a      0x136 build/appli_base/tpl_external_interrupts.c.o
 .debug_abbrev  0x0000000000000e90      0x169 build/appli_base/tpl_app_interrupts.c.o
 .debug_abbrev  0x0000000000000ff9      0x289 build/machines/cortex/tpl_machine_cortex.c.o
 .debug_abbrev  0x0000000000001282       0x14 build/machines/cortex/tpl_sc_handler.S.o
 .debug_abbrev  0x0000000000001296       0x14 build/machines/cortex/tpl_startup.S.o
 .debug_abbrev  0x00000000000012aa       0x14 build/machines/cortex/armv7em/tpl_ctx_switch.S.o
 .debug_abbrev  0x00000000000012be       0x14 build/machines/cortex/armv7em/tpl_ctx_switch_under_it.S.o
 .debug_abbrev  0x00000000000012d2       0x14 build/machines/cortex/armv7em/tpl_interrupts.S.o
 .debug_abbrev  0x00000000000012e6      0x163 build/machines/cortex/armv7em/stm32f407/tpl_machine_stm32f407.c.o
 .debug_abbrev  0x0000000000001449      0x135 build/machines/cortex/armv7em/stm32f407/startup_stm32f4xx.c.o
 .debug_abbrev  0x000000000000157e      0x136 build/machines/cortex/armv7em/stm32f407/system_stm32f4xx.c.o
 .debug_abbrev  0x00000000000016b4      0x129 build/machines/cortex/armv7em/stm32f407/handlers_stm32f4xx.c.o
 .debug_abbrev  0x00000000000017dd      0x135 build/machines/cortex/armv7em/stm32f407/lib/pinAccess.c.o
 .debug_abbrev  0x0000000000001912      0x1a3 build/machines/cortex/armv7em/stm32f407/STM32F4xx_StdPeriph_Driver/stm32f4xx_gpio.c.o
 .debug_abbrev  0x0000000000001ab5      0x1b8 build/machines/cortex/armv7em/stm32f407/STM32F4xx_StdPeriph_Driver/stm32f4xx_rcc.c.o
 .debug_abbrev  0x0000000000001c6d      0x1bf build/machines/cortex/armv7em/stm32f407/STM32F4xx_StdPeriph_Driver/stm32f4xx_exti.c.o
 .debug_abbrev  0x0000000000001e2c      0x131 build/machines/cortex/armv7em/stm32f407/STM32F4xx_StdPeriph_Driver/stm32f4xx_syscfg.c.o
 .debug_abbrev  0x0000000000001f5d      0x145 build/machines/cortex/armv7em/stm32f407/STM32F4xx_StdPeriph_Driver/misc.c.o
 .debug_abbrev  0x00000000000020a2      0x194 build/machines/cortex/armv7em/stm32f407/stm32f4discovery/stm32f4_discovery.c.o
 .debug_abbrev  0x0000000000002236      0x10e build/machines/cortex/armv7em/stm32f407/stm32f4discovery/tp.c.o

.debug_aranges  0x0000000000000000      0x9e0
 .debug_aranges
                0x0000000000000000       0xd8 build/os/tpl_os_kernel.c.o
 .debug_aranges
                0x00000000000000d8       0x40 build/os/tpl_os_timeobj_kernel.c.o
 .debug_aranges
                0x0000000000000118       0x38 build/os/tpl_os_os_kernel.c.o
 .debug_aranges
                0x0000000000000150       0x20 build/os/tpl_os_os.c.o
 .debug_aranges
                0x0000000000000170       0x98 build/os/tpl_os_interrupt_kernel.c.o
 .debug_aranges
                0x0000000000000208       0x48 build/os/tpl_os_task_kernel.c.o
 .debug_aranges
                0x0000000000000250       0x30 build/os/tpl_os_resource_kernel.c.o
 .debug_aranges
                0x0000000000000280       0x38 build/appli_base.c.o
 .debug_aranges
                0x00000000000002b8       0x30 build/appli_base/tpl_app_config.c.o
 .debug_aranges
                0x00000000000002e8       0x18 build/appli_base/tpl_dispatch_table.c.o
 .debug_aranges
                0x0000000000000300       0x20 build/appli_base/tpl_invoque.S.o
 .debug_aranges
                0x0000000000000320       0x20 build/appli_base/tpl_primary_irq.S.o
 .debug_aranges
                0x0000000000000340       0x18 build/appli_base/tpl_vectors.c.o
 .debug_aranges
                0x0000000000000358       0x30 build/appli_base/tpl_external_interrupts.c.o
 .debug_aranges
                0x0000000000000388       0x48 build/appli_base/tpl_app_interrupts.c.o
 .debug_aranges
                0x00000000000003d0       0x58 build/machines/cortex/tpl_machine_cortex.c.o
 .debug_aranges
                0x0000000000000428       0x20 build/machines/cortex/tpl_sc_handler.S.o
 .debug_aranges
                0x0000000000000448       0x20 build/machines/cortex/tpl_startup.S.o
 .debug_aranges
                0x0000000000000468       0x20 build/machines/cortex/armv7em/tpl_ctx_switch.S.o
 .debug_aranges
                0x0000000000000488       0x20 build/machines/cortex/armv7em/tpl_ctx_switch_under_it.S.o
 .debug_aranges
                0x00000000000004a8       0x20 build/machines/cortex/armv7em/tpl_interrupts.S.o
 .debug_aranges
                0x00000000000004c8       0x30 build/machines/cortex/armv7em/stm32f407/tpl_machine_stm32f407.c.o
 .debug_aranges
                0x00000000000004f8       0x48 build/machines/cortex/armv7em/stm32f407/startup_stm32f4xx.c.o
 .debug_aranges
                0x0000000000000540       0x30 build/machines/cortex/armv7em/stm32f407/system_stm32f4xx.c.o
 .debug_aranges
                0x0000000000000570       0x60 build/machines/cortex/armv7em/stm32f407/handlers_stm32f4xx.c.o
 .debug_aranges
                0x00000000000005d0       0x50 build/machines/cortex/armv7em/stm32f407/lib/pinAccess.c.o
 .debug_aranges
                0x0000000000000620       0x88 build/machines/cortex/armv7em/stm32f407/STM32F4xx_StdPeriph_Driver/stm32f4xx_gpio.c.o
 .debug_aranges
                0x00000000000006a8      0x1c0 build/machines/cortex/armv7em/stm32f407/STM32F4xx_StdPeriph_Driver/stm32f4xx_rcc.c.o
 .debug_aranges
                0x0000000000000868       0x58 build/machines/cortex/armv7em/stm32f407/STM32F4xx_StdPeriph_Driver/stm32f4xx_exti.c.o
 .debug_aranges
                0x00000000000008c0       0x50 build/machines/cortex/armv7em/stm32f407/STM32F4xx_StdPeriph_Driver/stm32f4xx_syscfg.c.o
 .debug_aranges
                0x0000000000000910       0x40 build/machines/cortex/armv7em/stm32f407/STM32F4xx_StdPeriph_Driver/misc.c.o
 .debug_aranges
                0x0000000000000950       0x48 build/machines/cortex/armv7em/stm32f407/stm32f4discovery/stm32f4_discovery.c.o
 .debug_aranges
                0x0000000000000998       0x48 build/machines/cortex/armv7em/stm32f407/stm32f4discovery/tp.c.o

.debug_ranges   0x0000000000000000      0x750
 .debug_ranges  0x0000000000000000       0xc8 build/os/tpl_os_kernel.c.o
 .debug_ranges  0x00000000000000c8       0x30 build/os/tpl_os_timeobj_kernel.c.o
 .debug_ranges  0x00000000000000f8       0x28 build/os/tpl_os_os_kernel.c.o
 .debug_ranges  0x0000000000000120       0x10 build/os/tpl_os_os.c.o
 .debug_ranges  0x0000000000000130       0x88 build/os/tpl_os_interrupt_kernel.c.o
 .debug_ranges  0x00000000000001b8       0x38 build/os/tpl_os_task_kernel.c.o
 .debug_ranges  0x00000000000001f0       0x20 build/os/tpl_os_resource_kernel.c.o
 .debug_ranges  0x0000000000000210       0x28 build/appli_base.c.o
 .debug_ranges  0x0000000000000238       0x20 build/appli_base/tpl_app_config.c.o
 .debug_ranges  0x0000000000000258       0x20 build/appli_base/tpl_external_interrupts.c.o
 .debug_ranges  0x0000000000000278       0x38 build/appli_base/tpl_app_interrupts.c.o
 .debug_ranges  0x00000000000002b0       0x48 build/machines/cortex/tpl_machine_cortex.c.o
 .debug_ranges  0x00000000000002f8       0x20 build/machines/cortex/armv7em/stm32f407/tpl_machine_stm32f407.c.o
 .debug_ranges  0x0000000000000318       0x38 build/machines/cortex/armv7em/stm32f407/startup_stm32f4xx.c.o
 .debug_ranges  0x0000000000000350       0x20 build/machines/cortex/armv7em/stm32f407/system_stm32f4xx.c.o
 .debug_ranges  0x0000000000000370       0x50 build/machines/cortex/armv7em/stm32f407/handlers_stm32f4xx.c.o
 .debug_ranges  0x00000000000003c0       0x40 build/machines/cortex/armv7em/stm32f407/lib/pinAccess.c.o
 .debug_ranges  0x0000000000000400       0x78 build/machines/cortex/armv7em/stm32f407/STM32F4xx_StdPeriph_Driver/stm32f4xx_gpio.c.o
 .debug_ranges  0x0000000000000478      0x1b0 build/machines/cortex/armv7em/stm32f407/STM32F4xx_StdPeriph_Driver/stm32f4xx_rcc.c.o
 .debug_ranges  0x0000000000000628       0x48 build/machines/cortex/armv7em/stm32f407/STM32F4xx_StdPeriph_Driver/stm32f4xx_exti.c.o
 .debug_ranges  0x0000000000000670       0x40 build/machines/cortex/armv7em/stm32f407/STM32F4xx_StdPeriph_Driver/stm32f4xx_syscfg.c.o
 .debug_ranges  0x00000000000006b0       0x30 build/machines/cortex/armv7em/stm32f407/STM32F4xx_StdPeriph_Driver/misc.c.o
 .debug_ranges  0x00000000000006e0       0x38 build/machines/cortex/armv7em/stm32f407/stm32f4discovery/stm32f4_discovery.c.o
 .debug_ranges  0x0000000000000718       0x38 build/machines/cortex/armv7em/stm32f407/stm32f4discovery/tp.c.o

.debug_line     0x0000000000000000     0x5ff3
 .debug_line    0x0000000000000000      0x405 build/os/tpl_os_kernel.c.o
 .debug_line    0x0000000000000405      0x2d2 build/os/tpl_os_timeobj_kernel.c.o
 .debug_line    0x00000000000006d7      0x21a build/os/tpl_os_os_kernel.c.o
 .debug_line    0x00000000000008f1      0x1f4 build/os/tpl_os_os.c.o
 .debug_line    0x0000000000000ae5      0x335 build/os/tpl_os_interrupt_kernel.c.o
 .debug_line    0x0000000000000e1a      0x350 build/os/tpl_os_task_kernel.c.o
 .debug_line    0x000000000000116a      0x30d build/os/tpl_os_resource_kernel.c.o
 .debug_line    0x0000000000001477      0x35d build/appli_base.c.o
 .debug_line    0x00000000000017d4      0x33c build/appli_base/tpl_app_config.c.o
 .debug_line    0x0000000000001b10      0x194 build/appli_base/tpl_dispatch_table.c.o
 .debug_line    0x0000000000001ca4      0x126 build/appli_base/tpl_invoque.S.o
 .debug_line    0x0000000000001dca       0x76 build/appli_base/tpl_primary_irq.S.o
 .debug_line    0x0000000000001e40      0x1da build/appli_base/tpl_vectors.c.o
 .debug_line    0x000000000000201a      0x272 build/appli_base/tpl_external_interrupts.c.o
 .debug_line    0x000000000000228c      0x24b build/appli_base/tpl_app_interrupts.c.o
 .debug_line    0x00000000000024d7      0x36a build/machines/cortex/tpl_machine_cortex.c.o
 .debug_line    0x0000000000002841       0xad build/machines/cortex/tpl_sc_handler.S.o
 .debug_line    0x00000000000028ee       0x7b build/machines/cortex/tpl_startup.S.o
 .debug_line    0x0000000000002969       0x9d build/machines/cortex/armv7em/tpl_ctx_switch.S.o
 .debug_line    0x0000000000002a06       0xa2 build/machines/cortex/armv7em/tpl_ctx_switch_under_it.S.o
 .debug_line    0x0000000000002aa8       0x98 build/machines/cortex/armv7em/tpl_interrupts.S.o
 .debug_line    0x0000000000002b40      0x2b6 build/machines/cortex/armv7em/stm32f407/tpl_machine_stm32f407.c.o
 .debug_line    0x0000000000002df6      0x18c build/machines/cortex/armv7em/stm32f407/startup_stm32f4xx.c.o
 .debug_line    0x0000000000002f82      0x297 build/machines/cortex/armv7em/stm32f407/system_stm32f4xx.c.o
 .debug_line    0x0000000000003219      0x392 build/machines/cortex/armv7em/stm32f407/handlers_stm32f4xx.c.o
 .debug_line    0x00000000000035ab      0x4a8 build/machines/cortex/armv7em/stm32f407/lib/pinAccess.c.o
 .debug_line    0x0000000000003a53      0x901 build/machines/cortex/armv7em/stm32f407/STM32F4xx_StdPeriph_Driver/stm32f4xx_gpio.c.o
 .debug_line    0x0000000000004354      0xbdf build/machines/cortex/armv7em/stm32f407/STM32F4xx_StdPeriph_Driver/stm32f4xx_rcc.c.o
 .debug_line    0x0000000000004f33      0x43d build/machines/cortex/armv7em/stm32f407/STM32F4xx_StdPeriph_Driver/stm32f4xx_exti.c.o
 .debug_line    0x0000000000005370      0x379 build/machines/cortex/armv7em/stm32f407/STM32F4xx_StdPeriph_Driver/stm32f4xx_syscfg.c.o
 .debug_line    0x00000000000056e9      0x30a build/machines/cortex/armv7em/stm32f407/STM32F4xx_StdPeriph_Driver/misc.c.o
 .debug_line    0x00000000000059f3      0x34d build/machines/cortex/armv7em/stm32f407/stm32f4discovery/stm32f4_discovery.c.o
 .debug_line    0x0000000000005d40      0x2b3 build/machines/cortex/armv7em/stm32f407/stm32f4discovery/tp.c.o

.debug_str      0x0000000000000000     0x3372
 .debug_str     0x0000000000000000      0x72a build/os/tpl_os_kernel.c.o
                                        0x818 (size before relaxing)
 .debug_str     0x000000000000072a      0x1f6 build/os/tpl_os_timeobj_kernel.c.o
                                        0x3e3 (size before relaxing)
 .debug_str     0x0000000000000920       0xad build/os/tpl_os_os_kernel.c.o
                                        0x2b5 (size before relaxing)
 .debug_str     0x00000000000009cd       0x4a build/os/tpl_os_os.c.o
                                        0x217 (size before relaxing)
 .debug_str     0x0000000000000a17      0x321 build/os/tpl_os_interrupt_kernel.c.o
                                        0x7bf (size before relaxing)
 .debug_str     0x0000000000000d38       0xd3 build/os/tpl_os_task_kernel.c.o
                                        0x55a (size before relaxing)
 .debug_str     0x0000000000000e0b       0xdb build/os/tpl_os_resource_kernel.c.o
                                        0x588 (size before relaxing)
 .debug_str     0x0000000000000ee6      0x26d build/appli_base.c.o
                                        0x46c (size before relaxing)
 .debug_str     0x0000000000001153      0x1eb build/appli_base/tpl_app_config.c.o
                                        0x89f (size before relaxing)
 .debug_str     0x000000000000133e       0x43 build/appli_base/tpl_dispatch_table.c.o
                                        0x1f0 (size before relaxing)
 .debug_str     0x0000000000001381       0x3f build/appli_base/tpl_vectors.c.o
                                        0x1ec (size before relaxing)
 .debug_str     0x00000000000013c0      0x665 build/appli_base/tpl_external_interrupts.c.o
                                        0x9b6 (size before relaxing)
 .debug_str     0x0000000000001a25       0xab build/appli_base/tpl_app_interrupts.c.o
                                        0x896 (size before relaxing)
 .debug_str     0x0000000000001ad0      0x13f build/machines/cortex/tpl_machine_cortex.c.o
                                        0xaeb (size before relaxing)
 .debug_str     0x0000000000001c0f       0xc0 build/machines/cortex/armv7em/stm32f407/tpl_machine_stm32f407.c.o
                                        0x877 (size before relaxing)
 .debug_str     0x0000000000001ccf      0x185 build/machines/cortex/armv7em/stm32f407/startup_stm32f4xx.c.o
                                        0x2f5 (size before relaxing)
 .debug_str     0x0000000000001e54       0xec build/machines/cortex/armv7em/stm32f407/system_stm32f4xx.c.o
                                        0x43c (size before relaxing)
 .debug_str     0x0000000000001f40      0x149 build/machines/cortex/armv7em/stm32f407/handlers_stm32f4xx.c.o
                                        0x482 (size before relaxing)
 .debug_str     0x0000000000002089       0xce build/machines/cortex/armv7em/stm32f407/lib/pinAccess.c.o
                                        0x403 (size before relaxing)
 .debug_str     0x0000000000002157      0x325 build/machines/cortex/armv7em/stm32f407/STM32F4xx_StdPeriph_Driver/stm32f4xx_gpio.c.o
                                        0x51b (size before relaxing)
 .debug_str     0x000000000000247c      0x701 build/machines/cortex/armv7em/stm32f407/STM32F4xx_StdPeriph_Driver/stm32f4xx_rcc.c.o
                                        0xa3d (size before relaxing)
 .debug_str     0x0000000000002b7d      0x1db build/machines/cortex/armv7em/stm32f407/STM32F4xx_StdPeriph_Driver/stm32f4xx_exti.c.o
                                        0x3ed (size before relaxing)
 .debug_str     0x0000000000002d58      0x17c build/machines/cortex/armv7em/stm32f407/STM32F4xx_StdPeriph_Driver/stm32f4xx_syscfg.c.o
                                        0x389 (size before relaxing)
 .debug_str     0x0000000000002ed4      0x1af build/machines/cortex/armv7em/stm32f407/STM32F4xx_StdPeriph_Driver/misc.c.o
                                        0x449 (size before relaxing)
 .debug_str     0x0000000000003083      0x1f6 build/machines/cortex/armv7em/stm32f407/stm32f4discovery/stm32f4_discovery.c.o
                                        0xbb5 (size before relaxing)
 .debug_str     0x0000000000003279       0xf9 build/machines/cortex/armv7em/stm32f407/stm32f4discovery/tp.c.o
                                        0x2ef (size before relaxing)

.comment        0x0000000000000000       0x70
 .comment       0x0000000000000000       0x70 build/os/tpl_os_kernel.c.o
                                         0x71 (size before relaxing)
 .comment       0x0000000000000000       0x71 build/os/tpl_os_timeobj_kernel.c.o
 .comment       0x0000000000000000       0x71 build/os/tpl_os_os_kernel.c.o
 .comment       0x0000000000000000       0x71 build/os/tpl_os_os.c.o
 .comment       0x0000000000000000       0x71 build/os/tpl_os_interrupt_kernel.c.o
 .comment       0x0000000000000000       0x71 build/os/tpl_os_task_kernel.c.o
 .comment       0x0000000000000000       0x71 build/os/tpl_os_resource_kernel.c.o
 .comment       0x0000000000000000       0x71 build/appli_base.c.o
 .comment       0x0000000000000000       0x71 build/appli_base/tpl_app_config.c.o
 .comment       0x0000000000000000       0x71 build/appli_base/tpl_dispatch_table.c.o
 .comment       0x0000000000000000       0x71 build/appli_base/tpl_vectors.c.o
 .comment       0x0000000000000000       0x71 build/appli_base/tpl_external_interrupts.c.o
 .comment       0x0000000000000000       0x71 build/appli_base/tpl_app_interrupts.c.o
 .comment       0x0000000000000000       0x71 build/machines/cortex/tpl_machine_cortex.c.o
 .comment       0x0000000000000000       0x71 build/machines/cortex/armv7em/stm32f407/tpl_machine_stm32f407.c.o
 .comment       0x0000000000000000       0x71 build/machines/cortex/armv7em/stm32f407/startup_stm32f4xx.c.o
 .comment       0x0000000000000000       0x71 build/machines/cortex/armv7em/stm32f407/system_stm32f4xx.c.o
 .comment       0x0000000000000000       0x71 build/machines/cortex/armv7em/stm32f407/handlers_stm32f4xx.c.o
 .comment       0x0000000000000000       0x71 build/machines/cortex/armv7em/stm32f407/lib/pinAccess.c.o
 .comment       0x0000000000000000       0x71 build/machines/cortex/armv7em/stm32f407/STM32F4xx_StdPeriph_Driver/stm32f4xx_gpio.c.o
 .comment       0x0000000000000000       0x71 build/machines/cortex/armv7em/stm32f407/STM32F4xx_StdPeriph_Driver/stm32f4xx_rcc.c.o
 .comment       0x0000000000000000       0x71 build/machines/cortex/armv7em/stm32f407/STM32F4xx_StdPeriph_Driver/stm32f4xx_exti.c.o
 .comment       0x0000000000000000       0x71 build/machines/cortex/armv7em/stm32f407/STM32F4xx_StdPeriph_Driver/stm32f4xx_syscfg.c.o
 .comment       0x0000000000000000       0x71 build/machines/cortex/armv7em/stm32f407/STM32F4xx_StdPeriph_Driver/misc.c.o
 .comment       0x0000000000000000       0x71 build/machines/cortex/armv7em/stm32f407/stm32f4discovery/stm32f4_discovery.c.o
 .comment       0x0000000000000000       0x71 build/machines/cortex/armv7em/stm32f407/stm32f4discovery/tp.c.o

.debug_frame    0x0000000000000000     0x1e48
 .debug_frame   0x0000000000000000      0x360 build/os/tpl_os_kernel.c.o
 .debug_frame   0x0000000000000360       0xcc build/os/tpl_os_timeobj_kernel.c.o
 .debug_frame   0x000000000000042c       0xa0 build/os/tpl_os_os_kernel.c.o
 .debug_frame   0x00000000000004cc       0x34 build/os/tpl_os_os.c.o
 .debug_frame   0x0000000000000500      0x224 build/os/tpl_os_interrupt_kernel.c.o
 .debug_frame   0x0000000000000724       0xe8 build/os/tpl_os_task_kernel.c.o
 .debug_frame   0x000000000000080c       0x84 build/os/tpl_os_resource_kernel.c.o
 .debug_frame   0x0000000000000890       0x8c build/appli_base.c.o
 .debug_frame   0x000000000000091c       0x64 build/appli_base/tpl_app_config.c.o
 .debug_frame   0x0000000000000980       0x7c build/appli_base/tpl_external_interrupts.c.o
 .debug_frame   0x00000000000009fc       0xd4 build/appli_base/tpl_app_interrupts.c.o
 .debug_frame   0x0000000000000ad0      0x118 build/machines/cortex/tpl_machine_cortex.c.o
 .debug_frame   0x0000000000000be8       0x78 build/machines/cortex/armv7em/stm32f407/tpl_machine_stm32f407.c.o
 .debug_frame   0x0000000000000c60       0xf0 build/machines/cortex/armv7em/stm32f407/startup_stm32f4xx.c.o
 .debug_frame   0x0000000000000d50       0x7c build/machines/cortex/armv7em/stm32f407/system_stm32f4xx.c.o
 .debug_frame   0x0000000000000dcc       0xf8 build/machines/cortex/armv7em/stm32f407/handlers_stm32f4xx.c.o
 .debug_frame   0x0000000000000ec4      0x11c build/machines/cortex/armv7em/stm32f407/lib/pinAccess.c.o
 .debug_frame   0x0000000000000fe0      0x214 build/machines/cortex/armv7em/stm32f407/STM32F4xx_StdPeriph_Driver/stm32f4xx_gpio.c.o
 .debug_frame   0x00000000000011f4      0x77c build/machines/cortex/armv7em/stm32f407/STM32F4xx_StdPeriph_Driver/stm32f4xx_rcc.c.o
 .debug_frame   0x0000000000001970      0x130 build/machines/cortex/armv7em/stm32f407/STM32F4xx_StdPeriph_Driver/stm32f4xx_exti.c.o
 .debug_frame   0x0000000000001aa0      0x10c build/machines/cortex/armv7em/stm32f407/STM32F4xx_StdPeriph_Driver/stm32f4xx_syscfg.c.o
 .debug_frame   0x0000000000001bac       0xc4 build/machines/cortex/armv7em/stm32f407/STM32F4xx_StdPeriph_Driver/misc.c.o
 .debug_frame   0x0000000000001c70       0xf4 build/machines/cortex/armv7em/stm32f407/stm32f4discovery/stm32f4_discovery.c.o
 .debug_frame   0x0000000000001d64       0xe4 build/machines/cortex/armv7em/stm32f407/stm32f4discovery/tp.c.o
