
Allocating common symbols
Common symbol       size              file

NVIC_InitStructure  0x4               build/machines/cortex/armv7em/stm32f407/stm32f4discovery/stm32f4_discovery.c.o

Discarded input sections

 .text          0x0000000000000000        0x0 build/os/tpl_os_kernel.c.o
 .data          0x0000000000000000        0x0 build/os/tpl_os_kernel.c.o
 .bss           0x0000000000000000        0x0 build/os/tpl_os_kernel.c.o
 .text          0x0000000000000000        0x0 build/os/tpl_os_timeobj_kernel.c.o
 .data          0x0000000000000000        0x0 build/os/tpl_os_timeobj_kernel.c.o
 .bss           0x0000000000000000        0x0 build/os/tpl_os_timeobj_kernel.c.o
 .text          0x0000000000000000        0x0 build/os/tpl_os_action.c.o
 .data          0x0000000000000000        0x0 build/os/tpl_os_action.c.o
 .bss           0x0000000000000000        0x0 build/os/tpl_os_action.c.o
 .osCode        0x0000000000000000       0x38 build/os/tpl_os_action.c.o
 .debug_info    0x0000000000000000      0x1fa build/os/tpl_os_action.c.o
 .debug_abbrev  0x0000000000000000       0xcc build/os/tpl_os_action.c.o
 .debug_aranges
                0x0000000000000000       0x28 build/os/tpl_os_action.c.o
 .debug_ranges  0x0000000000000000       0x18 build/os/tpl_os_action.c.o
 .debug_line    0x0000000000000000      0x235 build/os/tpl_os_action.c.o
 .debug_str     0x0000000000000000      0x311 build/os/tpl_os_action.c.o
 .comment       0x0000000000000000       0x71 build/os/tpl_os_action.c.o
 .debug_frame   0x0000000000000000       0x58 build/os/tpl_os_action.c.o
 .ARM.attributes
                0x0000000000000000       0x33 build/os/tpl_os_action.c.o
 .text          0x0000000000000000        0x0 build/os/tpl_os_error.c.o
 .data          0x0000000000000000        0x0 build/os/tpl_os_error.c.o
 .bss           0x0000000000000000        0x0 build/os/tpl_os_error.c.o
 .debug_info    0x0000000000000000       0x92 build/os/tpl_os_error.c.o
 .debug_abbrev  0x0000000000000000       0x4b build/os/tpl_os_error.c.o
 .debug_aranges
                0x0000000000000000       0x18 build/os/tpl_os_error.c.o
 .debug_line    0x0000000000000000      0x12f build/os/tpl_os_error.c.o
 .debug_str     0x0000000000000000      0x1e6 build/os/tpl_os_error.c.o
 .comment       0x0000000000000000       0x71 build/os/tpl_os_error.c.o
 .ARM.attributes
                0x0000000000000000       0x33 build/os/tpl_os_error.c.o
 .text          0x0000000000000000        0x0 build/os/tpl_os_os_kernel.c.o
 .data          0x0000000000000000        0x0 build/os/tpl_os_os_kernel.c.o
 .bss           0x0000000000000000        0x0 build/os/tpl_os_os_kernel.c.o
 .text          0x0000000000000000        0x0 build/os/tpl_os_os.c.o
 .data          0x0000000000000000        0x0 build/os/tpl_os_os.c.o
 .bss           0x0000000000000000        0x0 build/os/tpl_os_os.c.o
 .text          0x0000000000000000        0x0 build/os/tpl_os_interrupt_kernel.c.o
 .data          0x0000000000000000        0x0 build/os/tpl_os_interrupt_kernel.c.o
 .bss           0x0000000000000000        0x0 build/os/tpl_os_interrupt_kernel.c.o
 .text          0x0000000000000000        0x0 build/os/tpl_os_task_kernel.c.o
 .data          0x0000000000000000        0x0 build/os/tpl_os_task_kernel.c.o
 .bss           0x0000000000000000        0x0 build/os/tpl_os_task_kernel.c.o
 .text          0x0000000000000000        0x0 build/os/tpl_os_resource_kernel.c.o
 .data          0x0000000000000000        0x0 build/os/tpl_os_resource_kernel.c.o
 .bss           0x0000000000000000        0x0 build/os/tpl_os_resource_kernel.c.o
 .osConst       0x0000000000000000        0x2 build/os/tpl_os_resource_kernel.c.o
 .text          0x0000000000000000        0x0 build/appli_base.c.o
 .data          0x0000000000000000        0x0 build/appli_base.c.o
 .bss           0x0000000000000000        0x0 build/appli_base.c.o
 .bss.test      0x0000000000000000        0x4 build/appli_base.c.o
 .text          0x0000000000000000        0x0 build/appli_base/tpl_app_config.c.o
 .data          0x0000000000000000        0x0 build/appli_base/tpl_app_config.c.o
 .bss           0x0000000000000000        0x0 build/appli_base/tpl_app_config.c.o
 .rodata.std    0x0000000000000000        0x1 build/appli_base/tpl_app_config.c.o
 .text          0x0000000000000000        0x0 build/appli_base/tpl_dispatch_table.c.o
 .data          0x0000000000000000        0x0 build/appli_base/tpl_dispatch_table.c.o
 .bss           0x0000000000000000        0x0 build/appli_base/tpl_dispatch_table.c.o
 .text          0x0000000000000000        0x0 build/appli_base/tpl_invoque.S.o
 .data          0x0000000000000000        0x0 build/appli_base/tpl_invoque.S.o
 .bss           0x0000000000000000        0x0 build/appli_base/tpl_invoque.S.o
 .text          0x0000000000000000        0x0 build/appli_base/tpl_primary_irq.S.o
 .data          0x0000000000000000        0x0 build/appli_base/tpl_primary_irq.S.o
 .bss           0x0000000000000000        0x0 build/appli_base/tpl_primary_irq.S.o
[...]
Memory Configuration

Name             Origin             Length             Attributes
VECTOR           0x0000000008000000 0x0000000000000188 xr
FLASH            0x0000000008000188 0x000000000000fe78 xr
RAM              0x0000000020000000 0x0000000000020000 xrw
MEMORY_B1        0x0000000060000000 0x0000000000000000 xr
*default*        0x0000000000000000 0xffffffffffffffff

Linker script and memory map

LOAD build/os/tpl_os_kernel.c.o
LOAD build/os/tpl_os_timeobj_kernel.c.o
LOAD build/os/tpl_os_action.c.o
LOAD build/os/tpl_os_error.c.o
LOAD build/os/tpl_os_os_kernel.c.o
LOAD build/os/tpl_os_os.c.o
LOAD build/os/tpl_os_interrupt_kernel.c.o
LOAD build/os/tpl_os_task_kernel.c.o
LOAD build/os/tpl_os_resource_kernel.c.o
LOAD build/appli_base.c.o
LOAD build/appli_base/tpl_app_config.c.o
LOAD build/appli_base/tpl_dispatch_table.c.o
LOAD build/appli_base/tpl_invoque.S.o
LOAD build/appli_base/tpl_primary_irq.S.o
LOAD build/appli_base/tpl_vectors.c.o
LOAD build/appli_base/tpl_external_interrupts.c.o
LOAD build/appli_base/tpl_app_interrupts.c.o
LOAD build/machines/cortex/tpl_machine_cortex.c.o
LOAD build/machines/cortex/tpl_sc_handler.S.o
LOAD build/machines/cortex/tpl_startup.S.o
LOAD build/machines/cortex/armv7em/tpl_ctx_switch.S.o
LOAD build/machines/cortex/armv7em/tpl_ctx_switch_under_it.S.o
LOAD build/machines/cortex/armv7em/tpl_interrupts.S.o
LOAD build/machines/cortex/armv7em/stm32f407/tpl_memory_protection.c.o
LOAD build/machines/cortex/armv7em/stm32f407/tpl_machine_stm32f407.c.o
LOAD build/machines/cortex/armv7em/stm32f407/startup_stm32f4xx.c.o
LOAD build/machines/cortex/armv7em/stm32f407/system_stm32f4xx.c.o
LOAD build/machines/cortex/armv7em/stm32f407/handlers_stm32f4xx.c.o
LOAD build/machines/cortex/armv7em/stm32f407/lib/pinAccess.c.o
LOAD build/machines/cortex/armv7em/stm32f407/STM32F4xx_StdPeriph_Driver/stm32f4xx_gpio.c.o
LOAD build/machines/cortex/armv7em/stm32f407/STM32F4xx_StdPeriph_Driver/stm32f4xx_rcc.c.o
LOAD build/machines/cortex/armv7em/stm32f407/STM32F4xx_StdPeriph_Driver/stm32f4xx_exti.c.o
LOAD build/machines/cortex/armv7em/stm32f407/STM32F4xx_StdPeriph_Driver/stm32f4xx_syscfg.c.o
LOAD build/machines/cortex/armv7em/stm32f407/STM32F4xx_StdPeriph_Driver/misc.c.o
LOAD build/machines/cortex/armv7em/stm32f407/stm32f4discovery/stm32f4_discovery.c.o
LOAD build/machines/cortex/armv7em/stm32f407/stm32f4discovery/tp.c.o
                0x0000000020020000                _estack = 0x20020000
                0x0000000000000000                _Min_Heap_Size = 0x0
                0x0000000000000400                _Min_Stack_Size = 0x400

.isr_vector     0x0000000008000000      0x188
                0x0000000008000000                . = ALIGN (0x4)
 *(.isr_vector)
 .isr_vector    0x0000000008000000      0x188 build/appli_base/tpl_vectors.c.o
                0x0000000008000000                tpl_it_vectors
                0x0000000008000188                . = ALIGN (0x4)
                0x0000000008000188                . = ALIGN (0x4)

ostext          0x0000000008000188     0x18b2
 *(.SC_handler)
 *(.EI_handler)
 *(.osCode)
 .osCode        0x0000000008000188      0x82c build/os/tpl_os_kernel.c.o
                0x0000000008000188                tpl_compare_entries
                0x000000000800021c                tpl_bubble_up
                0x000000000800029c                tpl_bubble_down
                0x0000000008000354                tpl_put_new_proc
                0x00000000080003e0                tpl_put_preempted_proc
                0x000000000800043c                tpl_front_proc
                0x000000000800046c                tpl_remove_front_proc
                0x00000000080004d0                tpl_current_os_state
                0x0000000008000524                tpl_get_internal_resource
                0x00000000080005b0                tpl_release_internal_resource
                0x0000000008000600                tpl_preempt
                0x000000000800062c                tpl_run_elected
                0x00000000080006a8                tpl_start
                0x0000000008000714                tpl_schedule_from_running
                0x000000000800075c                tpl_terminate
                0x0000000008000790                tpl_block
                0x00000000080007bc                tpl_start_scheduling
                0x00000000080007d0                tpl_activate_task
                0x0000000008000848                tpl_release
                0x0000000008000884                tpl_set_event
                0x00000000080008a8                tpl_init_proc
                0x00000000080008d8                tpl_init_os
                0x0000000008000938                tpl_call_terminate_task_service
                0x000000000800096c                tpl_call_terminate_isr2_service
 .osCode        0x00000000080009b4      0x2f8 build/os/tpl_os_timeobj_kernel.c.o
                0x00000000080009b4                tpl_enable_counters
                0x00000000080009cc                tpl_insert_time_obj
                0x0000000008000aac                tpl_remove_time_obj
                0x0000000008000bd0                tpl_counter_tick
 .osCode        0x0000000008000cac       0xa8 build/os/tpl_os_os_kernel.c.o
                0x0000000008000cac                tpl_get_active_application_mode_service
                0x0000000008000cdc                tpl_start_os_service
                0x0000000008000d28                tpl_call_shutdown_os
                0x0000000008000d3c                tpl_shutdown_os_service
 .osCode        0x0000000008000d54      0x1e0 build/os/tpl_os_interrupt_kernel.c.o
                0x0000000008000d54                tpl_get_interrupt_lock_status
                0x0000000008000d98                tpl_reset_interrupt_lock_status
                0x0000000008000dd4                tpl_suspend_all_interrupts_service
                0x0000000008000dfc                tpl_resume_all_interrupts_service
                0x0000000008000e34                tpl_disable_all_interrupts_service
                0x0000000008000e60                tpl_enable_all_interrupts_service
                0x0000000008000e7c                tpl_suspend_os_interrupts_service
                0x0000000008000ea4                tpl_resume_os_interrupts_service
                0x0000000008000edc                tpl_terminate_isr2_service
                0x0000000008000f20                tpl_null_it
 .osCode        0x0000000008000f34      0x2b8 build/os/tpl_os_task_kernel.c.o
                0x0000000008000f34                tpl_activate_task_service
                0x0000000008000f98                tpl_terminate_task_service
                0x0000000008001008                tpl_chain_task_service
                0x00000000080010b8                tpl_schedule_service
                0x0000000008001138                tpl_get_task_id_service
                0x0000000008001188                tpl_get_task_state_service
 .osCode        0x00000000080011ec      0x208 build/os/tpl_os_resource_kernel.c.o
                0x00000000080011ec                tpl_release_all_resources
                0x0000000008001248                tpl_get_resource_service
                0x0000000008001344                tpl_release_resource_service
 .osCode        0x00000000080013f4       0x40 build/appli_base/tpl_app_config.c.o
                0x00000000080013f4                tpl_tick_SysTick
                0x0000000008001428                SysTick_Handler
 .osCode        0x0000000008001434       0x30 build/appli_base/tpl_primary_irq.S.o
                0x0000000008001434                tpl_primary_irq_handler_SysTick
 .osCode        0x0000000008001464       0x20 build/appli_base/tpl_external_interrupts.c.o
                0x0000000008001464                tpl_init_external_interrupts
 .osCode        0x0000000008001484       0x24 build/appli_base/tpl_app_interrupts.c.o
                0x0000000008001484                tpl_init_it_priority
                0x0000000008001490                tpl_disable_os_interrupts
                0x000000000800149c                tpl_enable_os_interrupts
 .osCode        0x00000000080014a8       0xe0 build/machines/cortex/tpl_machine_cortex.c.o
                0x00000000080014a8                tpl_init_machine_generic
                0x00000000080014b4                tpl_init_machine_specific
                0x00000000080014e4                tpl_init_context
                0x0000000008001550                tpl_check_stack_footprint
                0x000000000800156c                tpl_init_machine
                0x000000000800157c                tpl_shutdown
 .osCode        0x0000000008001588       0x6c build/machines/cortex/tpl_sc_handler.S.o
                0x0000000008001588                tpl_sc_handler
 .osCode        0x00000000080015f4       0x1c build/machines/cortex/tpl_startup.S.o
                0x00000000080015f4                tpl_reset_handler
 .osCode        0x0000000008001610       0x4c build/machines/cortex/armv7em/tpl_ctx_switch.S.o
                0x0000000008001610                tpl_save_context
                0x0000000008001636                tpl_load_context
 .osCode        0x000000000800165c       0x44 build/machines/cortex/armv7em/tpl_ctx_switch_under_it.S.o
                0x000000000800165c                tpl_save_context_under_it
                0x000000000800167e                tpl_load_context_under_it
 .osCode        0x00000000080016a0       0x30 build/machines/cortex/armv7em/tpl_interrupts.S.o
                0x00000000080016a0                tpl_disable_interrupts
                0x00000000080016b2                tpl_enable_interrupts
 .osCode        0x00000000080016d0       0x7c build/machines/cortex/armv7em/stm32f407/tpl_machine_stm32f407.c.o
                0x0000000008001720                tpl_set_systick_timer
 .osCode        0x000000000800174c      0x104 build/machines/cortex/armv7em/stm32f407/stm32f4discovery/tp.c.o
                0x000000000800174c                initBoard
                0x0000000008001774                ledOn
                0x0000000008001794                ledOff
                0x00000000080017b4                ledToggle
                0x00000000080017d4                readButton
                0x0000000008001824                delay
 *(.osApiCode)
 .osApiCode     0x0000000008001850       0x28 build/os/tpl_os_os.c.o
                0x0000000008001850                StartOS
 .osApiCode     0x0000000008001878      0x1c2 build/appli_base/tpl_invoque.S.o
                0x0000000008001878                GetActiveApplicationMode
                0x000000000800188e                tpl_start_os
                0x00000000080018a4                ShutdownOS
                0x00000000080018ba                EnableAllInterrupts
                0x00000000080018d4                DisableAllInterrupts
                0x00000000080018ee                ResumeAllInterrupts
                0x0000000008001908                SuspendAllInterrupts
                0x0000000008001922                ResumeOSInterrupts
                0x000000000800193c                SuspendOSInterrupts
                0x0000000008001956                CallTerminateISR2
                0x0000000008001970                ActivateTask
                0x0000000008001986                TerminateTask
                0x000000000800199c                ChainTask
                0x00000000080019b2                Schedule
                0x00000000080019c8                GetTaskID
                0x00000000080019de                GetTaskState
                0x00000000080019f4                CallTerminateTask
                0x0000000008001a0e                GetResource
                0x0000000008001a24                ReleaseResource
 *(.appCommonCode)
                0x0000000008001a3c                . = ALIGN (0x4)

osconst         0x0000000008001a3c       0xf4
 *(.osConst)
 .osConst       0x0000000008001a3c        0x2 build/os/tpl_os_kernel.c.o
                0x0000000008001a3c                INVALID_PROC
                0x0000000008001a3d                INVALID_TASK
 *fill*         0x0000000008001a3e        0x2 
 .osConst       0x0000000008001a40       0x84 build/appli_base/tpl_app_config.c.o
                0x0000000008001a40                tpl_resource_table
                0x0000000008001a44                IDLE_TASK_task_stat_desc
                0x0000000008001a5c                task_1_task_stat_desc
                0x0000000008001a74                a_task_task_stat_desc
                0x0000000008001a8c                task_2_task_stat_desc
                0x0000000008001aa4                tpl_stat_proc_table
                0x0000000008001ab4                tpl_dyn_proc_table
 .osConst       0x0000000008001ac4       0x4c build/appli_base/tpl_dispatch_table.c.o
                0x0000000008001ac4                tpl_dispatch_table
 *(.osApiConst)
 .osApiConst    0x0000000008001b10       0x20 build/appli_base/tpl_app_config.c.o
                0x0000000008001b10                task_1
                0x0000000008001b11                a_task
                0x0000000008001b12                task_2
                0x0000000008001b14                OSTICKSPERBASE
                0x0000000008001b18                OSMAXALLOWEDVALUE
                0x0000000008001b1c                OSMINCYCLE
                0x0000000008001b20                proc_name_table
                0x0000000008001b30                . = ALIGN (0x4)

apptext         0x0000000008001b30        0x0
                0x0000000008001b30                __PROGCONST_SECTION_START = .
                0x0000000008001b30                __SEG_START_APP_CODE_CONST_RGN = .
                0x0000000008001b30                . = ALIGN (0x4)
 *(.Task_task_1Code)
 *(.Task_a_taskCode)
 *(.Task_task_2Code)
                0x0000000008001b30                . = ALIGN (0x4)

appconst        0x0000000008001b30      0x284
 *(.rodata)
 .rodata        0x0000000008001b30       0x1f build/appli_base/tpl_app_config.c.o
 *fill*         0x0000000008001b4f        0x1 
 .rodata        0x0000000008001b50       0x75 build/machines/cortex/armv7em/stm32f407/STM32F4xx_StdPeriph_Driver/stm32f4xx_gpio.c.o
 *fill*         0x0000000008001bc5        0x3 
 .rodata        0x0000000008001bc8       0x74 build/machines/cortex/armv7em/stm32f407/STM32F4xx_StdPeriph_Driver/stm32f4xx_rcc.c.o
 .rodata        0x0000000008001c3c       0x75 build/machines/cortex/armv7em/stm32f407/STM32F4xx_StdPeriph_Driver/stm32f4xx_exti.c.o
 *fill*         0x0000000008001cb1        0x3 
 .rodata        0x0000000008001cb4       0x77 build/machines/cortex/armv7em/stm32f407/STM32F4xx_StdPeriph_Driver/stm32f4xx_syscfg.c.o
 *fill*         0x0000000008001d2b        0x1 
 .rodata        0x0000000008001d2c       0x6b build/machines/cortex/armv7em/stm32f407/STM32F4xx_StdPeriph_Driver/misc.c.o
 *(.rodata*)
 .rodata.OSDEFAULTAPPMODE
                0x0000000008001d97        0x1 build/appli_base/tpl_app_config.c.o
                0x0000000008001d97                OSDEFAULTAPPMODE
 .rodata.tpl_task_app_mode
                0x0000000008001d98        0x3 build/appli_base/tpl_app_config.c.o
                0x0000000008001d98                tpl_task_app_mode
 *fill*         0x0000000008001d9b        0x1 
 .rodata.GPIO_PIN
                0x0000000008001d9c        0x8 build/machines/cortex/armv7em/stm32f407/stm32f4discovery/stm32f4_discovery.c.o
                0x0000000008001d9c                GPIO_PIN
 .rodata.GPIO_CLK
                0x0000000008001da4       0x10 build/machines/cortex/armv7em/stm32f407/stm32f4discovery/stm32f4_discovery.c.o
                0x0000000008001da4                GPIO_CLK
                0x0000000008001db4                . = ALIGN (0x4)

procconst       0x0000000008001db4        0x0
 *(.Task_task_1_SEC_CONST_32BIT)
 *(.Task_task_1_SEC_CALIB_32BIT)
 *(.Task_task_1_SEC_CARTO_32BIT)
 *(.Task_task_1_SEC_CONFIG_DATA_32BIT)
 *(.Task_task_1_SEC_CONST_16BIT)
 *(.Task_task_1_SEC_CALIB_16BIT)
 *(.Task_task_1_SEC_CARTO_16BIT)
 *(.Task_task_1_SEC_CONFIG_DATA_16BIT)
 *(.Task_task_1_SEC_CONST_8BIT)
 *(.Task_task_1_SEC_CALIB_8BIT)
 *(.Task_task_1_SEC_CARTO_8BIT)
 *(.Task_task_1_SEC_CONFIG_DATA_8BIT)
 *(.Task_task_1_SEC_CONST_BOOLEAN)
 *(.Task_task_1_SEC_CALIB_BOOLEAN)
 *(.Task_task_1_SEC_CARTO_BOOLEAN)
 *(.Task_task_1_SEC_CONFIG_DATA_BOOLEAN)
 *(.Task_task_1_SEC_CONST_UNSPECIFIED)
 *(.Task_task_1_SEC_CALIB_UNSPECIFIED)
 *(.Task_task_1_SEC_CARTO_UNSPECIFIED)
 *(.Task_task_1_SEC_CONFIG_DATA_UNSPECIFIED)
 *(.Task_a_task_SEC_CONST_32BIT)
 *(.Task_a_task_SEC_CALIB_32BIT)
 *(.Task_a_task_SEC_CARTO_32BIT)
 *(.Task_a_task_SEC_CONFIG_DATA_32BIT)
 *(.Task_a_task_SEC_CONST_16BIT)
 *(.Task_a_task_SEC_CALIB_16BIT)
 *(.Task_a_task_SEC_CARTO_16BIT)
 *(.Task_a_task_SEC_CONFIG_DATA_16BIT)
 *(.Task_a_task_SEC_CONST_8BIT)
 *(.Task_a_task_SEC_CALIB_8BIT)
 *(.Task_a_task_SEC_CARTO_8BIT)
 *(.Task_a_task_SEC_CONFIG_DATA_8BIT)
 *(.Task_a_task_SEC_CONST_BOOLEAN)
 *(.Task_a_task_SEC_CALIB_BOOLEAN)
 *(.Task_a_task_SEC_CARTO_BOOLEAN)
 *(.Task_a_task_SEC_CONFIG_DATA_BOOLEAN)
 *(.Task_a_task_SEC_CONST_UNSPECIFIED)
 *(.Task_a_task_SEC_CALIB_UNSPECIFIED)
 *(.Task_a_task_SEC_CARTO_UNSPECIFIED)
 *(.Task_a_task_SEC_CONFIG_DATA_UNSPECIFIED)
 *(.Task_task_2_SEC_CONST_32BIT)
 *(.Task_task_2_SEC_CALIB_32BIT)
 *(.Task_task_2_SEC_CARTO_32BIT)
 *(.Task_task_2_SEC_CONFIG_DATA_32BIT)
 *(.Task_task_2_SEC_CONST_16BIT)
 *(.Task_task_2_SEC_CALIB_16BIT)
 *(.Task_task_2_SEC_CARTO_16BIT)
 *(.Task_task_2_SEC_CONFIG_DATA_16BIT)
 *(.Task_task_2_SEC_CONST_8BIT)
 *(.Task_task_2_SEC_CALIB_8BIT)
 *(.Task_task_2_SEC_CARTO_8BIT)
 *(.Task_task_2_SEC_CONFIG_DATA_8BIT)
 *(.Task_task_2_SEC_CONST_BOOLEAN)
 *(.Task_task_2_SEC_CALIB_BOOLEAN)
 *(.Task_task_2_SEC_CARTO_BOOLEAN)
 *(.Task_task_2_SEC_CONFIG_DATA_BOOLEAN)
 *(.Task_task_2_SEC_CONST_UNSPECIFIED)
 *(.Task_task_2_SEC_CALIB_UNSPECIFIED)
 *(.Task_task_2_SEC_CARTO_UNSPECIFIED)
 *(.Task_task_2_SEC_CONFIG_DATA_UNSPECIFIED)
                0x0000000008001db4                . = ALIGN (0x4)
                0x0000000008001db3                __SEG_STOP_APP_CODE_CONST_RGN = (. - 0x1)
                0x0000000008001db3                __PROGCONST_SECTION_STOP = (. - 0x1)

.text           0x0000000008001db4      0xda4
                0x0000000008001db4                . = ALIGN (0x4)
 *(.text)
 *(.text*)
 .text.main     0x0000000008001db4       0x44 build/appli_base.c.o
                0x0000000008001db4                main
 .text.a_task_function
                0x0000000008001df8       0x44 build/appli_base.c.o
                0x0000000008001df8                a_task_function
 .text.task_1_function
                0x0000000008001e3c       0x20 build/appli_base.c.o
                0x0000000008001e3c                task_1_function
 .text.task_2_function
                0x0000000008001e5c       0x20 build/appli_base.c.o
                0x0000000008001e5c                task_2_function
 .text.assert_failed
                0x0000000008001e7c       0x14 build/appli_base.c.o
                0x0000000008001e7c                assert_failed
 .text.NVIC_SetPriority
                0x0000000008001e90       0x54 build/machines/cortex/tpl_machine_cortex.c.o
 .text.idle_function
                0x0000000008001ee4        0x8 build/machines/cortex/tpl_machine_cortex.c.o
                0x0000000008001ee4                idle_function
 .text.NVIC_SetPriority
                0x0000000008001eec       0x54 build/machines/cortex/armv7em/stm32f407/tpl_machine_stm32f407.c.o
 .text.__libc_init_array
                0x0000000008001f40       0x6c build/machines/cortex/armv7em/stm32f407/startup_stm32f4xx.c.o
                0x0000000008001f40                __libc_init_array
 .text.__libc_fini_array
                0x0000000008001fac       0x3c build/machines/cortex/armv7em/stm32f407/startup_stm32f4xx.c.o
                0x0000000008001fac                __libc_fini_array
 .text.SystemInit
                0x0000000008001fe8       0x58 build/machines/cortex/armv7em/stm32f407/system_stm32f4xx.c.o
                0x0000000008001fe8                SystemInit
 .text.SetSysClock
                0x0000000008002040       0xf4 build/machines/cortex/armv7em/stm32f407/system_stm32f4xx.c.o
 .text.NMI_Handler
                0x0000000008002134        0x8 build/machines/cortex/armv7em/stm32f407/handlers_stm32f4xx.c.o
                0x0000000008002134                NMI_Handler
 .text.HardFault_Handler
                0x000000000800213c       0x64 build/machines/cortex/armv7em/stm32f407/handlers_stm32f4xx.c.o
                0x000000000800213c                HardFault_Handler
 .text.MemManage_Handler
                0x00000000080021a0        0x8 build/machines/cortex/armv7em/stm32f407/handlers_stm32f4xx.c.o
                0x00000000080021a0                MemManage_Handler
 .text.BusFault_Handler
                0x00000000080021a8        0x8 build/machines/cortex/armv7em/stm32f407/handlers_stm32f4xx.c.o
                0x00000000080021a8                BusFault_Handler
 .text.UsageFault_Handler
                0x00000000080021b0        0x8 build/machines/cortex/armv7em/stm32f407/handlers_stm32f4xx.c.o
                0x00000000080021b0                UsageFault_Handler
 .text.DebugMonitor_Handler
                0x00000000080021b8        0x8 build/machines/cortex/armv7em/stm32f407/handlers_stm32f4xx.c.o
                0x00000000080021b8                DebugMonitor_Handler
 .text.GPIO_Init
                0x00000000080021c0      0x244 build/machines/cortex/armv7em/stm32f407/STM32F4xx_StdPeriph_Driver/stm32f4xx_gpio.c.o
                0x00000000080021c0                GPIO_Init
 .text.GPIO_ReadInputDataBit
                0x0000000008002404      0x13c build/machines/cortex/armv7em/stm32f407/STM32F4xx_StdPeriph_Driver/stm32f4xx_gpio.c.o
                0x0000000008002404                GPIO_ReadInputDataBit
 .text.RCC_AHB1PeriphClockCmd
                0x0000000008002540       0x70 build/machines/cortex/armv7em/stm32f407/STM32F4xx_StdPeriph_Driver/stm32f4xx_rcc.c.o
                0x0000000008002540                RCC_AHB1PeriphClockCmd
 .text.RCC_APB2PeriphClockCmd
                0x00000000080025b0       0x70 build/machines/cortex/armv7em/stm32f407/STM32F4xx_StdPeriph_Driver/stm32f4xx_rcc.c.o
                0x00000000080025b0                RCC_APB2PeriphClockCmd
 .text.EXTI_Init
                0x0000000008002620      0x150 build/machines/cortex/armv7em/stm32f407/STM32F4xx_StdPeriph_Driver/stm32f4xx_exti.c.o
                0x0000000008002620                EXTI_Init
 .text.SYSCFG_EXTILineConfig
                0x0000000008002770      0x138 build/machines/cortex/armv7em/stm32f407/STM32F4xx_StdPeriph_Driver/stm32f4xx_syscfg.c.o
                0x0000000008002770                SYSCFG_EXTILineConfig
 .text.NVIC_Init
                0x00000000080028a8       0xf8 build/machines/cortex/armv7em/stm32f407/STM32F4xx_StdPeriph_Driver/misc.c.o
                0x00000000080028a8                NVIC_Init
 .text.STM_EVAL_LEDInit
                0x00000000080029a0       0x5c build/machines/cortex/armv7em/stm32f407/stm32f4discovery/stm32f4_discovery.c.o
                0x00000000080029a0                STM_EVAL_LEDInit
 .text.STM_EVAL_LEDOn
                0x00000000080029fc       0x30 build/machines/cortex/armv7em/stm32f407/stm32f4discovery/stm32f4_discovery.c.o
                0x00000000080029fc                STM_EVAL_LEDOn
 .text.STM_EVAL_LEDOff
                0x0000000008002a2c       0x30 build/machines/cortex/armv7em/stm32f407/stm32f4discovery/stm32f4_discovery.c.o
                0x0000000008002a2c                STM_EVAL_LEDOff
 .text.STM_EVAL_LEDToggle
                0x0000000008002a5c       0x3c build/machines/cortex/armv7em/stm32f407/stm32f4discovery/stm32f4_discovery.c.o
                0x0000000008002a5c                STM_EVAL_LEDToggle
 .text.STM_EVAL_PBInit
                0x0000000008002a98       0x94 build/machines/cortex/armv7em/stm32f407/stm32f4discovery/stm32f4_discovery.c.o
                0x0000000008002a98                STM_EVAL_PBInit
 .text.STM_EVAL_PBGetState
                0x0000000008002b2c       0x2c build/machines/cortex/armv7em/stm32f407/stm32f4discovery/stm32f4_discovery.c.o
                0x0000000008002b2c                STM_EVAL_PBGetState
 *(.glue_7)
 .glue_7        0x0000000000000000        0x0 linker stubs
 *(.glue_7t)
 .glue_7t       0x0000000000000000        0x0 linker stubs
 *(.eh_frame)
 *(.init)
 *(.fini)
                0x0000000008002b58                . = ALIGN (0x4)
                0x0000000008002b58                _etext = .
                0x0000000008002b58                _exit = .

.vfp11_veneer   0x0000000008002b58        0x0
 .vfp11_veneer  0x0000000000000000        0x0 linker stubs

.v4_bx          0x0000000008002b58        0x0
 .v4_bx         0x0000000000000000        0x0 linker stubs

.iplt           0x0000000008002b58        0x0
 .iplt          0x0000000000000000        0x0 build/os/tpl_os_kernel.c.o

.after_vectors  0x0000000008002b58       0x90
 .after_vectors
                0x0000000008002b58       0x90 build/machines/cortex/armv7em/stm32f407/startup_stm32f4xx.c.o
                0x0000000008002b58                tpl_continue_reset_handler
                0x0000000008002ba0                system_init

.rel.dyn        0x0000000008002be8        0x0
 .rel.iplt      0x0000000000000000        0x0 build/os/tpl_os_kernel.c.o

.ARM.extab
 *(.ARM.extab* .gnu.linkonce.armextab.*)

.ARM            0x0000000008002be8        0x0
                0x0000000008002be8                __exidx_start = .
 *(.ARM.exidx*)
                0x0000000008002be8                __exidx_end = .

.preinit_array  0x0000000008002be8        0x4
                0x0000000008002be8                PROVIDE (__preinit_array_start, .)
 *(.preinit_array*)
 .preinit_array_sysinit
                0x0000000008002be8        0x4 build/machines/cortex/armv7em/stm32f407/startup_stm32f4xx.c.o
                0x0000000008002be8                p_system_init
                0x0000000008002bec                PROVIDE (__preinit_array_end, .)

.init_array     0x0000000008002bec        0x0
                0x0000000008002bec                PROVIDE (__init_array_start, .)
 *(SORT(.init_array.*))
 *(.init_array*)
                0x0000000008002bec                PROVIDE (__init_array_end, .)

.fini_array     0x0000000008002bec        0x0
                0x0000000008002bec                PROVIDE (__fini_array_start, .)
 *(.fini_array*)
 *(SORT(.fini_array.*))
                0x0000000008002bec                PROVIDE (__fini_array_end, .)
                0x0000000008002bec                _sidata = .

.data           0x0000000020000000      0x140 load address 0x0000000008002bec
                0x0000000020000000                . = ALIGN (0x4)
                0x0000000020000000                _sdata = .
 *(.data)
 *(.data*)
 .data.SystemCoreClock
                0x0000000020000000        0x4 build/machines/cortex/armv7em/stm32f407/system_stm32f4xx.c.o
                0x0000000020000000                SystemCoreClock
 .data.GPIO_PORT
                0x0000000020000004       0x10 build/machines/cortex/armv7em/stm32f407/stm32f4discovery/stm32f4_discovery.c.o
                0x0000000020000004                GPIO_PORT
 .data.BUTTON_PORT
                0x0000000020000014        0x4 build/machines/cortex/armv7em/stm32f407/stm32f4discovery/stm32f4_discovery.c.o
                0x0000000020000014                BUTTON_PORT
 .data.previousState.5518
                0x0000000020000018        0x1 build/machines/cortex/armv7em/stm32f407/stm32f4discovery/tp.c.o
 *(.osVar)
 *fill*         0x0000000020000019        0x3 
 .osVar         0x000000002000001c        0x3 build/os/tpl_os_kernel.c.o
                0x000000002000001c                INTERNAL_RES_SCHEDULER
 .osVar         0x000000002000001f        0x1 build/os/tpl_os_timeobj_kernel.c.o
 .osVar         0x0000000020000020        0x1 build/os/tpl_os_os_kernel.c.o
 *fill*         0x0000000020000021        0x3 
 .osVar         0x0000000020000024       0x14 build/os/tpl_os_interrupt_kernel.c.o
                0x0000000020000024                tpl_locking_depth
                0x0000000020000028                tpl_user_task_lock
                0x000000002000002c                tpl_cpt_user_task_lock_All
                0x0000000020000030                tpl_cpt_user_task_lock_OS
                0x0000000020000034                tpl_cpt_os_task_lock
 .osVar         0x0000000020000038      0x108 build/appli_base/tpl_app_config.c.o
                0x0000000020000038                res_sched_rez_desc
                0x0000000020000040                SystemCounter_counter_desc
                0x000000002000005c                tpl_time_counter
                0x0000000020000060                IDLE_TASK_int_context
                0x0000000020000084                IDLE_TASK_task_desc
                0x000000002000008c                task_1_int_context
                0x00000000200000b0                task_1_task_desc
                0x00000000200000b8                a_task_int_context
                0x00000000200000dc                a_task_task_desc
                0x00000000200000e4                task_2_int_context
                0x0000000020000108                task_2_task_desc
                0x0000000020000110                tpl_ready_list
                0x000000002000011c                tpl_tail_for_prio
                0x0000000020000124                tpl_kern
 *(.Task_task_1_SEC_VAR_POWER_ON_INIT_32BIT)
 *(.Task_task_1_SEC_VAR_POWER_ON_INIT_16BIT)
 *(.Task_task_1_SEC_VAR_POWER_ON_INIT_8BIT)
 *(.Task_task_1_SEC_VAR_POWER_ON_INIT_BOOLEAN)
 *(.Task_task_1_SEC_VAR_POWER_ON_INIT_UNSPECIFIED)
 *(.Task_a_task_SEC_VAR_POWER_ON_INIT_32BIT)
 *(.Task_a_task_SEC_VAR_POWER_ON_INIT_16BIT)
 *(.Task_a_task_SEC_VAR_POWER_ON_INIT_8BIT)
 *(.Task_a_task_SEC_VAR_POWER_ON_INIT_BOOLEAN)
 *(.Task_a_task_SEC_VAR_POWER_ON_INIT_UNSPECIFIED)
 *(.Task_task_2_SEC_VAR_POWER_ON_INIT_32BIT)
 *(.Task_task_2_SEC_VAR_POWER_ON_INIT_16BIT)
 *(.Task_task_2_SEC_VAR_POWER_ON_INIT_8BIT)
 *(.Task_task_2_SEC_VAR_POWER_ON_INIT_BOOLEAN)
 *(.Task_task_2_SEC_VAR_POWER_ON_INIT_UNSPECIFIED)
                0x0000000020000140                . = ALIGN (0x4)
                0x0000000020000140                _edata = .

.igot.plt       0x0000000020000140        0x0 load address 0x0000000008002d2c
 .igot.plt      0x0000000000000000        0x0 build/os/tpl_os_kernel.c.o

.Task_IDLE_TASKStack
                0x0000000020000140      0x12c load address 0x0000000008002d2c
 .Task_IDLE_TASKStack
                0x0000000020000140      0x12c build/appli_base/tpl_app_config.c.o
                0x0000000020000140                IDLE_TASK_stack_zone

.Task_task_1_SEC_VAR
                0x000000002000026c       0x14 load address 0x0000000008002e58
                0x0000000020000280                . = ALIGN (__SEG_ALIGN_Task_task_1_VAR_RGN)
 *fill*         0x000000002000026c       0x14 
                0x0000000020000280                __SEG_START_Task_task_1_VAR_RGN = .
 *(.Task_task_1_SEC_VAR_NOINIT_32BIT)
 *(.Task_task_1_SEC_VAR_FAST_32BIT)
 *(.Task_task_1_SEC_VAR_32BIT)
 *(.Task_task_1_SEC_VAR_NOINIT_16BIT)
 *(.Task_task_1_SEC_VAR_FAST_16BIT)
 *(.Task_task_1_SEC_VAR_16BIT)
 *(.Task_task_1_SEC_VAR_NOINIT_8BIT)
 *(.Task_task_1_SEC_VAR_FAST_8BIT)
 *(.Task_task_1_SEC_VAR_8BIT)
 *(.Task_task_1_SEC_VAR_NOINIT_BOOLEAN)
 *(.Task_task_1_SEC_VAR_FAST_BOOLEAN)
 *(.Task_task_1_SEC_VAR_BOOLEAN)
 *(.Task_task_1_SEC_VAR_NOINIT_UNSPECIFIED)
 *(.Task_task_1_SEC_VAR_FAST_UNSPECIFIED)
 *(.Task_task_1_SEC_VAR_UNSPECIFIED)
                0x0000000020000280                __SEG_END_Task_task_1_VAR_RGN = .
                0x0000000000001000                __SEG_SIZE_Task_task_1_VAR_RGN = ((__SEG_END_Task_task_1_VAR_RGN - __SEG_START_Task_task_1_VAR_RGN) < 0x1000)?0x1000:__SEG_SIZE_Task_task_1_VAR_RGN
                0x0000000000000400                __SEG_SIZE_Task_task_1_VAR_RGN = ((__SEG_END_Task_task_1_VAR_RGN - __SEG_START_Task_task_1_VAR_RGN) < 0x400)?0x400:__SEG_SIZE_Task_task_1_VAR_RGN
                0x0000000000000200                __SEG_SIZE_Task_task_1_VAR_RGN = ((__SEG_END_Task_task_1_VAR_RGN - __SEG_START_Task_task_1_VAR_RGN) < 0x200)?0x200:__SEG_SIZE_Task_task_1_VAR_RGN
                0x0000000000000100                __SEG_SIZE_Task_task_1_VAR_RGN = ((__SEG_END_Task_task_1_VAR_RGN - __SEG_START_Task_task_1_VAR_RGN) < 0x100)?0x100:__SEG_SIZE_Task_task_1_VAR_RGN
                0x0000000000000080                __SEG_SIZE_Task_task_1_VAR_RGN = ((__SEG_END_Task_task_1_VAR_RGN - __SEG_START_Task_task_1_VAR_RGN) < 0x80)?0x80:__SEG_SIZE_Task_task_1_VAR_RGN
                0x0000000000000040                __SEG_SIZE_Task_task_1_VAR_RGN = ((__SEG_END_Task_task_1_VAR_RGN - __SEG_START_Task_task_1_VAR_RGN) < 0x40)?0x40:__SEG_SIZE_Task_task_1_VAR_RGN
                0x0000000000000020                __SEG_SIZE_Task_task_1_VAR_RGN = ((__SEG_END_Task_task_1_VAR_RGN - __SEG_START_Task_task_1_VAR_RGN) < 0x20)?0x20:__SEG_SIZE_Task_task_1_VAR_RGN
                0x000000002000028c                __SEG_ALIGN_Task_task_1_VAR_RGN = __SEG_SIZE_Task_task_1_VAR_RGN

.Task_a_task_SEC_VAR
                0x0000000020000280        0x0
                0x0000000020000280                . = ALIGN (__SEG_ALIGN_Task_a_task_VAR_RGN)
                0x0000000020000280                __SEG_START_Task_a_task_VAR_RGN = .
 *(.Task_a_task_SEC_VAR_NOINIT_32BIT)
 *(.Task_a_task_SEC_VAR_FAST_32BIT)
 *(.Task_a_task_SEC_VAR_32BIT)
 *(.Task_a_task_SEC_VAR_NOINIT_16BIT)
 *(.Task_a_task_SEC_VAR_FAST_16BIT)
 *(.Task_a_task_SEC_VAR_16BIT)
 *(.Task_a_task_SEC_VAR_NOINIT_8BIT)
 *(.Task_a_task_SEC_VAR_FAST_8BIT)
 *(.Task_a_task_SEC_VAR_8BIT)
 *(.Task_a_task_SEC_VAR_NOINIT_BOOLEAN)
 *(.Task_a_task_SEC_VAR_FAST_BOOLEAN)
 *(.Task_a_task_SEC_VAR_BOOLEAN)
 *(.Task_a_task_SEC_VAR_NOINIT_UNSPECIFIED)
 *(.Task_a_task_SEC_VAR_FAST_UNSPECIFIED)
 *(.Task_a_task_SEC_VAR_UNSPECIFIED)
                0x0000000020000280                __SEG_END_Task_a_task_VAR_RGN = .
                0x0000000000001000                __SEG_SIZE_Task_a_task_VAR_RGN = ((__SEG_END_Task_a_task_VAR_RGN - __SEG_START_Task_a_task_VAR_RGN) < 0x1000)?0x1000:__SEG_SIZE_Task_a_task_VAR_RGN
                0x0000000000000400                __SEG_SIZE_Task_a_task_VAR_RGN = ((__SEG_END_Task_a_task_VAR_RGN - __SEG_START_Task_a_task_VAR_RGN) < 0x400)?0x400:__SEG_SIZE_Task_a_task_VAR_RGN
                0x0000000000000200                __SEG_SIZE_Task_a_task_VAR_RGN = ((__SEG_END_Task_a_task_VAR_RGN - __SEG_START_Task_a_task_VAR_RGN) < 0x200)?0x200:__SEG_SIZE_Task_a_task_VAR_RGN
                0x0000000000000100                __SEG_SIZE_Task_a_task_VAR_RGN = ((__SEG_END_Task_a_task_VAR_RGN - __SEG_START_Task_a_task_VAR_RGN) < 0x100)?0x100:__SEG_SIZE_Task_a_task_VAR_RGN
                0x0000000000000080                __SEG_SIZE_Task_a_task_VAR_RGN = ((__SEG_END_Task_a_task_VAR_RGN - __SEG_START_Task_a_task_VAR_RGN) < 0x80)?0x80:__SEG_SIZE_Task_a_task_VAR_RGN
                0x0000000000000040                __SEG_SIZE_Task_a_task_VAR_RGN = ((__SEG_END_Task_a_task_VAR_RGN - __SEG_START_Task_a_task_VAR_RGN) < 0x40)?0x40:__SEG_SIZE_Task_a_task_VAR_RGN
                0x0000000000000020                __SEG_SIZE_Task_a_task_VAR_RGN = ((__SEG_END_Task_a_task_VAR_RGN - __SEG_START_Task_a_task_VAR_RGN) < 0x20)?0x20:__SEG_SIZE_Task_a_task_VAR_RGN
                0x00000000200002a0                __SEG_ALIGN_Task_a_task_VAR_RGN = __SEG_SIZE_Task_a_task_VAR_RGN

.Task_task_2_SEC_VAR
                0x0000000020000280        0x0
                0x0000000020000280                . = ALIGN (__SEG_ALIGN_Task_task_2_VAR_RGN)
                0x0000000020000280                __SEG_START_Task_task_2_VAR_RGN = .
 *(.Task_task_2_SEC_VAR_NOINIT_32BIT)
 *(.Task_task_2_SEC_VAR_FAST_32BIT)
 *(.Task_task_2_SEC_VAR_32BIT)
 *(.Task_task_2_SEC_VAR_NOINIT_16BIT)
 *(.Task_task_2_SEC_VAR_FAST_16BIT)
 *(.Task_task_2_SEC_VAR_16BIT)
 *(.Task_task_2_SEC_VAR_NOINIT_8BIT)
 *(.Task_task_2_SEC_VAR_FAST_8BIT)
 *(.Task_task_2_SEC_VAR_8BIT)
 *(.Task_task_2_SEC_VAR_NOINIT_BOOLEAN)
 *(.Task_task_2_SEC_VAR_FAST_BOOLEAN)
 *(.Task_task_2_SEC_VAR_BOOLEAN)
 *(.Task_task_2_SEC_VAR_NOINIT_UNSPECIFIED)
 *(.Task_task_2_SEC_VAR_FAST_UNSPECIFIED)
 *(.Task_task_2_SEC_VAR_UNSPECIFIED)
                0x0000000020000280                __SEG_END_Task_task_2_VAR_RGN = .
                0x0000000000001000                __SEG_SIZE_Task_task_2_VAR_RGN = ((__SEG_END_Task_task_2_VAR_RGN - __SEG_START_Task_task_2_VAR_RGN) < 0x1000)?0x1000:__SEG_SIZE_Task_task_2_VAR_RGN
                0x0000000000000400                __SEG_SIZE_Task_task_2_VAR_RGN = ((__SEG_END_Task_task_2_VAR_RGN - __SEG_START_Task_task_2_VAR_RGN) < 0x400)?0x400:__SEG_SIZE_Task_task_2_VAR_RGN
                0x0000000000000200                __SEG_SIZE_Task_task_2_VAR_RGN = ((__SEG_END_Task_task_2_VAR_RGN - __SEG_START_Task_task_2_VAR_RGN) < 0x200)?0x200:__SEG_SIZE_Task_task_2_VAR_RGN
                0x0000000000000100                __SEG_SIZE_Task_task_2_VAR_RGN = ((__SEG_END_Task_task_2_VAR_RGN - __SEG_START_Task_task_2_VAR_RGN) < 0x100)?0x100:__SEG_SIZE_Task_task_2_VAR_RGN
                0x0000000000000080                __SEG_SIZE_Task_task_2_VAR_RGN = ((__SEG_END_Task_task_2_VAR_RGN - __SEG_START_Task_task_2_VAR_RGN) < 0x80)?0x80:__SEG_SIZE_Task_task_2_VAR_RGN
                0x0000000000000040                __SEG_SIZE_Task_task_2_VAR_RGN = ((__SEG_END_Task_task_2_VAR_RGN - __SEG_START_Task_task_2_VAR_RGN) < 0x40)?0x40:__SEG_SIZE_Task_task_2_VAR_RGN
                0x0000000000000020                __SEG_SIZE_Task_task_2_VAR_RGN = ((__SEG_END_Task_task_2_VAR_RGN - __SEG_START_Task_task_2_VAR_RGN) < 0x20)?0x20:__SEG_SIZE_Task_task_2_VAR_RGN
                0x00000000200002a0                __SEG_ALIGN_Task_task_2_VAR_RGN = __SEG_SIZE_Task_task_2_VAR_RGN

.Task_task_1_SEC_STACK
                0x0000000020000280      0x2ac load address 0x0000000008002e6c
                0x0000000020000400                . = ALIGN (__SEG_ALIGN_Task_task_1_STACK_RGN)
 *fill*         0x0000000020000280      0x180 
                0x0000000020000400                __SEG_START_Task_task_1_STACK_RGN = .
 *(.Task_task_1Stack)
 .Task_task_1Stack
                0x0000000020000400      0x12c build/appli_base/tpl_app_config.c.o
                0x0000000020000400                task_1_stack_zone
                0x000000002000052c                . = ALIGN (0x4)
                0x000000002000052c                __SEG_END_Task_task_1_STACK_RGN = .
                0x0000000000001000                __SEG_SIZE_Task_task_1_STACK_RGN = ((__SEG_END_Task_task_1_STACK_RGN - __SEG_START_Task_task_1_STACK_RGN) < 0x1000)?0x1000:__SEG_SIZE_Task_task_1_STACK_RGN
                0x0000000000000400                __SEG_SIZE_Task_task_1_STACK_RGN = ((__SEG_END_Task_task_1_STACK_RGN - __SEG_START_Task_task_1_STACK_RGN) < 0x400)?0x400:__SEG_SIZE_Task_task_1_STACK_RGN
                0x0000000000000200                __SEG_SIZE_Task_task_1_STACK_RGN = ((__SEG_END_Task_task_1_STACK_RGN - __SEG_START_Task_task_1_STACK_RGN) < 0x200)?0x200:__SEG_SIZE_Task_task_1_STACK_RGN
                [0x0000000020000480]                __SEG_SIZE_Task_task_1_STACK_RGN = ((__SEG_END_Task_task_1_STACK_RGN - __SEG_START_Task_task_1_STACK_RGN) < 0x100)?0x100:__SEG_SIZE_Task_task_1_STACK_RGN
                [0x0000000020000480]                __SEG_SIZE_Task_task_1_STACK_RGN = ((__SEG_END_Task_task_1_STACK_RGN - __SEG_START_Task_task_1_STACK_RGN) < 0x80)?0x80:__SEG_SIZE_Task_task_1_STACK_RGN
                [0x0000000020000480]                __SEG_SIZE_Task_task_1_STACK_RGN = ((__SEG_END_Task_task_1_STACK_RGN - __SEG_START_Task_task_1_STACK_RGN) < 0x40)?0x40:__SEG_SIZE_Task_task_1_STACK_RGN
                [0x0000000020000480]                __SEG_SIZE_Task_task_1_STACK_RGN = ((__SEG_END_Task_task_1_STACK_RGN - __SEG_START_Task_task_1_STACK_RGN) < 0x20)?0x20:__SEG_SIZE_Task_task_1_STACK_RGN
                0x0000000020000480                __SEG_ALIGN_Task_task_1_STACK_RGN = __SEG_SIZE_Task_task_1_STACK_RGN

.Task_a_task_SEC_STACK
                0x000000002000052c      0x200 load address 0x0000000008003118
                0x0000000020000600                . = ALIGN (__SEG_ALIGN_Task_a_task_STACK_RGN)
 *fill*         0x000000002000052c       0xd4 
                0x0000000020000600                __SEG_START_Task_a_task_STACK_RGN = .
 *(.Task_a_taskStack)
 .Task_a_taskStack
                0x0000000020000600      0x12c build/appli_base/tpl_app_config.c.o
                0x0000000020000600                a_task_stack_zone
                0x000000002000072c                . = ALIGN (0x4)
                0x000000002000072c                __SEG_END_Task_a_task_STACK_RGN = .
                0x0000000000001000                __SEG_SIZE_Task_a_task_STACK_RGN = ((__SEG_END_Task_a_task_STACK_RGN - __SEG_START_Task_a_task_STACK_RGN) < 0x1000)?0x1000:__SEG_SIZE_Task_a_task_STACK_RGN
                0x0000000000000400                __SEG_SIZE_Task_a_task_STACK_RGN = ((__SEG_END_Task_a_task_STACK_RGN - __SEG_START_Task_a_task_STACK_RGN) < 0x400)?0x400:__SEG_SIZE_Task_a_task_STACK_RGN
                0x0000000000000200                __SEG_SIZE_Task_a_task_STACK_RGN = ((__SEG_END_Task_a_task_STACK_RGN - __SEG_START_Task_a_task_STACK_RGN) < 0x200)?0x200:__SEG_SIZE_Task_a_task_STACK_RGN
                [0x000000002000072c]                __SEG_SIZE_Task_a_task_STACK_RGN = ((__SEG_END_Task_a_task_STACK_RGN - __SEG_START_Task_a_task_STACK_RGN) < 0x100)?0x100:__SEG_SIZE_Task_a_task_STACK_RGN
                [0x000000002000072c]                __SEG_SIZE_Task_a_task_STACK_RGN = ((__SEG_END_Task_a_task_STACK_RGN - __SEG_START_Task_a_task_STACK_RGN) < 0x80)?0x80:__SEG_SIZE_Task_a_task_STACK_RGN
                [0x000000002000072c]                __SEG_SIZE_Task_a_task_STACK_RGN = ((__SEG_END_Task_a_task_STACK_RGN - __SEG_START_Task_a_task_STACK_RGN) < 0x40)?0x40:__SEG_SIZE_Task_a_task_STACK_RGN
                [0x000000002000072c]                __SEG_SIZE_Task_a_task_STACK_RGN = ((__SEG_END_Task_a_task_STACK_RGN - __SEG_START_Task_a_task_STACK_RGN) < 0x20)?0x20:__SEG_SIZE_Task_a_task_STACK_RGN
                0x000000002000072c                __SEG_ALIGN_Task_a_task_STACK_RGN = __SEG_SIZE_Task_a_task_STACK_RGN

.Task_task_2_SEC_STACK
                0x000000002000072c      0x200 load address 0x0000000008003318
                0x0000000020000800                . = ALIGN (__SEG_ALIGN_Task_task_2_STACK_RGN)
 *fill*         0x000000002000072c       0xd4 
                0x0000000020000800                __SEG_START_Task_task_2_STACK_RGN = .
 *(.Task_task_2Stack)
 .Task_task_2Stack
                0x0000000020000800      0x12c build/appli_base/tpl_app_config.c.o
                0x0000000020000800                task_2_stack_zone
                0x000000002000092c                . = ALIGN (0x4)
                0x000000002000092c                __SEG_END_Task_task_2_STACK_RGN = .
                0x0000000000001000                __SEG_SIZE_Task_task_2_STACK_RGN = ((__SEG_END_Task_task_2_STACK_RGN - __SEG_START_Task_task_2_STACK_RGN) < 0x1000)?0x1000:__SEG_SIZE_Task_task_2_STACK_RGN
                0x0000000000000400                __SEG_SIZE_Task_task_2_STACK_RGN = ((__SEG_END_Task_task_2_STACK_RGN - __SEG_START_Task_task_2_STACK_RGN) < 0x400)?0x400:__SEG_SIZE_Task_task_2_STACK_RGN
                0x0000000000000200                __SEG_SIZE_Task_task_2_STACK_RGN = ((__SEG_END_Task_task_2_STACK_RGN - __SEG_START_Task_task_2_STACK_RGN) < 0x200)?0x200:__SEG_SIZE_Task_task_2_STACK_RGN
                [0x000000002000092c]                __SEG_SIZE_Task_task_2_STACK_RGN = ((__SEG_END_Task_task_2_STACK_RGN - __SEG_START_Task_task_2_STACK_RGN) < 0x100)?0x100:__SEG_SIZE_Task_task_2_STACK_RGN
                [0x000000002000092c]                __SEG_SIZE_Task_task_2_STACK_RGN = ((__SEG_END_Task_task_2_STACK_RGN - __SEG_START_Task_task_2_STACK_RGN) < 0x80)?0x80:__SEG_SIZE_Task_task_2_STACK_RGN
                [0x000000002000092c]                __SEG_SIZE_Task_task_2_STACK_RGN = ((__SEG_END_Task_task_2_STACK_RGN - __SEG_START_Task_task_2_STACK_RGN) < 0x40)?0x40:__SEG_SIZE_Task_task_2_STACK_RGN
                [0x000000002000092c]                __SEG_SIZE_Task_task_2_STACK_RGN = ((__SEG_END_Task_task_2_STACK_RGN - __SEG_START_Task_task_2_STACK_RGN) < 0x20)?0x20:__SEG_SIZE_Task_task_2_STACK_RGN
                0x000000002000092c                __SEG_ALIGN_Task_task_2_STACK_RGN = __SEG_SIZE_Task_task_2_STACK_RGN

appvars
                0x000000002000092c                . = ALIGN (0x4)

.bss            0x000000002000092c        0x0
                0x000000002000092c                _sbss = .
                0x000000002000092c                __bss_start__ = _sbss
 *(.bss)
 *(.bss*)
 *(COMMON)
                0x000000002000092c                . = ALIGN (0x4)
                0x000000002000092c                _ebss = .
                0x000000002000092c                __bss_end__ = _ebss

._user_heap_stack
                0x000000002000092c      0x400 load address 0x0000000008003518
                0x000000002000092c                . = ALIGN (0x4)
                0x000000002000092c                __heap_start__ = .
                0x000000002000092c                PROVIDE (end, .)
                0x000000002000092c                PROVIDE (_end, .)
                0x000000002000092c                . = (. + _Min_Heap_Size)
                0x0000000020000d2c                . = (. + _Min_Stack_Size)
 *fill*         0x000000002000092c      0x400 
                0x0000000020000d2c                . = ALIGN (0x4)

.memory_b1_text
 *(.mb1text)
 *(.mb1text*)
 *(.mb1rodata)
 *(.mb1rodata*)

/DISCARD/
 libc.a(*)
 libm.a(*)
 libgcc.a(*)

.ARM.attributes
                0x0000000000000000       0x35
 *(.ARM.attributes)
 .ARM.attributes
                0x0000000000000000       0x33 build/os/tpl_os_kernel.c.o
 .ARM.attributes
                0x0000000000000033       0x33 build/os/tpl_os_timeobj_kernel.c.o
 .ARM.attributes
                0x0000000000000066       0x33 build/os/tpl_os_os_kernel.c.o
 .ARM.attributes
                0x0000000000000099       0x33 build/os/tpl_os_os.c.o
 .ARM.attributes
                0x00000000000000cc       0x33 build/os/tpl_os_interrupt_kernel.c.o
 .ARM.attributes
                0x00000000000000ff       0x33 build/os/tpl_os_task_kernel.c.o
 .ARM.attributes
                0x0000000000000132       0x33 build/os/tpl_os_resource_kernel.c.o
 .ARM.attributes
                0x0000000000000165       0x33 build/appli_base.c.o
 .ARM.attributes
                0x0000000000000198       0x33 build/appli_base/tpl_app_config.c.o
 .ARM.attributes
                0x00000000000001cb       0x33 build/appli_base/tpl_dispatch_table.c.o
 .ARM.attributes
                0x00000000000001fe       0x25 build/appli_base/tpl_invoque.S.o
 .ARM.attributes
                0x0000000000000223       0x25 build/appli_base/tpl_primary_irq.S.o
 .ARM.attributes
                0x0000000000000248       0x33 build/appli_base/tpl_vectors.c.o
 .ARM.attributes
                0x000000000000027b       0x33 build/appli_base/tpl_external_interrupts.c.o
 .ARM.attributes
                0x00000000000002ae       0x33 build/appli_base/tpl_app_interrupts.c.o
 .ARM.attributes
                0x00000000000002e1       0x33 build/machines/cortex/tpl_machine_cortex.c.o
 .ARM.attributes
                0x0000000000000314       0x25 build/machines/cortex/tpl_sc_handler.S.o
 .ARM.attributes
                0x0000000000000339       0x25 build/machines/cortex/tpl_startup.S.o
 .ARM.attributes
                0x000000000000035e       0x25 build/machines/cortex/armv7em/tpl_ctx_switch.S.o
 .ARM.attributes
                0x0000000000000383       0x25 build/machines/cortex/armv7em/tpl_ctx_switch_under_it.S.o
 .ARM.attributes
                0x00000000000003a8       0x25 build/machines/cortex/armv7em/tpl_interrupts.S.o
 .ARM.attributes
                0x00000000000003cd       0x33 build/machines/cortex/armv7em/stm32f407/tpl_machine_stm32f407.c.o
 .ARM.attributes
                0x0000000000000400       0x33 build/machines/cortex/armv7em/stm32f407/startup_stm32f4xx.c.o
 .ARM.attributes
                0x0000000000000433       0x33 build/machines/cortex/armv7em/stm32f407/system_stm32f4xx.c.o
 .ARM.attributes
                0x0000000000000466       0x33 build/machines/cortex/armv7em/stm32f407/handlers_stm32f4xx.c.o
 .ARM.attributes
                0x0000000000000499       0x33 build/machines/cortex/armv7em/stm32f407/STM32F4xx_StdPeriph_Driver/stm32f4xx_gpio.c.o
 .ARM.attributes
                0x00000000000004cc       0x33 build/machines/cortex/armv7em/stm32f407/STM32F4xx_StdPeriph_Driver/stm32f4xx_rcc.c.o
 .ARM.attributes
                0x00000000000004ff       0x33 build/machines/cortex/armv7em/stm32f407/STM32F4xx_StdPeriph_Driver/stm32f4xx_exti.c.o
 .ARM.attributes
                0x0000000000000532       0x33 build/machines/cortex/armv7em/stm32f407/STM32F4xx_StdPeriph_Driver/stm32f4xx_syscfg.c.o
 .ARM.attributes
                0x0000000000000565       0x33 build/machines/cortex/armv7em/stm32f407/STM32F4xx_StdPeriph_Driver/misc.c.o
 .ARM.attributes
                0x0000000000000598       0x33 build/machines/cortex/armv7em/stm32f407/stm32f4discovery/stm32f4_discovery.c.o
 .ARM.attributes
                0x00000000000005cb       0x33 build/machines/cortex/armv7em/stm32f407/stm32f4discovery/tp.c.o
LOAD /opt/homebrew/Cellar/gcc-arm-none-eabi-49/20150925/bin/../lib/gcc/arm-none-eabi/4.9.3/../../../../arm-none-eabi/lib/libc.a
LOAD /opt/homebrew/Cellar/gcc-arm-none-eabi-49/20150925/bin/../lib/gcc/arm-none-eabi/4.9.3/libgcc.a
OUTPUT(appli_base_exe elf32-littlearm)

.debug_info     0x0000000000000000     0x824f
 .debug_info    0x0000000000000000      0xac2 build/os/tpl_os_kernel.c.o
 .debug_info    0x0000000000000ac2      0x3d1 build/os/tpl_os_timeobj_kernel.c.o
 .debug_info    0x0000000000000e93      0x19c build/os/tpl_os_os_kernel.c.o
 .debug_info    0x000000000000102f       0xe4 build/os/tpl_os_os.c.o
 .debug_info    0x0000000000001113      0x50e build/os/tpl_os_interrupt_kernel.c.o
 .debug_info    0x0000000000001621      0x55a build/os/tpl_os_task_kernel.c.o
 .debug_info    0x0000000000001b7b      0x585 build/os/tpl_os_resource_kernel.c.o
 .debug_info    0x0000000000002100      0x5cc build/appli_base.c.o
 .debug_info    0x00000000000026cc      0x8fb build/appli_base/tpl_app_config.c.o
 .debug_info    0x0000000000002fc7       0xca build/appli_base/tpl_dispatch_table.c.o
 .debug_info    0x0000000000003091       0x76 build/appli_base/tpl_invoque.S.o
 .debug_info    0x0000000000003107       0x7a build/appli_base/tpl_primary_irq.S.o
 .debug_info    0x0000000000003181       0xe6 build/appli_base/tpl_vectors.c.o
 .debug_info    0x0000000000003267      0x2a5 build/appli_base/tpl_external_interrupts.c.o
 .debug_info    0x000000000000350c       0xcd build/appli_base/tpl_app_interrupts.c.o
 .debug_info    0x00000000000035d9      0x9e0 build/machines/cortex/tpl_machine_cortex.c.o
 .debug_info    0x0000000000003fb9       0xa5 build/machines/cortex/tpl_sc_handler.S.o
 .debug_info    0x000000000000405e       0xa2 build/machines/cortex/tpl_startup.S.o
 .debug_info    0x0000000000004100       0xad build/machines/cortex/armv7em/tpl_ctx_switch.S.o
 .debug_info    0x00000000000041ad       0xb6 build/machines/cortex/armv7em/tpl_ctx_switch_under_it.S.o
 .debug_info    0x0000000000004263       0xad build/machines/cortex/armv7em/tpl_interrupts.S.o
 .debug_info    0x0000000000004310      0x6b9 build/machines/cortex/armv7em/stm32f407/tpl_machine_stm32f407.c.o
 .debug_info    0x00000000000049c9      0x2ec build/machines/cortex/armv7em/stm32f407/startup_stm32f4xx.c.o
 .debug_info    0x0000000000004cb5      0x5d6 build/machines/cortex/armv7em/stm32f407/system_stm32f4xx.c.o
 .debug_info    0x000000000000528b      0x57b build/machines/cortex/armv7em/stm32f407/handlers_stm32f4xx.c.o
 .debug_info    0x0000000000005806      0x605 build/machines/cortex/armv7em/stm32f407/STM32F4xx_StdPeriph_Driver/stm32f4xx_gpio.c.o
 .debug_info    0x0000000000005e0b      0xe42 build/machines/cortex/armv7em/stm32f407/STM32F4xx_StdPeriph_Driver/stm32f4xx_rcc.c.o
 .debug_info    0x0000000000006c4d      0x364 build/machines/cortex/armv7em/stm32f407/STM32F4xx_StdPeriph_Driver/stm32f4xx_exti.c.o
 .debug_info    0x0000000000006fb1      0x290 build/machines/cortex/armv7em/stm32f407/STM32F4xx_StdPeriph_Driver/stm32f4xx_syscfg.c.o
 .debug_info    0x0000000000007241      0x53d build/machines/cortex/armv7em/stm32f407/STM32F4xx_StdPeriph_Driver/misc.c.o
 .debug_info    0x000000000000777e      0x894 build/machines/cortex/armv7em/stm32f407/stm32f4discovery/stm32f4_discovery.c.o
 .debug_info    0x0000000000008012      0x23d build/machines/cortex/armv7em/stm32f407/stm32f4discovery/tp.c.o

.debug_abbrev   0x0000000000000000     0x1fd0
 .debug_abbrev  0x0000000000000000      0x21f build/os/tpl_os_kernel.c.o
 .debug_abbrev  0x000000000000021f      0x138 build/os/tpl_os_timeobj_kernel.c.o
 .debug_abbrev  0x0000000000000357       0xaa build/os/tpl_os_os_kernel.c.o
 .debug_abbrev  0x0000000000000401       0x7f build/os/tpl_os_os.c.o
 .debug_abbrev  0x0000000000000480      0x17b build/os/tpl_os_interrupt_kernel.c.o
 .debug_abbrev  0x00000000000005fb      0x15c build/os/tpl_os_task_kernel.c.o
 .debug_abbrev  0x0000000000000757      0x161 build/os/tpl_os_resource_kernel.c.o
 .debug_abbrev  0x00000000000008b8      0x13c build/appli_base.c.o
 .debug_abbrev  0x00000000000009f4      0x15f build/appli_base/tpl_app_config.c.o
 .debug_abbrev  0x0000000000000b53       0x85 build/appli_base/tpl_dispatch_table.c.o
 .debug_abbrev  0x0000000000000bd8       0x14 build/appli_base/tpl_invoque.S.o
 .debug_abbrev  0x0000000000000bec       0x14 build/appli_base/tpl_primary_irq.S.o
 .debug_abbrev  0x0000000000000c00       0xa4 build/appli_base/tpl_vectors.c.o
 .debug_abbrev  0x0000000000000ca4       0xaf build/appli_base/tpl_external_interrupts.c.o
 .debug_abbrev  0x0000000000000d53       0x67 build/appli_base/tpl_app_interrupts.c.o
 .debug_abbrev  0x0000000000000dba      0x289 build/machines/cortex/tpl_machine_cortex.c.o
 .debug_abbrev  0x0000000000001043       0x14 build/machines/cortex/tpl_sc_handler.S.o
 .debug_abbrev  0x0000000000001057       0x14 build/machines/cortex/tpl_startup.S.o
 .debug_abbrev  0x000000000000106b       0x14 build/machines/cortex/armv7em/tpl_ctx_switch.S.o
 .debug_abbrev  0x000000000000107f       0x14 build/machines/cortex/armv7em/tpl_ctx_switch_under_it.S.o
 .debug_abbrev  0x0000000000001093       0x14 build/machines/cortex/armv7em/tpl_interrupts.S.o
 .debug_abbrev  0x00000000000010a7      0x163 build/machines/cortex/armv7em/stm32f407/tpl_machine_stm32f407.c.o
 .debug_abbrev  0x000000000000120a      0x135 build/machines/cortex/armv7em/stm32f407/startup_stm32f4xx.c.o
 .debug_abbrev  0x000000000000133f      0x136 build/machines/cortex/armv7em/stm32f407/system_stm32f4xx.c.o
 .debug_abbrev  0x0000000000001475      0x129 build/machines/cortex/armv7em/stm32f407/handlers_stm32f4xx.c.o
 .debug_abbrev  0x000000000000159e      0x1a3 build/machines/cortex/armv7em/stm32f407/STM32F4xx_StdPeriph_Driver/stm32f4xx_gpio.c.o
 .debug_abbrev  0x0000000000001741      0x1b8 build/machines/cortex/armv7em/stm32f407/STM32F4xx_StdPeriph_Driver/stm32f4xx_rcc.c.o
 .debug_abbrev  0x00000000000018f9      0x1bf build/machines/cortex/armv7em/stm32f407/STM32F4xx_StdPeriph_Driver/stm32f4xx_exti.c.o
 .debug_abbrev  0x0000000000001ab8      0x131 build/machines/cortex/armv7em/stm32f407/STM32F4xx_StdPeriph_Driver/stm32f4xx_syscfg.c.o
 .debug_abbrev  0x0000000000001be9      0x145 build/machines/cortex/armv7em/stm32f407/STM32F4xx_StdPeriph_Driver/misc.c.o
 .debug_abbrev  0x0000000000001d2e      0x194 build/machines/cortex/armv7em/stm32f407/stm32f4discovery/stm32f4_discovery.c.o
 .debug_abbrev  0x0000000000001ec2      0x10e build/machines/cortex/armv7em/stm32f407/stm32f4discovery/tp.c.o

.debug_aranges  0x0000000000000000      0x938
 .debug_aranges
                0x0000000000000000       0xd8 build/os/tpl_os_kernel.c.o
 .debug_aranges
                0x00000000000000d8       0x40 build/os/tpl_os_timeobj_kernel.c.o
 .debug_aranges
                0x0000000000000118       0x38 build/os/tpl_os_os_kernel.c.o
 .debug_aranges
                0x0000000000000150       0x20 build/os/tpl_os_os.c.o
 .debug_aranges
                0x0000000000000170       0x68 build/os/tpl_os_interrupt_kernel.c.o
 .debug_aranges
                0x00000000000001d8       0x48 build/os/tpl_os_task_kernel.c.o
 .debug_aranges
                0x0000000000000220       0x30 build/os/tpl_os_resource_kernel.c.o
 .debug_aranges
                0x0000000000000250       0x40 build/appli_base.c.o
 .debug_aranges
                0x0000000000000290       0x28 build/appli_base/tpl_app_config.c.o
 .debug_aranges
                0x00000000000002b8       0x18 build/appli_base/tpl_dispatch_table.c.o
 .debug_aranges
                0x00000000000002d0       0x20 build/appli_base/tpl_invoque.S.o
 .debug_aranges
                0x00000000000002f0       0x20 build/appli_base/tpl_primary_irq.S.o
 .debug_aranges
                0x0000000000000310       0x18 build/appli_base/tpl_vectors.c.o
 .debug_aranges
                0x0000000000000328       0x20 build/appli_base/tpl_external_interrupts.c.o
 .debug_aranges
                0x0000000000000348       0x30 build/appli_base/tpl_app_interrupts.c.o
 .debug_aranges
                0x0000000000000378       0x58 build/machines/cortex/tpl_machine_cortex.c.o
 .debug_aranges
                0x00000000000003d0       0x20 build/machines/cortex/tpl_sc_handler.S.o
 .debug_aranges
                0x00000000000003f0       0x20 build/machines/cortex/tpl_startup.S.o
 .debug_aranges
                0x0000000000000410       0x20 build/machines/cortex/armv7em/tpl_ctx_switch.S.o
 .debug_aranges
                0x0000000000000430       0x20 build/machines/cortex/armv7em/tpl_ctx_switch_under_it.S.o
 .debug_aranges
                0x0000000000000450       0x20 build/machines/cortex/armv7em/tpl_interrupts.S.o
 .debug_aranges
                0x0000000000000470       0x30 build/machines/cortex/armv7em/stm32f407/tpl_machine_stm32f407.c.o
 .debug_aranges
                0x00000000000004a0       0x48 build/machines/cortex/armv7em/stm32f407/startup_stm32f4xx.c.o
 .debug_aranges
                0x00000000000004e8       0x30 build/machines/cortex/armv7em/stm32f407/system_stm32f4xx.c.o
 .debug_aranges
                0x0000000000000518       0x60 build/machines/cortex/armv7em/stm32f407/handlers_stm32f4xx.c.o
 .debug_aranges
                0x0000000000000578       0x88 build/machines/cortex/armv7em/stm32f407/STM32F4xx_StdPeriph_Driver/stm32f4xx_gpio.c.o
 .debug_aranges
                0x0000000000000600      0x1c0 build/machines/cortex/armv7em/stm32f407/STM32F4xx_StdPeriph_Driver/stm32f4xx_rcc.c.o
 .debug_aranges
                0x00000000000007c0       0x58 build/machines/cortex/armv7em/stm32f407/STM32F4xx_StdPeriph_Driver/stm32f4xx_exti.c.o
 .debug_aranges
                0x0000000000000818       0x50 build/machines/cortex/armv7em/stm32f407/STM32F4xx_StdPeriph_Driver/stm32f4xx_syscfg.c.o
 .debug_aranges
                0x0000000000000868       0x40 build/machines/cortex/armv7em/stm32f407/STM32F4xx_StdPeriph_Driver/misc.c.o
 .debug_aranges
                0x00000000000008a8       0x48 build/machines/cortex/armv7em/stm32f407/stm32f4discovery/stm32f4_discovery.c.o
 .debug_aranges
                0x00000000000008f0       0x48 build/machines/cortex/armv7em/stm32f407/stm32f4discovery/tp.c.o

.debug_ranges   0x0000000000000000      0x6b8
 .debug_ranges  0x0000000000000000       0xc8 build/os/tpl_os_kernel.c.o
 .debug_ranges  0x00000000000000c8       0x30 build/os/tpl_os_timeobj_kernel.c.o
 .debug_ranges  0x00000000000000f8       0x28 build/os/tpl_os_os_kernel.c.o
 .debug_ranges  0x0000000000000120       0x10 build/os/tpl_os_os.c.o
 .debug_ranges  0x0000000000000130       0x58 build/os/tpl_os_interrupt_kernel.c.o
 .debug_ranges  0x0000000000000188       0x38 build/os/tpl_os_task_kernel.c.o
 .debug_ranges  0x00000000000001c0       0x20 build/os/tpl_os_resource_kernel.c.o
 .debug_ranges  0x00000000000001e0       0x30 build/appli_base.c.o
 .debug_ranges  0x0000000000000210       0x18 build/appli_base/tpl_app_config.c.o
 .debug_ranges  0x0000000000000228       0x10 build/appli_base/tpl_external_interrupts.c.o
 .debug_ranges  0x0000000000000238       0x20 build/appli_base/tpl_app_interrupts.c.o
 .debug_ranges  0x0000000000000258       0x48 build/machines/cortex/tpl_machine_cortex.c.o
 .debug_ranges  0x00000000000002a0       0x20 build/machines/cortex/armv7em/stm32f407/tpl_machine_stm32f407.c.o
 .debug_ranges  0x00000000000002c0       0x38 build/machines/cortex/armv7em/stm32f407/startup_stm32f4xx.c.o
 .debug_ranges  0x00000000000002f8       0x20 build/machines/cortex/armv7em/stm32f407/system_stm32f4xx.c.o
 .debug_ranges  0x0000000000000318       0x50 build/machines/cortex/armv7em/stm32f407/handlers_stm32f4xx.c.o
 .debug_ranges  0x0000000000000368       0x78 build/machines/cortex/armv7em/stm32f407/STM32F4xx_StdPeriph_Driver/stm32f4xx_gpio.c.o
 .debug_ranges  0x00000000000003e0      0x1b0 build/machines/cortex/armv7em/stm32f407/STM32F4xx_StdPeriph_Driver/stm32f4xx_rcc.c.o
 .debug_ranges  0x0000000000000590       0x48 build/machines/cortex/armv7em/stm32f407/STM32F4xx_StdPeriph_Driver/stm32f4xx_exti.c.o
 .debug_ranges  0x00000000000005d8       0x40 build/machines/cortex/armv7em/stm32f407/STM32F4xx_StdPeriph_Driver/stm32f4xx_syscfg.c.o
 .debug_ranges  0x0000000000000618       0x30 build/machines/cortex/armv7em/stm32f407/STM32F4xx_StdPeriph_Driver/misc.c.o
 .debug_ranges  0x0000000000000648       0x38 build/machines/cortex/armv7em/stm32f407/stm32f4discovery/stm32f4_discovery.c.o
 .debug_ranges  0x0000000000000680       0x38 build/machines/cortex/armv7em/stm32f407/stm32f4discovery/tp.c.o

.debug_line     0x0000000000000000     0x5897
 .debug_line    0x0000000000000000      0x3f7 build/os/tpl_os_kernel.c.o
 .debug_line    0x00000000000003f7      0x2d2 build/os/tpl_os_timeobj_kernel.c.o
 .debug_line    0x00000000000006c9      0x21a build/os/tpl_os_os_kernel.c.o
 .debug_line    0x00000000000008e3      0x1f4 build/os/tpl_os_os.c.o
 .debug_line    0x0000000000000ad7      0x2b9 build/os/tpl_os_interrupt_kernel.c.o
 .debug_line    0x0000000000000d90      0x350 build/os/tpl_os_task_kernel.c.o
 .debug_line    0x00000000000010e0      0x30d build/os/tpl_os_resource_kernel.c.o
 .debug_line    0x00000000000013ed      0x367 build/appli_base.c.o
 .debug_line    0x0000000000001754      0x29b build/appli_base/tpl_app_config.c.o
 .debug_line    0x00000000000019ef      0x194 build/appli_base/tpl_dispatch_table.c.o
 .debug_line    0x0000000000001b83      0x126 build/appli_base/tpl_invoque.S.o
 .debug_line    0x0000000000001ca9       0x61 build/appli_base/tpl_primary_irq.S.o
 .debug_line    0x0000000000001d0a      0x1da build/appli_base/tpl_vectors.c.o
 .debug_line    0x0000000000001ee4      0x1e8 build/appli_base/tpl_external_interrupts.c.o
 .debug_line    0x00000000000020cc      0x166 build/appli_base/tpl_app_interrupts.c.o
 .debug_line    0x0000000000002232      0x35b build/machines/cortex/tpl_machine_cortex.c.o
 .debug_line    0x000000000000258d       0xad build/machines/cortex/tpl_sc_handler.S.o
 .debug_line    0x000000000000263a       0x7b build/machines/cortex/tpl_startup.S.o
 .debug_line    0x00000000000026b5       0x9d build/machines/cortex/armv7em/tpl_ctx_switch.S.o
 .debug_line    0x0000000000002752       0xa2 build/machines/cortex/armv7em/tpl_ctx_switch_under_it.S.o
 .debug_line    0x00000000000027f4       0x98 build/machines/cortex/armv7em/tpl_interrupts.S.o
 .debug_line    0x000000000000288c      0x2b6 build/machines/cortex/armv7em/stm32f407/tpl_machine_stm32f407.c.o
 .debug_line    0x0000000000002b42      0x18c build/machines/cortex/armv7em/stm32f407/startup_stm32f4xx.c.o
 .debug_line    0x0000000000002cce      0x297 build/machines/cortex/armv7em/stm32f407/system_stm32f4xx.c.o
 .debug_line    0x0000000000002f65      0x392 build/machines/cortex/armv7em/stm32f407/handlers_stm32f4xx.c.o
 .debug_line    0x00000000000032f7      0x901 build/machines/cortex/armv7em/stm32f407/STM32F4xx_StdPeriph_Driver/stm32f4xx_gpio.c.o
 .debug_line    0x0000000000003bf8      0xbdf build/machines/cortex/armv7em/stm32f407/STM32F4xx_StdPeriph_Driver/stm32f4xx_rcc.c.o
 .debug_line    0x00000000000047d7      0x43d build/machines/cortex/armv7em/stm32f407/STM32F4xx_StdPeriph_Driver/stm32f4xx_exti.c.o
 .debug_line    0x0000000000004c14      0x379 build/machines/cortex/armv7em/stm32f407/STM32F4xx_StdPeriph_Driver/stm32f4xx_syscfg.c.o
 .debug_line    0x0000000000004f8d      0x30a build/machines/cortex/armv7em/stm32f407/STM32F4xx_StdPeriph_Driver/misc.c.o
 .debug_line    0x0000000000005297      0x34d build/machines/cortex/armv7em/stm32f407/stm32f4discovery/stm32f4_discovery.c.o
 .debug_line    0x00000000000055e4      0x2b3 build/machines/cortex/armv7em/stm32f407/stm32f4discovery/tp.c.o

.debug_str      0x0000000000000000     0x3128
 .debug_str     0x0000000000000000      0x72a build/os/tpl_os_kernel.c.o
                                        0x818 (size before relaxing)
 .debug_str     0x000000000000072a      0x1f6 build/os/tpl_os_timeobj_kernel.c.o
                                        0x3e3 (size before relaxing)
 .debug_str     0x0000000000000920       0xad build/os/tpl_os_os_kernel.c.o
                                        0x2b5 (size before relaxing)
 .debug_str     0x00000000000009cd       0x4a build/os/tpl_os_os.c.o
                                        0x217 (size before relaxing)
 .debug_str     0x0000000000000a17      0x1e5 build/os/tpl_os_interrupt_kernel.c.o
                                        0x62c (size before relaxing)
 .debug_str     0x0000000000000bfc       0xd3 build/os/tpl_os_task_kernel.c.o
                                        0x55a (size before relaxing)
 .debug_str     0x0000000000000ccf       0xdb build/os/tpl_os_resource_kernel.c.o
                                        0x588 (size before relaxing)
 .debug_str     0x0000000000000daa      0x282 build/appli_base.c.o
                                        0x481 (size before relaxing)
 .debug_str     0x000000000000102c      0x1fb build/appli_base/tpl_app_config.c.o
                                        0x85a (size before relaxing)
 .debug_str     0x0000000000001227       0x43 build/appli_base/tpl_dispatch_table.c.o
                                        0x1f0 (size before relaxing)
 .debug_str     0x000000000000126a       0x3f build/appli_base/tpl_vectors.c.o
                                        0x1ec (size before relaxing)
 .debug_str     0x00000000000012a9       0x42 build/appli_base/tpl_external_interrupts.c.o
                                        0x324 (size before relaxing)
 .debug_str     0x00000000000012eb       0x68 build/appli_base/tpl_app_interrupts.c.o
                                        0x215 (size before relaxing)
 .debug_str     0x0000000000001353      0x6be build/machines/cortex/tpl_machine_cortex.c.o
                                        0xaeb (size before relaxing)
 .debug_str     0x0000000000001a11       0xc0 build/machines/cortex/armv7em/stm32f407/tpl_machine_stm32f407.c.o
                                        0x877 (size before relaxing)
 .debug_str     0x0000000000001ad1      0x185 build/machines/cortex/armv7em/stm32f407/startup_stm32f4xx.c.o
                                        0x2f5 (size before relaxing)
 .debug_str     0x0000000000001c56       0xec build/machines/cortex/armv7em/stm32f407/system_stm32f4xx.c.o
                                        0x43c (size before relaxing)
 .debug_str     0x0000000000001d42      0x149 build/machines/cortex/armv7em/stm32f407/handlers_stm32f4xx.c.o
                                        0x482 (size before relaxing)
 .debug_str     0x0000000000001e8b      0x35e build/machines/cortex/armv7em/stm32f407/STM32F4xx_StdPeriph_Driver/stm32f4xx_gpio.c.o
                                        0x51b (size before relaxing)
 .debug_str     0x00000000000021e9      0x701 build/machines/cortex/armv7em/stm32f407/STM32F4xx_StdPeriph_Driver/stm32f4xx_rcc.c.o
                                        0xa3d (size before relaxing)
 .debug_str     0x00000000000028ea      0x1f8 build/machines/cortex/armv7em/stm32f407/STM32F4xx_StdPeriph_Driver/stm32f4xx_exti.c.o
                                        0x3ed (size before relaxing)
 .debug_str     0x0000000000002ae2      0x1a8 build/machines/cortex/armv7em/stm32f407/STM32F4xx_StdPeriph_Driver/stm32f4xx_syscfg.c.o
                                        0x389 (size before relaxing)
 .debug_str     0x0000000000002c8a      0x1af build/machines/cortex/armv7em/stm32f407/STM32F4xx_StdPeriph_Driver/misc.c.o
                                        0x449 (size before relaxing)
 .debug_str     0x0000000000002e39      0x1f6 build/machines/cortex/armv7em/stm32f407/stm32f4discovery/stm32f4_discovery.c.o
                                        0xbb5 (size before relaxing)
 .debug_str     0x000000000000302f       0xf9 build/machines/cortex/armv7em/stm32f407/stm32f4discovery/tp.c.o
                                        0x2ef (size before relaxing)

.comment        0x0000000000000000       0x70
 .comment       0x0000000000000000       0x70 build/os/tpl_os_kernel.c.o
                                         0x71 (size before relaxing)
 .comment       0x0000000000000000       0x71 build/os/tpl_os_timeobj_kernel.c.o
 .comment       0x0000000000000000       0x71 build/os/tpl_os_os_kernel.c.o
 .comment       0x0000000000000000       0x71 build/os/tpl_os_os.c.o
 .comment       0x0000000000000000       0x71 build/os/tpl_os_interrupt_kernel.c.o
 .comment       0x0000000000000000       0x71 build/os/tpl_os_task_kernel.c.o
 .comment       0x0000000000000000       0x71 build/os/tpl_os_resource_kernel.c.o
 .comment       0x0000000000000000       0x71 build/appli_base.c.o
 .comment       0x0000000000000000       0x71 build/appli_base/tpl_app_config.c.o
 .comment       0x0000000000000000       0x71 build/appli_base/tpl_dispatch_table.c.o
 .comment       0x0000000000000000       0x71 build/appli_base/tpl_vectors.c.o
 .comment       0x0000000000000000       0x71 build/appli_base/tpl_external_interrupts.c.o
 .comment       0x0000000000000000       0x71 build/appli_base/tpl_app_interrupts.c.o
 .comment       0x0000000000000000       0x71 build/machines/cortex/tpl_machine_cortex.c.o
 .comment       0x0000000000000000       0x71 build/machines/cortex/armv7em/stm32f407/tpl_machine_stm32f407.c.o
 .comment       0x0000000000000000       0x71 build/machines/cortex/armv7em/stm32f407/startup_stm32f4xx.c.o
 .comment       0x0000000000000000       0x71 build/machines/cortex/armv7em/stm32f407/system_stm32f4xx.c.o
 .comment       0x0000000000000000       0x71 build/machines/cortex/armv7em/stm32f407/handlers_stm32f4xx.c.o
 .comment       0x0000000000000000       0x71 build/machines/cortex/armv7em/stm32f407/STM32F4xx_StdPeriph_Driver/stm32f4xx_gpio.c.o
 .comment       0x0000000000000000       0x71 build/machines/cortex/armv7em/stm32f407/STM32F4xx_StdPeriph_Driver/stm32f4xx_rcc.c.o
 .comment       0x0000000000000000       0x71 build/machines/cortex/armv7em/stm32f407/STM32F4xx_StdPeriph_Driver/stm32f4xx_exti.c.o
 .comment       0x0000000000000000       0x71 build/machines/cortex/armv7em/stm32f407/STM32F4xx_StdPeriph_Driver/stm32f4xx_syscfg.c.o
 .comment       0x0000000000000000       0x71 build/machines/cortex/armv7em/stm32f407/STM32F4xx_StdPeriph_Driver/misc.c.o
 .comment       0x0000000000000000       0x71 build/machines/cortex/armv7em/stm32f407/stm32f4discovery/stm32f4_discovery.c.o
 .comment       0x0000000000000000       0x71 build/machines/cortex/armv7em/stm32f407/stm32f4discovery/tp.c.o

.debug_frame    0x0000000000000000     0x1ba4
 .debug_frame   0x0000000000000000      0x360 build/os/tpl_os_kernel.c.o
 .debug_frame   0x0000000000000360       0xcc build/os/tpl_os_timeobj_kernel.c.o
 .debug_frame   0x000000000000042c       0xa0 build/os/tpl_os_os_kernel.c.o
 .debug_frame   0x00000000000004cc       0x34 build/os/tpl_os_os.c.o
 .debug_frame   0x0000000000000500      0x14c build/os/tpl_os_interrupt_kernel.c.o
 .debug_frame   0x000000000000064c       0xe8 build/os/tpl_os_task_kernel.c.o
 .debug_frame   0x0000000000000734       0x84 build/os/tpl_os_resource_kernel.c.o
 .debug_frame   0x00000000000007b8       0xa8 build/appli_base.c.o
 .debug_frame   0x0000000000000860       0x48 build/appli_base/tpl_app_config.c.o
 .debug_frame   0x00000000000008a8       0x30 build/appli_base/tpl_external_interrupts.c.o
 .debug_frame   0x00000000000008d8       0x70 build/appli_base/tpl_app_interrupts.c.o
 .debug_frame   0x0000000000000948      0x118 build/machines/cortex/tpl_machine_cortex.c.o
 .debug_frame   0x0000000000000a60       0x78 build/machines/cortex/armv7em/stm32f407/tpl_machine_stm32f407.c.o
 .debug_frame   0x0000000000000ad8       0xf0 build/machines/cortex/armv7em/stm32f407/startup_stm32f4xx.c.o
 .debug_frame   0x0000000000000bc8       0x7c build/machines/cortex/armv7em/stm32f407/system_stm32f4xx.c.o
 .debug_frame   0x0000000000000c44       0xf8 build/machines/cortex/armv7em/stm32f407/handlers_stm32f4xx.c.o
 .debug_frame   0x0000000000000d3c      0x214 build/machines/cortex/armv7em/stm32f407/STM32F4xx_StdPeriph_Driver/stm32f4xx_gpio.c.o
 .debug_frame   0x0000000000000f50      0x77c build/machines/cortex/armv7em/stm32f407/STM32F4xx_StdPeriph_Driver/stm32f4xx_rcc.c.o
 .debug_frame   0x00000000000016cc      0x130 build/machines/cortex/armv7em/stm32f407/STM32F4xx_StdPeriph_Driver/stm32f4xx_exti.c.o
 .debug_frame   0x00000000000017fc      0x10c build/machines/cortex/armv7em/stm32f407/STM32F4xx_StdPeriph_Driver/stm32f4xx_syscfg.c.o
 .debug_frame   0x0000000000001908       0xc4 build/machines/cortex/armv7em/stm32f407/STM32F4xx_StdPeriph_Driver/misc.c.o
 .debug_frame   0x00000000000019cc       0xf4 build/machines/cortex/armv7em/stm32f407/stm32f4discovery/stm32f4_discovery.c.o
 .debug_frame   0x0000000000001ac0       0xe4 build/machines/cortex/armv7em/stm32f407/stm32f4discovery/tp.c.o
